run_id=paean_fixed_specs_verify_20260703_140548
server_date=2026-07-03T14:07:40+08:00
source_commit=a51e238de84b5bc645341d2807d24d5189452caf
source_transport=git_bundle_minimal_after_server_ls_remote_timeout
remote_head_check=ls_remote_timeout_124_before_bundle
bundle=/hy-tmp/paean_fixed_specs_a51e238.bundle
Cloning into '/hy-tmp/paean_fixed_specs_verify_20260703_140548/src'...
Note: switching to 'c84207903d8a5830b9af25f8dfdda36af77a36e4'.

You are in 'detached HEAD' state. You can look around, make experimental
changes and commit them, and you can discard any commits you make in this
state without impacting any branches by switching back to a branch.

If you want to create a new branch to retain commits you create, you may
do so (now or later) by using -c with the switch command. Example:

  git switch -c <new-branch-name>

Or undo this operation with:

  git switch -

Turn off this advice by setting config variable advice.detachedHead to false

clone_rc=0
minimal_bundle_head=c84207903d8a5830b9af25f8dfdda36af77a36e4
test_rc=0
