/usr/local/lib/python3.11/dist-packages/transformers/utils/generic.py:441: FutureWarning: `torch.utils._pytree._register_pytree_node` is deprecated. Please use `torch.utils._pytree.register_pytree_node` instead.
  _torch_pytree._register_pytree_node(
/usr/local/lib/python3.11/dist-packages/transformers/utils/generic.py:309: FutureWarning: `torch.utils._pytree._register_pytree_node` is deprecated. Please use `torch.utils._pytree.register_pytree_node` instead.
  _torch_pytree._register_pytree_node(
/usr/local/lib/python3.11/dist-packages/transformers/utils/generic.py:309: FutureWarning: `torch.utils._pytree._register_pytree_node` is deprecated. Please use `torch.utils._pytree.register_pytree_node` instead.
  _torch_pytree._register_pytree_node(
test_complete_replan_is_model_ready_and_preserves_block3_k (tests.test_blb_action_materialization.ActionMaterializationTests.test_complete_replan_is_model_ready_and_preserves_block3_k) ... ok
test_final_config_identity_includes_boosted_sf_and_k (tests.test_blb_action_materialization.ActionMaterializationTests.test_final_config_identity_includes_boosted_sf_and_k) ... ok
test_missing_optimizer_baseline_skeleton_fails_closed (tests.test_blb_action_materialization.ActionMaterializationTests.test_missing_optimizer_baseline_skeleton_fails_closed) ... ok
test_missing_optimizer_output_fails_closed_before_model_install (tests.test_blb_action_materialization.ActionMaterializationTests.test_missing_optimizer_output_fails_closed_before_model_install) ... ok
test_real_mrpc_all_max_materializes_all_blocks_and_preserves_block3_k (tests.test_blb_action_materialization.ActionMaterializationTests.test_real_mrpc_all_max_materializes_all_blocks_and_preserves_block3_k) ... ok
test_stochastic_backend_rejects_fractional_width_without_signed_headroom (tests.test_blb_action_materialization.ActionMaterializationTests.test_stochastic_backend_rejects_fractional_width_without_signed_headroom) ... ok
test_stochastic_backend_rejects_target_k_above_source_before_install (tests.test_blb_action_materialization.ActionMaterializationTests.test_stochastic_backend_rejects_target_k_above_source_before_install) ... ok
test_truncation_backend_is_explicit_and_part_of_identity (tests.test_blb_action_materialization.ActionMaterializationTests.test_truncation_backend_is_explicit_and_part_of_identity) ... ok
test_valid_but_incomplete_replan_fails_closed (tests.test_blb_action_materialization.ActionMaterializationTests.test_valid_but_incomplete_replan_fails_closed) ... ok
test_bridge_installs_and_restores_block3_per_layer (tests.test_blb_block3_removed_schedule.Block3RuntimeBehaviorTest.test_bridge_installs_and_restores_block3_per_layer) ... ok
test_full_action_vector_keeps_block3_dims (tests.test_blb_block3_removed_schedule.Block3RuntimeBehaviorTest.test_full_action_vector_keeps_block3_dims) ... ok
test_optimizer_requests_include_every_block3_layer (tests.test_blb_block3_removed_schedule.Block3RuntimeBehaviorTest.test_optimizer_requests_include_every_block3_layer) ... ok
test_step_schedule_has_47_steps_no_block3 (tests.test_blb_block3_removed_schedule.Block3RuntimeBehaviorTest.test_step_schedule_has_47_steps_no_block3) ... ok
test_block3_field_table_still_defined (tests.test_blb_block3_removed_schedule.Block3RuntimeSourceTest.test_block3_field_table_still_defined) ... ok
test_block_order_tuples_exclude_block3 (tests.test_blb_block3_removed_schedule.Block3RuntimeSourceTest.test_block_order_tuples_exclude_block3) ... ok
test_bridge_installs_block3_noise (tests.test_blb_block3_removed_schedule.Block3RuntimeSourceTest.test_bridge_installs_block3_noise) ... ok
test_horizon_formula_drops_block3 (tests.test_blb_block3_removed_schedule.Block3RuntimeSourceTest.test_horizon_formula_drops_block3) ... ok
test_layerwise_env_owns_and_resets_the_exact_ro_baseline (tests.test_blb_block3_removed_schedule.Block3RuntimeSourceTest.test_layerwise_env_owns_and_resets_the_exact_ro_baseline) ... ok
test_optimizer_requests_do_not_skip_block3 (tests.test_blb_block3_removed_schedule.Block3RuntimeSourceTest.test_optimizer_requests_do_not_skip_block3) ... ok
test_fresh_writes_to_source_field (tests.test_blb_chain_integrity.ApplyOptimizerOutputBlock1Test.test_fresh_writes_to_source_field) ... ok
test_fused_away_sets_rescale_to_none (tests.test_blb_chain_integrity.ApplyOptimizerOutputBlock1Test.test_fused_away_sets_rescale_to_none) ... ok
test_invalid_result_short_circuits_no_op (tests.test_blb_chain_integrity.ApplyOptimizerOutputBlock1Test.test_invalid_result_short_circuits_no_op) ... ok
test_missing_compact_config_no_op (tests.test_blb_chain_integrity.ApplyOptimizerOutputBlock1Test.test_missing_compact_config_no_op) ... ok
test_non_integer_delta_skipped (tests.test_blb_chain_integrity.ApplyOptimizerOutputBlock1Test.test_non_integer_delta_skipped) ... ok
test_propagation_delta_writes_to_encode_field (tests.test_blb_chain_integrity.ApplyOptimizerOutputBlock1Test.test_propagation_delta_writes_to_encode_field) ... ok
test_rescale_post_writes_to_rescale_field (tests.test_blb_chain_integrity.ApplyOptimizerOutputBlock1Test.test_rescale_post_writes_to_rescale_field) ... ok
test_rotation_flag_resets_when_absent (tests.test_blb_chain_integrity.ApplyOptimizerOutputBlock2RotationTest.test_rotation_flag_resets_when_absent) ... ok
test_rotation_flag_toggled_on_via_name_map (tests.test_blb_chain_integrity.ApplyOptimizerOutputBlock2RotationTest.test_rotation_flag_toggled_on_via_name_map) ... ok
test_shared_helper_applies_block2_bindings (tests.test_blb_chain_integrity.ApplyOptimizerOutputsToCfgsSharedHelperTest.test_shared_helper_applies_block2_bindings) ... ok
test_shared_helper_applies_block4_v_mask_binding (tests.test_blb_chain_integrity.ApplyOptimizerOutputsToCfgsSharedHelperTest.test_shared_helper_applies_block4_v_mask_binding) ... ok
test_shared_helper_applies_block5_aux_fresh_binding (tests.test_blb_chain_integrity.ApplyOptimizerOutputsToCfgsSharedHelperTest.test_shared_helper_applies_block5_aux_fresh_binding) ... ok
test_shared_helper_preserves_block3_k_while_writing_sf (tests.test_blb_chain_integrity.ApplyOptimizerOutputsToCfgsSharedHelperTest.test_shared_helper_preserves_block3_k_while_writing_sf) ... ok
test_block3_k_changes_post_polynomial_output (tests.test_blb_chain_integrity.Block3TruncationExecutionTest.test_block3_k_changes_post_polynomial_output) ... ok
test_block2_shared_rotation_enables_all_qkv_model_branches (tests.test_blb_chain_integrity.DefaultOptimizerRotationBindingTest.test_block2_shared_rotation_enables_all_qkv_model_branches) ... ok
test_block4_rotation_count_three_is_preserved_for_runtime (tests.test_blb_chain_integrity.DefaultOptimizerRotationBindingTest.test_block4_rotation_count_three_is_preserved_for_runtime) ... ok
test_unknown_effective_rotation_fails_closed_instead_of_disappearing (tests.test_blb_chain_integrity.DefaultOptimizerRotationBindingTest.test_unknown_effective_rotation_fails_closed_instead_of_disappearing) ... ok
test_parse_device_ids_accepts_fire_tuple (tests.test_blb_chain_integrity.ProbeRunnerHelpersTest.test_parse_device_ids_accepts_fire_tuple) ... ok
test_parse_device_ids_accepts_parenthesized_fire_string (tests.test_blb_chain_integrity.ProbeRunnerHelpersTest.test_parse_device_ids_accepts_parenthesized_fire_string) ... ok
test_parse_device_ids_basic (tests.test_blb_chain_integrity.ProbeRunnerHelpersTest.test_parse_device_ids_basic) ... ok
test_parse_device_ids_rejects_garbage (tests.test_blb_chain_integrity.ProbeRunnerHelpersTest.test_parse_device_ids_rejects_garbage) ... ok
test_split_round_robin_k0 (tests.test_blb_chain_integrity.ProbeRunnerHelpersTest.test_split_round_robin_k0) ... ok
test_split_round_robin_k4_n4_one_trial_per_gpu (tests.test_blb_chain_integrity.ProbeRunnerHelpersTest.test_split_round_robin_k4_n4_one_trial_per_gpu) ... ok
test_split_round_robin_k5_n2 (tests.test_blb_chain_integrity.ProbeRunnerHelpersTest.test_split_round_robin_k5_n2) ... ok
test_split_round_robin_k5_n3 (tests.test_blb_chain_integrity.ProbeRunnerHelpersTest.test_split_round_robin_k5_n3) ... ok
test_split_round_robin_single_worker (tests.test_blb_chain_integrity.ProbeRunnerHelpersTest.test_split_round_robin_single_worker) ... ok
test_trial_seed_deterministic (tests.test_blb_chain_integrity.ProbeRunnerHelpersTest.test_trial_seed_deterministic) ... ok
test_trial_seed_independent_per_trial (tests.test_blb_chain_integrity.ProbeRunnerHelpersTest.test_trial_seed_independent_per_trial) ... ok
test_runner_handles_k0_gracefully (tests.test_blb_chain_integrity.ProbeRunnerTwoGPUTest.test_runner_handles_k0_gracefully) ... skipped 'two-GPU probe runner test requires >=2 visible CUDA devices'
test_runner_returns_results_in_trial_order (tests.test_blb_chain_integrity.ProbeRunnerTwoGPUTest.test_runner_returns_results_in_trial_order) ... skipped 'two-GPU probe runner test requires >=2 visible CUDA devices'
test_distribution_string_case_insensitive (tests.test_blb_chain_integrity.SampleGaussianLiveReadTest.test_distribution_string_case_insensitive) ... ok
test_mutating_scaling_factor_changes_noise_variance (tests.test_blb_chain_integrity.SampleGaussianLiveReadTest.test_mutating_scaling_factor_changes_noise_variance) ... ok
test_none_point_returns_zero_noise (tests.test_blb_chain_integrity.SampleGaussianLiveReadTest.test_none_point_returns_zero_noise) ... ok
test_action_head_bias_starts_zero (tests.test_blb_chain_integrity.SequentialPolicyInitTest.test_action_head_bias_starts_zero)
Learned actor biases start zero; caller controls baseline prior. ... ok
test_action_head_weight_is_small (tests.test_blb_chain_integrity.SequentialPolicyInitTest.test_action_head_weight_is_small)
Every per-slot head must start near zero so external prior wins. ... ok
test_value_head_init_standard (tests.test_blb_chain_integrity.SequentialPolicyInitTest.test_value_head_init_standard) ... ok
test_warmstart_bias_dominates_random_state (tests.test_blb_chain_integrity.SequentialPolicyInitTest.test_warmstart_bias_dominates_random_state)
With +3.5 warmstart bias and random state, preferred index should ... ok
test_all_three_pairs_mirrored (tests.test_blb_chain_integrity.SyncBlock2QKBindingTest.test_all_three_pairs_mirrored) ... ok
test_no_op_when_already_synced (tests.test_blb_chain_integrity.SyncBlock2QKBindingTest.test_no_op_when_already_synced) ... ok
test_wk_mutation_mirrors_onto_wq (tests.test_blb_chain_integrity.SyncBlock2QKBindingTest.test_wk_mutation_mirrors_onto_wq) ... ok
test_full_noise_markdown_table_streams_entries_without_copy (tests.test_blb_final_eval_fusion_fixed_action.FusionCountFixedActionDecodeTest.test_full_noise_markdown_table_streams_entries_without_copy) ... ok
test_fusion_fixed_action_decode_avoids_step_copy_wrappers (tests.test_blb_final_eval_fusion_fixed_action.FusionCountFixedActionDecodeTest.test_fusion_fixed_action_decode_avoids_step_copy_wrappers) ... ok
test_per_step_fusion_option_replay_preserves_rl_selected_k (tests.test_blb_final_eval_fusion_fixed_action.FusionCountFixedActionDecodeTest.test_per_step_fusion_option_replay_preserves_rl_selected_k) ... ok
test_results_plot_scans_candidate_rows_once (tests.test_blb_final_eval_fusion_fixed_action.FusionCountFixedActionDecodeTest.test_results_plot_scans_candidate_rows_once) ... ok
test_scatter_plot_scans_result_rows_once_per_group (tests.test_blb_final_eval_fusion_fixed_action.FusionCountFixedActionDecodeTest.test_scatter_plot_scans_result_rows_once_per_group) ... ok
test_selected_vs_random_summary_keeps_existing_statistics (tests.test_blb_final_eval_fusion_fixed_action.FusionCountFixedActionDecodeTest.test_selected_vs_random_summary_keeps_existing_statistics) ... ok
test_selected_vs_random_summary_streams_random_rows_once (tests.test_blb_final_eval_fusion_fixed_action.FusionCountFixedActionDecodeTest.test_selected_vs_random_summary_streams_random_rows_once) ... ok
test_persisted_override_wins_when_fusion_map_value_differs (tests.test_blb_final_eval_fusion_fixed_action.PersistedBoostedOverrideDecodeTest.test_persisted_override_wins_when_fusion_map_value_differs) ... ok
test_checkpoint_loader_raises_when_blb_checkpoint_cannot_be_loaded (tests.test_blb_final_eval_fusion_fixed_action.Stage2FinalEvalHandoffTest.test_checkpoint_loader_raises_when_blb_checkpoint_cannot_be_loaded) ... ok
test_checkpoint_loader_rejects_layerwise_group_without_exact_overrides (tests.test_blb_final_eval_fusion_fixed_action.Stage2FinalEvalHandoffTest.test_checkpoint_loader_rejects_layerwise_group_without_exact_overrides) ... ok
test_checkpoint_loader_skips_incomplete_layerwise_final_for_valid_live (tests.test_blb_final_eval_fusion_fixed_action.Stage2FinalEvalHandoffTest.test_checkpoint_loader_skips_incomplete_layerwise_final_for_valid_live) ... ok
test_in_memory_final_eval_handoff_copies_exact_fusion_best (tests.test_blb_final_eval_fusion_fixed_action.Stage2FinalEvalHandoffTest.test_in_memory_final_eval_handoff_copies_exact_fusion_best) ... ok
test_in_memory_fusion_handoff_rejects_missing_reloadable_group (tests.test_blb_final_eval_fusion_fixed_action.Stage2FinalEvalHandoffTest.test_in_memory_fusion_handoff_rejects_missing_reloadable_group) ... ok
test_in_memory_layerwise_handoff_rejects_missing_action (tests.test_blb_final_eval_fusion_fixed_action.Stage2FinalEvalHandoffTest.test_in_memory_layerwise_handoff_rejects_missing_action) ... ok
test_in_memory_layerwise_handoff_rejects_missing_fusion_flag (tests.test_blb_final_eval_fusion_fixed_action.Stage2FinalEvalHandoffTest.test_in_memory_layerwise_handoff_rejects_missing_fusion_flag) ... ok
test_calibrated_baseline_slots_round_trip_ineffective_block1_k (tests.test_blb_glue_boost_install.GlueBoostInstallTest.test_calibrated_baseline_slots_round_trip_ineffective_block1_k) ... ok
test_decode_helper_installs_boosted_block2_output (tests.test_blb_glue_boost_install.GlueBoostInstallTest.test_decode_helper_installs_boosted_block2_output) ... ok
test_rejects_unsupported_k_levels_at_every_public_entry_point (tests.test_blb_layerwise_action.KLevelsContractTest.test_rejects_unsupported_k_levels_at_every_public_entry_point) ... ok
test_reordered_supported_k_levels_decode_and_cost_by_value (tests.test_blb_layerwise_action.KLevelsContractTest.test_reordered_supported_k_levels_decode_and_cost_by_value) ... ok
test_each_layer_splices_maps_and_preserves_block3_scaling_factors (tests.test_blb_layerwise_action.LayerwiseApplicationTest.test_each_layer_splices_maps_and_preserves_block3_scaling_factors) ... ok
test_resolves_actual_non_contiguous_option_ids (tests.test_blb_layerwise_action.LayerwiseApplicationTest.test_resolves_actual_non_contiguous_option_ids) ... ok
test_masked_layer_zero_block1_k_is_ignored_everywhere (tests.test_blb_layerwise_action.LayerwiseNeighborTest.test_masked_layer_zero_block1_k_is_ignored_everywhere) ... ok
test_neighbors_are_complete_unique_and_non_mutating (tests.test_blb_layerwise_action.LayerwiseNeighborTest.test_neighbors_are_complete_unique_and_non_mutating) ... ok
test_validates_late_coordinates_before_first_yield (tests.test_blb_layerwise_action.LayerwiseNeighborTest.test_validates_late_coordinates_before_first_yield) ... ok
test_application_owns_read_only_vector_and_frozen_metadata (tests.test_blb_layerwise_action.LayerwiseOwnershipTest.test_application_owns_read_only_vector_and_frozen_metadata) ... ok
test_decoded_action_owns_an_immutable_mapping (tests.test_blb_layerwise_action.LayerwiseOwnershipTest.test_decoded_action_owns_an_immutable_mapping) ... ok
test_has_canonical_twelve_step_geometry (tests.test_blb_layerwise_action.LayerwiseScheduleTest.test_has_canonical_twelve_step_geometry) ... ok
test_schedule_rejects_invalid_layers_and_missing_graph (tests.test_blb_layerwise_action.LayerwiseScheduleTest.test_schedule_rejects_invalid_layers_and_missing_graph) ... ok
test_duplicate_fixed_fusion_options_fail_loudly (tests.test_blb_layerwise_action.LayerwiseValidationTest.test_duplicate_fixed_fusion_options_fail_loudly) ... ok
test_invalid_action_shapes_and_indices_fail_loudly (tests.test_blb_layerwise_action.LayerwiseValidationTest.test_invalid_action_shapes_and_indices_fail_loudly) ... ok
test_map_structure_validation_fails_loudly (tests.test_blb_layerwise_action.LayerwiseValidationTest.test_map_structure_validation_fails_loudly) ... ok
test_cost_uses_decoded_k_values_not_category_order (tests.test_blb_layerwise_action.VariableCostTest.test_cost_uses_decoded_k_values_not_category_order) ... ok
test_independent_resource_axes_and_monotonicity (tests.test_blb_layerwise_action.VariableCostTest.test_independent_resource_axes_and_monotonicity) ... ok
test_one_axis_cannot_modify_the_other_axis (tests.test_blb_layerwise_action.VariableCostTest.test_one_axis_cannot_modify_the_other_axis) ... ok
test_packed_score_preserves_every_realisable_robust_floor_improvement (tests.test_blb_layerwise_action.VariableCostTest.test_packed_score_preserves_every_realisable_robust_floor_improvement) ... ok
test_shapley_and_slot_credits_cover_each_resource_family_once (tests.test_blb_layerwise_action.VariableCostTest.test_shapley_and_slot_credits_cover_each_resource_family_once) ... ok
test_evaluates_four_then_five_blocks_and_records_one_row (tests.test_blb_layerwise_env.LayerwiseEnvironmentTest.test_evaluates_four_then_five_blocks_and_records_one_row) ... ok
test_invalid_block_is_aggregated_without_early_termination (tests.test_blb_layerwise_env.LayerwiseEnvironmentTest.test_invalid_block_is_aggregated_without_early_termination) ... ok
test_nonuniform_degrees_select_block3_and_block5_graphs_per_layer (tests.test_blb_layerwise_env.LayerwiseEnvironmentTest.test_nonuniform_degrees_select_block3_and_block5_graphs_per_layer) ... ok
test_rejects_misuse_and_owns_actions_and_terminal_results (tests.test_blb_layerwise_env.LayerwiseEnvironmentTest.test_rejects_misuse_and_owns_actions_and_terminal_results) ... ok
test_reset_after_terminal_starts_a_fresh_episode (tests.test_blb_layerwise_env.LayerwiseEnvironmentTest.test_reset_after_terminal_starts_a_fresh_episode) ... ok
test_reset_has_stable_geometry_and_owned_state (tests.test_blb_layerwise_env.LayerwiseEnvironmentTest.test_reset_has_stable_geometry_and_owned_state) ... ok
test_terminal_calls_base_once_with_full_cost_and_handoff (tests.test_blb_layerwise_env.LayerwiseEnvironmentTest.test_terminal_calls_base_once_with_full_cost_and_handoff) ... ok
test_terminal_info_snapshot_is_bounded_json_safe_and_runtime_info_is_private (tests.test_blb_layerwise_env.LayerwiseEnvironmentTest.test_terminal_info_snapshot_is_bounded_json_safe_and_runtime_info_is_private) ... ok
test_layerwise_ordinary_block2_and_boosted_block5_use_real_helper_chain (tests.test_blb_layerwise_env.LayerwiseRealHelperIntegrationTest.test_layerwise_ordinary_block2_and_boosted_block5_use_real_helper_chain) ... ok
test_checkpoint_file_fingerprint_allows_suffix_only_and_rejects_prefix_change (tests.test_blb_layerwise_runner.LayerwiseDispatchRulesTests.test_checkpoint_file_fingerprint_allows_suffix_only_and_rejects_prefix_change) ... ok
test_checkpoint_fingerprint_tracker_hashes_only_new_suffixes (tests.test_blb_layerwise_runner.LayerwiseDispatchRulesTests.test_checkpoint_fingerprint_tracker_hashes_only_new_suffixes) ... ok
test_dispatch_selects_layerwise_only_for_fusion_plus_layer (tests.test_blb_layerwise_runner.LayerwiseDispatchRulesTests.test_dispatch_selects_layerwise_only_for_fusion_plus_layer) ... ok
test_factorized_ppo_uses_active_slot_kl_scale (tests.test_blb_layerwise_runner.LayerwiseDispatchRulesTests.test_factorized_ppo_uses_active_slot_kl_scale) ... ok
test_factorized_ppo_uses_per_slot_cost_control_variate (tests.test_blb_layerwise_runner.LayerwiseDispatchRulesTests.test_factorized_ppo_uses_per_slot_cost_control_variate) ... ok
test_fresh_layerwise_run_rejects_stale_marker_without_checkpoint (tests.test_blb_layerwise_runner.LayerwiseDispatchRulesTests.test_fresh_layerwise_run_rejects_stale_marker_without_checkpoint) ... ok
test_initial_probabilities_use_decoded_k_values_and_disable_epsilon (tests.test_blb_layerwise_runner.LayerwiseDispatchRulesTests.test_initial_probabilities_use_decoded_k_values_and_disable_epsilon) ... ok
test_launcher_locks_stage2_directory_before_fresh_cleanup (tests.test_blb_layerwise_runner.LayerwiseDispatchRulesTests.test_launcher_locks_stage2_directory_before_fresh_cleanup) ... ok
test_layerwise_branch_finalizes_live_status_and_run_manifest (tests.test_blb_layerwise_runner.LayerwiseDispatchRulesTests.test_layerwise_branch_finalizes_live_status_and_run_manifest) ... ok
test_layerwise_branch_locks_and_writes_episode_zero_checkpoint (tests.test_blb_layerwise_runner.LayerwiseDispatchRulesTests.test_layerwise_branch_locks_and_writes_episode_zero_checkpoint) ... ok
test_layerwise_branch_persists_authoritative_run_mode_and_strict_summary (tests.test_blb_layerwise_runner.LayerwiseDispatchRulesTests.test_layerwise_branch_persists_authoritative_run_mode_and_strict_summary) ... ok
test_layerwise_branch_persists_complete_ppo_update_metrics (tests.test_blb_layerwise_runner.LayerwiseDispatchRulesTests.test_layerwise_branch_persists_complete_ppo_update_metrics) ... ok
test_layerwise_branch_rewrites_checkpoint_after_zero_episode_revalidation (tests.test_blb_layerwise_runner.LayerwiseDispatchRulesTests.test_layerwise_branch_rewrites_checkpoint_after_zero_episode_revalidation) ... ok
test_layerwise_branch_uses_reward_only_natural_convergence_contract (tests.test_blb_layerwise_runner.LayerwiseDispatchRulesTests.test_layerwise_branch_uses_reward_only_natural_convergence_contract) ... ok
test_layerwise_candidate_identity_binds_every_resource_contract_field (tests.test_blb_layerwise_runner.LayerwiseDispatchRulesTests.test_layerwise_candidate_identity_binds_every_resource_contract_field) ... ok
test_layerwise_candidate_identity_binds_k_level_order (tests.test_blb_layerwise_runner.LayerwiseDispatchRulesTests.test_layerwise_candidate_identity_binds_k_level_order) ... ok
test_layerwise_checkpoint_and_result_publish_reloadable_fusion_best (tests.test_blb_layerwise_runner.LayerwiseDispatchRulesTests.test_layerwise_checkpoint_and_result_publish_reloadable_fusion_best) ... ok
test_layerwise_checkpoint_contract_fails_before_mutating_training_state (tests.test_blb_layerwise_runner.LayerwiseDispatchRulesTests.test_layerwise_checkpoint_contract_fails_before_mutating_training_state) ... ok
test_layerwise_checkpoint_metadata_rejects_foreign_run_context (tests.test_blb_layerwise_runner.LayerwiseDispatchRulesTests.test_layerwise_checkpoint_metadata_rejects_foreign_run_context) ... ok
test_layerwise_checkpoint_preserves_long_run_search_state (tests.test_blb_layerwise_runner.LayerwiseDispatchRulesTests.test_layerwise_checkpoint_preserves_long_run_search_state) ... ok
test_layerwise_curves_rebuild_from_full_diagnostic_history (tests.test_blb_layerwise_runner.LayerwiseDispatchRulesTests.test_layerwise_curves_rebuild_from_full_diagnostic_history) ... ok
test_layerwise_episode_diagnostics_map_existing_probe_timing_fields (tests.test_blb_layerwise_runner.LayerwiseDispatchRulesTests.test_layerwise_episode_diagnostics_map_existing_probe_timing_fields) ... ok
test_layerwise_online_trial_count_uses_authoritative_stage2_k_trials (tests.test_blb_layerwise_runner.LayerwiseDispatchRulesTests.test_layerwise_online_trial_count_uses_authoritative_stage2_k_trials) ... ok
test_layerwise_run_lock_rejects_second_writer_and_records_context (tests.test_blb_layerwise_runner.LayerwiseDispatchRulesTests.test_layerwise_run_lock_rejects_second_writer_and_records_context) ... ok
test_outer_layerwise_branch_does_not_resurrect_stale_checkpoint_best (tests.test_blb_layerwise_runner.LayerwiseDispatchRulesTests.test_outer_layerwise_branch_does_not_resurrect_stale_checkpoint_best) ... ok
test_public_config_builder_drives_real_dispatch_rules (tests.test_blb_layerwise_runner.LayerwiseDispatchRulesTests.test_public_config_builder_drives_real_dispatch_rules) ... ok
test_sequential_train_config_carries_layerwise_resume_state (tests.test_blb_layerwise_runner.LayerwiseDispatchRulesTests.test_sequential_train_config_carries_layerwise_resume_state) ... ok
test_stage2_run_lock_survives_deletion_of_fresh_run_directory (tests.test_blb_layerwise_runner.LayerwiseDispatchRulesTests.test_stage2_run_lock_survives_deletion_of_fresh_run_directory) ... ok
test_zero_episode_limit_is_reserved_for_layerwise_robust_training (tests.test_blb_layerwise_runner.LayerwiseDispatchRulesTests.test_zero_episode_limit_is_reserved_for_layerwise_robust_training) ... ok
test_already_promoted_candidate_uses_f4_evidence_not_new_f1_result (tests.test_blb_layerwise_runner.LayerwisePromotionTests.test_already_promoted_candidate_uses_f4_evidence_not_new_f1_result) ... ok
test_bank_c_certification_pools_75_trials_and_ignores_probability (tests.test_blb_layerwise_runner.LayerwisePromotionTests.test_bank_c_certification_pools_75_trials_and_ignores_probability) ... ok
test_bank_c_transient_failure_is_retryable_after_restore (tests.test_blb_layerwise_runner.LayerwisePromotionTests.test_bank_c_transient_failure_is_retryable_after_restore) ... ok
test_each_authoritative_point_gate_blocks_its_own_failure (tests.test_blb_layerwise_runner.LayerwisePromotionTests.test_each_authoritative_point_gate_blocks_its_own_failure) ... ok
test_failed_f4_promotion_status_is_not_mislabeled_f1 (tests.test_blb_layerwise_runner.LayerwisePromotionTests.test_failed_f4_promotion_status_is_not_mislabeled_f1) ... ok
test_failed_required_promotion_is_not_marked_promoted (tests.test_blb_layerwise_runner.LayerwisePromotionTests.test_failed_required_promotion_is_not_marked_promoted) ... ok
test_final_revalidation_failure_remains_excluded_after_restore (tests.test_blb_layerwise_runner.LayerwisePromotionTests.test_final_revalidation_failure_remains_excluded_after_restore) ... ok
test_final_revalidation_pass_restores_fresh_strict_evidence (tests.test_blb_layerwise_runner.LayerwisePromotionTests.test_final_revalidation_pass_restores_fresh_strict_evidence) ... ok
test_promotion_allows_equal_cost_candidates_for_deterministic_tie_ranking (tests.test_blb_layerwise_runner.LayerwisePromotionTests.test_promotion_allows_equal_cost_candidates_for_deterministic_tie_ranking) ... ok
test_promotion_assesses_existing_evidence_above_target_without_new_probe (tests.test_blb_layerwise_runner.LayerwisePromotionTests.test_promotion_assesses_existing_evidence_above_target_without_new_probe) ... ok
test_promotion_collects_25_full_trials_without_pooling_five_probe_trials (tests.test_blb_layerwise_runner.LayerwisePromotionTests.test_promotion_collects_25_full_trials_without_pooling_five_probe_trials) ... ok
test_promotion_recovers_pending_reassessment_after_top_up_crash (tests.test_blb_layerwise_runner.LayerwisePromotionTests.test_promotion_recovers_pending_reassessment_after_top_up_crash) ... ok
test_promotion_rejects_priority_confidence_and_dominated_candidates (tests.test_blb_layerwise_runner.LayerwisePromotionTests.test_promotion_rejects_priority_confidence_and_dominated_candidates) ... ok
test_promotion_selects_fresh_trial_seeds_disjoint_from_existing_evidence (tests.test_blb_layerwise_runner.LayerwisePromotionTests.test_promotion_selects_fresh_trial_seeds_disjoint_from_existing_evidence) ... ok
test_promotion_tops_up_five_to_25_through_real_chain_once (tests.test_blb_layerwise_runner.LayerwisePromotionTests.test_promotion_tops_up_five_to_25_through_real_chain_once) ... ok
test_restore_promoted_candidates_reassesses_persisted_frontier (tests.test_blb_layerwise_runner.LayerwisePromotionTests.test_restore_promoted_candidates_reassesses_persisted_frontier) ... ok
test_three_bank_promotion_resumes_from_complete_fixed_seed_groups (tests.test_blb_layerwise_runner.LayerwisePromotionTests.test_three_bank_promotion_resumes_from_complete_fixed_seed_groups) ... ok
test_three_bank_promotion_uses_a_then_b_point_gates_not_probability (tests.test_blb_layerwise_runner.LayerwisePromotionTests.test_three_bank_promotion_uses_a_then_b_point_gates_not_probability) ... ok
test_three_bank_restore_uses_point_gate_and_preserves_final_evidence (tests.test_blb_layerwise_runner.LayerwisePromotionTests.test_three_bank_restore_uses_point_gate_and_preserves_final_evidence) ... ok
test_adjacent_same_action_episodes_pool_ten_distinct_real_probe_seeds (tests.test_blb_layerwise_runner.LayerwiseRolloutTests.test_adjacent_same_action_episodes_pool_ten_distinct_real_probe_seeds) ... ok
test_bounded_resume_clears_convergence_after_frontier_retraction (tests.test_blb_layerwise_runner.LayerwiseRolloutTests.test_bounded_resume_clears_convergence_after_frontier_retraction) ... ok
test_bounded_smoke_never_runs_natural_revalidation (tests.test_blb_layerwise_runner.LayerwiseRolloutTests.test_bounded_smoke_never_runs_natural_revalidation) ... ok
test_episode_record_labels_fresh_reward_and_f1_prefilter_evidence (tests.test_blb_layerwise_runner.LayerwiseRolloutTests.test_episode_record_labels_fresh_reward_and_f1_prefilter_evidence) ... ok
test_exhausted_bounded_resume_does_not_become_unbounded (tests.test_blb_layerwise_runner.LayerwiseRolloutTests.test_exhausted_bounded_resume_does_not_become_unbounded) ... ok
test_exhaustive_c_fallback_reports_surviving_certified_tie_as_passed (tests.test_blb_layerwise_runner.LayerwiseRolloutTests.test_exhaustive_c_fallback_reports_surviving_certified_tie_as_passed) ... ok
test_failed_strict_revalidation_removes_winner_before_continuing (tests.test_blb_layerwise_runner.LayerwiseRolloutTests.test_failed_strict_revalidation_removes_winner_before_continuing) ... ok
test_invalid_terminal_may_omit_raw_evidence (tests.test_blb_layerwise_runner.LayerwiseRolloutTests.test_invalid_terminal_may_omit_raw_evidence) ... ok
test_layerwise_loop_contains_no_retired_blockwise_scaffolds (tests.test_blb_layerwise_runner.LayerwiseRolloutTests.test_layerwise_loop_contains_no_retired_blockwise_scaffolds) ... ok
test_max_cap_does_not_export_an_uncertified_ab_candidate (tests.test_blb_layerwise_runner.LayerwiseRolloutTests.test_max_cap_does_not_export_an_uncertified_ab_candidate) ... ok
test_max_cap_falls_back_to_dominated_ab_candidate_when_winner_fails_c (tests.test_blb_layerwise_runner.LayerwiseRolloutTests.test_max_cap_falls_back_to_dominated_ab_candidate_when_winner_fails_c) ... ok
test_max_episode_cap_still_runs_bank_c_and_keeps_resumable_result (tests.test_blb_layerwise_runner.LayerwiseRolloutTests.test_max_episode_cap_still_runs_bank_c_and_keeps_resumable_result) ... ok
test_nonfinite_restored_entropy_is_unavailable_not_fatal (tests.test_blb_layerwise_runner.LayerwiseRolloutTests.test_nonfinite_restored_entropy_is_unavailable_not_fatal) ... ok
test_nonfinite_skipped_update_does_not_advance_convergence_patience (tests.test_blb_layerwise_runner.LayerwiseRolloutTests.test_nonfinite_skipped_update_does_not_advance_convergence_patience) ... ok
test_positive_episode_budget_remains_a_bounded_smoke_run (tests.test_blb_layerwise_runner.LayerwiseRolloutTests.test_positive_episode_budget_remains_a_bounded_smoke_run) ... ok
test_ppo_update_exposes_current_strict_frontier_snapshot (tests.test_blb_layerwise_runner.LayerwiseRolloutTests.test_ppo_update_exposes_current_strict_frontier_snapshot) ... ok
test_promoted_reward_and_install_metadata_restore_from_promotion_record (tests.test_blb_layerwise_runner.LayerwiseRolloutTests.test_promoted_reward_and_install_metadata_restore_from_promotion_record) ... ok
test_repeated_action_keeps_bootstrap_assessment_at_fixed_25_trial_budget (tests.test_blb_layerwise_runner.LayerwiseRolloutTests.test_repeated_action_keeps_bootstrap_assessment_at_fixed_25_trial_budget) ... ok
test_train_collects_exactly_12_terminal_credit_transitions (tests.test_blb_layerwise_runner.LayerwiseRolloutTests.test_train_collects_exactly_12_terminal_credit_transitions) ... ok
test_transient_strict_revalidation_error_keeps_winner_and_retries (tests.test_blb_layerwise_runner.LayerwiseRolloutTests.test_transient_strict_revalidation_error_keeps_winner_and_retries) ... ok
test_unbounded_training_stops_only_after_natural_convergence (tests.test_blb_layerwise_runner.LayerwiseRolloutTests.test_unbounded_training_stops_only_after_natural_convergence) ... ok
test_valid_terminal_requires_exact_aligned_raw_evidence (tests.test_blb_layerwise_runner.LayerwiseRolloutTests.test_valid_terminal_requires_exact_aligned_raw_evidence) ... ok
test_zero_remaining_bounded_resume_preserves_frontier_without_convergence (tests.test_blb_layerwise_runner.LayerwiseRolloutTests.test_zero_remaining_bounded_resume_preserves_frontier_without_convergence) ... ok
test_convergence_cannot_trigger_while_current_frontier_is_empty (tests.test_blb_layerwise_runner.LayerwiseRunnerPureRulesTests.test_convergence_cannot_trigger_while_current_frontier_is_empty) ... ok
test_convergence_checkpoint_persists_and_validates_contract (tests.test_blb_layerwise_runner.LayerwiseRunnerPureRulesTests.test_convergence_checkpoint_persists_and_validates_contract) ... ok
test_convergence_depends_on_policy_and_frontier_not_episode_count (tests.test_blb_layerwise_runner.LayerwiseRunnerPureRulesTests.test_convergence_depends_on_policy_and_frontier_not_episode_count) ... ok
test_convergence_rebases_when_feasible_frontier_retracts (tests.test_blb_layerwise_runner.LayerwiseRunnerPureRulesTests.test_convergence_rebases_when_feasible_frontier_retracts) ... ok
test_convergence_resets_on_exact_resource_objective_improvement (tests.test_blb_layerwise_runner.LayerwiseRunnerPureRulesTests.test_convergence_resets_on_exact_resource_objective_improvement) ... ok
test_convergence_tracker_state_round_trips_across_resume (tests.test_blb_layerwise_runner.LayerwiseRunnerPureRulesTests.test_convergence_tracker_state_round_trips_across_resume) ... ok
test_convergence_uses_stable_selected_action_not_entropy (tests.test_blb_layerwise_runner.LayerwiseRunnerPureRulesTests.test_convergence_uses_stable_selected_action_not_entropy) ... ok
test_diagnostics_best_snapshot_can_be_reconciled_without_episode_append (tests.test_blb_layerwise_runner.LayerwiseRunnerPureRulesTests.test_diagnostics_best_snapshot_can_be_reconciled_without_episode_append) ... ok
test_episode_limit_resume_allows_only_equal_or_larger_caps (tests.test_blb_layerwise_runner.LayerwiseRunnerPureRulesTests.test_episode_limit_resume_allows_only_equal_or_larger_caps) ... ok
test_evidence_identity_context_separates_probe_and_full_validation (tests.test_blb_layerwise_runner.LayerwiseRunnerPureRulesTests.test_evidence_identity_context_separates_probe_and_full_validation) ... ok
test_full_validation_loader_is_uncapped_and_does_not_use_probe_subset (tests.test_blb_layerwise_runner.LayerwiseRunnerPureRulesTests.test_full_validation_loader_is_uncapped_and_does_not_use_probe_subset) ... ok
test_layerwise_algorithm_identity_excludes_extendable_runtime_cap (tests.test_blb_layerwise_runner.LayerwiseRunnerPureRulesTests.test_layerwise_algorithm_identity_excludes_extendable_runtime_cap) ... ok
test_layerwise_branch_routes_promotion_through_authoritative_env (tests.test_blb_layerwise_runner.LayerwiseRunnerPureRulesTests.test_layerwise_branch_routes_promotion_through_authoritative_env) ... ok
test_layerwise_contract_records_multifidelity_and_honest_stop_statuses (tests.test_blb_layerwise_runner.LayerwiseRunnerPureRulesTests.test_layerwise_contract_records_multifidelity_and_honest_stop_statuses) ... ok
test_layerwise_episode_budget_zero_remains_unbounded_across_resume (tests.test_blb_layerwise_runner.LayerwiseRunnerPureRulesTests.test_layerwise_episode_budget_zero_remains_unbounded_across_resume) ... ok
test_layerwise_online_probe_is_fixed_to_256_examples (tests.test_blb_layerwise_runner.LayerwiseRunnerPureRulesTests.test_layerwise_online_probe_is_fixed_to_256_examples) ... ok
test_layerwise_validation_bank_config_is_fixed_to_25_25_25 (tests.test_blb_layerwise_runner.LayerwiseRunnerPureRulesTests.test_layerwise_validation_bank_config_is_fixed_to_25_25_25) ... ok
test_nonfinite_entropy_is_unavailable_diagnostic_not_fatal (tests.test_blb_layerwise_runner.LayerwiseRunnerPureRulesTests.test_nonfinite_entropy_is_unavailable_diagnostic_not_fatal) ... ok
test_normalized_entropy_excludes_masked_and_one_option_slots (tests.test_blb_layerwise_runner.LayerwiseRunnerPureRulesTests.test_normalized_entropy_excludes_masked_and_one_option_slots) ... ok
test_normalized_safety_margins_cover_all_six_constraints (tests.test_blb_layerwise_runner.LayerwiseRunnerPureRulesTests.test_normalized_safety_margins_cover_all_six_constraints) ... ok
test_objective_convergence_requires_minimum_episodes_and_revalidation (tests.test_blb_layerwise_runner.LayerwiseRunnerPureRulesTests.test_objective_convergence_requires_minimum_episodes_and_revalidation) ... ok
test_orphaned_selected_action_counter_resets_on_restore (tests.test_blb_layerwise_runner.LayerwiseRunnerPureRulesTests.test_orphaned_selected_action_counter_resets_on_restore) ... ok
test_p1_and_p2_never_receive_cost_credit (tests.test_blb_layerwise_runner.LayerwiseRunnerPureRulesTests.test_p1_and_p2_never_receive_cost_credit) ... ok
test_p3_resource_score_is_redistributed_without_changing_episode_return (tests.test_blb_layerwise_runner.LayerwiseRunnerPureRulesTests.test_p3_resource_score_is_redistributed_without_changing_episode_return) ... ok
test_point_constraint_gate_checks_all_six_metrics_without_probability (tests.test_blb_layerwise_runner.LayerwiseRunnerPureRulesTests.test_point_constraint_gate_checks_all_six_metrics_without_probability) ... ok
test_reward_redistribution_rejects_inconsistent_cost_terms (tests.test_blb_layerwise_runner.LayerwiseRunnerPureRulesTests.test_reward_redistribution_rejects_inconsistent_cost_terms) ... ok
test_same_cost_resume_reconciliation_resets_stale_action_identity (tests.test_blb_layerwise_runner.LayerwiseRunnerPureRulesTests.test_same_cost_resume_reconciliation_resets_stale_action_identity) ... ok
test_same_cost_selected_action_change_resets_action_stability (tests.test_blb_layerwise_runner.LayerwiseRunnerPureRulesTests.test_same_cost_selected_action_change_resets_action_stability) ... ok
test_strict_best_snapshot_uses_action_lexicographic_final_tie_break (tests.test_blb_layerwise_runner.LayerwiseRunnerPureRulesTests.test_strict_best_snapshot_uses_action_lexicographic_final_tie_break) ... ok
test_strict_rank_and_pareto_use_both_resource_axes (tests.test_blb_layerwise_runner.LayerwiseRunnerPureRulesTests.test_strict_rank_and_pareto_use_both_resource_axes) ... ok
test_strict_rank_orders_cost_then_confidence_then_safety_margin (tests.test_blb_layerwise_runner.LayerwiseRunnerPureRulesTests.test_strict_rank_orders_cost_then_confidence_then_safety_margin) ... ok
test_strict_rank_uses_all_six_confidences_and_margins (tests.test_blb_layerwise_runner.LayerwiseRunnerPureRulesTests.test_strict_rank_uses_all_six_confidences_and_margins) ... ok
test_strict_selection_key_uses_action_vector_before_candidate_key (tests.test_blb_layerwise_runner.LayerwiseRunnerPureRulesTests.test_strict_selection_key_uses_action_vector_before_candidate_key) ... ok
test_strict_snapshot_selection_key_matches_live_key_shape (tests.test_blb_layerwise_runner.LayerwiseRunnerPureRulesTests.test_strict_snapshot_selection_key_matches_live_key_shape) ... ok
test_three_bank_convergence_contract_cannot_stop_before_90k_or_100_updates (tests.test_blb_layerwise_runner.LayerwiseRunnerPureRulesTests.test_three_bank_convergence_contract_cannot_stop_before_90k_or_100_updates) ... ok
test_three_validation_banks_are_disjoint_and_pool_in_order (tests.test_blb_layerwise_runner.LayerwiseRunnerPureRulesTests.test_three_validation_banks_are_disjoint_and_pool_in_order) ... ok
test_adjacent_episode_trial_domains_are_disjoint_and_bounded (tests.test_blb_layerwise_runner.LayerwiseSeedTests.test_adjacent_episode_trial_domains_are_disjoint_and_bounded) ... ok
test_all_five_blocks_use_the_shared_configured_truncation_executor (tests.test_blb_stage2_eval_single_path_static.Stage2EvalSinglePathStaticTest.test_all_five_blocks_use_the_shared_configured_truncation_executor) ... ok
test_block2_config_builder_exposes_k_and_backend_fields (tests.test_blb_stage2_eval_single_path_static.Stage2EvalSinglePathStaticTest.test_block2_config_builder_exposes_k_and_backend_fields) ... ok
test_block2_hook_receives_the_materialized_config_it_executes (tests.test_blb_stage2_eval_single_path_static.Stage2EvalSinglePathStaticTest.test_block2_hook_receives_the_materialized_config_it_executes) ... ok
test_executable_eval_paths_use_shared_optimizer_writeback_helper (tests.test_blb_stage2_eval_single_path_static.Stage2EvalSinglePathStaticTest.test_executable_eval_paths_use_shared_optimizer_writeback_helper) ... ok
test_install_auditors_consume_the_canonical_materialized_config (tests.test_blb_stage2_eval_single_path_static.Stage2EvalSinglePathStaticTest.test_install_auditors_consume_the_canonical_materialized_config) ... ok
test_install_cache_uses_final_config_fingerprint_not_flat_action_hash (tests.test_blb_stage2_eval_single_path_static.Stage2EvalSinglePathStaticTest.test_install_cache_uses_final_config_fingerprint_not_flat_action_hash) ... ok
test_installed_model_forward_paths_use_shared_inference_eval (tests.test_blb_stage2_eval_single_path_static.Stage2EvalSinglePathStaticTest.test_installed_model_forward_paths_use_shared_inference_eval) ... ok
test_json_default_scripts_use_shared_adapter (tests.test_blb_stage2_eval_single_path_static.Stage2EvalSinglePathStaticTest.test_json_default_scripts_use_shared_adapter) ... ok
test_model_eval_routes_use_canonical_action_materialization (tests.test_blb_stage2_eval_single_path_static.Stage2EvalSinglePathStaticTest.test_model_eval_routes_use_canonical_action_materialization) ... ok
test_paean_final_eval_does_not_forward_unapplied_replan_cfgs (tests.test_blb_stage2_eval_single_path_static.Stage2EvalSinglePathStaticTest.test_paean_final_eval_does_not_forward_unapplied_replan_cfgs) ... ok
test_probe_runner_diagnostics_payload_uses_shared_helper (tests.test_blb_stage2_eval_single_path_static.Stage2EvalSinglePathStaticTest.test_probe_runner_diagnostics_payload_uses_shared_helper) ... ok
test_repeat_evaluation_payloads_use_shared_pack_helper (tests.test_blb_stage2_eval_single_path_static.Stage2EvalSinglePathStaticTest.test_repeat_evaluation_payloads_use_shared_pack_helper) ... ok
test_report_json_normalization_uses_shared_helper (tests.test_blb_stage2_eval_single_path_static.Stage2EvalSinglePathStaticTest.test_report_json_normalization_uses_shared_helper) ... ok
test_stable_json_hash_callers_use_shared_helper (tests.test_blb_stage2_eval_single_path_static.Stage2EvalSinglePathStaticTest.test_stable_json_hash_callers_use_shared_helper) ... ok
test_training_diagnostics_persist_post_replan_install_identity (tests.test_blb_stage2_eval_single_path_static.Stage2EvalSinglePathStaticTest.test_training_diagnostics_persist_post_replan_install_identity) ... ok
test_truncation_backend_is_explicitly_wired_and_defaults_to_binary (tests.test_blb_stage2_eval_single_path_static.Stage2EvalSinglePathStaticTest.test_truncation_backend_is_explicitly_wired_and_defaults_to_binary) ... ok
test_block1_executes_k_on_variance_before_rsqrt (tests.test_blb_truncation_backends.TruncationBackendTests.test_block1_executes_k_on_variance_before_rsqrt) ... ok
test_block2_hook_executes_k_from_the_materialized_cfg (tests.test_blb_truncation_backends.TruncationBackendTests.test_block2_hook_executes_k_from_the_materialized_cfg) ... ok
test_block3_executes_k_after_the_polynomial (tests.test_blb_truncation_backends.TruncationBackendTests.test_block3_executes_k_after_the_polynomial) ... ok
test_block4_executes_k_on_variance_before_rsqrt (tests.test_blb_truncation_backends.TruncationBackendTests.test_block4_executes_k_on_variance_before_rsqrt) ... ok
test_block5_executes_k_after_polynomial_gelu (tests.test_blb_truncation_backends.TruncationBackendTests.test_block5_executes_k_after_polynomial_gelu) ... ok
test_invalid_backend_and_invalid_parameters_fail_loudly (tests.test_blb_truncation_backends.TruncationBackendTests.test_invalid_backend_and_invalid_parameters_fail_loudly) ... ok
test_legacy_binary_is_bit_for_bit_unchanged_for_signed_values (tests.test_blb_truncation_backends.TruncationBackendTests.test_legacy_binary_is_bit_for_bit_unchanged_for_signed_values) ... ok
test_none_k_is_identity_for_every_backend (tests.test_blb_truncation_backends.TruncationBackendTests.test_none_k_is_identity_for_every_backend) ... ok
test_rotation_repeat_count_executes_independent_noise_for_every_rotation (tests.test_blb_truncation_backends.TruncationBackendTests.test_rotation_repeat_count_executes_independent_noise_for_every_rotation) ... ok
test_stochastic_ring_is_empirically_unbiased_for_both_signs (tests.test_blb_truncation_backends.TruncationBackendTests.test_stochastic_ring_is_empirically_unbiased_for_both_signs) ... ok
test_stochastic_ring_outputs_adjacent_k_grid_points (tests.test_blb_truncation_backends.TruncationBackendTests.test_stochastic_ring_outputs_adjacent_k_grid_points) ... ok
test_truncation_rng_is_reproducible_and_isolated_from_gaussian_rng (tests.test_blb_truncation_backends.TruncationBackendTests.test_truncation_rng_is_reproducible_and_isolated_from_gaussian_rng) ... ok
test_two_complement_ring_wrap_is_applied_before_truncation (tests.test_blb_truncation_backends.TruncationBackendTests.test_two_complement_ring_wrap_is_applied_before_truncation) ... ok
test_commit_reuses_helper_bindings_without_applying_twice (tests.test_sequential_smoke.BlockRuntimeHelperTest.test_commit_reuses_helper_bindings_without_applying_twice) ... ok
test_constructor_preserves_explicit_rollback_reward_designs (tests.test_sequential_smoke.BlockRuntimeHelperTest.test_constructor_preserves_explicit_rollback_reward_designs) ... ok
test_constructor_rejects_robust_reward_before_blockwise_rollout (tests.test_sequential_smoke.BlockRuntimeHelperTest.test_constructor_rejects_robust_reward_before_blockwise_rollout) ... ok
test_helper_decodes_evaluates_and_applies_optimizer_once (tests.test_sequential_smoke.BlockRuntimeHelperTest.test_helper_decodes_evaluates_and_applies_optimizer_once) ... ok
test_helper_preserves_optimizer_invalid_result (tests.test_sequential_smoke.BlockRuntimeHelperTest.test_helper_preserves_optimizer_invalid_result) ... ok
test_helper_propagates_bridge_contract_defects_without_optimizer_apply (tests.test_sequential_smoke.BlockRuntimeHelperTest.test_helper_propagates_bridge_contract_defects_without_optimizer_apply) ... ok
test_helper_rebuilds_boosted_block5_with_actual_degrees (tests.test_sequential_smoke.BlockRuntimeHelperTest.test_helper_rebuilds_boosted_block5_with_actual_degrees) ... ok
test_helper_returns_structured_bridge_error_without_optimizer_apply (tests.test_sequential_smoke.BlockRuntimeHelperTest.test_helper_returns_structured_bridge_error_without_optimizer_apply) ... ok
test_legacy_evaluate_step_preserves_boosted_block5_fields (tests.test_sequential_smoke.BlockRuntimeHelperTest.test_legacy_evaluate_step_preserves_boosted_block5_fields) ... ok
test_legacy_evaluate_step_routes_ordinary_block2_through_helper (tests.test_sequential_smoke.BlockRuntimeHelperTest.test_legacy_evaluate_step_routes_ordinary_block2_through_helper) ... ok
test_diagnostics_table_shows_ent_coef (tests.test_sequential_smoke.EntCoefScheduleRegressionTest.test_diagnostics_table_shows_ent_coef) ... /hy-tmp/stage2_rotation_green_d3fa013b_20260721_222700/src/tests/test_sequential_smoke.py:3445: ResourceWarning: unclosed file <_io.TextIOWrapper name='blb_stage2_rl/diagnostics.py' mode='r' encoding='utf-8'>
  src = open("blb_stage2_rl/diagnostics.py", encoding="utf-8").read()
ResourceWarning: Enable tracemalloc to get the object allocation traceback
ok
test_helper_present_with_expected_signature (tests.test_sequential_smoke.EntCoefScheduleRegressionTest.test_helper_present_with_expected_signature) ... /hy-tmp/stage2_rotation_green_d3fa013b_20260721_222700/src/tests/test_sequential_smoke.py:3337: ResourceWarning: unclosed file <_io.TextIOWrapper name='blb_stage2_rl/sequential_runner.py' mode='r' encoding='utf-8'>
  src = open("blb_stage2_rl/sequential_runner.py", encoding="utf-8").read()
ResourceWarning: Enable tracemalloc to get the object allocation traceback
ok
test_ppo_update_accepts_override_param (tests.test_sequential_smoke.EntCoefScheduleRegressionTest.test_ppo_update_accepts_override_param)
sequential_ppo_update must accept ent_coef_override kwarg. ... /hy-tmp/stage2_rotation_green_d3fa013b_20260721_222700/src/tests/test_sequential_smoke.py:3358: ResourceWarning: unclosed file <_io.TextIOWrapper name='blb_stage2_rl/sequential_policy.py' mode='r' encoding='utf-8'>
  src = open("blb_stage2_rl/sequential_policy.py", encoding="utf-8").read()
ResourceWarning: Enable tracemalloc to get the object allocation traceback
ok
test_ppo_update_passes_override (tests.test_sequential_smoke.EntCoefScheduleRegressionTest.test_ppo_update_passes_override) ... /hy-tmp/stage2_rotation_green_d3fa013b_20260721_222700/src/tests/test_sequential_smoke.py:3351: ResourceWarning: unclosed file <_io.TextIOWrapper name='blb_stage2_rl/sequential_runner.py' mode='r' encoding='utf-8'>
  src = open("blb_stage2_rl/sequential_runner.py", encoding="utf-8").read()
ResourceWarning: Enable tracemalloc to get the object allocation traceback
ok
test_schedule_math_anchor_ramp_steady (tests.test_sequential_smoke.EntCoefScheduleRegressionTest.test_schedule_math_anchor_ramp_steady)
Functional test of the helper. Locks in the three-stage behaviour ... /hy-tmp/stage2_rotation_green_d3fa013b_20260721_222700/src/tests/test_sequential_smoke.py:3390: ResourceWarning: unclosed file <_io.TextIOWrapper name='blb_stage2_rl/sequential_runner.py' mode='r' encoding='utf-8'>
  src = open("blb_stage2_rl/sequential_runner.py", encoding="utf-8").read()
ResourceWarning: Enable tracemalloc to get the object allocation traceback
ok
test_startup_log_describes_schedule (tests.test_sequential_smoke.EntCoefScheduleRegressionTest.test_startup_log_describes_schedule)
The startup hyperparameter box should print the three-stage ... /hy-tmp/stage2_rotation_green_d3fa013b_20260721_222700/src/tests/test_sequential_smoke.py:3438: ResourceWarning: unclosed file <_io.TextIOWrapper name='blb_stage2_rl/sequential_runner.py' mode='r' encoding='utf-8'>
  src = open("blb_stage2_rl/sequential_runner.py", encoding="utf-8").read()
ResourceWarning: Enable tracemalloc to get the object allocation traceback
ok
test_train_config_defaults (tests.test_sequential_smoke.EntCoefScheduleRegressionTest.test_train_config_defaults)
SequentialTrainConfig should default to ent_coef_anchor=0 and ... /hy-tmp/stage2_rotation_green_d3fa013b_20260721_222700/src/tests/test_sequential_smoke.py:3370: ResourceWarning: unclosed file <_io.TextIOWrapper name='blb_stage2_rl/sequential_runner.py' mode='r' encoding='utf-8'>
  src = open("blb_stage2_rl/sequential_runner.py", encoding="utf-8").read()
ResourceWarning: Enable tracemalloc to get the object allocation traceback
/hy-tmp/stage2_rotation_green_d3fa013b_20260721_222700/src/tests/test_sequential_smoke.py:3375: ResourceWarning: unclosed file <_io.TextIOWrapper name='blb_stage2_rl/runner.py' mode='r' encoding='utf-8'>
  src2 = open("blb_stage2_rl/runner.py", encoding="utf-8").read()
ResourceWarning: Enable tracemalloc to get the object allocation traceback
ok
test_base_env_skips_forward_when_any_invalid (tests.test_sequential_smoke.EnvEvalCommitSplitTest.test_base_env_skips_forward_when_any_invalid) ... /hy-tmp/stage2_rotation_green_d3fa013b_20260721_222700/src/tests/test_sequential_smoke.py:875: ResourceWarning: unclosed file <_io.TextIOWrapper name='blb_stage2_rl/env.py' mode='r' encoding='utf-8'>
  src = open("blb_stage2_rl/env.py", encoding="utf-8").read()
ResourceWarning: Enable tracemalloc to get the object allocation traceback
ok
test_env_has_evaluate_and_commit (tests.test_sequential_smoke.EnvEvalCommitSplitTest.test_env_has_evaluate_and_commit) ... /hy-tmp/stage2_rotation_green_d3fa013b_20260721_222700/src/tests/test_sequential_smoke.py:845: ResourceWarning: unclosed file <_io.TextIOWrapper name='blb_stage2_rl/sequential_env.py' mode='r' encoding='utf-8'>
  src = open("blb_stage2_rl/sequential_env.py", encoding="utf-8").read()
ResourceWarning: Enable tracemalloc to get the object allocation traceback
ok
test_runner_uses_evaluate_then_commit_with_mask (tests.test_sequential_smoke.EnvEvalCommitSplitTest.test_runner_uses_evaluate_then_commit_with_mask) ... /hy-tmp/stage2_rotation_green_d3fa013b_20260721_222700/src/tests/test_sequential_smoke.py:855: ResourceWarning: unclosed file <_io.TextIOWrapper name='blb_stage2_rl/sequential_runner.py' mode='r' encoding='utf-8'>
  src = open("blb_stage2_rl/sequential_runner.py", encoding="utf-8").read()
ResourceWarning: Enable tracemalloc to get the object allocation traceback
ok
test_class_present_with_expected_api (tests.test_sequential_smoke.ForbiddenActionMaskTest.test_class_present_with_expected_api) ... /hy-tmp/stage2_rotation_green_d3fa013b_20260721_222700/src/tests/test_sequential_smoke.py:689: ResourceWarning: unclosed file <_io.TextIOWrapper name='blb_stage2_rl/action_mask.py' mode='r' encoding='utf-8'>
  src = open("blb_stage2_rl/action_mask.py", encoding="utf-8").read()
ResourceWarning: Enable tracemalloc to get the object allocation traceback
ok
test_degree_vector_accepts_ndarray_without_list_materialization (tests.test_sequential_smoke.ForbiddenActionMaskTest.test_degree_vector_accepts_ndarray_without_list_materialization) ... ok
test_roundtrip_via_minimal_import_shim (tests.test_sequential_smoke.ForbiddenActionMaskTest.test_roundtrip_via_minimal_import_shim)
Functional smoke: shim a fake parent package so the file's ... ok
test_action_dist_avoids_gpu_sync_for_zero_exploration_floor (tests.test_sequential_smoke.MultiGpuProbeThroughputRegressionTest.test_action_dist_avoids_gpu_sync_for_zero_exploration_floor) ... ok
test_env_has_persistent_install_and_timing_diagnostics (tests.test_sequential_smoke.MultiGpuProbeThroughputRegressionTest.test_env_has_persistent_install_and_timing_diagnostics) ... /hy-tmp/stage2_rotation_green_d3fa013b_20260721_222700/src/tests/test_sequential_smoke.py:1357: ResourceWarning: unclosed file <_io.TextIOWrapper name='blb_stage2_rl/env.py' mode='r' encoding='utf-8'>
  src = open("blb_stage2_rl/env.py", encoding="utf-8").read()
ResourceWarning: Enable tracemalloc to get the object allocation traceback
ok
test_legacy_action_mask_validation_avoids_gpu_scalar_sync_for_numpy_masks (tests.test_sequential_smoke.MultiGpuProbeThroughputRegressionTest.test_legacy_action_mask_validation_avoids_gpu_scalar_sync_for_numpy_masks) ... ok
test_legacy_ppo_update_accumulates_metrics_on_device (tests.test_sequential_smoke.MultiGpuProbeThroughputRegressionTest.test_legacy_ppo_update_accumulates_metrics_on_device) ... ok
test_legacy_ppo_update_reuses_device_minibatch_indices_per_epoch (tests.test_sequential_smoke.MultiGpuProbeThroughputRegressionTest.test_legacy_ppo_update_reuses_device_minibatch_indices_per_epoch) ... ok
test_legacy_rollout_buffer_packs_numpy_arrays_in_single_pass (tests.test_sequential_smoke.MultiGpuProbeThroughputRegressionTest.test_legacy_rollout_buffer_packs_numpy_arrays_in_single_pass) ... ok
test_legacy_stage2_rollout_defers_logprob_value_sync_until_buffer_pack (tests.test_sequential_smoke.MultiGpuProbeThroughputRegressionTest.test_legacy_stage2_rollout_defers_logprob_value_sync_until_buffer_pack) ... ok
test_probe_runner_aggregates_trial_results_in_preallocated_lists (tests.test_sequential_smoke.MultiGpuProbeThroughputRegressionTest.test_probe_runner_aggregates_trial_results_in_preallocated_lists) ... /hy-tmp/stage2_rotation_green_d3fa013b_20260721_222700/src/tests/test_sequential_smoke.py:1349: ResourceWarning: unclosed file <_io.TextIOWrapper name='blb_stage2_rl/probe_runner.py' mode='r' encoding='utf-8'>
  src = open("blb_stage2_rl/probe_runner.py", encoding="utf-8").read()
ResourceWarning: Enable tracemalloc to get the object allocation traceback
ok
test_probe_runner_caches_round_robin_trial_assignments (tests.test_sequential_smoke.MultiGpuProbeThroughputRegressionTest.test_probe_runner_caches_round_robin_trial_assignments) ... /hy-tmp/stage2_rotation_green_d3fa013b_20260721_222700/src/tests/test_sequential_smoke.py:1339: ResourceWarning: unclosed file <_io.TextIOWrapper name='blb_stage2_rl/probe_runner.py' mode='r' encoding='utf-8'>
  src = open("blb_stage2_rl/probe_runner.py", encoding="utf-8").read()
ResourceWarning: Enable tracemalloc to get the object allocation traceback
ok
test_probe_runner_parallelizes_setup_and_clear (tests.test_sequential_smoke.MultiGpuProbeThroughputRegressionTest.test_probe_runner_parallelizes_setup_and_clear) ... /hy-tmp/stage2_rotation_green_d3fa013b_20260721_222700/src/tests/test_sequential_smoke.py:1327: ResourceWarning: unclosed file <_io.TextIOWrapper name='blb_stage2_rl/probe_runner.py' mode='r' encoding='utf-8'>
  src = open("blb_stage2_rl/probe_runner.py", encoding="utf-8").read()
ResourceWarning: Enable tracemalloc to get the object allocation traceback
ok
test_rollout_policy_uses_causal_prefix_fast_path (tests.test_sequential_smoke.MultiGpuProbeThroughputRegressionTest.test_rollout_policy_uses_causal_prefix_fast_path) ... ok
test_running_mean_std_updates_torch_tensor_without_full_cpu_copy (tests.test_sequential_smoke.MultiGpuProbeThroughputRegressionTest.test_running_mean_std_updates_torch_tensor_without_full_cpu_copy) ... ok
test_sequential_advantage_norm_avoids_scalar_sync (tests.test_sequential_smoke.MultiGpuProbeThroughputRegressionTest.test_sequential_advantage_norm_avoids_scalar_sync) ... ok
test_sequential_ppo_update_accumulates_metrics_on_device (tests.test_sequential_smoke.MultiGpuProbeThroughputRegressionTest.test_sequential_ppo_update_accumulates_metrics_on_device) ... ok
test_sequential_ppo_update_batches_nonfinite_checks_before_cpu_sync (tests.test_sequential_smoke.MultiGpuProbeThroughputRegressionTest.test_sequential_ppo_update_batches_nonfinite_checks_before_cpu_sync) ... ok
test_sequential_ppo_update_reuses_device_minibatch_indices_per_epoch (tests.test_sequential_smoke.MultiGpuProbeThroughputRegressionTest.test_sequential_ppo_update_reuses_device_minibatch_indices_per_epoch) ... ok
test_sequential_ppo_update_reuses_minibatch_gathers (tests.test_sequential_smoke.MultiGpuProbeThroughputRegressionTest.test_sequential_ppo_update_reuses_minibatch_gathers) ... ok
test_sequential_rollout_buffer_packs_numpy_arrays_in_single_pass (tests.test_sequential_smoke.MultiGpuProbeThroughputRegressionTest.test_sequential_rollout_buffer_packs_numpy_arrays_in_single_pass) ... ok
test_sequential_runner_enables_persistent_install_after_preflight (tests.test_sequential_smoke.MultiGpuProbeThroughputRegressionTest.test_sequential_runner_enables_persistent_install_after_preflight) ... /hy-tmp/stage2_rotation_green_d3fa013b_20260721_222700/src/tests/test_sequential_smoke.py:1370: ResourceWarning: unclosed file <_io.TextIOWrapper name='blb_stage2_rl/sequential_runner.py' mode='r' encoding='utf-8'>
  src = open("blb_stage2_rl/sequential_runner.py", encoding="utf-8").read()
ResourceWarning: Enable tracemalloc to get the object allocation traceback
ok
test_sequential_running_mean_std_updates_torch_tensor_without_full_cpu_copy (tests.test_sequential_smoke.MultiGpuProbeThroughputRegressionTest.test_sequential_running_mean_std_updates_torch_tensor_without_full_cpu_copy) ... ok
test_sequential_stage2_enables_fast_math_before_model_setup (tests.test_sequential_smoke.MultiGpuProbeThroughputRegressionTest.test_sequential_stage2_enables_fast_math_before_model_setup) ... ok
test_sequential_stage2_rollout_defers_logprob_value_sync_until_buffer_pack (tests.test_sequential_smoke.MultiGpuProbeThroughputRegressionTest.test_sequential_stage2_rollout_defers_logprob_value_sync_until_buffer_pack) ... ok
test_stage1_entropy_recovery_avoids_loss_path_item_sync (tests.test_sequential_smoke.MultiGpuProbeThroughputRegressionTest.test_stage1_entropy_recovery_avoids_loss_path_item_sync) ... ok
test_stage1_ppo_computes_gae_batch_on_device (tests.test_sequential_smoke.MultiGpuProbeThroughputRegressionTest.test_stage1_ppo_computes_gae_batch_on_device) ... ok
test_stage1_ppo_epoch_indices_are_created_on_device (tests.test_sequential_smoke.MultiGpuProbeThroughputRegressionTest.test_stage1_ppo_epoch_indices_are_created_on_device) ... ok
test_stage1_ppo_kl_early_stop_accumulates_on_device_until_epoch_end (tests.test_sequential_smoke.MultiGpuProbeThroughputRegressionTest.test_stage1_ppo_kl_early_stop_accumulates_on_device_until_epoch_end) ... ok
test_stage1_ppo_return_metrics_sync_once_after_minibatches (tests.test_sequential_smoke.MultiGpuProbeThroughputRegressionTest.test_stage1_ppo_return_metrics_sync_once_after_minibatches) ... ok
test_stage1_ppo_return_normalization_stays_on_device (tests.test_sequential_smoke.MultiGpuProbeThroughputRegressionTest.test_stage1_ppo_return_normalization_stays_on_device) ... ok
test_stage2_fusion_action_level_masks_are_cached_per_device (tests.test_sequential_smoke.MultiGpuProbeThroughputRegressionTest.test_stage2_fusion_action_level_masks_are_cached_per_device) ... ok
test_stage2_parallel_rollout_batches_worker_scalar_sync_at_episode_end (tests.test_sequential_smoke.MultiGpuProbeThroughputRegressionTest.test_stage2_parallel_rollout_batches_worker_scalar_sync_at_episode_end) ... ok
test_stage2_step_static_tensors_are_cached_per_schedule_device (tests.test_sequential_smoke.MultiGpuProbeThroughputRegressionTest.test_stage2_step_static_tensors_are_cached_per_schedule_device) ... ok
test_truncated_policy_forward_matches_full_causal_prefix (tests.test_sequential_smoke.MultiGpuProbeThroughputRegressionTest.test_truncated_policy_forward_matches_full_causal_prefix) ... ok
test_episode_record_carries_invalid_block_details (tests.test_sequential_smoke.OutputHygieneRegressionTest.test_episode_record_carries_invalid_block_details)
Regression: each invalid sub-step's (layer, block, reason) should ... /hy-tmp/stage2_rotation_green_d3fa013b_20260721_222700/src/tests/test_sequential_smoke.py:649: ResourceWarning: unclosed file <_io.TextIOWrapper name='blb_stage2_rl/sequential_runner.py' mode='r' encoding='utf-8'>
  src = open("blb_stage2_rl/sequential_runner.py", encoding="utf-8").read()
ResourceWarning: Enable tracemalloc to get the object allocation traceback
ok
test_eval_on_probe_clamps_nonfinite_losses (tests.test_sequential_smoke.OutputHygieneRegressionTest.test_eval_on_probe_clamps_nonfinite_losses)
Regression: cross_entropy can overflow under heavy BLB noise and ... /hy-tmp/stage2_rotation_green_d3fa013b_20260721_222700/src/tests/test_sequential_smoke.py:631: ResourceWarning: unclosed file <_io.TextIOWrapper name='blb_stage2_rl/env.py' mode='r' encoding='utf-8'>
  src = open("blb_stage2_rl/env.py", encoding="utf-8").read()
ResourceWarning: Enable tracemalloc to get the object allocation traceback
ok
test_format_invalid_chain_reason_helper_present (tests.test_sequential_smoke.OutputHygieneRegressionTest.test_format_invalid_chain_reason_helper_present)
Source-text smoke: the helper function exists and handles the ... /hy-tmp/stage2_rotation_green_d3fa013b_20260721_222700/src/tests/test_sequential_smoke.py:667: ResourceWarning: unclosed file <_io.TextIOWrapper name='blb_stage2_rl/sequential_runner.py' mode='r' encoding='utf-8'>
  src = open("blb_stage2_rl/sequential_runner.py", encoding="utf-8").read()
ResourceWarning: Enable tracemalloc to get the object allocation traceback
ok
test_noise_log_header_uses_explicit_join_not_implicit_concat (tests.test_sequential_smoke.OutputHygieneRegressionTest.test_noise_log_header_uses_explicit_join_not_implicit_concat) ... /hy-tmp/stage2_rotation_green_d3fa013b_20260721_222700/src/tests/test_sequential_smoke.py:535: ResourceWarning: unclosed file <_io.TextIOWrapper name='layer_importance_evaluator.py' mode='r' encoding='utf-8'>
  src = open("layer_importance_evaluator.py", encoding="utf-8").read()
ResourceWarning: Enable tracemalloc to get the object allocation traceback
ok
test_runner_dispatches_layerwise_and_preserves_explicit_block_rollback (tests.test_sequential_smoke.OutputHygieneRegressionTest.test_runner_dispatches_layerwise_and_preserves_explicit_block_rollback) ... ok
test_sequential_box_is_borderless (tests.test_sequential_smoke.OutputHygieneRegressionTest.test_sequential_box_is_borderless) ... /hy-tmp/stage2_rotation_green_d3fa013b_20260721_222700/src/tests/test_sequential_smoke.py:553: ResourceWarning: unclosed file <_io.TextIOWrapper name='blb_stage2_rl/sequential_runner.py' mode='r' encoding='utf-8'>
  src = open("blb_stage2_rl/sequential_runner.py", encoding="utf-8").read()
ResourceWarning: Enable tracemalloc to get the object allocation traceback
ok
test_sequential_runner_has_noisy_baseline_preflight (tests.test_sequential_smoke.OutputHygieneRegressionTest.test_sequential_runner_has_noisy_baseline_preflight)
Regression: previously the sequential path skipped the noisy ... /hy-tmp/stage2_rotation_green_d3fa013b_20260721_222700/src/tests/test_sequential_smoke.py:613: ResourceWarning: unclosed file <_io.TextIOWrapper name='blb_stage2_rl/sequential_runner.py' mode='r' encoding='utf-8'>
  src = open("blb_stage2_rl/sequential_runner.py", encoding="utf-8").read()
ResourceWarning: Enable tracemalloc to get the object allocation traceback
ok
test_sequential_runner_wires_details_and_crash_watcher (tests.test_sequential_smoke.OutputHygieneRegressionTest.test_sequential_runner_wires_details_and_crash_watcher) ... /hy-tmp/stage2_rotation_green_d3fa013b_20260721_222700/src/tests/test_sequential_smoke.py:568: ResourceWarning: unclosed file <_io.TextIOWrapper name='blb_stage2_rl/sequential_runner.py' mode='r' encoding='utf-8'>
  src = open("blb_stage2_rl/sequential_runner.py", encoding="utf-8").read()
ResourceWarning: Enable tracemalloc to get the object allocation traceback
ok
test_current_preset_is_clean (tests.test_sequential_smoke.PresetValidatorTest.test_current_preset_is_clean) ... ok
test_extract_flags_nonempty (tests.test_sequential_smoke.PresetValidatorTest.test_extract_flags_nonempty) ... ok
test_default_num_trials_bumped_to_five (tests.test_sequential_smoke.RewardDesignV2RegressionTest.test_default_num_trials_bumped_to_five) ... /hy-tmp/stage2_rotation_green_d3fa013b_20260721_222700/src/tests/test_sequential_smoke.py:1987: ResourceWarning: unclosed file <_io.TextIOWrapper name='blb_stage2_rl/runner.py' mode='r' encoding='utf-8'>
  src = open("blb_stage2_rl/runner.py", encoding="utf-8").read()
ResourceWarning: Enable tracemalloc to get the object allocation traceback
ok
test_details_writer_uses_real_priority (tests.test_sequential_smoke.RewardDesignV2RegressionTest.test_details_writer_uses_real_priority) ... /hy-tmp/stage2_rotation_green_d3fa013b_20260721_222700/src/tests/test_sequential_smoke.py:1975: ResourceWarning: unclosed file <_io.TextIOWrapper name='blb_stage2_rl/sequential_runner.py' mode='r' encoding='utf-8'>
  src = open("blb_stage2_rl/sequential_runner.py", encoding="utf-8").read()
ResourceWarning: Enable tracemalloc to get the object allocation traceback
ok
test_episode_record_has_terminal_priority_and_metrics (tests.test_sequential_smoke.RewardDesignV2RegressionTest.test_episode_record_has_terminal_priority_and_metrics) ... /hy-tmp/stage2_rotation_green_d3fa013b_20260721_222700/src/tests/test_sequential_smoke.py:1958: ResourceWarning: unclosed file <_io.TextIOWrapper name='blb_stage2_rl/sequential_runner.py' mode='r' encoding='utf-8'>
  src = open("blb_stage2_rl/sequential_runner.py", encoding="utf-8").read()
ResourceWarning: Enable tracemalloc to get the object allocation traceback
ok
test_persistent_slug_reverted_to_three_tolerances (tests.test_sequential_smoke.RewardDesignV2RegressionTest.test_persistent_slug_reverted_to_three_tolerances)
2026-05-18: reverted _rdv2 suffix per user request. The single ... /hy-tmp/stage2_rotation_green_d3fa013b_20260721_222700/src/tests/test_sequential_smoke.py:1921: ResourceWarning: unclosed file <_io.TextIOWrapper name='llama_7B_LayerImportance.sh' mode='r' encoding='utf-8'>
  src = open("llama_7B_LayerImportance.sh", encoding="utf-8").read()
ResourceWarning: Enable tracemalloc to get the object allocation traceback
ok
test_reward_uses_v2_style_clipped_tier_formula (tests.test_sequential_smoke.RewardDesignV2RegressionTest.test_reward_uses_v2_style_clipped_tier_formula) ... /hy-tmp/stage2_rotation_green_d3fa013b_20260721_222700/src/tests/test_sequential_smoke.py:1875: ResourceWarning: unclosed file <_io.TextIOWrapper name='blb_stage2_rl/reward.py' mode='r' encoding='utf-8'>
  src = open("blb_stage2_rl/reward.py", encoding="utf-8").read()
ResourceWarning: Enable tracemalloc to get the object allocation traceback
ok
test_runner_stability_logs_all_three_std_thresholds (tests.test_sequential_smoke.RewardDesignV2RegressionTest.test_runner_stability_logs_all_three_std_thresholds)
Stability gates must be visible for loss, m1, and m2. ... /hy-tmp/stage2_rotation_green_d3fa013b_20260721_222700/src/tests/test_sequential_smoke.py:1905: ResourceWarning: unclosed file <_io.TextIOWrapper name='blb_stage2_rl/sequential_runner.py' mode='r' encoding='utf-8'>
  src = open("blb_stage2_rl/sequential_runner.py", encoding="utf-8").read()
ResourceWarning: Enable tracemalloc to get the object allocation traceback
ok
test_stage2_stability_tolerance_allows_large_slack (tests.test_sequential_smoke.RewardDesignV2RegressionTest.test_stage2_stability_tolerance_allows_large_slack)
ADR-011 uses --stage2-stability-tolerance 5.0 for a 5x std gate. ... /hy-tmp/stage2_rotation_green_d3fa013b_20260721_222700/src/tests/test_sequential_smoke.py:1945: ResourceWarning: unclosed file <_io.TextIOWrapper name='llama_7B_LayerImportance.sh' mode='r' encoding='utf-8'>
  src = open("llama_7B_LayerImportance.sh", encoding="utf-8").read()
ResourceWarning: Enable tracemalloc to get the object allocation traceback
ok
test_aggregate_seeds_missing (tests.test_sequential_smoke.SequentialArtifactContractsTest.test_aggregate_seeds_missing) ... /hy-tmp/stage2_rotation_green_d3fa013b_20260721_222700/src/tests/test_sequential_smoke.py:456: ResourceWarning: unclosed file <_io.TextIOWrapper name='/tmp/blb_smoke_lcljwsxy/agg_missing/seed_summary.md' mode='r' encoding='utf-8'>
  text = open(os.path.join(out_dir, "seed_summary.md"), encoding="utf-8").read()
ResourceWarning: Enable tracemalloc to get the object allocation traceback
ok
test_best_action_vec_json_schema (tests.test_sequential_smoke.SequentialArtifactContractsTest.test_best_action_vec_json_schema) ... ok
test_diagnostics_writes_all_files (tests.test_sequential_smoke.SequentialArtifactContractsTest.test_diagnostics_writes_all_files) ... ok
test_episodes_jsonl_lines_parse (tests.test_sequential_smoke.SequentialArtifactContractsTest.test_episodes_jsonl_lines_parse) ... ok
test_experiments_log_roundtrip (tests.test_sequential_smoke.SequentialArtifactContractsTest.test_experiments_log_roundtrip) ... /hy-tmp/stage2_rotation_green_d3fa013b_20260721_222700/src/tests/test_sequential_smoke.py:416: ResourceWarning: unclosed file <_io.TextIOWrapper name='/tmp/blb_smoke_lcljwsxy/index.md' mode='r' encoding='utf-8'>
  text = open(idx_path, encoding="utf-8").read()
ResourceWarning: Enable tracemalloc to get the object allocation traceback
ok
test_pareto_frontier_artifacts_and_dominance (tests.test_sequential_smoke.SequentialArtifactContractsTest.test_pareto_frontier_artifacts_and_dominance) ... ok
test_summary_md_has_auto_flag (tests.test_sequential_smoke.SequentialArtifactContractsTest.test_summary_md_has_auto_flag) ... /hy-tmp/stage2_rotation_green_d3fa013b_20260721_222700/src/tests/test_sequential_smoke.py:360: ResourceWarning: unclosed file <_io.TextIOWrapper name='/tmp/blb_smoke_lcljwsxy/run4/diagnostics/diagnostics_summary.md' mode='r' encoding='utf-8'>
  text = open(path, encoding="utf-8").read()
ResourceWarning: Enable tracemalloc to get the object allocation traceback
ok
test_top_candidates_use_stage1_reward_before_unbounded_p3_cost_rank (tests.test_sequential_smoke.SequentialArtifactContractsTest.test_top_candidates_use_stage1_reward_before_unbounded_p3_cost_rank) ... /usr/lib/python3.11/unittest/case.py:579: ResourceWarning: unclosed file <_io.TextIOWrapper name='/tmp/blb_smoke_lcljwsxy/run_ranked_top/diagnostics/episodes.jsonl' mode='a' encoding='utf-8'>
  if method() is not None:
ResourceWarning: Enable tracemalloc to get the object allocation traceback
ok
test_default_swallows (tests.test_sequential_smoke.StrictModeTest.test_default_swallows) ... ok
test_guard_swallows (tests.test_sequential_smoke.StrictModeTest.test_guard_swallows) ... ok
test_strict_reraises (tests.test_sequential_smoke.StrictModeTest.test_strict_reraises) ... ok
test_10k_curve_knobs_are_launcher_visible (tests.test_sequential_smoke.WarmstartFixedRegressionTest.test_10k_curve_knobs_are_launcher_visible)
The 10k research loop needs to tune exploration without editing ... ok
test_baseline_prior_schedule_decays_to_zero (tests.test_sequential_smoke.WarmstartFixedRegressionTest.test_baseline_prior_schedule_decays_to_zero) ... ok
test_continuous_reward_does_not_bypass_force_anchor (tests.test_sequential_smoke.WarmstartFixedRegressionTest.test_continuous_reward_does_not_bypass_force_anchor) ... /hy-tmp/stage2_rotation_green_d3fa013b_20260721_222700/src/tests/test_sequential_smoke.py:2198: ResourceWarning: unclosed file <_io.TextIOWrapper name='blb_stage2_rl/sequential_runner.py' mode='r' encoding='utf-8'>
  src = open("blb_stage2_rl/sequential_runner.py", encoding="utf-8").read()
ResourceWarning: Enable tracemalloc to get the object allocation traceback
ok
test_episode_jsonl_carries_terminal_health_fields (tests.test_sequential_smoke.WarmstartFixedRegressionTest.test_episode_jsonl_carries_terminal_health_fields)
10k online monitoring must not depend on grepping details text for ... ok
test_fast_multi_actor_reward_mode_is_configurable_and_safe (tests.test_sequential_smoke.WarmstartFixedRegressionTest.test_fast_multi_actor_reward_mode_is_configurable_and_safe) ... ok
test_final_strict_selection_respects_top_n (tests.test_sequential_smoke.WarmstartFixedRegressionTest.test_final_strict_selection_respects_top_n) ... ok
test_final_strict_selection_uses_next_feasible_top_candidate (tests.test_sequential_smoke.WarmstartFixedRegressionTest.test_final_strict_selection_uses_next_feasible_top_candidate) ... ok
test_first10k_monitor_checks_all_expected_reward_gpus (tests.test_sequential_smoke.WarmstartFixedRegressionTest.test_first10k_monitor_checks_all_expected_reward_gpus) ... ok
test_first10k_monitor_tolerates_sparse_loss_cap_spikes (tests.test_sequential_smoke.WarmstartFixedRegressionTest.test_first10k_monitor_tolerates_sparse_loss_cap_spikes)
User criterion allows sparse spikes; bursts or frequent caps still fail. ... ok
test_first10k_monitor_uses_post_anchor_p12_rate_threshold (tests.test_sequential_smoke.WarmstartFixedRegressionTest.test_first10k_monitor_uses_post_anchor_p12_rate_threshold) ... ok
test_first10k_server_defaults_avoid_radius2_collapse_region (tests.test_sequential_smoke.WarmstartFixedRegressionTest.test_first10k_server_defaults_avoid_radius2_collapse_region)
The first failed 10k run showed P1s when radius reached 2. ... ok
test_first10k_server_run_aborts_on_git_pull_failure (tests.test_sequential_smoke.WarmstartFixedRegressionTest.test_first10k_server_run_aborts_on_git_pull_failure)
Server runs must not continue experiments from a stale HEAD. ... ok
test_first10k_server_run_can_skip_pull_only_on_verified_head (tests.test_sequential_smoke.WarmstartFixedRegressionTest.test_first10k_server_run_can_skip_pull_only_on_verified_head) ... ok
test_first10k_server_run_passes_p12_rate_threshold (tests.test_sequential_smoke.WarmstartFixedRegressionTest.test_first10k_server_run_passes_p12_rate_threshold) ... ok
test_force_baseline_anchor_wired (tests.test_sequential_smoke.WarmstartFixedRegressionTest.test_force_baseline_anchor_wired) ... /hy-tmp/stage2_rotation_green_d3fa013b_20260721_222700/src/tests/test_sequential_smoke.py:2019: ResourceWarning: unclosed file <_io.TextIOWrapper name='blb_stage2_rl/sequential_runner.py' mode='r' encoding='utf-8'>
  src = open("blb_stage2_rl/sequential_runner.py", encoding="utf-8").read()
ResourceWarning: Enable tracemalloc to get the object allocation traceback
ok
test_guarded_radius2_cooldown_after_radius2_failure (tests.test_sequential_smoke.WarmstartFixedRegressionTest.test_guarded_radius2_cooldown_after_radius2_failure) ... ok
test_guarded_radius2_waits_for_stall_and_healthy_history (tests.test_sequential_smoke.WarmstartFixedRegressionTest.test_guarded_radius2_waits_for_stall_and_healthy_history) ... ok
test_new_best_logs_inference_metrics (tests.test_sequential_smoke.WarmstartFixedRegressionTest.test_new_best_logs_inference_metrics)
After a new best, the log line should include loss_mean / loss_std / ... /hy-tmp/stage2_rotation_green_d3fa013b_20260721_222700/src/tests/test_sequential_smoke.py:3316: ResourceWarning: unclosed file <_io.TextIOWrapper name='blb_stage2_rl/sequential_runner.py' mode='r' encoding='utf-8'>
  src = open("blb_stage2_rl/sequential_runner.py", encoding="utf-8").read()
ResourceWarning: Enable tracemalloc to get the object allocation traceback
ok
test_noisy_metric_threshold_uses_relative_tolerance_without_probe_guard (tests.test_sequential_smoke.WarmstartFixedRegressionTest.test_noisy_metric_threshold_uses_relative_tolerance_without_probe_guard) ... ok
test_p3_best_rank_uses_stage1_reward_before_unbounded_cost_rank (tests.test_sequential_smoke.WarmstartFixedRegressionTest.test_p3_best_rank_uses_stage1_reward_before_unbounded_cost_rank) ... ok
test_per_slot_mode_helper_present (tests.test_sequential_smoke.WarmstartFixedRegressionTest.test_per_slot_mode_helper_present) ... /hy-tmp/stage2_rotation_green_d3fa013b_20260721_222700/src/tests/test_sequential_smoke.py:2007: ResourceWarning: unclosed file <_io.TextIOWrapper name='blb_stage2_rl/sequential_runner.py' mode='r' encoding='utf-8'>
  src = open("blb_stage2_rl/sequential_runner.py", encoding="utf-8").read()
ResourceWarning: Enable tracemalloc to get the object allocation traceback
ok
test_per_slot_mode_returns_correct_values (tests.test_sequential_smoke.WarmstartFixedRegressionTest.test_per_slot_mode_returns_correct_values)
Quick functional test: given a fake schedule + baseline_vec, ... /hy-tmp/stage2_rotation_green_d3fa013b_20260721_222700/src/tests/test_sequential_smoke.py:2057: ResourceWarning: unclosed file <_io.TextIOWrapper name='blb_stage2_rl/sequential_runner.py' mode='r' encoding='utf-8'>
  src = open("blb_stage2_rl/sequential_runner.py", encoding="utf-8").read()
ResourceWarning: Enable tracemalloc to get the object allocation traceback
ok
test_probe_runner_can_evaluate_distinct_actions_on_distinct_workers (tests.test_sequential_smoke.WarmstartFixedRegressionTest.test_probe_runner_can_evaluate_distinct_actions_on_distinct_workers) ... ok
test_sequential_fast_mode_defers_terminal_reward_and_revalidates_promotions (tests.test_sequential_smoke.WarmstartFixedRegressionTest.test_sequential_fast_mode_defers_terminal_reward_and_revalidates_promotions) ... ok
test_sequential_force_anchor_honors_explicit_warmstart_only (tests.test_sequential_smoke.WarmstartFixedRegressionTest.test_sequential_force_anchor_honors_explicit_warmstart_only) ... ok
test_sequential_ppo_adaptive_lr_cap_is_conservative_for_gtrxl (tests.test_sequential_smoke.WarmstartFixedRegressionTest.test_sequential_ppo_adaptive_lr_cap_is_conservative_for_gtrxl) ... ok
test_sequential_ppo_buffer_carries_action_level_mask (tests.test_sequential_smoke.WarmstartFixedRegressionTest.test_sequential_ppo_buffer_carries_action_level_mask) ... ok
test_sequential_ppo_update_handles_budgeted_reward_extremes (tests.test_sequential_smoke.WarmstartFixedRegressionTest.test_sequential_ppo_update_handles_budgeted_reward_extremes) ... ok
test_sequential_ppo_update_replays_stored_action_level_mask (tests.test_sequential_smoke.WarmstartFixedRegressionTest.test_sequential_ppo_update_replays_stored_action_level_mask) ... ok
test_sequential_ppo_update_skips_nonfinite_minibatch (tests.test_sequential_smoke.WarmstartFixedRegressionTest.test_sequential_ppo_update_skips_nonfinite_minibatch) ... ok
test_sequential_runner_uses_episode_neighbor_offsets (tests.test_sequential_smoke.WarmstartFixedRegressionTest.test_sequential_runner_uses_episode_neighbor_offsets) ... ok
test_stage1_aligned_reward_bypasses_fusion_scaffolds (tests.test_sequential_smoke.WarmstartFixedRegressionTest.test_stage1_aligned_reward_bypasses_fusion_scaffolds) ... /hy-tmp/stage2_rotation_green_d3fa013b_20260721_222700/src/tests/test_sequential_smoke.py:2209: ResourceWarning: unclosed file <_io.TextIOWrapper name='blb_stage2_rl/sequential_runner.py' mode='r' encoding='utf-8'>
  src = open("blb_stage2_rl/sequential_runner.py", encoding="utf-8").read()
ResourceWarning: Enable tracemalloc to get the object allocation traceback
ok
test_step_level_mask_keeps_unselected_slots_at_baseline (tests.test_sequential_smoke.WarmstartFixedRegressionTest.test_step_level_mask_keeps_unselected_slots_at_baseline) ... ok

----------------------------------------------------------------------
Ran 357 tests in 10.263s

OK (skipped=2)
