test_main_writes_json_without_materializing_full_row_list (tests.test_aggregate_seeds.AggregateSeedsFinalEvalTest.test_main_writes_json_without_materializing_full_row_list) ... FAIL

======================================================================
FAIL: test_main_writes_json_without_materializing_full_row_list (tests.test_aggregate_seeds.AggregateSeedsFinalEvalTest.test_main_writes_json_without_materializing_full_row_list)
----------------------------------------------------------------------
Traceback (most recent call last):
  File "/hy-tmp/rfr_aggregate_seed_json_stream_20260704_100730/red/tests/test_aggregate_seeds.py", line 263, in test_main_writes_json_without_materializing_full_row_list
    rc = aggregate_seeds.main(
         ^^^^^^^^^^^^^^^^^^^^^
  File "/hy-tmp/rfr_aggregate_seed_json_stream_20260704_100730/red/tools/aggregate_seeds.py", line 379, in main
    json.dump([asdict(r) for r in seed_rows], f, indent=2, ensure_ascii=False)
  File "/usr/lib/python3.11/unittest/mock.py", line 1124, in __call__
    return self._mock_call(*args, **kwargs)
           ^^^^^^^^^^^^^^^^^^^^^^^^^^^^^^^^
  File "/usr/lib/python3.11/unittest/mock.py", line 1128, in _mock_call
    return self._execute_mock_call(*args, **kwargs)
           ^^^^^^^^^^^^^^^^^^^^^^^^^^^^^^^^^^^^^^^^
  File "/usr/lib/python3.11/unittest/mock.py", line 1183, in _execute_mock_call
    raise effect
AssertionError: seed summary JSON should be streamed row by row

----------------------------------------------------------------------
Ran 1 test in 0.003s

FAILED (failures=1)
