................................................................ [ 50%]
..........................................s........... [ 92%]
.........                                                                [100%]
=============================== warnings summary ===============================
../../var/tmp/root-home/miniconda3/envs/llm_ist/lib/python3.10/site-packages/transformers/utils/generic.py:441
  /var/tmp/root-home/miniconda3/envs/llm_ist/lib/python3.10/site-packages/transformers/utils/generic.py:441: FutureWarning: `torch.utils._pytree._register_pytree_node` is deprecated. Please use `torch.utils._pytree.register_pytree_node` instead.
    _torch_pytree._register_pytree_node(

../../var/tmp/root-home/miniconda3/envs/llm_ist/lib/python3.10/site-packages/transformers/utils/generic.py:309
../../var/tmp/root-home/miniconda3/envs/llm_ist/lib/python3.10/site-packages/transformers/utils/generic.py:309
  /var/tmp/root-home/miniconda3/envs/llm_ist/lib/python3.10/site-packages/transformers/utils/generic.py:309: FutureWarning: `torch.utils._pytree._register_pytree_node` is deprecated. Please use `torch.utils._pytree.register_pytree_node` instead.
    _torch_pytree._register_pytree_node(

../../var/tmp/root-home/miniconda3/envs/llm_ist/lib/python3.10/site-packages/torch/cuda/__init__.py:827
  /var/tmp/root-home/miniconda3/envs/llm_ist/lib/python3.10/site-packages/torch/cuda/__init__.py:827: UserWarning: Can't initialize NVML
    warnings.warn("Can't initialize NVML")

../../var/tmp/root-home/miniconda3/envs/llm_ist/lib/python3.10/site-packages/torch/cuda/__init__.py:1034
  /var/tmp/root-home/miniconda3/envs/llm_ist/lib/python3.10/site-packages/torch/cuda/__init__.py:1034: UserWarning: CUDA initialization: Unexpected error from cudaGetDeviceCount(). Did you run some cuda functions before calling NumCudaDevices() that might have already set an error? Error 803: system has unsupported display driver / cuda driver combination (Triggered internally at /pytorch/c10/cuda/CUDAFunctions.cpp:119.)
    r = torch._C._cuda_getDeviceCount() if nvml_count < 0 else nvml_count

-- Docs: https://docs.pytest.org/en/stable/how-to/capture-warnings.html
=========================== short test summary info ============================
SKIPPED [1] tests/test_blb_truncation_backends.py:72: CUDA unavailable
126 passed, 1 skipped, 5 warnings, 26 subtests passed in 3.54s
