37be3ddfd7504ef0c3a82bf822da396ecf26d42c
37be3dd server snapshot d63a477e1a51463a95ff5d57231735c63608d0b5
#################### [B] å å¤§ç²¾åº¦ éªè¯ä¸è½ map ####################
==================== [B0] åæµï¼block2/4/5_n2/5_n4 + SF-direct==index + boostedâinstalled cfgï¼çå® replan/torchï¼====================
test_all_softmax_distribution_is_valid (tests.test_blb_precision_boost.Block4BoostReplanTest.test_all_softmax_distribution_is_valid) ... ok
test_base_chain_matches_design (tests.test_blb_precision_boost.Block4BoostReplanTest.test_base_chain_matches_design) ... ok
test_boost_reaches_max_fill_59 (tests.test_blb_precision_boost.Block4BoostReplanTest.test_boost_reaches_max_fill_59) ... ok
test_budget_double_counts_softmax_out_mask (tests.test_blb_precision_boost.Block4CandidateGenTest.test_budget_double_counts_softmax_out_mask) ... ok
test_ln_var_is_not_a_candidate (tests.test_blb_precision_boost.Block4CandidateGenTest.test_ln_var_is_not_a_candidate) ... ok
test_short_prime_and_fill (tests.test_blb_precision_boost.Block4CandidateGenTest.test_short_prime_and_fill) ... ok
test_base_chain_matches_design (tests.test_blb_precision_boost.Block5N2BoostReplanTest.test_base_chain_matches_design) ... ok
test_boost_reaches_60 (tests.test_blb_precision_boost.Block5N2BoostReplanTest.test_boost_reaches_60) ... ok
test_user_worked_examples_valid (tests.test_blb_precision_boost.Block5N2BoostReplanTest.test_user_worked_examples_valid) ... ok
test_candidate_count_and_mixed_channels (tests.test_blb_precision_boost.Block5N2CandidateGenTest.test_candidate_count_and_mixed_channels) ... ok
test_short_prime_fills_to_60 (tests.test_blb_precision_boost.Block5N2CandidateGenTest.test_short_prime_fills_to_60) ... ok
test_base_chain_matches_design (tests.test_blb_precision_boost.Block5N4BoostReplanTest.test_base_chain_matches_design) ... ok
test_boost_last_prime_only (tests.test_blb_precision_boost.Block5N4BoostReplanTest.test_boost_last_prime_only) ... ok
test_user_worked_examples_valid (tests.test_blb_precision_boost.Block5N4BoostReplanTest.test_user_worked_examples_valid) ... ok
test_last_prime_fills_to_60 (tests.test_blb_precision_boost.Block5N4CandidateGenTest.test_last_prime_fills_to_60) ... ok
test_six_candidates_double_x2 (tests.test_blb_precision_boost.Block5N4CandidateGenTest.test_six_candidates_double_x2) ... ok
test_two_short_primes_detected (tests.test_blb_precision_boost.Block5N4CandidateGenTest.test_two_short_primes_detected) ... ok
test_base_chain_matches_design (tests.test_blb_precision_boost.BoostReplanTest.test_base_chain_matches_design) ... ok
test_boost_reaches_all_qmax (tests.test_blb_precision_boost.BoostReplanTest.test_boost_reaches_all_qmax) ... ok
test_exactly_four_candidates (tests.test_blb_precision_boost.CandidateGenTest.test_exactly_four_candidates) ... ok
test_no_short_prime_when_all_qmax (tests.test_blb_precision_boost.CandidateGenTest.test_no_short_prime_when_all_qmax) ... ok
test_qkt_merge_is_not_a_candidate (tests.test_blb_precision_boost.CandidateGenTest.test_qkt_merge_is_not_a_candidate) ... ok
test_short_prime_detection (tests.test_blb_precision_boost.CandidateGenTest.test_short_prime_detection) ... ok
test_boosted_overrides_reach_the_installed_cfg (tests.test_blb_precision_boost.SFDirectEquivalenceTest.test_boosted_overrides_reach_the_installed_cfg) ... ok
test_sf_direct_matches_index_path_block2 (tests.test_blb_precision_boost.SFDirectEquivalenceTest.test_sf_direct_matches_index_path_block2) ... ok
test_sf_direct_matches_index_path_block4 (tests.test_blb_precision_boost.SFDirectEquivalenceTest.test_sf_direct_matches_index_path_block4) ... ok
test_sf_direct_matches_index_path_block5_n2 (tests.test_blb_precision_boost.SFDirectEquivalenceTest.test_sf_direct_matches_index_path_block5_n2) ... ok
test_sf_direct_matches_index_path_block5_n4 (tests.test_blb_precision_boost.SFDirectEquivalenceTest.test_sf_direct_matches_index_path_block5_n4) ... ok

----------------------------------------------------------------------
Ran 28 tests in 2.379s

OK
active_command_d63a477.sh: line 17: $'¨è·\302\221ã\302\200\302\202è\302\213¥': command not found
[B0] PASSï¼å« SF-direct==index + boostedâinstalled cfg ç­ä»·é¨ç¦ï¼
==================== [B1] å¯¹å·²æäº¤ map åºç¨ boostï¼block2/4/5_n2/5_n4ï¼ç§çº§ï¼ç­ä»· builder æ«æ­¥ï¼====================

=== block2_mrpc ===
  opt 0 fc=0 bits=263 var=6.360e-06
  opt 1 fc=1 bits=240 var=9.772e-06  BOOSTED (kt_mask1_sf:1)
  -> 1/2 options boosted
  wrote /hy-tmp/rfr_server_command_d63a477_20260621_001926/src/blb_stage2_rl/fusion_maps/mrpc/block2_mrpc.json
Traceback (most recent call last):
  File "/hy-tmp/rfr_server_command_d63a477_20260621_001926/src/scripts/blb_apply_precision_boost.py", line 92, in <module>
    sys.exit(main())
             ^^^^^^
  File "/hy-tmp/rfr_server_command_d63a477_20260621_001926/src/scripts/blb_apply_precision_boost.py", line 71, in main
    options = fusion_enum.boost_options_for_block(ctx, options)
              ^^^^^^^^^^^^^^^^^^^^^^^^^^^^^^^^^^^^^^^^^^^^^^^^^
  File "/hy-tmp/rfr_server_command_d63a477_20260621_001926/src/blb_stage2_rl/fusion_enum.py", line 451, in boost_options_for_block
    raise RuntimeError(
RuntimeError: block4: precision boost produced an inconsistent option (fc=1 q_final=(60, 59) expected fc=1 all=60); aborting build
==================== [B2] è½çåå¤éªï¼map ä»å¯ load + option0==baseline + boosted éé¡¹å¸¦ explicit_field_values ====================
  File "<stdin>", line 16
    print(f"[ok] å
          ^
SyntaxError: unterminated string literal (detected at line 16)
[FATAL] boost å map å¤éªå¤±è´¥
