/var/tmp/root-home/miniconda3/envs/llm_ist/lib/python3.10/site-packages/transformers/utils/generic.py:441: FutureWarning: `torch.utils._pytree._register_pytree_node` is deprecated. Please use `torch.utils._pytree.register_pytree_node` instead.
  _torch_pytree._register_pytree_node(
/var/tmp/root-home/miniconda3/envs/llm_ist/lib/python3.10/site-packages/transformers/utils/generic.py:309: FutureWarning: `torch.utils._pytree._register_pytree_node` is deprecated. Please use `torch.utils._pytree.register_pytree_node` instead.
  _torch_pytree._register_pytree_node(
/var/tmp/root-home/miniconda3/envs/llm_ist/lib/python3.10/site-packages/huggingface_hub/file_download.py:942: FutureWarning: `resume_download` is deprecated and will be removed in version 1.0.0. Downloads always resume when possible. If you want to force a new download, use `force_download=True`.
  warnings.warn(
[dataset] load_dataset('nyu-mll/glue', 'rte') failed (OfflineModeIsEnabled: Cannot reach https://huggingface.co/api/datasets/nyu-mll/glue: offline mode is enabled. To disable it, please unset the `HF_HUB_OFFLINE` environment variable.); using equivalent direct parquet route for the same nyu-mll/glue revision='main' via https://huggingface.co; audit_log=Parting Chapter/persistent/rl/bert-base/rte/s1t0.001_s2t0.001_s2st2.0__bertbase_rte_stage2_k3_1gpu_1b34e949_20260731/logs/glue_dataset_equivalent_route.txt
[PPO] ppo_update_interval=120 (batch=1440 steps, details chunk=360 episodes)
Finetuning model with params:
base_model: textattack/bert-base-uncased-RTE
data_path: rte
output_dir: Parting Chapter/persistent/rl/bert-base/rte/s1t0.001_s2t0.001_s2st2.0__bertbase_rte_stage2_k3_1gpu_1b34e949_20260731
batch_size: 64
micro_batch_size: 64
num_epochs: 1
learning_rate: 0.0002
rl_lr: 0.0001
stage1_rl_lr: 0.0001
stage2_rl_lr: 5e-05
cutoff_len: 256
val_set_size: 120
use_gradient_checkpointing: False
lora_r: 8
lora_alpha: 16
lora_dropout: 0.05
lora_target_modules: None
Wdecompose_target_modules: None
bottleneck_size: 256
non_linearity: tanh
adapter_dropout: 0.0
use_parallel_adapter: True
use_adapterp: False
train_on_inputs: True
scaling: 1.0
adapter_name: lora
target_modules: ['q_proj', 'k_proj', 'v_proj', 'up_proj', 'down_proj']
final_eval_config_source: search
final_eval_config_path: glue_final_configs_best_ppo.json
manual_stage1_gelu: 
manual_stage1_softmax: 
manual_stage2_noise: 
stage1_rl_episodes: 51000
stage1_entropy_stop_threshold: None
stage2_rl_episodes: 50000
stage1_rl_episodes_specified: False
stage2_rl_episodes_specified: True
skip_noise_rl: False
final_eval_repeat_n: 50
final_eval_preset: default
final_eval_output_root: 
final_eval_run_name: 
final_eval_random_enabled: False
final_eval_action_config: 
final_eval_action_ranges: 
final_eval_action_fixed: 
final_eval_require_rescale_optimizer: False
skip_stage1_rl: True
skip_final_eval: True
final_eval_only: False
group_by_length: False
wandb_project: 
wandb_run_name: 
wandb_watch: 
wandb_log_model: 
resume_from_checkpoint: None
resume_run_dir: Parting Chapter/persistent/rl/bert-base/rte/s1t0.001_s2t0.001_s2st2.0__bertbase_rte_stage2_k3_1gpu_1b34e949_20260731
stage2_rl_variant: blb_v3
blb_v3_rescale_invoker_kind: in_process
blb_v3_inproc_rescale_optimizer_root: Rescale_optimizer
blb_v3_warmstart_anchor_episodes: None
blb_v3_warmstart_neighbor_ramp_episodes: None
blb_v3_warmstart_neighbor_max_mutations: None
blb_v3_warmstart_neighbor_max_radius: None
blb_v3_warmstart_neighbor_sampling: None
blb_v3_guarded_radius2_enabled: None
blb_v3_guarded_radius2_min_episode: None
blb_v3_guarded_radius2_stall_window: None
blb_v3_guarded_radius2_max_mutations: None
blb_v3_guarded_radius2_episode_fraction: None
blb_v3_guarded_radius2_cooldown_episodes: None
blb_v3_static_invalid_level_mask_enabled: None
blb_v3_warmstart_baseline_bias: None
blb_v3_warmstart_bias_gain: None
blb_v3_ent_coef: None
blb_v3_ent_coef_anchor: None
blb_v3_ent_coef_ramp_episodes: None
blb_v3_action_mask_enabled: False
blb_v3_action_mask_mode: none
blb_v3_action_mask_file: 
blb_v3_action_mask_baseline_logit_bonus: 0.0
blb_v3_action_mask_source: 

Auto-detected num_labels=2 for dataset 'rte'
BertForSequenceClassification(
  (bert): BertModel(
    (embeddings): BertEmbeddings(
      (word_embeddings): Embedding(30522, 768, padding_idx=0)
      (position_embeddings): Embedding(512, 768)
      (token_type_embeddings): Embedding(2, 768)
      (LayerNorm): LayerNorm((768,), eps=1e-12, elementwise_affine=True)
      (dropout): Dropout(p=0.1, inplace=False)
    )
    (encoder): BertEncoder(
      (layer): ModuleList(
        (0-11): 12 x BertLayer(
          (attention): BertAttention(
            (self): BertSelfAttention(
              (query): Linear(in_features=768, out_features=768, bias=True)
              (key): Linear(in_features=768, out_features=768, bias=True)
              (value): Linear(in_features=768, out_features=768, bias=True)
              (dropout): Dropout(p=0.1, inplace=False)
            )
            (output): BertSelfOutput(
              (dense): Linear(in_features=768, out_features=768, bias=True)
              (LayerNorm): LayerNorm((768,), eps=1e-12, elementwise_affine=True)
              (dropout): Dropout(p=0.1, inplace=False)
            )
          )
          (intermediate): BertIntermediate(
            (dense): Linear(in_features=768, out_features=3072, bias=True)
            (intermediate_act_fn): GELUActivation()
          )
          (output): BertOutput(
            (dense): Linear(in_features=3072, out_features=768, bias=True)
            (LayerNorm): LayerNorm((768,), eps=1e-12, elementwise_affine=True)
            (dropout): Dropout(p=0.1, inplace=False)
          )
        )
      )
    )
    (pooler): BertPooler(
      (dense): Linear(in_features=768, out_features=768, bias=True)
      (activation): Tanh()
    )
  )
  (dropout): Dropout(p=0.1, inplace=False)
  (classifier): Linear(in_features=768, out_features=2, bias=True)
)
Traceback (most recent call last):
  File "/hy-tmp/Reinforcement-For-Robustness/rl_tune.py", line 401, in load_glue_dataset_equivalent
    data = load_dataset_fn("nyu-mll/glue", task)
  File "/var/tmp/root-home/miniconda3/envs/llm_ist/lib/python3.10/site-packages/datasets/load.py", line 2128, in load_dataset
    builder_instance = load_dataset_builder(
  File "/var/tmp/root-home/miniconda3/envs/llm_ist/lib/python3.10/site-packages/datasets/load.py", line 1814, in load_dataset_builder
    dataset_module = dataset_module_factory(
  File "/var/tmp/root-home/miniconda3/envs/llm_ist/lib/python3.10/site-packages/datasets/load.py", line 1511, in dataset_module_factory
    raise e1 from None
  File "/var/tmp/root-home/miniconda3/envs/llm_ist/lib/python3.10/site-packages/datasets/load.py", line 1478, in dataset_module_factory
    raise e
  File "/var/tmp/root-home/miniconda3/envs/llm_ist/lib/python3.10/site-packages/datasets/load.py", line 1452, in dataset_module_factory
    dataset_info = hf_api.dataset_info(
  File "/var/tmp/root-home/miniconda3/envs/llm_ist/lib/python3.10/site-packages/huggingface_hub/utils/_validators.py", line 114, in _inner_fn
    return fn(*args, **kwargs)
  File "/var/tmp/root-home/miniconda3/envs/llm_ist/lib/python3.10/site-packages/huggingface_hub/hf_api.py", line 2730, in dataset_info
    r = get_session().get(path, headers=headers, timeout=timeout, params=params)
  File "/var/tmp/root-home/miniconda3/envs/llm_ist/lib/python3.10/site-packages/requests/sessions.py", line 602, in get
    return self.request("GET", url, **kwargs)
  File "/var/tmp/root-home/miniconda3/envs/llm_ist/lib/python3.10/site-packages/requests/sessions.py", line 589, in request
    resp = self.send(prep, **send_kwargs)
  File "/var/tmp/root-home/miniconda3/envs/llm_ist/lib/python3.10/site-packages/requests/sessions.py", line 703, in send
    r = adapter.send(request, **kwargs)
  File "/var/tmp/root-home/miniconda3/envs/llm_ist/lib/python3.10/site-packages/huggingface_hub/utils/_http.py", line 106, in send
    raise OfflineModeIsEnabled(
huggingface_hub.errors.OfflineModeIsEnabled: Cannot reach https://huggingface.co/api/datasets/nyu-mll/glue: offline mode is enabled. To disable it, please unset the `HF_HUB_OFFLINE` environment variable.

The above exception was the direct cause of the following exception:

Traceback (most recent call last):
  File "/hy-tmp/Reinforcement-For-Robustness/rl_tune.py", line 1571, in <module>
    run_fire_entrypoint(
  File "/hy-tmp/Reinforcement-For-Robustness/runtime_error_reporter.py", line 163, in run_fire_entrypoint
    fire_module.Fire(target)
  File "/var/tmp/root-home/miniconda3/envs/llm_ist/lib/python3.10/site-packages/fire/core.py", line 141, in Fire
    component_trace = _Fire(component, args, parsed_flag_args, context, name)
  File "/var/tmp/root-home/miniconda3/envs/llm_ist/lib/python3.10/site-packages/fire/core.py", line 475, in _Fire
    component, remaining_args = _CallAndUpdateTrace(
  File "/var/tmp/root-home/miniconda3/envs/llm_ist/lib/python3.10/site-packages/fire/core.py", line 691, in _CallAndUpdateTrace
    component = fn(*varargs, **kwargs)
  File "/hy-tmp/Reinforcement-For-Robustness/rl_tune.py", line 1163, in train
    data = load_glue_dataset_equivalent(
  File "/hy-tmp/Reinforcement-For-Robustness/rl_tune.py", line 455, in load_glue_dataset_equivalent
    raise RuntimeError(
RuntimeError: Failed to load GLUE task 'rte' via nyu-mll/glue and the local/cache or equivalent parquet routes. Primary error: OfflineModeIsEnabled('Cannot reach https://huggingface.co/api/datasets/nyu-mll/glue: offline mode is enabled. To disable it, please unset the `HF_HUB_OFFLINE` environment variable.'); equivalent parquet errors: ["hf_cache_local_files_only: OfflineModeIsEnabled('Cannot reach https://huggingface.co/api/datasets/nyu-mll/glue: offline mode is enabled. To disable it, please unset the `HF_HUB_OFFLINE` environment variable.')", 'https://huggingface.co: FileNotFoundError("Unable to find \'https://huggingface.co/datasets/nyu-mll/glue/resolve/main/rte/train-00000-of-00001.parquet\'")']
