/var/tmp/root-home/miniconda3/envs/llm_ist/lib/python3.10/site-packages/transformers/utils/generic.py:441: FutureWarning: `torch.utils._pytree._register_pytree_node` is deprecated. Please use `torch.utils._pytree.register_pytree_node` instead.
  _torch_pytree._register_pytree_node(
/var/tmp/root-home/miniconda3/envs/llm_ist/lib/python3.10/site-packages/transformers/utils/generic.py:309: FutureWarning: `torch.utils._pytree._register_pytree_node` is deprecated. Please use `torch.utils._pytree.register_pytree_node` instead.
  _torch_pytree._register_pytree_node(
/var/tmp/root-home/miniconda3/envs/llm_ist/lib/python3.10/site-packages/huggingface_hub/file_download.py:942: FutureWarning: `resume_download` is deprecated and will be removed in version 1.0.0. Downloads always resume when possible. If you want to force a new download, use `force_download=True`.
  warnings.warn(
[dataset] task='rte' → route=hf_remote endpoint=nyu-mll/glue
[PPO] ppo_update_interval=120 (batch=1440 steps, details chunk=360 episodes)
Finetuning model with params:
base_model: textattack/bert-base-uncased-RTE
data_path: rte
output_dir: Parting Chapter/persistent/rl/bert-base/rte/s1t0.001_s2t0.001_s2st2.0__bertbase_rte_stage2_k3_1gpu_1b34e949_20260731
batch_size: 64
micro_batch_size: 64
num_epochs: 1
learning_rate: 0.0002
rl_lr: 0.0001
stage1_rl_lr: 0.0001
stage2_rl_lr: 5e-05
cutoff_len: 256
val_set_size: 120
use_gradient_checkpointing: False
lora_r: 8
lora_alpha: 16
lora_dropout: 0.05
lora_target_modules: None
Wdecompose_target_modules: None
bottleneck_size: 256
non_linearity: tanh
adapter_dropout: 0.0
use_parallel_adapter: True
use_adapterp: False
train_on_inputs: True
scaling: 1.0
adapter_name: lora
target_modules: ['q_proj', 'k_proj', 'v_proj', 'up_proj', 'down_proj']
final_eval_config_source: search
final_eval_config_path: glue_final_configs_best_ppo.json
manual_stage1_gelu: 
manual_stage1_softmax: 
manual_stage2_noise: 
stage1_rl_episodes: 51000
stage1_entropy_stop_threshold: None
stage2_rl_episodes: 30000
stage1_rl_episodes_specified: False
stage2_rl_episodes_specified: True
skip_noise_rl: False
final_eval_repeat_n: 1
final_eval_preset: default
final_eval_output_root: 
final_eval_run_name: 
final_eval_random_enabled: False
final_eval_action_config: 
final_eval_action_ranges: 
final_eval_action_fixed: 
final_eval_require_rescale_optimizer: False
skip_stage1_rl: True
skip_final_eval: True
final_eval_only: False
group_by_length: False
wandb_project: 
wandb_run_name: 
wandb_watch: 
wandb_log_model: 
resume_from_checkpoint: None
resume_run_dir: 
stage2_rl_variant: blb_v3
blb_v3_rescale_invoker_kind: in_process
blb_v3_inproc_rescale_optimizer_root: Rescale_optimizer
blb_v3_warmstart_anchor_episodes: None
blb_v3_warmstart_neighbor_ramp_episodes: None
blb_v3_warmstart_neighbor_max_mutations: None
blb_v3_warmstart_neighbor_max_radius: None
blb_v3_warmstart_neighbor_sampling: None
blb_v3_guarded_radius2_enabled: None
blb_v3_guarded_radius2_min_episode: None
blb_v3_guarded_radius2_stall_window: None
blb_v3_guarded_radius2_max_mutations: None
blb_v3_guarded_radius2_episode_fraction: None
blb_v3_guarded_radius2_cooldown_episodes: None
blb_v3_static_invalid_level_mask_enabled: None
blb_v3_warmstart_baseline_bias: None
blb_v3_warmstart_bias_gain: None
blb_v3_ent_coef: None
blb_v3_ent_coef_anchor: None
blb_v3_ent_coef_ramp_episodes: None
blb_v3_action_mask_enabled: False
blb_v3_action_mask_mode: none
blb_v3_action_mask_file: 
blb_v3_action_mask_baseline_logit_bonus: 0.0
blb_v3_action_mask_source: 

Auto-detected num_labels=2 for dataset 'rte'
BertForSequenceClassification(
  (bert): BertModel(
    (embeddings): BertEmbeddings(
      (word_embeddings): Embedding(30522, 768, padding_idx=0)
      (position_embeddings): Embedding(512, 768)
      (token_type_embeddings): Embedding(2, 768)
      (LayerNorm): LayerNorm((768,), eps=1e-12, elementwise_affine=True)
      (dropout): Dropout(p=0.1, inplace=False)
    )
    (encoder): BertEncoder(
      (layer): ModuleList(
        (0-11): 12 x BertLayer(
          (attention): BertAttention(
            (self): BertSelfAttention(
              (query): Linear(in_features=768, out_features=768, bias=True)
              (key): Linear(in_features=768, out_features=768, bias=True)
              (value): Linear(in_features=768, out_features=768, bias=True)
              (dropout): Dropout(p=0.1, inplace=False)
            )
            (output): BertSelfOutput(
              (dense): Linear(in_features=768, out_features=768, bias=True)
              (LayerNorm): LayerNorm((768,), eps=1e-12, elementwise_affine=True)
              (dropout): Dropout(p=0.1, inplace=False)
            )
          )
          (intermediate): BertIntermediate(
            (dense): Linear(in_features=768, out_features=3072, bias=True)
            (intermediate_act_fn): GELUActivation()
          )
          (output): BertOutput(
            (dense): Linear(in_features=3072, out_features=768, bias=True)
            (LayerNorm): LayerNorm((768,), eps=1e-12, elementwise_affine=True)
            (dropout): Dropout(p=0.1, inplace=False)
          )
        )
      )
    )
    (pooler): BertPooler(
      (dense): Linear(in_features=768, out_features=768, bias=True)
      (activation): Tanh()
    )
  )
  (dropout): Dropout(p=0.1, inplace=False)
  (classifier): Linear(in_features=768, out_features=2, bias=True)
)
Loading dataset: Dataset({
    features: ['sentence1', 'sentence2', 'label', 'idx'],
    num_rows: 277
})
Map:   0%|          | 0/2490 [00:00<?, ? examples/s]Map:  25%|██▍       | 612/2490 [00:00<00:00, 6080.72 examples/s]Map:  58%|█████▊    | 1432/2490 [00:00<00:00, 5657.23 examples/s]Map:  93%|█████████▎| 2305/2490 [00:00<00:00, 5630.45 examples/s]Map: 100%|██████████| 2490/2490 [00:00<00:00, 5587.07 examples/s]
Map:   0%|          | 0/277 [00:00<?, ? examples/s]Map: 100%|██████████| 277/277 [00:00<00:00, 5542.78 examples/s]
You're using a BertTokenizerFast tokenizer. Please note that with a fast tokenizer, using the `__call__` method is faster than using a method to encode the text followed by a call to the `pad` method to get a padded encoding.
After tokenize: {'sentence1': 'The provincial veterinarian with the Department of Forest Resources and Agrifoods, Dr. Hugh Whitney, confirmed today another case of rabies in Labrador, bringing the total number of confirmed rabies cases to nine in Labrador since November 2000.', 'sentence2': 'A case of rabies was confirmed.', 'label': 0, 'idx': 132, 'input_ids': [101, 1996, 4992, 29525, 26052, 6862, 2007, 1996, 2533, 1997, 3224, 4219, 1998, 12943, 3089, 14876, 20620, 1010, 2852, 1012, 6621, 9809, 1010, 4484, 2651, 2178, 2553, 1997, 10958, 20536, 1999, 18604, 1010, 5026, 1996, 2561, 2193, 1997, 4484, 10958, 20536, 3572, 2000, 3157, 1999, 18604, 2144, 2281, 2456, 1012, 102, 1037, 2553, 1997, 10958, 20536, 2001, 4484, 1012, 102], 'token_type_ids': [0, 0, 0, 0, 0, 0, 0, 0, 0, 0, 0, 0, 0, 0, 0, 0, 0, 0, 0, 0, 0, 0, 0, 0, 0, 0, 0, 0, 0, 0, 0, 0, 0, 0, 0, 0, 0, 0, 0, 0, 0, 0, 0, 0, 0, 0, 0, 0, 0, 0, 0, 1, 1, 1, 1, 1, 1, 1, 1, 1], 'attention_mask': [1, 1, 1, 1, 1, 1, 1, 1, 1, 1, 1, 1, 1, 1, 1, 1, 1, 1, 1, 1, 1, 1, 1, 1, 1, 1, 1, 1, 1, 1, 1, 1, 1, 1, 1, 1, 1, 1, 1, 1, 1, 1, 1, 1, 1, 1, 1, 1, 1, 1, 1, 1, 1, 1, 1, 1, 1, 1, 1, 1]}
After add label: {'sentence1': 'The provincial veterinarian with the Department of Forest Resources and Agrifoods, Dr. Hugh Whitney, confirmed today another case of rabies in Labrador, bringing the total number of confirmed rabies cases to nine in Labrador since November 2000.', 'sentence2': 'A case of rabies was confirmed.', 'labels': 0, 'idx': 132, 'input_ids': [101, 1996, 4992, 29525, 26052, 6862, 2007, 1996, 2533, 1997, 3224, 4219, 1998, 12943, 3089, 14876, 20620, 1010, 2852, 1012, 6621, 9809, 1010, 4484, 2651, 2178, 2553, 1997, 10958, 20536, 1999, 18604, 1010, 5026, 1996, 2561, 2193, 1997, 4484, 10958, 20536, 3572, 2000, 3157, 1999, 18604, 2144, 2281, 2456, 1012, 102, 1037, 2553, 1997, 10958, 20536, 2001, 4484, 1012, 102], 'token_type_ids': [0, 0, 0, 0, 0, 0, 0, 0, 0, 0, 0, 0, 0, 0, 0, 0, 0, 0, 0, 0, 0, 0, 0, 0, 0, 0, 0, 0, 0, 0, 0, 0, 0, 0, 0, 0, 0, 0, 0, 0, 0, 0, 0, 0, 0, 0, 0, 0, 0, 0, 0, 1, 1, 1, 1, 1, 1, 1, 1, 1], 'attention_mask': [1, 1, 1, 1, 1, 1, 1, 1, 1, 1, 1, 1, 1, 1, 1, 1, 1, 1, 1, 1, 1, 1, 1, 1, 1, 1, 1, 1, 1, 1, 1, 1, 1, 1, 1, 1, 1, 1, 1, 1, 1, 1, 1, 1, 1, 1, 1, 1, 1, 1, 1, 1, 1, 1, 1, 1, 1, 1, 1, 1]}
After format: Dataset({
    features: ['sentence1', 'sentence2', 'labels', 'idx', 'input_ids', 'token_type_ids', 'attention_mask'],
    num_rows: 277
})
Train data size: 2490
Validation data size: 277
Reinforcement Learning to evaluate layer sensitivity to approximation
[信息] 数据集（Dataset）'rte' 检测为 CLASSIFICATION 任务
[信息] 使用指标（Using metrics）: Accuracy
[数据集协议（Dataset Protocol）] 完整验证集（validation_full）=277  （统一使用 validation_full，不再拆分 search/holdout/proxy）
Model compile started
Model compile finished
Starting evaluation...
Round 0 of evaluation
{'labels': tensor(0), 'input_ids': tensor([  101,  1996,  4992, 29525, 26052,  6862,  2007,  1996,  2533,  1997,
         3224,  4219,  1998, 12943,  3089, 14876, 20620,  1010,  2852,  1012,
         6621,  9809,  1010,  4484,  2651,  2178,  2553,  1997, 10958, 20536,
         1999, 18604,  1010,  5026,  1996,  2561,  2193,  1997,  4484, 10958,
        20536,  3572,  2000,  3157,  1999, 18604,  2144,  2281,  2456,  1012,
          102,  1037,  2553,  1997, 10958, 20536,  2001,  4484,  1012,   102]), 'token_type_ids': tensor([0, 0, 0, 0, 0, 0, 0, 0, 0, 0, 0, 0, 0, 0, 0, 0, 0, 0, 0, 0, 0, 0, 0, 0,
        0, 0, 0, 0, 0, 0, 0, 0, 0, 0, 0, 0, 0, 0, 0, 0, 0, 0, 0, 0, 0, 0, 0, 0,
        0, 0, 0, 1, 1, 1, 1, 1, 1, 1, 1, 1]), 'attention_mask': tensor([1, 1, 1, 1, 1, 1, 1, 1, 1, 1, 1, 1, 1, 1, 1, 1, 1, 1, 1, 1, 1, 1, 1, 1,
        1, 1, 1, 1, 1, 1, 1, 1, 1, 1, 1, 1, 1, 1, 1, 1, 1, 1, 1, 1, 1, 1, 1, 1,
        1, 1, 1, 1, 1, 1, 1, 1, 1, 1, 1, 1])}
{'labels': tensor(0), 'input_ids': tensor([  101,  1996,  4992, 29525, 26052,  6862,  2007,  1996,  2533,  1997,
         3224,  4219,  1998, 12943,  3089, 14876, 20620,  1010,  2852,  1012,
         6621,  9809,  1010,  4484,  2651,  2178,  2553,  1997, 10958, 20536,
         1999, 18604,  1010,  5026,  1996,  2561,  2193,  1997,  4484, 10958,
        20536,  3572,  2000,  3157,  1999, 18604,  2144,  2281,  2456,  1012,
          102,  1037,  2553,  1997, 10958, 20536,  2001,  4484,  1012,   102]), 'token_type_ids': tensor([0, 0, 0, 0, 0, 0, 0, 0, 0, 0, 0, 0, 0, 0, 0, 0, 0, 0, 0, 0, 0, 0, 0, 0,
        0, 0, 0, 0, 0, 0, 0, 0, 0, 0, 0, 0, 0, 0, 0, 0, 0, 0, 0, 0, 0, 0, 0, 0,
        0, 0, 0, 1, 1, 1, 1, 1, 1, 1, 1, 1]), 'attention_mask': tensor([1, 1, 1, 1, 1, 1, 1, 1, 1, 1, 1, 1, 1, 1, 1, 1, 1, 1, 1, 1, 1, 1, 1, 1,
        1, 1, 1, 1, 1, 1, 1, 1, 1, 1, 1, 1, 1, 1, 1, 1, 1, 1, 1, 1, 1, 1, 1, 1,
        1, 1, 1, 1, 1, 1, 1, 1, 1, 1, 1, 1])}
  0%|          | 0/5 [00:00<?, ?it/s]100%|██████████| 5/5 [00:00<00:00, 36.15it/s]
============================================================
开始配置评估（STARTING CONFIGURATION EVALUATION）
最终评估配置来源（FINAL_EVAL_CONFIG_SOURCE）=search
[信息] 第一阶段RL搜索已跳过（--skip-stage1-rl）。
============================================================

--- 阶段1（Phase 1）: 已跳过（SKIPPED）（--skip-stage1-rl） ---
[信息] 基线建立已跳过，因其仅用于第一阶段RL搜索。

============================================================
最终评估报告（FINAL EVALUATION REPORT）（验证集）
============================================================
[Info] Stage-2 固定 GELU/Softmax 来源：Stage-1 config (manual; softmax fixed deg6) (source=manual)
  Stage-2 GELU   : [1, 1, 1, 4, 1, 1, 2, 1, 1, 1, 1, 1]
  Stage-2 Softmax: [6, 6, 6, 6, 6, 6, 6, 6, 6, 6, 6, 6]

════════════════════════════════════════════════════════════════════
  阶段 5 · 二阶段噪声强化学习（BLB v3 · 12-step layerwise robust）
════════════════════════════════════════════════════════════════════
  * 模式（mode）：horizon=12 layerwise，max_step_dim=2
  * 固定 GELU/Softmax 来源（source）：manual    标签（label）：Stage-1 config (manual; softmax fixed deg6)
  * GELU 离散阶数向量:   [1, 1, 1, 4, 1, 1, 2, 1, 1, 1, 1, 1]
  * Softmax 离散阶数向量: [6, 6, 6, 6, 6, 6, 6, 6, 6, 6, 6, 6]
  * 训练概览：profile='rte'    total_episodes=30000    PPO 更新间隔（rollout_size）= 120    seed=20260725
  * BLB 持久化目录：Parting Chapter/persistent/rl/bert-base/rte/s1t0.001_s2t0.001_s2st2.0__bertbase_rte_stage2_k3_1gpu_1b34e949_20260731/stage2_noise/progress
  * 详细诊断：Parting Chapter/persistent/rl/bert-base/rte/s1t0.001_s2t0.001_s2st2.0__bertbase_rte_stage2_k3_1gpu_1b34e949_20260731/stage2_noise/details/ （每 360 回合一文件，记录每回合错误/动作变化）
  * 奖励暴跌警告：Parting Chapter/persistent/rl/bert-base/rte/s1t0.001_s2t0.001_s2st2.0__bertbase_rte_stage2_k3_1gpu_1b34e949_20260731/stage2_noise/warning.txt （PPO rollout 平均奖励较上一次跌幅 > 0.30 时记录）
已替换 10 层的GELU函数（GELU function）
已替换 1 层的GELU函数（GELU function）
已替换 1 层的GELU函数（GELU function）
已替换 12 层的Softmax函数（Softmax function）
  * 评估子集：batch 数 = 4
  * Rescale_optimizer 根目录：Rescale_optimizer
  * Rescale optimizer 模式：in_process_real
  * calibrated static_skeletons baseline loaded from /hy-tmp/Reinforcement-For-Robustness/Rescale_optimizer/configs/rte/static_skeletons_rte.json (sha256=a35c51bdcebcfcb27d5b7e67222f216259636fa71dbc48b082b66df1de2d1f18)
  * [ADR-015] reward_design=robust_constrained（tiered 回滚路径）
  * F4 authoritative validation: split=validation_full examples=277 batches=5 devices=[0]
100%|██████████| 5/5 [00:18<00:00, 36.15it/s]  * 基线噪声预热（noisy baseline preflight）：K=15  m1(noisy)=0.7328  m2(noisy)=0.7328  loss_mean(noisy)=0.7408  std(loss/m1/m2)=0.0052/0.0046/0.0046
  * 校准后硬约束阈值（calibrated gates）：m1_threshold=0.7321  m2_threshold=0.7321  loss_threshold=0.7415  std_thresholds(loss/m1/m2)=0.0105/0.0092/0.0092  (limit_tol=0.0010, stab_tol=2.0000; loss 越低越好，允许相对上浮 limit_tol；m1/m2 越高越好，允许相对下降 limit_tol；std 越低越好，× stab_tol)
  * 稳定阈值校准来源（stab calibration source）：multiplier formula: loss_std=0.0000 × tol=1.2000 → loss_std_threshold=0.0100; m1_std=0.0000 × tol=1.2000 → m1_std_threshold=0.0100; m2_std=0.0000 × tol=1.2000 → m2_std_threshold=0.0100 (floor=0.0100)

  【基线信号（baseline cost / reward / metrics）】
  ────
  · 成本基线（baseline cost）：total_bits=15540, fusion=0, avg_k=13.00
  · 指标基线（baseline metrics）：loss=0.7408, m1=0.7328, m2=0.7328
  · 奖励权重（reward weights, v2-style rdv2）：cost_weight=1, lambda_stab=1, invalid_penalty=5, clip=[-5.0, 5.0], tier=[20.0, +20.0], baseline_metric1=0.7328
  · 硬约束阈值（acc=hard, stab=soft cap for excess penalty）：m1_threshold=0.7321, m2_threshold=0.7321, loss_threshold=0.7415, std_thresholds(loss/m1/m2)=0.0105/0.0092/0.0092
  · static_skeletons archive：/hy-tmp/Reinforcement-For-Robustness/Rescale_optimizer/configs/rte/static_skeletons_rte.json
  ────
  * Adaptive scalar cost reward：P1/P2 不吃 cost；P3 中 fusion/K 使用区间式 boost，total_bits 使用弱线性项；Pareto frontier 仅用于诊断/探索统计。
  * Fusion-count action ENABLED：map graphs=5, max_options=2；per-slot radius2 停用，block 粒度 safe-neighbor curriculum 停用（对照组：全开）
  * Stage-2 policy network: shared_gtrxl_small_v1 (total=692,615, shared=675,648, actor_only=8,646, critic_only=8,321)
  * [data-points] layerwise Stage-2 → /hy-tmp/Reinforcement-For-Robustness/rl_training_data_points/stage2/bert-base/rte/Parting_Chapter_persistent_rl_bert-base_rte_s1t0.001_s2t0.001_s2st2.0__bertbase_rte_stage2_k3_1gpu_1b34e949_20260731__20260731T133132514904Z__pid228317
  * [graceful-stop] Ctrl+C or create Parting Chapter/persistent/rl/bert-base/rte/s1t0.001_s2t0.001_s2st2.0__bertbase_rte_stage2_k3_1gpu_1b34e949_20260731/stage2_noise/progress/STOP_RL; the layerwise run will stop after the next PPO checkpoint boundary.
  [BLB曲线][信息] PNG/PDF 渲染已延后；设置 RFR_STAGE2_RENDER_PLOTS=1 或 render_plots=True 可启用。

[信息] 统一最终评估已跳过（--skip-final-eval）。

配置评估完成（Configuration evaluation finished）。
100%|██████████| 5/5 [30:48:40<00:00, 22184.00s/it]
Round 0, Final evaluation loss: 0.7333006858825684

 If there's a warning about missing keys above, please disregard :)
