{
  "json": "/hy-tmp/stage2_18_group_precision_stability_20260727_213546/aggregate/stage2_18_group_precision_stability.json",
  "html": "/hy-tmp/stage2_18_group_precision_stability_20260727_213546/aggregate/stage2_18_group_precision_stability.html",
  "groups": [
    "f000_k13",
    "f000_k8",
    "f000_k6",
    "f000_high",
    "f000_medium",
    "f000_low",
    "f101_k13",
    "f101_k8",
    "f101_k6",
    "f101_high",
    "f101_medium",
    "f101_low",
    "f111_k13",
    "f111_k8",
    "f111_k6",
    "f111_high",
    "f111_medium",
    "f111_low"
  ]
}
