/usr/local/lib/python3.11/dist-packages/transformers/tokenization_utils_base.py:1601: FutureWarning: `clean_up_tokenization_spaces` was not set. It will be set to `True` by default. This behavior will be depracted in transformers v4.45, and will be then set to `False` by default. For more details check this issue: https://github.com/huggingface/transformers/issues/31884
  warnings.warn(
Using the latest cached version of the dataset since nyu-mll/glue couldn't be found on the Hugging Face Hub (offline mode is enabled).
Found the latest cached dataset configuration 'mrpc' at /hy-tmp/hf_cache/datasets/nyu-mll___glue/mrpc/0.0.0/bcdcba79d07bc864c1c254ccfcedcce55bcc9a8c (last modified on Sun Jul 26 21:53:49 2026).
[dataset] task='mrpc' → route=hf_remote endpoint=nyu-mll/glue
[信息] 数据集（Dataset）'mrpc' 检测为 CLASSIFICATION 任务
[信息] 使用指标（Using metrics）: Accuracy, F1
[数据集协议（Dataset Protocol）] 完整验证集（validation_full）=408  （统一使用 validation_full，不再拆分 search/holdout/proxy）
已替换 12 层的GELU函数（GELU function）
已替换 12 层的Softmax函数（Softmax function）
  * Rescale_optimizer 根目录：/hy-tmp/RFR_stage2_18group_ff7e7526/Rescale_optimizer
  * Rescale optimizer 模式：in_process_real
[grid] f000_k13: fusion=(0, 0, 0) K=(13, 13, 13, 13, 13)
[grid] f000_k13 complete: loss=0.344219+/-0.000884 m1=0.877941+/-0.002858 m2=0.875095+/-0.003049
[grid] f000_k8: fusion=(0, 0, 0) K=(8, 8, 8, 8, 8)
[grid] f000_k8 complete: loss=0.339057+/-0.000821 m1=0.881373+/-0.003325 m2=0.879292+/-0.003442
[grid] f000_k6: fusion=(0, 0, 0) K=(6, 6, 6, 6, 6)
[grid] f000_k6 complete: loss=0.334059+/-0.001232 m1=0.869118+/-0.001961 m2=0.867402+/-0.001959
[grid] f000_high: fusion=(0, 0, 0) K=(11, 10, 10, 12, 11)
[grid] f000_high complete: loss=0.342468+/-0.000992 m1=0.881863+/-0.000980 m2=0.879441+/-0.001010
[grid] f000_medium: fusion=(0, 0, 0) K=(9, 8, 8, 10, 9)
[grid] f000_medium complete: loss=0.339814+/-0.001060 m1=0.881863+/-0.002401 m2=0.879758+/-0.002577
[grid] f000_low: fusion=(0, 0, 0) K=(7, 6, 6, 8, 7)
[grid] f000_low complete: loss=0.336927+/-0.001340 m1=0.872549+/-0.003100 m2=0.870846+/-0.003145
[grid] f101_k13: fusion=(1, 0, 1) K=(13, 13, 13, 13, 13)
[grid] f101_k13 complete: loss=0.343458+/-0.000825 m1=0.883333+/-0.001961 m2=0.881101+/-0.002007
[grid] f101_k8: fusion=(1, 0, 1) K=(8, 8, 8, 8, 8)
[grid] f101_k8 complete: loss=0.338537+/-0.000819 m1=0.882843+/-0.002858 m2=0.881006+/-0.002967
[grid] f101_k6: fusion=(1, 0, 1) K=(6, 6, 6, 6, 6)
[grid] f101_k6 complete: loss=0.333301+/-0.002119 m1=0.872059+/-0.004493 m2=0.870638+/-0.004501
[grid] f101_high: fusion=(1, 0, 1) K=(11, 10, 10, 12, 11)
[grid] f101_high complete: loss=0.341830+/-0.000879 m1=0.883824+/-0.002500 m2=0.881694+/-0.002584
[grid] f101_medium: fusion=(1, 0, 1) K=(9, 8, 8, 10, 9)
[grid] f101_medium complete: loss=0.339102+/-0.000978 m1=0.883333+/-0.001961 m2=0.881535+/-0.002007
[grid] f101_low: fusion=(1, 0, 1) K=(7, 6, 6, 8, 7)
[grid] f101_low complete: loss=0.336353+/-0.001753 m1=0.874020+/-0.004546 m2=0.872747+/-0.004362
[grid] f111_k13: fusion=(1, 1, 1) K=(13, 13, 13, 13, 13)
[grid] f111_k13 complete: loss=0.340455+/-0.004815 m1=0.877941+/-0.002401 m2=0.875364+/-0.002690
[grid] f111_k8: fusion=(1, 1, 1) K=(8, 8, 8, 8, 8)
[grid] f111_k8 complete: loss=0.335662+/-0.005332 m1=0.879412+/-0.004493 m2=0.877362+/-0.004542
[grid] f111_k6: fusion=(1, 1, 1) K=(6, 6, 6, 6, 6)
[grid] f111_k6 complete: loss=0.329944+/-0.005449 m1=0.872059+/-0.006828 m2=0.870436+/-0.006999
[grid] f111_high: fusion=(1, 1, 1) K=(11, 10, 10, 12, 11)
[grid] f111_high complete: loss=0.338863+/-0.005067 m1=0.879412+/-0.003922 m2=0.877100+/-0.004010
[grid] f111_medium: fusion=(1, 1, 1) K=(9, 8, 8, 10, 9)
[grid] f111_medium complete: loss=0.336099+/-0.005560 m1=0.878922+/-0.006316 m2=0.876827+/-0.006492
[grid] f111_low: fusion=(1, 1, 1) K=(7, 6, 6, 8, 7)
[grid] f111_low complete: loss=0.332968+/-0.006504 m1=0.872549+/-0.006004 m2=0.871104+/-0.005907
{
  "output": "/hy-tmp/stage2_18_group_precision_stability_20260727_213546/seed_20260721/precision_stability_grid_seed_result.json",
  "seed": 20260721,
  "groups": [
    "f000_k13",
    "f000_k8",
    "f000_k6",
    "f000_high",
    "f000_medium",
    "f000_low",
    "f101_k13",
    "f101_k8",
    "f101_k6",
    "f101_high",
    "f101_medium",
    "f101_low",
    "f111_k13",
    "f111_k8",
    "f111_k6",
    "f111_high",
    "f111_medium",
    "f111_low"
  ]
}
