/usr/local/lib/python3.11/dist-packages/transformers/tokenization_utils_base.py:1601: FutureWarning: `clean_up_tokenization_spaces` was not set. It will be set to `True` by default. This behavior will be depracted in transformers v4.45, and will be then set to `False` by default. For more details check this issue: https://github.com/huggingface/transformers/issues/31884
  warnings.warn(
Using the latest cached version of the dataset since nyu-mll/glue couldn't be found on the Hugging Face Hub (offline mode is enabled).
Found the latest cached dataset configuration 'mrpc' at /hy-tmp/hf_cache/datasets/nyu-mll___glue/mrpc/0.0.0/bcdcba79d07bc864c1c254ccfcedcce55bcc9a8c (last modified on Sun Jul 26 21:53:49 2026).
[dataset] task='mrpc' → route=hf_remote endpoint=nyu-mll/glue
[信息] 数据集（Dataset）'mrpc' 检测为 CLASSIFICATION 任务
[信息] 使用指标（Using metrics）: Accuracy, F1
[数据集协议（Dataset Protocol）] 完整验证集（validation_full）=408  （统一使用 validation_full，不再拆分 search/holdout/proxy）
已替换 12 层的GELU函数（GELU function）
已替换 12 层的Softmax函数（Softmax function）
  * Rescale_optimizer 根目录：/hy-tmp/RFR_stage2_18group_ff7e7526/Rescale_optimizer
  * Rescale optimizer 模式：in_process_real
[grid] f000_k13: fusion=(0, 0, 0) K=(13, 13, 13, 13, 13)
[grid] f000_k13 complete: loss=0.342854+/-0.001765 m1=0.882353+/-0.004101 m2=0.879834+/-0.004418
[grid] f000_k8: fusion=(0, 0, 0) K=(8, 8, 8, 8, 8)
[grid] f000_k8 complete: loss=0.337602+/-0.001735 m1=0.882843+/-0.002858 m2=0.880822+/-0.002951
[grid] f000_k6: fusion=(0, 0, 0) K=(6, 6, 6, 6, 6)
[grid] f000_k6 complete: loss=0.332614+/-0.001772 m1=0.872059+/-0.002858 m2=0.870634+/-0.002977
[grid] f000_high: fusion=(0, 0, 0) K=(11, 10, 10, 12, 11)
[grid] f000_high complete: loss=0.341093+/-0.001652 m1=0.882843+/-0.003602 m2=0.880567+/-0.003781
[grid] f000_medium: fusion=(0, 0, 0) K=(9, 8, 8, 10, 9)
[grid] f000_medium complete: loss=0.338187+/-0.001542 m1=0.882353+/-0.004101 m2=0.880288+/-0.004285
[grid] f000_low: fusion=(0, 0, 0) K=(7, 6, 6, 8, 7)
[grid] f000_low complete: loss=0.335723+/-0.001892 m1=0.876471+/-0.002500 m2=0.875002+/-0.002633
[grid] f101_k13: fusion=(1, 0, 1) K=(13, 13, 13, 13, 13)
[grid] f101_k13 complete: loss=0.343740+/-0.001916 m1=0.879902+/-0.004650 m2=0.877362+/-0.005001
[grid] f101_k8: fusion=(1, 0, 1) K=(8, 8, 8, 8, 8)
[grid] f101_k8 complete: loss=0.338476+/-0.002172 m1=0.879902+/-0.003100 m2=0.877825+/-0.003313
[grid] f101_k6: fusion=(1, 0, 1) K=(6, 6, 6, 6, 6)
[grid] f101_k6 complete: loss=0.333920+/-0.001809 m1=0.869118+/-0.002941 m2=0.867338+/-0.002831
[grid] f101_high: fusion=(1, 0, 1) K=(11, 10, 10, 12, 11)
[grid] f101_high complete: loss=0.342026+/-0.002010 m1=0.880882+/-0.004273 m2=0.878566+/-0.004488
[grid] f101_medium: fusion=(1, 0, 1) K=(9, 8, 8, 10, 9)
[grid] f101_medium complete: loss=0.338804+/-0.002409 m1=0.881373+/-0.003668 m2=0.879351+/-0.003895
[grid] f101_low: fusion=(1, 0, 1) K=(7, 6, 6, 8, 7)
[grid] f101_low complete: loss=0.336241+/-0.002499 m1=0.873529+/-0.002500 m2=0.871902+/-0.002548
[grid] f111_k13: fusion=(1, 1, 1) K=(13, 13, 13, 13, 13)
[grid] f111_k13 complete: loss=0.341295+/-0.003270 m1=0.879902+/-0.004650 m2=0.877298+/-0.004927
[grid] f111_k8: fusion=(1, 1, 1) K=(8, 8, 8, 8, 8)
[grid] f111_k8 complete: loss=0.336357+/-0.002719 m1=0.879412+/-0.003602 m2=0.877357+/-0.003833
[grid] f111_k6: fusion=(1, 1, 1) K=(6, 6, 6, 6, 6)
[grid] f111_k6 complete: loss=0.330603+/-0.001973 m1=0.872059+/-0.004493 m2=0.870636+/-0.004443
[grid] f111_high: fusion=(1, 1, 1) K=(11, 10, 10, 12, 11)
[grid] f111_high complete: loss=0.339719+/-0.003049 m1=0.880392+/-0.005234 m2=0.878036+/-0.005403
[grid] f111_medium: fusion=(1, 1, 1) K=(9, 8, 8, 10, 9)
[grid] f111_medium complete: loss=0.337088+/-0.002692 m1=0.880392+/-0.004999 m2=0.878228+/-0.005203
[grid] f111_low: fusion=(1, 1, 1) K=(7, 6, 6, 8, 7)
[grid] f111_low complete: loss=0.333620+/-0.002706 m1=0.872059+/-0.004493 m2=0.870510+/-0.004464
{
  "output": "/hy-tmp/stage2_18_group_precision_stability_20260727_213546/seed_20264721/precision_stability_grid_seed_result.json",
  "seed": 20264721,
  "groups": [
    "f000_k13",
    "f000_k8",
    "f000_k6",
    "f000_high",
    "f000_medium",
    "f000_low",
    "f101_k13",
    "f101_k8",
    "f101_k6",
    "f101_high",
    "f101_medium",
    "f101_low",
    "f111_k13",
    "f111_k8",
    "f111_k6",
    "f111_high",
    "f111_medium",
    "f111_low"
  ]
}
