/usr/local/lib/python3.11/dist-packages/transformers/utils/generic.py:441: FutureWarning: `torch.utils._pytree._register_pytree_node` is deprecated. Please use `torch.utils._pytree.register_pytree_node` instead.
  _torch_pytree._register_pytree_node(
/usr/local/lib/python3.11/dist-packages/transformers/utils/hub.py:123: FutureWarning: Using `TRANSFORMERS_CACHE` is deprecated and will be removed in v5 of Transformers. Use `HF_HOME` instead.
  warnings.warn(
/usr/local/lib/python3.11/dist-packages/transformers/utils/generic.py:309: FutureWarning: `torch.utils._pytree._register_pytree_node` is deprecated. Please use `torch.utils._pytree.register_pytree_node` instead.
  _torch_pytree._register_pytree_node(
/usr/local/lib/python3.11/dist-packages/transformers/utils/generic.py:309: FutureWarning: `torch.utils._pytree._register_pytree_node` is deprecated. Please use `torch.utils._pytree.register_pytree_node` instead.
  _torch_pytree._register_pytree_node(
[setup] loading evaluator/model/dataset
/usr/local/lib/python3.11/dist-packages/huggingface_hub/file_download.py:949: FutureWarning: `resume_download` is deprecated and will be removed in version 1.0.0. Downloads always resume when possible. If you want to force a new download, use `force_download=True`.
  warnings.warn(
[dataset] using local GLUE parquet files for task 'mrpc' from /hy-tmp/block3_runtime_verify_ed2e89f2_20260721_173108/input_data/mrpc; audit_log=/hy-tmp/block3_runtime_verify_ed2e89f2_20260721_173108/artifacts/logs/glue_dataset_local_route.txt
[信息] 数据集（Dataset）'mrpc' 检测为 CLASSIFICATION 任务
[信息] 使用指标（Using metrics）: Accuracy, F1
You're using a BertTokenizerFast tokenizer. Please note that with a fast tokenizer, using the `__call__` method is faster than using a method to encode the text followed by a call to the `pad` method to get a padded encoding.
[数据集协议（Dataset Protocol）] 完整验证集（validation_full）=408  （统一使用 validation_full，不再拆分 search/holdout/proxy）
[setup] building canonical Stage-2 base environment
已替换 12 层的GELU函数（GELU function）
已替换 12 层的Softmax函数（Softmax function）
  * Rescale_optimizer 根目录：/hy-tmp/block3_runtime_verify_ed2e89f2_20260721_173108/src/Rescale_optimizer
  * Rescale optimizer 模式：in_process_real
[run] block3_k13
[run] block3_k8
[pass] Block3 runtime/model replay gates all passed
[result] output=/hy-tmp/block3_runtime_verify_ed2e89f2_20260721_173108/artifacts/block3_model_replay.json
[result] comparison={'same_shape': True, 'shape': [408, 2], 'bitwise_equal': False, 'allclose_atol_1e_8': False, 'allclose_atol_1e_6': False, 'max_abs_logit_delta': 0.30840355157852173, 'mean_abs_logit_delta': 0.03914005681872368, 'changed_logit_count': 816, 'total_logit_count': 816}
[result] block3_k13 metrics={'loss_mean': 0.33602431825563017, 'loss_std': 0.0, 'metric1_mean': 0.884803922737346, 'metric2_mean': 0.8827562891228496, 'metric1_std': 0.0, 'metric2_std': 0.0, 'loss_max': 0.33602431825563017, 'metric1_min': 0.884803922737346, 'metric2_min': 0.8827562891228496, 'loss_trials': [0.33602431825563017], 'metric1_trials': [0.884803922737346], 'metric2_trials': [0.8827562891228496], 'trial_seeds': [20260721]}
[result] block3_k8 metrics={'loss_mean': 0.3320906629749373, 'loss_std': 0.0, 'metric1_mean': 0.8823529423451891, 'metric2_mean': 0.8804175573703057, 'metric1_std': 0.0, 'metric2_std': 0.0, 'loss_max': 0.3320906629749373, 'metric1_min': 0.8823529423451891, 'metric2_min': 0.8804175573703057, 'loss_trials': [0.3320906629749373], 'metric1_trials': [0.8823529423451891], 'metric2_trials': [0.8804175573703057], 'trial_seeds': [20260721]}
