test_compare_rows_materializes_excluded_keys_once (tests.test_stage2_ngpu_ab_compare.Stage2NgpuCompareTests) ... ok
test_effect_equality_fails_on_metric_drift (tests.test_stage2_ngpu_ab_compare.Stage2NgpuCompareTests) ... ok
test_effect_equality_ignores_timing_device_and_bookkeeping (tests.test_stage2_ngpu_ab_compare.Stage2NgpuCompareTests) ... ok
test_load_jsonl_does_not_unconditionally_sort_ordered_logs (tests.test_stage2_ngpu_ab_compare.Stage2NgpuCompareTests) ... ok
test_load_jsonl_uses_shared_iter_jsonl (tests.test_stage2_ngpu_ab_compare.Stage2NgpuCompareTests) ... ok
test_main_streams_output_without_build_report_string (tests.test_stage2_ngpu_ab_compare.Stage2NgpuCompareTests) ... FAIL
test_many_log_is_scanned_once_for_timing_and_marker_flags (tests.test_stage2_ngpu_ab_compare.Stage2NgpuCompareTests) ... ok
test_ppo_update_equality_fails_on_metric_drift (tests.test_stage2_ngpu_ab_compare.Stage2NgpuCompareTests) ... ok
test_ppo_update_equality_ignores_timing_fields (tests.test_stage2_ngpu_ab_compare.Stage2NgpuCompareTests) ... ok
test_require_speedup_adds_fatal_marker (tests.test_stage2_ngpu_ab_compare.Stage2NgpuCompareTests) ... ok
test_rollout_timing_logs_are_summarized (tests.test_stage2_ngpu_ab_compare.Stage2NgpuCompareTests) ... ok
test_timestamp_span_streams_without_collecting_values (tests.test_stage2_ngpu_ab_compare.Stage2NgpuCompareTests) ... ok

======================================================================
FAIL: test_main_streams_output_without_build_report_string (tests.test_stage2_ngpu_ab_compare.Stage2NgpuCompareTests)
----------------------------------------------------------------------
Traceback (most recent call last):
  File "/hy-tmp/stage2_ngpu_report_stream_f3103d9_20260710_154047/red/src/tests/test_stage2_ngpu_ab_compare.py", line 458, in test_main_streams_output_without_build_report_string
    rc = ngpu_mod.main()
  File "/hy-tmp/stage2_ngpu_report_stream_f3103d9_20260710_154047/red/src/scripts/stage2_ngpu_ab_compare.py", line 546, in main
    report = build_report(args)
  File "/var/tmp/root-home/miniconda3/envs/llm_ist/lib/python3.10/unittest/mock.py", line 1114, in __call__
    return self._mock_call(*args, **kwargs)
  File "/var/tmp/root-home/miniconda3/envs/llm_ist/lib/python3.10/unittest/mock.py", line 1118, in _mock_call
    return self._execute_mock_call(*args, **kwargs)
  File "/var/tmp/root-home/miniconda3/envs/llm_ist/lib/python3.10/unittest/mock.py", line 1173, in _execute_mock_call
    raise effect
AssertionError: main should stream report lines

----------------------------------------------------------------------
Ran 12 tests in 0.010s

FAILED (failures=1)
