[PPO] ppo_update_interval=170 (batch=2040 steps, details chunk=510 episodes)
Finetuning model with params:
base_model: textattack/bert-base-uncased-MRPC
data_path: mrpc
output_dir: /hy-tmp/rfr_stage1_ab_180d319_20260704_090423_min170_wait/out/g1/stage1/bert base mrpc
batch_size: 16
micro_batch_size: 16
num_epochs: 1
learning_rate: 0.0002
rl_lr: 0.0001
stage1_rl_lr: 2e-05
stage2_rl_lr: 0.0001
cutoff_len: 256
val_set_size: 120
use_gradient_checkpointing: False
lora_r: 8
lora_alpha: 16
lora_dropout: 0.05
lora_target_modules: None
Wdecompose_target_modules: None
bottleneck_size: 256
non_linearity: tanh
adapter_dropout: 0.0
use_parallel_adapter: True
use_adapterp: False
train_on_inputs: True
scaling: 1.0
adapter_name: lora
target_modules: ['q_proj', 'k_proj', 'v_proj', 'up_proj', 'down_proj']
final_eval_config_source: search
final_eval_config_path: glue_final_configs_best_ppo.json
manual_stage1_gelu:
manual_stage1_softmax:
manual_stage2_noise:
stage1_rl_episodes: 170
stage1_entropy_stop_threshold: None
stage2_rl_episodes: 40000
stage1_rl_episodes_specified: True
stage2_rl_episodes_specified: False
skip_noise_rl: True
final_eval_repeat_n: 50
final_eval_preset: default
final_eval_output_root:
final_eval_run_name:
final_eval_random_enabled: False
final_eval_action_config:
final_eval_action_ranges:
final_eval_action_fixed:
final_eval_require_rescale_optimizer: False
skip_stage1_rl: False
skip_final_eval: True
final_eval_only: False
group_by_length: False
wandb_project:
wandb_run_name:
wandb_watch:
wandb_log_model:
resume_from_checkpoint: None
resume_run_dir:
stage2_rl_variant: blb_v3
blb_v3_rescale_invoker_kind: in_process
blb_v3_inproc_rescale_optimizer_root: Rescale_optimizer
blb_v3_warmstart_anchor_episodes: None
blb_v3_warmstart_neighbor_ramp_episodes: None
blb_v3_warmstart_neighbor_max_mutations: None
blb_v3_warmstart_neighbor_max_radius: None
blb_v3_warmstart_neighbor_sampling: None
blb_v3_guarded_radius2_enabled: None
blb_v3_guarded_radius2_min_episode: None
blb_v3_guarded_radius2_stall_window: None
blb_v3_guarded_radius2_max_mutations: None
blb_v3_guarded_radius2_episode_fraction: None
blb_v3_guarded_radius2_cooldown_episodes: None
blb_v3_static_invalid_level_mask_enabled: None
blb_v3_warmstart_baseline_bias: None
blb_v3_warmstart_bias_gain: None
blb_v3_ent_coef: None
blb_v3_ent_coef_anchor: None
blb_v3_ent_coef_ramp_episodes: None
blb_v3_action_mask_enabled: False
blb_v3_action_mask_mode: none
blb_v3_action_mask_file:
blb_v3_action_mask_baseline_logit_bonus: 0.0
blb_v3_action_mask_source:

/usr/local/lib/python3.11/dist-packages/transformers/tokenization_utils_base.py:1601: FutureWarning: `clean_up_tokenization_spaces` was not set. It will be set to `True` by default. This behavior will be depracted in transformers v4.45, and will be then set to `False` by default. For more details check this issue: https://github.com/huggingface/transformers/issues/31884
  warnings.warn(
Auto-detected num_labels=2 for dataset 'mrpc'
BertForSequenceClassification(
  (bert): BertModel(
    (embeddings): BertEmbeddings(
      (word_embeddings): Embedding(30522, 768, padding_idx=0)
      (position_embeddings): Embedding(512, 768)
      (token_type_embeddings): Embedding(2, 768)
      (LayerNorm): LayerNorm((768,), eps=1e-12, elementwise_affine=True)
      (dropout): Dropout(p=0.1, inplace=False)
    )
    (encoder): BertEncoder(
      (layer): ModuleList(
        (0-11): 12 x BertLayer(
          (attention): BertAttention(
            (self): BertSdpaSelfAttention(
              (query): Linear(in_features=768, out_features=768, bias=True)
              (key): Linear(in_features=768, out_features=768, bias=True)
              (value): Linear(in_features=768, out_features=768, bias=True)
              (dropout): Dropout(p=0.1, inplace=False)
            )
            (output): BertSelfOutput(
              (dense): Linear(in_features=768, out_features=768, bias=True)
              (LayerNorm): LayerNorm((768,), eps=1e-12, elementwise_affine=True)
              (dropout): Dropout(p=0.1, inplace=False)
            )
          )
          (intermediate): BertIntermediate(
            (dense): Linear(in_features=768, out_features=3072, bias=True)
            (intermediate_act_fn): GELUActivation()
          )
          (output): BertOutput(
            (dense): Linear(in_features=3072, out_features=768, bias=True)
            (LayerNorm): LayerNorm((768,), eps=1e-12, elementwise_affine=True)
            (dropout): Dropout(p=0.1, inplace=False)
          )
        )
      )
    )
    (pooler): BertPooler(
      (dense): Linear(in_features=768, out_features=768, bias=True)
      (activation): Tanh()
    )
  )
  (dropout): Dropout(p=0.1, inplace=False)
  (classifier): Linear(in_features=768, out_features=2, bias=True)
)
[dataset] task='mrpc' → route=hf_remote endpoint=nyu-mll/glue
Loading dataset: Dataset({
    features: ['sentence1', 'sentence2', 'label', 'idx'],
    num_rows: 408
})
After tokenize: {'sentence1': '" This decision is clearly incorrect , " FTC Chairman Timothy Muris said in a written statement .', 'sentence2': 'The decision is " clearly incorrect , " FTC Chairman Tim Muris said .', 'label': 1, 'idx': 558, 'input_ids': [101, 1000, 2023, 3247, 2003, 4415, 16542, 1010, 1000, 3027, 2278, 3472, 10805, 14163, 6935, 2056, 1999, 1037, 2517, 4861, 1012, 102, 1996, 3247, 2003, 1000, 4415, 16542, 1010, 1000, 3027, 2278, 3472, 5199, 14163, 6935, 2056, 1012, 102], 'token_type_ids': [0, 0, 0, 0, 0, 0, 0, 0, 0, 0, 0, 0, 0, 0, 0, 0, 0, 0, 0, 0, 0, 0, 1, 1, 1, 1, 1, 1, 1, 1, 1, 1, 1, 1, 1, 1, 1, 1, 1], 'attention_mask': [1, 1, 1, 1, 1, 1, 1, 1, 1, 1, 1, 1, 1, 1, 1, 1, 1, 1, 1, 1, 1, 1, 1, 1, 1, 1, 1, 1, 1, 1, 1, 1, 1, 1, 1, 1, 1, 1, 1]}
After add label: {'sentence1': '" This decision is clearly incorrect , " FTC Chairman Timothy Muris said in a written statement .', 'sentence2': 'The decision is " clearly incorrect , " FTC Chairman Tim Muris said .', 'labels': 1, 'idx': 558, 'input_ids': [101, 1000, 2023, 3247, 2003, 4415, 16542, 1010, 1000, 3027, 2278, 3472, 10805, 14163, 6935, 2056, 1999, 1037, 2517, 4861, 1012, 102, 1996, 3247, 2003, 1000, 4415, 16542, 1010, 1000, 3027, 2278, 3472, 5199, 14163, 6935, 2056, 1012, 102], 'token_type_ids': [0, 0, 0, 0, 0, 0, 0, 0, 0, 0, 0, 0, 0, 0, 0, 0, 0, 0, 0, 0, 0, 0, 1, 1, 1, 1, 1, 1, 1, 1, 1, 1, 1, 1, 1, 1, 1, 1, 1], 'attention_mask': [1, 1, 1, 1, 1, 1, 1, 1, 1, 1, 1, 1, 1, 1, 1, 1, 1, 1, 1, 1, 1, 1, 1, 1, 1, 1, 1, 1, 1, 1, 1, 1, 1, 1, 1, 1, 1, 1, 1]}
After format: Dataset({
    features: ['sentence1', 'sentence2', 'labels', 'idx', 'input_ids', 'token_type_ids', 'attention_mask'],
    num_rows: 408
})
Train data size: 3668
Validation data size: 408
Reinforcement Learning to evaluate layer sensitivity to approximation
[信息] 数据集（Dataset）'mrpc' 检测为 CLASSIFICATION 任务
[信息] 使用指标（Using metrics）: Accuracy, F1
[数据集协议（Dataset Protocol）] 完整验证集（validation_full）=408  （统一使用 validation_full，不再拆分 search/holdout/proxy）
/usr/local/lib/python3.11/dist-packages/transformers/training_args.py:1525: FutureWarning: `evaluation_strategy` is deprecated and will be removed in version 4.46 of 🤗 Transformers. Use `eval_strategy` instead
  warnings.warn(
Model compile started
Model compile finished
Starting evaluation...
Round 0 of evaluation
{'labels': tensor(1), 'input_ids': tensor([  101,  1000,  2023,  3247,  2003,  4415, 16542,  1010,  1000,  3027,
         2278,  3472, 10805, 14163,  6935,  2056,  1999,  1037,  2517,  4861,
         1012,   102,  1996,  3247,  2003,  1000,  4415, 16542,  1010,  1000,
         3027,  2278,  3472,  5199, 14163,  6935,  2056,  1012,   102]), 'token_type_ids': tensor([0, 0, 0, 0, 0, 0, 0, 0, 0, 0, 0, 0, 0, 0, 0, 0, 0, 0, 0, 0, 0, 0, 1, 1,
        1, 1, 1, 1, 1, 1, 1, 1, 1, 1, 1, 1, 1, 1, 1]), 'attention_mask': tensor([1, 1, 1, 1, 1, 1, 1, 1, 1, 1, 1, 1, 1, 1, 1, 1, 1, 1, 1, 1, 1, 1, 1, 1,
        1, 1, 1, 1, 1, 1, 1, 1, 1, 1, 1, 1, 1, 1, 1])}
{'labels': tensor(1), 'input_ids': tensor([  101,  1000,  2023,  3247,  2003,  4415, 16542,  1010,  1000,  3027,
         2278,  3472, 10805, 14163,  6935,  2056,  1999,  1037,  2517,  4861,
         1012,   102,  1996,  3247,  2003,  1000,  4415, 16542,  1010,  1000,
         3027,  2278,  3472,  5199, 14163,  6935,  2056,  1012,   102]), 'token_type_ids': tensor([0, 0, 0, 0, 0, 0, 0, 0, 0, 0, 0, 0, 0, 0, 0, 0, 0, 0, 0, 0, 0, 0, 1, 1,
        1, 1, 1, 1, 1, 1, 1, 1, 1, 1, 1, 1, 1, 1, 1]), 'attention_mask': tensor([1, 1, 1, 1, 1, 1, 1, 1, 1, 1, 1, 1, 1, 1, 1, 1, 1, 1, 1, 1, 1, 1, 1, 1,
        1, 1, 1, 1, 1, 1, 1, 1, 1, 1, 1, 1, 1, 1, 1])}

  0%|          | 0/26 [00:00<?, ?it/s]
 35%|███▍      | 9/26 [00:00<00:00, 87.84it/s]
 69%|██████▉   | 18/26 [00:00<00:00, 82.67it/s]
============================================================
开始配置评估（STARTING CONFIGURATION EVALUATION）
最终评估配置来源（FINAL_EVAL_CONFIG_SOURCE）=search
============================================================

--- 阶段1（Phase 1）: 建立基线（验证集全集 validation_full）（Establishing Baseline on validation_full） ---
  [stage1-eval] TF32 fast matmul enabled（与 Stage-2 reward probe 同一设置）
已恢复 12 层的原始GELU函数（original GELU function）
基线指标（Baseline Metrics）（validation_full）：
  损失（Loss）: 0.347491, Accuracy: 0.877451, F1: 0.874422
  基线配置（Baseline config）: 原始明文 GELU/Softmax（未安装多项式替换）
  成本参考（Cost reference）: GELU=4 / Softmax=6, 仿真成本（Sim Cost）=72.00 (GELU成本G=36.00, Softmax成本S=36.00)
约束条件（Constraints）（基于验证集全集 validation_full）：
  损失（Loss）<=0.3475, Accuracy>=0.8775, F1>=0.8744

--- 阶段2（Phase 2）: PPO强化学习训练（PPO Reinforcement Learning Training） ---
[信息] 使用 validation_full 进行在线奖励计算 （约束保持在 validation_full 上）
  [data-points] Stage-1 structured RL data → rl_training_data_points/stage1/bert-base/mrpc/out_g1_stage1_bert_base_mrpc__20260704T010500649185Z__pid777493
[stage1-rollout] worker 0: cuda:0 (primary, reusing evaluator.model)
  [multi-gpu] Stage-1 rollout enabled: workers=1 devices=['cuda:0'] episodes_per_worker=170
  [优雅停止] 训练期间可按 Ctrl+C 或创建 /hy-tmp/rfr_stage1_ab_180d319_20260704_090423_min170_wait/out/g1/stage1/bert base mrpc/STOP_RL 触发安全停止（在下一回合边界保存 checkpoint 后退出）。
已替换 3 层的GELU函数（GELU function）
已替换 3 层的GELU函数（GELU function）
已替换 6 层的GELU函数（GELU function）
已替换 12 层的Softmax函数（Softmax function）
已替换 4 层的GELU函数（GELU function）
已替换 2 层的GELU函数（GELU function）
已替换 6 层的GELU函数（GELU function）
已替换 12 层的Softmax函数（Softmax function）
已替换 3 层的GELU函数（GELU function）
已替换 3 层的GELU函数（GELU function）
已替换 6 层的GELU函数（GELU function）
已替换 12 层的Softmax函数（Softmax function）
已替换 5 层的GELU函数（GELU function）
已替换 4 层的GELU函数（GELU function）
已替换 3 层的GELU函数（GELU function）
已替换 12 层的Softmax函数（Softmax function）
已替换 4 层的GELU函数（GELU function）
已替换 5 层的GELU函数（GELU function）
已替换 3 层的GELU函数（GELU function）
已替换 12 层的Softmax函数（Softmax function）
已替换 4 层的GELU函数（GELU function）
已替换 6 层的GELU函数（GELU function）
已替换 2 层的GELU函数（GELU function）
已替换 12 层的Softmax函数（Softmax function）
已替换 4 层的GELU函数（GELU function）
已替换 4 层的GELU函数（GELU function）
已替换 4 层的GELU函数（GELU function）
已替换 12 层的Softmax函数（Softmax function）
已替换 6 层的GELU函数（GELU function）
已替换 3 层的GELU函数（GELU function）
已替换 3 层的GELU函数（GELU function）
已替换 12 层的Softmax函数（Softmax function）
已替换 5 层的GELU函数（GELU function）
已替换 5 层的GELU函数（GELU function）
已替换 2 层的GELU函数（GELU function）
已替换 12 层的Softmax函数（Softmax function）
已替换 2 层的GELU函数（GELU function）
已替换 6 层的GELU函数（GELU function）
已替换 4 层的GELU函数（GELU function）
已替换 12 层的Softmax函数（Softmax function）
已替换 2 层的GELU函数（GELU function）
已替换 4 层的GELU函数（GELU function）
已替换 6 层的GELU函数（GELU function）
已替换 12 层的Softmax函数（Softmax function）
已替换 5 层的GELU函数（GELU function）
已替换 3 层的GELU函数（GELU function）
已替换 4 层的GELU函数（GELU function）
已替换 12 层的Softmax函数（Softmax function）
已替换 4 层的GELU函数（GELU function）
已替换 3 层的GELU函数（GELU function）
已替换 5 层的GELU函数（GELU function）
已替换 12 层的Softmax函数（Softmax function）
已替换 3 层的GELU函数（GELU function）
已替换 6 层的GELU函数（GELU function）
已替换 3 层的GELU函数（GELU function）
已替换 12 层的Softmax函数（Softmax function）
已替换 3 层的GELU函数（GELU function）
已替换 6 层的GELU函数（GELU function）
已替换 3 层的GELU函数（GELU function）
已替换 12 层的Softmax函数（Softmax function）
已替换 3 层的GELU函数（GELU function）
已替换 6 层的GELU函数（GELU function）
已替换 3 层的GELU函数（GELU function）
已替换 12 层的Softmax函数（Softmax function）
已替换 3 层的GELU函数（GELU function）
已替换 3 层的GELU函数（GELU function）
已替换 6 层的GELU函数（GELU function）
已替换 12 层的Softmax函数（Softmax function）
已替换 4 层的GELU函数（GELU function）
已替换 2 层的GELU函数（GELU function）
已替换 6 层的GELU函数（GELU function）
已替换 12 层的Softmax函数（Softmax function）
已替换 5 层的GELU函数（GELU function）
已替换 4 层的GELU函数（GELU function）
已替换 3 层的GELU函数（GELU function）
已替换 12 层的Softmax函数（Softmax function）
已替换 6 层的GELU函数（GELU function）
已替换 2 层的GELU函数（GELU function）
已替换 4 层的GELU函数（GELU function）
已替换 12 层的Softmax函数（Softmax function）
已替换 9 层的GELU函数（GELU function）
已替换 1 层的GELU函数（GELU function）
已替换 2 层的GELU函数（GELU function）
已替换 12 层的Softmax函数（Softmax function）
已替换 2 层的GELU函数（GELU function）
已替换 6 层的GELU函数（GELU function）
已替换 4 层的GELU函数（GELU function）
已替换 12 层的Softmax函数（Softmax function）
已替换 2 层的GELU函数（GELU function）
已替换 5 层的GELU函数（GELU function）
已替换 5 层的GELU函数（GELU function）
已替换 12 层的Softmax函数（Softmax function）
已替换 3 层的GELU函数（GELU function）
已替换 6 层的GELU函数（GELU function）
已替换 3 层的GELU函数（GELU function）
已替换 12 层的Softmax函数（Softmax function）
已替换 5 层的GELU函数（GELU function）
已替换 3 层的GELU函数（GELU function）
已替换 4 层的GELU函数（GELU function）
已替换 12 层的Softmax函数（Softmax function）
已替换 5 层的GELU函数（GELU function）
已替换 2 层的GELU函数（GELU function）
已替换 5 层的GELU函数（GELU function）
已替换 12 层的Softmax函数（Softmax function）
已替换 6 层的GELU函数（GELU function）
已替换 5 层的GELU函数（GELU function）
已替换 1 层的GELU函数（GELU function）
已替换 12 层的Softmax函数（Softmax function）
已替换 6 层的GELU函数（GELU function）
已替换 3 层的GELU函数（GELU function）
已替换 3 层的GELU函数（GELU function）
已替换 12 层的Softmax函数（Softmax function）
已替换 3 层的GELU函数（GELU function）
已替换 5 层的GELU函数（GELU function）
已替换 4 层的GELU函数（GELU function）
已替换 12 层的Softmax函数（Softmax function）
已替换 2 层的GELU函数（GELU function）
已替换 6 层的GELU函数（GELU function）
已替换 4 层的GELU函数（GELU function）
已替换 12 层的Softmax函数（Softmax function）
已替换 3 层的GELU函数（GELU function）
已替换 5 层的GELU函数（GELU function）
已替换 4 层的GELU函数（GELU function）
已替换 12 层的Softmax函数（Softmax function）
已替换 3 层的GELU函数（GELU function）
已替换 5 层的GELU函数（GELU function）
已替换 4 层的GELU函数（GELU function）
已替换 12 层的Softmax函数（Softmax function）
已替换 6 层的GELU函数（GELU function）
已替换 4 层的GELU函数（GELU function）
已替换 2 层的GELU函数（GELU function）
已替换 12 层的Softmax函数（Softmax function）
已替换 5 层的GELU函数（GELU function）
已替换 4 层的GELU函数（GELU function）
已替换 3 层的GELU函数（GELU function）
已替换 12 层的Softmax函数（Softmax function）
已替换 5 层的GELU函数（GELU function）
已替换 3 层的GELU函数（GELU function）
已替换 4 层的GELU函数（GELU function）
已替换 12 层的Softmax函数（Softmax function）
已替换 4 层的GELU函数（GELU function）
已替换 4 层的GELU函数（GELU function）
已替换 4 层的GELU函数（GELU function）
已替换 12 层的Softmax函数（Softmax function）

100%|██████████| 26/26 [00:17<00:00, 82.67it/s]已替换 4 层的GELU函数（GELU function）
已替换 6 层的GELU函数（GELU function）
已替换 2 层的GELU函数（GELU function）
已替换 12 层的Softmax函数（Softmax function）
已替换 3 层的GELU函数（GELU function）
已替换 7 层的GELU函数（GELU function）
已替换 2 层的GELU函数（GELU function）
已替换 12 层的Softmax函数（Softmax function）
已替换 3 层的GELU函数（GELU function）
已替换 2 层的GELU函数（GELU function）
已替换 7 层的GELU函数（GELU function）
已替换 12 层的Softmax函数（Softmax function）
已替换 2 层的GELU函数（GELU function）
已替换 4 层的GELU函数（GELU function）
已替换 6 层的GELU函数（GELU function）
已替换 12 层的Softmax函数（Softmax function）
已替换 3 层的GELU函数（GELU function）
已替换 6 层的GELU函数（GELU function）
已替换 3 层的GELU函数（GELU function）
已替换 12 层的Softmax函数（Softmax function）
已替换 3 层的GELU函数（GELU function）
已替换 4 层的GELU函数（GELU function）
已替换 5 层的GELU函数（GELU function）
已替换 12 层的Softmax函数（Softmax function）
已替换 2 层的GELU函数（GELU function）
已替换 4 层的GELU函数（GELU function）
已替换 6 层的GELU函数（GELU function）
已替换 12 层的Softmax函数（Softmax function）
已替换 4 层的GELU函数（GELU function）
已替换 2 层的GELU函数（GELU function）
已替换 6 层的GELU函数（GELU function）
已替换 12 层的Softmax函数（Softmax function）
已替换 2 层的GELU函数（GELU function）
已替换 5 层的GELU函数（GELU function）
已替换 5 层的GELU函数（GELU function）
已替换 12 层的Softmax函数（Softmax function）
已替换 3 层的GELU函数（GELU function）
已替换 5 层的GELU函数（GELU function）
已替换 4 层的GELU函数（GELU function）
已替换 12 层的Softmax函数（Softmax function）
已替换 5 层的GELU函数（GELU function）
已替换 3 层的GELU函数（GELU function）
已替换 4 层的GELU函数（GELU function）
已替换 12 层的Softmax函数（Softmax function）
已替换 4 层的GELU函数（GELU function）
已替换 5 层的GELU函数（GELU function）
已替换 3 层的GELU函数（GELU function）
已替换 12 层的Softmax函数（Softmax function）
已替换 2 层的GELU函数（GELU function）
已替换 6 层的GELU函数（GELU function）
已替换 4 层的GELU函数（GELU function）
已替换 12 层的Softmax函数（Softmax function）
已替换 2 层的GELU函数（GELU function）
已替换 5 层的GELU函数（GELU function）
已替换 5 层的GELU函数（GELU function）
已替换 12 层的Softmax函数（Softmax function）
已替换 1 层的GELU函数（GELU function）
已替换 2 层的GELU函数（GELU function）
已替换 9 层的GELU函数（GELU function）
已替换 12 层的Softmax函数（Softmax function）
已替换 7 层的GELU函数（GELU function）
已替换 1 层的GELU函数（GELU function）
已替换 4 层的GELU函数（GELU function）
已替换 12 层的Softmax函数（Softmax function）
已替换 2 层的GELU函数（GELU function）
已替换 3 层的GELU函数（GELU function）
已替换 7 层的GELU函数（GELU function）
已替换 12 层的Softmax函数（Softmax function）
已替换 6 层的GELU函数（GELU function）
已替换 5 层的GELU函数（GELU function）
已替换 1 层的GELU函数（GELU function）
已替换 12 层的Softmax函数（Softmax function）
已替换 5 层的GELU函数（GELU function）
已替换 1 层的GELU函数（GELU function）
已替换 6 层的GELU函数（GELU function）
已替换 12 层的Softmax函数（Softmax function）
已替换 5 层的GELU函数（GELU function）
已替换 4 层的GELU函数（GELU function）
已替换 3 层的GELU函数（GELU function）
已替换 12 层的Softmax函数（Softmax function）
已替换 4 层的GELU函数（GELU function）
已替换 5 层的GELU函数（GELU function）
已替换 3 层的GELU函数（GELU function）
已替换 12 层的Softmax函数（Softmax function）
已替换 6 层的GELU函数（GELU function）
已替换 3 层的GELU函数（GELU function）
已替换 3 层的GELU函数（GELU function）
已替换 12 层的Softmax函数（Softmax function）
已替换 2 层的GELU函数（GELU function）
已替换 5 层的GELU函数（GELU function）
已替换 5 层的GELU函数（GELU function）
已替换 12 层的Softmax函数（Softmax function）
已替换 4 层的GELU函数（GELU function）
已替换 2 层的GELU函数（GELU function）
已替换 6 层的GELU函数（GELU function）
已替换 12 层的Softmax函数（Softmax function）
已替换 3 层的GELU函数（GELU function）
已替换 5 层的GELU函数（GELU function）
已替换 4 层的GELU函数（GELU function）
已替换 12 层的Softmax函数（Softmax function）
已替换 4 层的GELU函数（GELU function）
已替换 3 层的GELU函数（GELU function）
已替换 5 层的GELU函数（GELU function）
已替换 12 层的Softmax函数（Softmax function）
已替换 5 层的GELU函数（GELU function）
已替换 2 层的GELU函数（GELU function）
已替换 5 层的GELU函数（GELU function）
已替换 12 层的Softmax函数（Softmax function）
已替换 1 层的GELU函数（GELU function）
已替换 6 层的GELU函数（GELU function）
已替换 5 层的GELU函数（GELU function）
已替换 12 层的Softmax函数（Softmax function）
已替换 4 层的GELU函数（GELU function）
已替换 2 层的GELU函数（GELU function）
已替换 6 层的GELU函数（GELU function）
已替换 12 层的Softmax函数（Softmax function）
已替换 4 层的GELU函数（GELU function）
已替换 2 层的GELU函数（GELU function）
已替换 6 层的GELU函数（GELU function）
已替换 12 层的Softmax函数（Softmax function）
已替换 3 层的GELU函数（GELU function）
已替换 6 层的GELU函数（GELU function）
已替换 3 层的GELU函数（GELU function）
已替换 12 层的Softmax函数（Softmax function）
已替换 4 层的GELU函数（GELU function）
已替换 4 层的GELU函数（GELU function）
已替换 4 层的GELU函数（GELU function）
已替换 12 层的Softmax函数（Softmax function）
已替换 1 层的GELU函数（GELU function）
已替换 6 层的GELU函数（GELU function）
已替换 5 层的GELU函数（GELU function）
已替换 12 层的Softmax函数（Softmax function）
已替换 4 层的GELU函数（GELU function）
已替换 5 层的GELU函数（GELU function）
已替换 3 层的GELU函数（GELU function）
已替换 12 层的Softmax函数（Softmax function）
已替换 3 层的GELU函数（GELU function）
已替换 5 层的GELU函数（GELU function）
已替换 4 层的GELU函数（GELU function）
已替换 12 层的Softmax函数（Softmax function）
已替换 7 层的GELU函数（GELU function）
已替换 4 层的GELU函数（GELU function）
已替换 1 层的GELU函数（GELU function）
已替换 12 层的Softmax函数（Softmax function）
已替换 7 层的GELU函数（GELU function）
已替换 4 层的GELU函数（GELU function）
已替换 1 层的GELU函数（GELU function）
已替换 12 层的Softmax函数（Softmax function）
已替换 5 层的GELU函数（GELU function）
已替换 3 层的GELU函数（GELU function）
已替换 4 层的GELU函数（GELU function）
已替换 12 层的Softmax函数（Softmax function）
已替换 3 层的GELU函数（GELU function）
已替换 4 层的GELU函数（GELU function）
已替换 5 层的GELU函数（GELU function）
已替换 12 层的Softmax函数（Softmax function）
已替换 8 层的GELU函数（GELU function）
已替换 2 层的GELU函数（GELU function）
已替换 2 层的GELU函数（GELU function）
已替换 12 层的Softmax函数（Softmax function）
已替换 5 层的GELU函数（GELU function）
已替换 1 层的GELU函数（GELU function）
已替换 6 层的GELU函数（GELU function）
已替换 12 层的Softmax函数（Softmax function）
已替换 2 层的GELU函数（GELU function）
已替换 5 层的GELU函数（GELU function）
已替换 5 层的GELU函数（GELU function）
已替换 12 层的Softmax函数（Softmax function）
已替换 4 层的GELU函数（GELU function）
已替换 5 层的GELU函数（GELU function）
已替换 3 层的GELU函数（GELU function）
已替换 12 层的Softmax函数（Softmax function）
已替换 5 层的GELU函数（GELU function）
已替换 4 层的GELU函数（GELU function）
已替换 3 层的GELU函数（GELU function）
已替换 12 层的Softmax函数（Softmax function）
已替换 6 层的GELU函数（GELU function）
已替换 4 层的GELU函数（GELU function）
已替换 2 层的GELU函数（GELU function）
已替换 12 层的Softmax函数（Softmax function）
已替换 3 层的GELU函数（GELU function）
已替换 7 层的GELU函数（GELU function）
已替换 2 层的GELU函数（GELU function）
已替换 12 层的Softmax函数（Softmax function）
已替换 4 层的GELU函数（GELU function）
已替换 6 层的GELU函数（GELU function）
已替换 2 层的GELU函数（GELU function）
已替换 12 层的Softmax函数（Softmax function）
已替换 3 层的GELU函数（GELU function）
已替换 5 层的GELU函数（GELU function）
已替换 4 层的GELU函数（GELU function）
已替换 12 层的Softmax函数（Softmax function）
已替换 2 层的GELU函数（GELU function）
已替换 7 层的GELU函数（GELU function）
已替换 3 层的GELU函数（GELU function）
已替换 12 层的Softmax函数（Softmax function）
已替换 3 层的GELU函数（GELU function）
已替换 3 层的GELU函数（GELU function）
已替换 6 层的GELU函数（GELU function）
已替换 12 层的Softmax函数（Softmax function）
已替换 9 层的GELU函数（GELU function）
已替换 2 层的GELU函数（GELU function）
已替换 1 层的GELU函数（GELU function）
已替换 12 层的Softmax函数（Softmax function）
已替换 5 层的GELU函数（GELU function）
已替换 4 层的GELU函数（GELU function）
已替换 3 层的GELU函数（GELU function）
已替换 12 层的Softmax函数（Softmax function）
已替换 6 层的GELU函数（GELU function）
已替换 1 层的GELU函数（GELU function）
已替换 5 层的GELU函数（GELU function）
已替换 12 层的Softmax函数（Softmax function）
已替换 6 层的GELU函数（GELU function）
已替换 4 层的GELU函数（GELU function）
已替换 2 层的GELU函数（GELU function）
已替换 12 层的Softmax函数（Softmax function）
已替换 5 层的GELU函数（GELU function）
已替换 2 层的GELU函数（GELU function）
已替换 5 层的GELU函数（GELU function）
已替换 12 层的Softmax函数（Softmax function）
已替换 6 层的GELU函数（GELU function）
已替换 1 层的GELU函数（GELU function）
已替换 5 层的GELU函数（GELU function）
已替换 12 层的Softmax函数（Softmax function）
已替换 4 层的GELU函数（GELU function）
已替换 2 层的GELU函数（GELU function）
已替换 6 层的GELU函数（GELU function）
已替换 12 层的Softmax函数（Softmax function）
已替换 2 层的GELU函数（GELU function）
已替换 5 层的GELU函数（GELU function）
已替换 5 层的GELU函数（GELU function）
已替换 12 层的Softmax函数（Softmax function）
已替换 5 层的GELU函数（GELU function）
已替换 5 层的GELU函数（GELU function）
已替换 2 层的GELU函数（GELU function）
已替换 12 层的Softmax函数（Softmax function）
已替换 4 层的GELU函数（GELU function）
已替换 7 层的GELU函数（GELU function）
已替换 1 层的GELU函数（GELU function）
已替换 12 层的Softmax函数（Softmax function）
已替换 4 层的GELU函数（GELU function）
已替换 4 层的GELU函数（GELU function）
已替换 4 层的GELU函数（GELU function）
已替换 12 层的Softmax函数（Softmax function）
已替换 3 层的GELU函数（GELU function）
已替换 4 层的GELU函数（GELU function）
已替换 5 层的GELU函数（GELU function）
已替换 12 层的Softmax函数（Softmax function）
已替换 3 层的GELU函数（GELU function）
已替换 6 层的GELU函数（GELU function）
已替换 3 层的GELU函数（GELU function）
已替换 12 层的Softmax函数（Softmax function）
已替换 7 层的GELU函数（GELU function）
已替换 3 层的GELU函数（GELU function）
已替换 2 层的GELU函数（GELU function）
已替换 12 层的Softmax函数（Softmax function）
已替换 4 层的GELU函数（GELU function）
已替换 6 层的GELU函数（GELU function）
已替换 2 层的GELU函数（GELU function）
已替换 12 层的Softmax函数（Softmax function）
已替换 5 层的GELU函数（GELU function）
已替换 3 层的GELU函数（GELU function）
已替换 4 层的GELU函数（GELU function）
已替换 12 层的Softmax函数（Softmax function）
已替换 3 层的GELU函数（GELU function）
已替换 6 层的GELU函数（GELU function）
已替换 3 层的GELU函数（GELU function）
已替换 12 层的Softmax函数（Softmax function）
已替换 6 层的GELU函数（GELU function）
已替换 1 层的GELU函数（GELU function）
已替换 5 层的GELU函数（GELU function）
已替换 12 层的Softmax函数（Softmax function）
已替换 3 层的GELU函数（GELU function）
已替换 7 层的GELU函数（GELU function）
已替换 2 层的GELU函数（GELU function）
已替换 12 层的Softmax函数（Softmax function）
已替换 5 层的GELU函数（GELU function）
已替换 2 层的GELU函数（GELU function）
已替换 5 层的GELU函数（GELU function）
已替换 12 层的Softmax函数（Softmax function）
已替换 3 层的GELU函数（GELU function）
已替换 7 层的GELU函数（GELU function）
已替换 2 层的GELU函数（GELU function）
已替换 12 层的Softmax函数（Softmax function）
已替换 2 层的GELU函数（GELU function）
已替换 3 层的GELU函数（GELU function）
已替换 7 层的GELU函数（GELU function）
已替换 12 层的Softmax函数（Softmax function）
已替换 8 层的GELU函数（GELU function）
已替换 2 层的GELU函数（GELU function）
已替换 2 层的GELU函数（GELU function）
已替换 12 层的Softmax函数（Softmax function）
已替换 6 层的GELU函数（GELU function）
已替换 3 层的GELU函数（GELU function）
已替换 3 层的GELU函数（GELU function）
已替换 12 层的Softmax函数（Softmax function）
已替换 4 层的GELU函数（GELU function）
已替换 2 层的GELU函数（GELU function）
已替换 6 层的GELU函数（GELU function）
已替换 12 层的Softmax函数（Softmax function）
已替换 3 层的GELU函数（GELU function）
已替换 6 层的GELU函数（GELU function）
已替换 3 层的GELU函数（GELU function）
已替换 12 层的Softmax函数（Softmax function）
已替换 5 层的GELU函数（GELU function）
已替换 5 层的GELU函数（GELU function）
已替换 2 层的GELU函数（GELU function）
已替换 12 层的Softmax函数（Softmax function）
已替换 5 层的GELU函数（GELU function）
已替换 2 层的GELU函数（GELU function）
已替换 5 层的GELU函数（GELU function）
已替换 12 层的Softmax函数（Softmax function）
已替换 3 层的GELU函数（GELU function）
已替换 4 层的GELU函数（GELU function）
已替换 5 层的GELU函数（GELU function）
已替换 12 层的Softmax函数（Softmax function）
已替换 5 层的GELU函数（GELU function）
已替换 5 层的GELU函数（GELU function）
已替换 2 层的GELU函数（GELU function）
已替换 12 层的Softmax函数（Softmax function）
已替换 4 层的GELU函数（GELU function）
已替换 4 层的GELU函数（GELU function）
已替换 4 层的GELU函数（GELU function）
已替换 12 层的Softmax函数（Softmax function）
已替换 3 层的GELU函数（GELU function）
已替换 7 层的GELU函数（GELU function）
已替换 2 层的GELU函数（GELU function）
已替换 12 层的Softmax函数（Softmax function）
已替换 2 层的GELU函数（GELU function）
已替换 5 层的GELU函数（GELU function）
已替换 5 层的GELU函数（GELU function）
已替换 12 层的Softmax函数（Softmax function）
已替换 4 层的GELU函数（GELU function）
已替换 3 层的GELU函数（GELU function）
已替换 5 层的GELU函数（GELU function）
已替换 12 层的Softmax函数（Softmax function）
已替换 3 层的GELU函数（GELU function）
已替换 7 层的GELU函数（GELU function）
已替换 2 层的GELU函数（GELU function）
已替换 12 层的Softmax函数（Softmax function）
已替换 4 层的GELU函数（GELU function）
已替换 5 层的GELU函数（GELU function）
已替换 3 层的GELU函数（GELU function）
已替换 12 层的Softmax函数（Softmax function）
已替换 3 层的GELU函数（GELU function）
已替换 6 层的GELU函数（GELU function）
已替换 3 层的GELU函数（GELU function）
已替换 12 层的Softmax函数（Softmax function）
已替换 8 层的GELU函数（GELU function）
已替换 3 层的GELU函数（GELU function）
已替换 1 层的GELU函数（GELU function）
已替换 12 层的Softmax函数（Softmax function）
已替换 3 层的GELU函数（GELU function）
已替换 6 层的GELU函数（GELU function）
已替换 3 层的GELU函数（GELU function）
已替换 12 层的Softmax函数（Softmax function）
已替换 2 层的GELU函数（GELU function）
已替换 5 层的GELU函数（GELU function）
已替换 5 层的GELU函数（GELU function）
已替换 12 层的Softmax函数（Softmax function）
已替换 4 层的GELU函数（GELU function）
已替换 3 层的GELU函数（GELU function）
已替换 5 层的GELU函数（GELU function）
已替换 12 层的Softmax函数（Softmax function）
已替换 4 层的GELU函数（GELU function）
已替换 2 层的GELU函数（GELU function）
已替换 6 层的GELU函数（GELU function）
已替换 12 层的Softmax函数（Softmax function）
已替换 7 层的GELU函数（GELU function）
已替换 3 层的GELU函数（GELU function）
已替换 2 层的GELU函数（GELU function）
已替换 12 层的Softmax函数（Softmax function）
已替换 5 层的GELU函数（GELU function）
已替换 2 层的GELU函数（GELU function）
已替换 5 层的GELU函数（GELU function）
已替换 12 层的Softmax函数（Softmax function）
已替换 4 层的GELU函数（GELU function）
已替换 3 层的GELU函数（GELU function）
已替换 5 层的GELU函数（GELU function）
已替换 12 层的Softmax函数（Softmax function）
已替换 6 层的GELU函数（GELU function）
已替换 2 层的GELU函数（GELU function）
已替换 4 层的GELU函数（GELU function）
已替换 12 层的Softmax函数（Softmax function）
已替换 5 层的GELU函数（GELU function）
已替换 4 层的GELU函数（GELU function）
已替换 3 层的GELU函数（GELU function）
已替换 12 层的Softmax函数（Softmax function）
已替换 4 层的GELU函数（GELU function）
已替换 3 层的GELU函数（GELU function）
已替换 5 层的GELU函数（GELU function）
已替换 12 层的Softmax函数（Softmax function）
已替换 2 层的GELU函数（GELU function）
已替换 3 层的GELU函数（GELU function）
已替换 7 层的GELU函数（GELU function）
已替换 12 层的Softmax函数（Softmax function）
已替换 5 层的GELU函数（GELU function）
已替换 5 层的GELU函数（GELU function）
已替换 2 层的GELU函数（GELU function）
已替换 12 层的Softmax函数（Softmax function）
已替换 3 层的GELU函数（GELU function）
已替换 5 层的GELU函数（GELU function）
已替换 4 层的GELU函数（GELU function）
已替换 12 层的Softmax函数（Softmax function）
已替换 4 层的GELU函数（GELU function）
已替换 3 层的GELU函数（GELU function）
已替换 5 层的GELU函数（GELU function）
已替换 12 层的Softmax函数（Softmax function）
已替换 2 层的GELU函数（GELU function）
已替换 5 层的GELU函数（GELU function）
已替换 5 层的GELU函数（GELU function）
已替换 12 层的Softmax函数（Softmax function）
已替换 3 层的GELU函数（GELU function）
已替换 2 层的GELU函数（GELU function）
已替换 7 层的GELU函数（GELU function）
已替换 12 层的Softmax函数（Softmax function）
已替换 4 层的GELU函数（GELU function）
已替换 5 层的GELU函数（GELU function）
已替换 3 层的GELU函数（GELU function）
已替换 12 层的Softmax函数（Softmax function）
已替换 5 层的GELU函数（GELU function）
已替换 4 层的GELU函数（GELU function）
已替换 3 层的GELU函数（GELU function）
已替换 12 层的Softmax函数（Softmax function）
已替换 3 层的GELU函数（GELU function）
已替换 4 层的GELU函数（GELU function）
已替换 5 层的GELU函数（GELU function）
已替换 12 层的Softmax函数（Softmax function）
已替换 6 层的GELU函数（GELU function）
已替换 4 层的GELU函数（GELU function）
已替换 2 层的GELU函数（GELU function）
已替换 12 层的Softmax函数（Softmax function）
已替换 3 层的GELU函数（GELU function）
已替换 6 层的GELU函数（GELU function）
已替换 3 层的GELU函数（GELU function）
已替换 12 层的Softmax函数（Softmax function）
已替换 3 层的GELU函数（GELU function）
已替换 6 层的GELU函数（GELU function）
已替换 3 层的GELU函数（GELU function）
已替换 12 层的Softmax函数（Softmax function）
已替换 4 层的GELU函数（GELU function）
已替换 4 层的GELU函数（GELU function）
已替换 4 层的GELU函数（GELU function）
已替换 12 层的Softmax函数（Softmax function）
已替换 4 层的GELU函数（GELU function）
已替换 7 层的GELU函数（GELU function）
已替换 1 层的GELU函数（GELU function）
已替换 12 层的Softmax函数（Softmax function）
已替换 4 层的GELU函数（GELU function）
已替换 6 层的GELU函数（GELU function）
已替换 2 层的GELU函数（GELU function）
已替换 12 层的Softmax函数（Softmax function）
已替换 5 层的GELU函数（GELU function）
已替换 2 层的GELU函数（GELU function）
已替换 5 层的GELU函数（GELU function）
已替换 12 层的Softmax函数（Softmax function）
已替换 3 层的GELU函数（GELU function）
已替换 5 层的GELU函数（GELU function）
已替换 4 层的GELU函数（GELU function）
已替换 12 层的Softmax函数（Softmax function）
已替换 7 层的GELU函数（GELU function）
已替换 4 层的GELU函数（GELU function）
已替换 1 层的GELU函数（GELU function）
已替换 12 层的Softmax函数（Softmax function）
已替换 4 层的GELU函数（GELU function）
已替换 6 层的GELU函数（GELU function）
已替换 2 层的GELU函数（GELU function）
已替换 12 层的Softmax函数（Softmax function）
已替换 3 层的GELU函数（GELU function）
已替换 5 层的GELU函数（GELU function）
已替换 4 层的GELU函数（GELU function）
已替换 12 层的Softmax函数（Softmax function）
已替换 2 层的GELU函数（GELU function）
已替换 7 层的GELU函数（GELU function）
已替换 3 层的GELU函数（GELU function）
已替换 12 层的Softmax函数（Softmax function）
已替换 3 层的GELU函数（GELU function）
已替换 7 层的GELU函数（GELU function）
已替换 2 层的GELU函数（GELU function）
已替换 12 层的Softmax函数（Softmax function）
已替换 4 层的GELU函数（GELU function）
已替换 6 层的GELU函数（GELU function）
已替换 2 层的GELU函数（GELU function）
已替换 12 层的Softmax函数（Softmax function）
已替换 3 层的GELU函数（GELU function）
已替换 6 层的GELU函数（GELU function）
已替换 3 层的GELU函数（GELU function）
已替换 12 层的Softmax函数（Softmax function）
已替换 1 层的GELU函数（GELU function）
已替换 6 层的GELU函数（GELU function）
已替换 5 层的GELU函数（GELU function）
已替换 12 层的Softmax函数（Softmax function）
已替换 2 层的GELU函数（GELU function）
已替换 5 层的GELU函数（GELU function）
已替换 5 层的GELU函数（GELU function）
已替换 12 层的Softmax函数（Softmax function）
已替换 4 层的GELU函数（GELU function）
已替换 2 层的GELU函数（GELU function）
已替换 6 层的GELU函数（GELU function）
已替换 12 层的Softmax函数（Softmax function）
已替换 4 层的GELU函数（GELU function）
已替换 5 层的GELU函数（GELU function）
已替换 3 层的GELU函数（GELU function）
已替换 12 层的Softmax函数（Softmax function）
已替换 3 层的GELU函数（GELU function）
已替换 8 层的GELU函数（GELU function）
已替换 1 层的GELU函数（GELU function）
已替换 12 层的Softmax函数（Softmax function）
已替换 4 层的GELU函数（GELU function）
已替换 5 层的GELU函数（GELU function）
已替换 3 层的GELU函数（GELU function）
已替换 12 层的Softmax函数（Softmax function）
已替换 1 层的GELU函数（GELU function）
已替换 4 层的GELU函数（GELU function）
已替换 7 层的GELU函数（GELU function）
已替换 12 层的Softmax函数（Softmax function）
已替换 6 层的GELU函数（GELU function）
已替换 5 层的GELU函数（GELU function）
已替换 1 层的GELU函数（GELU function）
已替换 12 层的Softmax函数（Softmax function）
已替换 5 层的GELU函数（GELU function）
已替换 3 层的GELU函数（GELU function）
已替换 4 层的GELU函数（GELU function）
已替换 12 层的Softmax函数（Softmax function）
已替换 2 层的GELU函数（GELU function）
已替换 2 层的GELU函数（GELU function）
已替换 8 层的GELU函数（GELU function）
已替换 12 层的Softmax函数（Softmax function）
已替换 4 层的GELU函数（GELU function）
已替换 5 层的GELU函数（GELU function）
已替换 3 层的GELU函数（GELU function）
已替换 12 层的Softmax函数（Softmax function）
已替换 3 层的GELU函数（GELU function）
已替换 5 层的GELU函数（GELU function）
已替换 4 层的GELU函数（GELU function）
已替换 12 层的Softmax函数（Softmax function）
[stage1-rollout] window=0 episodes=170 rollout_sig=88aaf18ad88b6de6
  [stage1-rollout] window=0 eps_per_worker=170  devices=[cuda:0] counts=[170]  wall=78.195s worker_seconds=[78.195]  speedup=1.00x model_forward=68.510s forward_calls=170
  [stage1-rollout] window=0 collected 170 episodes across 1 workers
  [stage1-rollout] window=0 eval_cache hits=0 misses=170 distinct=170 hit_rate=0.0%
  回合（Episode） 1: 新最优！（New Best!） 奖励（Reward）=-0.3376, 成本（Cost）=64.50
    GELU配置: [4, 1, 4, 4, 2, 1, 4, 4, 1, 2, 4, 2]
    Softmax配置: [6, 6, 6, 6, 6, 6, 6, 6, 6, 6, 6, 6]
  回合（Episode） 3: 新最优！（New Best!） 奖励（Reward）=-0.3370, 成本（Cost）=64.50
    GELU配置: [4, 2, 4, 2, 2, 4, 4, 4, 1, 4, 1, 1]
    Softmax配置: [6, 6, 6, 6, 6, 6, 6, 6, 6, 6, 6, 6]
  回合（Episode） 4: 新最优！（New Best!） 奖励（Reward）=0.1769, 成本（Cost）=60.00
    GELU配置: [1, 1, 1, 4, 1, 1, 2, 2, 4, 2, 2, 4]
    Softmax配置: [6, 6, 6, 6, 6, 6, 6, 6, 6, 6, 6, 6]
  回合（Episode） 8: 新最优！（New Best!） 奖励（Reward）=0.2697, 成本（Cost）=58.50
    GELU配置: [1, 1, 1, 4, 1, 4, 2, 1, 4, 2, 1, 2]
    Softmax配置: [6, 6, 6, 6, 6, 6, 6, 6, 6, 6, 6, 6]
  回合（Episode） 73: 新最优！（New Best!） 奖励（Reward）=0.3433, 成本（Cost）=56.00
    GELU配置: [2, 2, 2, 1, 1, 1, 2, 1, 4, 1, 1, 1]
    Softmax配置: [6, 6, 6, 6, 6, 6, 6, 6, 6, 6, 6, 6]
  回合（Episode） 76: 新最优！（New Best!） 奖励（Reward）=0.3768, 成本（Cost）=55.00
    GELU配置: [2, 1, 1, 1, 1, 1, 1, 4, 2, 4, 1, 1]
    Softmax配置: [6, 6, 6, 6, 6, 6, 6, 6, 6, 6, 6, 6]
  [stage1-rollout-total] window=0 episodes=170 total=81.933s collect=78.207s model_forward=68.510s replay=0.004s detail=0.326s report_write=0.326s ppo_update=3.367s other=0.029s throughput=7469.5ep/h
  ╭────────────────────────────────────────────────────────────╮
  │ 回合（Episode） 170                                          │
  │ 平均奖励: -0.0906, 策略损失: 0.1569, 价值损失: 3.8993, 熵: 1.0986     │
  │ [GTrXL调度] LR: 0.000000, 熵系数: 0.012000, 更新次数: #1 (warmup) │
  ╰────────────────────────────────────────────────────────────╯
  ╭───────────────────────────────────────────────────────────────────────────────────────────────────────────────────────────────────────────────────────────────────────────╮
  │ Stage-1 RL 进度 · 回合 170 / 170                                                                                                                                            │
  │ [██████████████████████████████] 100.0%                                                                                                                                 │
  │ Reward-Best: 0.3768  成本: 55.00                                                                                                                                          │
  │   GELU:    [np.int64(2), np.int64(1), np.int64(1), np.int64(1), np.int64(1), np.int64(1), np.int64(1), np.int64(4), np.int64(2), np.int64(4), np.int64(1), np.int64(1)] │
  │   Softmax: [np.int64(6), np.int64(6), np.int64(6), np.int64(6), np.int64(6), np.int64(6), np.int64(6), np.int64(6), np.int64(6), np.int64(6), np.int64(6), np.int64(6)] │
  │ 已用时: 1m21s  预计剩余: 0m00s  预计完成: 2026-07-04 09:06:22  PPO 更新: 1 次                                                                                                         │
  ╰───────────────────────────────────────────────────────────────────────────────────────────────────────────────────────────────────────────────────────────────────────────╯
  [完成] Stage-1 最终 checkpoint 已保存 → /hy-tmp/rfr_stage1_ab_180d319_20260704_090423_min170_wait/out/g1/stage1/bert base mrpc/stage1_rl_checkpoint.pt
  [迁移] 可迁移 policy/critic 已保存 → /hy-tmp/rfr_stage1_ab_180d319_20260704_090423_min170_wait/out/g1/stage1/bert base mrpc/stage1_policy.pt
  [迁移] 用法：在新任务/新约束下，将 RL_OPT_FLAGS['stage1_pretrained_policy_path'] 设为该路径即可作为 base policy 继续训练。
  [检测] 局部最优检测报告 → /hy-tmp/rfr_stage1_ab_180d319_20260704_090423_min170_wait/out/g1/stage1/bert base mrpc/pruning_search_log.txt
  [检测] [OK] no warning signals

[Stage-1] 最终配置使用原始 PPO reward-best；GELU/Softmax 为确定性替换，不再按 window 二次评估重排。

--- PPO训练完成（PPO Training Completed） ---
已找到最优配置（通过RL）（Best Configuration Found by RL）：
  GELU配置: [2, 1, 1, 1, 1, 1, 1, 4, 2, 4, 1, 1]
  Softmax配置: [6, 6, 6, 6, 6, 6, 6, 6, 6, 6, 6, 6]
  成本（Cost）: 55.00, 奖励（Reward）: 0.3768
PPO训练曲线已保存至（PPO training curves saved to）: /hy-tmp/rfr_stage1_ab_180d319_20260704_090423_min170_wait/out/g1/stage1/bert base mrpc/ppo_training_curve.png
PPO熵曲线已保存至（PPO entropy curve saved to）: /hy-tmp/rfr_stage1_ab_180d319_20260704_090423_min170_wait/out/g1/stage1/bert base mrpc/ppo_entropy_curve.png
  [解耦] Stage-1 已归档进 record → /hy-tmp/rfr_stage1_ab_180d319_20260704_090423_min170_wait/out/g1/stage1/record/bert base mrpc 1 20260704（COMPLETED 已标记）

============================================================
最终评估报告（FINAL EVALUATION REPORT）（验证集）
============================================================

[信息] 第二阶段噪声RL训练已跳过（--skip-noise-rl）。

[信息] 统一最终评估已跳过（--skip-final-eval）。

配置评估完成（Configuration evaluation finished）。
  [best_policy] 已复制 /hy-tmp/rfr_stage1_ab_180d319_20260704_090423_min170_wait/out/g1/stage1/bert base mrpc/stage1_policy.pt → /hy-tmp/rfr_stage1_ab_180d319_20260704_090423_min170_wait/out/g1/stage1/bert base mrpc/best_policy/stage1_policy.pt
已替换 8 层的GELU函数（GELU function）
已替换 2 层的GELU函数（GELU function）
已替换 2 层的GELU函数（GELU function）
已替换 12 层的Softmax函数（Softmax function）

100%|██████████| 26/26 [01:23<00:00,  3.23s/it]
Round 0, Final evaluation loss: 0.34625446796417236

 If there's a warning about missing keys above, please disregard :)
