{
  "label": "parent",
  "source_commit": "4ea2997",
  "samples_seconds": [
    1.0469023149926215,
    1.0453619919717312,
    1.0402606800198555,
    1.0466858209692873,
    1.0424351979745552,
    1.042756307986565,
    1.044339555024635,
    1.0438882180023938,
    1.0403490369790234,
    1.046688982984051,
    1.0403866560081951
  ],
  "median_seconds": 1.0438882180023938,
  "mean_seconds": 1.0436413420829922,
  "result": [
    769,
    1,
    "bb33ac65f751f6900b1a9bba8e5513b7743b3a8c3b1582dd385c290da49acbc6"
  ],
  "results_identical": true,
  "verify": {
    "checked": 10,
    "num_random": 8
  }
}
