test_action_space_loads_mrpc_max_sfs_from_its_profile_directory (tests.test_blb_truncation_levels.TruncationLevelsTest.test_action_space_loads_mrpc_max_sfs_from_its_profile_directory) ... ok
test_action_space_stub_restores_global_module_state (tests.test_blb_truncation_levels.TruncationLevelsTest.test_action_space_stub_restores_global_module_state) ... ok
test_baseline_k_index_prefers_k13_and_falls_back_to_maximum (tests.test_blb_truncation_levels.TruncationLevelsTest.test_baseline_k_index_prefers_k13_and_falls_back_to_maximum) ... ok
test_checkpoint_k_domain_contract_carries_exact_ordered_levels (tests.test_blb_truncation_levels.TruncationLevelsTest.test_checkpoint_k_domain_contract_carries_exact_ordered_levels) ... ok
test_checkpoint_k_domain_rejects_missing_and_old_six_level_contracts (tests.test_blb_truncation_levels.TruncationLevelsTest.test_checkpoint_k_domain_rejects_missing_and_old_six_level_contracts) ... ok
test_checkpoint_k_domain_rejects_nonintegral_and_boolean_levels (tests.test_blb_truncation_levels.TruncationLevelsTest.test_checkpoint_k_domain_rejects_nonintegral_and_boolean_levels) ... ok
test_consumers_share_the_canonical_k_levels (tests.test_blb_truncation_levels.TruncationLevelsTest.test_consumers_share_the_canonical_k_levels) ... ok
test_default_domain_preserves_legacy_indices_and_adds_k6_k7 (tests.test_blb_truncation_levels.TruncationLevelsTest.test_default_domain_preserves_legacy_indices_and_adds_k6_k7) ... ok
test_load_k_levels_defaults_and_preserves_override_order (tests.test_blb_truncation_levels.TruncationLevelsTest.test_load_k_levels_defaults_and_preserves_override_order) ... ok
test_load_k_levels_rejects_duplicate_non_integer_and_empty_values (tests.test_blb_truncation_levels.TruncationLevelsTest.test_load_k_levels_rejects_duplicate_non_integer_and_empty_values) ... ok
test_top_level_import_works_with_only_stage2_package_on_pythonpath (tests.test_blb_truncation_levels.TruncationLevelsTest.test_top_level_import_works_with_only_stage2_package_on_pythonpath) ... ok
test_unknown_block_baseline_uses_maximum_configured_k (tests.test_blb_truncation_levels.TruncationLevelsTest.test_unknown_block_baseline_uses_maximum_configured_k) ... ok
test_validate_exact_k_domain_accepts_any_exact_order (tests.test_blb_truncation_levels.TruncationLevelsTest.test_validate_exact_k_domain_accepts_any_exact_order) ... ok
test_validate_exact_k_domain_rejects_missing_foreign_and_duplicates (tests.test_blb_truncation_levels.TruncationLevelsTest.test_validate_exact_k_domain_rejects_missing_foreign_and_duplicates) ... ok
test_24_layer_schedule_does_not_require_a_block1_fusion_map (tests.test_blb_layerwise_action.BertLargeLayerwiseScheduleTest.test_24_layer_schedule_does_not_require_a_block1_fusion_map) ... ok
test_rejects_unsupported_k_levels_at_every_public_entry_point (tests.test_blb_layerwise_action.KLevelsContractTest.test_rejects_unsupported_k_levels_at_every_public_entry_point) ... ok
test_reordered_supported_k_levels_decode_and_cost_by_value (tests.test_blb_layerwise_action.KLevelsContractTest.test_reordered_supported_k_levels_decode_and_cost_by_value) ... ok
test_decodes_shared_k6_k13_domain_and_preserves_k_indices (tests.test_blb_layerwise_action.LayerwiseApplicationTest.test_decodes_shared_k6_k13_domain_and_preserves_k_indices) ... ok
test_each_layer_splices_maps_and_preserves_block3_scaling_factors (tests.test_blb_layerwise_action.LayerwiseApplicationTest.test_each_layer_splices_maps_and_preserves_block3_scaling_factors) ... ok
test_resolves_actual_non_contiguous_option_ids (tests.test_blb_layerwise_action.LayerwiseApplicationTest.test_resolves_actual_non_contiguous_option_ids) ... ok
test_layer_zero_block1_k_is_active_everywhere (tests.test_blb_layerwise_action.LayerwiseNeighborTest.test_layer_zero_block1_k_is_active_everywhere) ... ok
test_neighbors_are_complete_unique_and_non_mutating (tests.test_blb_layerwise_action.LayerwiseNeighborTest.test_neighbors_are_complete_unique_and_non_mutating) ... ok
test_validates_late_coordinates_before_first_yield (tests.test_blb_layerwise_action.LayerwiseNeighborTest.test_validates_late_coordinates_before_first_yield) ... ok
test_application_owns_read_only_vector_and_frozen_metadata (tests.test_blb_layerwise_action.LayerwiseOwnershipTest.test_application_owns_read_only_vector_and_frozen_metadata) ... ok
test_decoded_action_owns_an_immutable_mapping (tests.test_blb_layerwise_action.LayerwiseOwnershipTest.test_decoded_action_owns_an_immutable_mapping) ... ok
test_has_canonical_twelve_step_geometry (tests.test_blb_layerwise_action.LayerwiseScheduleTest.test_has_canonical_twelve_step_geometry) ... ok
test_schedule_rejects_invalid_layers_and_missing_graph (tests.test_blb_layerwise_action.LayerwiseScheduleTest.test_schedule_rejects_invalid_layers_and_missing_graph) ... ok
test_duplicate_fixed_fusion_options_fail_loudly (tests.test_blb_layerwise_action.LayerwiseValidationTest.test_duplicate_fixed_fusion_options_fail_loudly) ... ok
test_invalid_action_shapes_and_indices_fail_loudly (tests.test_blb_layerwise_action.LayerwiseValidationTest.test_invalid_action_shapes_and_indices_fail_loudly) ... ok
test_map_structure_validation_fails_loudly (tests.test_blb_layerwise_action.LayerwiseValidationTest.test_map_structure_validation_fails_loudly) ... ok
test_bert_large_uses_all_24_layers_and_dynamic_resource_denominators (tests.test_blb_layerwise_action.VariableCostTest.test_bert_large_uses_all_24_layers_and_dynamic_resource_denominators) ... ok
test_cost_uses_decoded_k_values_not_category_order (tests.test_blb_layerwise_action.VariableCostTest.test_cost_uses_decoded_k_values_not_category_order) ... ok
test_independent_resource_axes_and_monotonicity (tests.test_blb_layerwise_action.VariableCostTest.test_independent_resource_axes_and_monotonicity) ... ok
test_layer_count_is_bound_into_identity_and_resource_denominators (tests.test_blb_layerwise_action.VariableCostTest.test_layer_count_is_bound_into_identity_and_resource_denominators) ... ok
test_one_axis_cannot_modify_the_other_axis (tests.test_blb_layerwise_action.VariableCostTest.test_one_axis_cannot_modify_the_other_axis) ... ok
test_packed_score_preserves_every_realisable_robust_floor_improvement (tests.test_blb_layerwise_action.VariableCostTest.test_packed_score_preserves_every_realisable_robust_floor_improvement) ... ok
test_shapley_and_slot_credits_cover_each_resource_family_once (tests.test_blb_layerwise_action.VariableCostTest.test_shapley_and_slot_credits_cover_each_resource_family_once) ... ok
test_each_network_variant_completes_factorized_ppo_with_diagnostics (tests.test_blb_layerwise_policy.LayerwisePolicyTest.test_each_network_variant_completes_factorized_ppo_with_diagnostics) ... ok
test_evaluate_action_exposes_factorized_log_probabilities (tests.test_blb_layerwise_policy.LayerwisePolicyTest.test_evaluate_action_exposes_factorized_log_probabilities) ... ok
test_explicit_schedule_indices_are_used_verbatim (tests.test_blb_layerwise_policy.LayerwisePolicyTest.test_explicit_schedule_indices_are_used_verbatim) ... ok
test_explicit_shared_constraint_return_replaces_scalar_critic_noise (tests.test_blb_layerwise_policy.LayerwisePolicyTest.test_explicit_shared_constraint_return_replaces_scalar_critic_noise) ... ok
test_factorized_actor_cost_removes_same_step_sibling_noise (tests.test_blb_layerwise_policy.LayerwisePolicyTest.test_factorized_actor_cost_removes_same_step_sibling_noise) ... ok
test_factorized_clipping_does_not_cross_clip_sibling_slots (tests.test_blb_layerwise_policy.LayerwisePolicyTest.test_factorized_clipping_does_not_cross_clip_sibling_slots) ... ok
test_factorized_kl_uses_active_slot_mean_not_joint_sum (tests.test_blb_layerwise_policy.LayerwisePolicyTest.test_factorized_kl_uses_active_slot_mean_not_joint_sum) ... ok
test_factorized_policy_loss_accepts_one_advantage_per_slot (tests.test_blb_layerwise_policy.LayerwisePolicyTest.test_factorized_policy_loss_accepts_one_advantage_per_slot) ... ok
test_factorized_ppo_converges_both_resource_families_on_contextual_bandit (tests.test_blb_layerwise_policy.LayerwisePolicyTest.test_factorized_ppo_converges_both_resource_families_on_contextual_bandit) ... ok
test_factorized_ppo_rejects_missing_behavior_log_probability_per_slot (tests.test_blb_layerwise_policy.LayerwisePolicyTest.test_factorized_ppo_rejects_missing_behavior_log_probability_per_slot) ... ok
test_factorized_ppo_uses_stored_behavior_log_probability_after_policy_changes (tests.test_blb_layerwise_policy.LayerwisePolicyTest.test_factorized_ppo_uses_stored_behavior_log_probability_after_policy_changes) ... ok
test_initial_probabilities_disable_existing_epsilon_exploration (tests.test_blb_layerwise_policy.LayerwisePolicyTest.test_initial_probabilities_disable_existing_epsilon_exploration) ... /hy-tmp/RFR_k6_13_eb19c6af_20260727/tests/test_blb_layerwise_policy.py:444: UserWarning: Converting a tensor with requires_grad=True to a scalar may lead to unexpected behavior.
Consider using tensor.detach() first. (Triggered internally at /pytorch/torch/csrc/autograd/generated/python_variable_methods.cpp:836.)
  self.assertAlmostEqual(float(sampled_log_prob), expected_selected_log_prob, places=6)
ok
test_initial_probabilities_map_by_decoded_value_in_reordered_support (tests.test_blb_layerwise_policy.LayerwisePolicyTest.test_initial_probabilities_map_by_decoded_value_in_reordered_support) ... ok
test_initial_probability_validation_rejects_bad_support_or_mass (tests.test_blb_layerwise_policy.LayerwisePolicyTest.test_initial_probability_validation_rejects_bad_support_or_mass) ... ok
test_layer_zero_block1_slot_contributes_log_probability_and_entropy (tests.test_blb_layerwise_policy.LayerwisePolicyTest.test_layer_zero_block1_slot_contributes_log_probability_and_entropy) ... ok
test_layerwise_parser_reads_exact_action_and_signal_rows (tests.test_blb_layerwise_policy.LayerwisePolicyTest.test_layerwise_parser_reads_exact_action_and_signal_rows) ... ok
test_layerwise_step_mask_activates_layer_zero_block1_slot (tests.test_blb_layerwise_policy.LayerwisePolicyTest.test_layerwise_step_mask_activates_layer_zero_block1_slot) ... ok
test_legacy_parser_layout_defaults_remain_unchanged (tests.test_blb_layerwise_policy.LayerwisePolicyTest.test_legacy_parser_layout_defaults_remain_unchanged) ... ok
test_malformed_explicit_schedule_indices_fail (tests.test_blb_layerwise_policy.LayerwisePolicyTest.test_malformed_explicit_schedule_indices_fail) ... ok
test_network_variants_keep_actor_initialization_matched_and_partition_parameters (tests.test_blb_layerwise_policy.LayerwisePolicyTest.test_network_variants_keep_actor_initialization_matched_and_partition_parameters) ... ok
test_normalized_entropy_objective_equalizes_binary_and_six_way_slots (tests.test_blb_layerwise_policy.LayerwisePolicyTest.test_normalized_entropy_objective_equalizes_binary_and_six_way_slots) ... ok
test_observation_layout_validation_fails_early (tests.test_blb_layerwise_policy.LayerwisePolicyTest.test_observation_layout_validation_fails_early) ... ok
test_production_shared_network_keeps_pre_ablation_parameter_count (tests.test_blb_layerwise_policy.LayerwisePolicyTest.test_production_shared_network_keeps_pre_ablation_parameter_count) ... ok
test_production_small_shared_network_has_agreed_architecture_and_size (tests.test_blb_layerwise_policy.LayerwisePolicyTest.test_production_small_shared_network_has_agreed_architecture_and_size) ... ok
test_sampling_can_return_behavior_log_probability_per_slot (tests.test_blb_layerwise_policy.LayerwisePolicyTest.test_sampling_can_return_behavior_log_probability_per_slot) ... ok
test_stochastic_sampling_zeros_masked_slot_without_changing_active_semantics (tests.test_blb_layerwise_policy.LayerwisePolicyTest.test_stochastic_sampling_zeros_masked_slot_without_changing_active_semantics) ... ok
test_terminal_reward_has_undiscounted_credit_at_every_layer (tests.test_blb_layerwise_policy.LayerwisePolicyTest.test_terminal_reward_has_undiscounted_credit_at_every_layer) ... ok
test_checkpoint_file_fingerprint_allows_suffix_only_and_rejects_prefix_change (tests.test_blb_layerwise_runner.LayerwiseDispatchRulesTests.test_checkpoint_file_fingerprint_allows_suffix_only_and_rejects_prefix_change) ... ok
test_checkpoint_fingerprint_tracker_hashes_only_new_suffixes (tests.test_blb_layerwise_runner.LayerwiseDispatchRulesTests.test_checkpoint_fingerprint_tracker_hashes_only_new_suffixes) ... ok
test_cuda_rng_role_registry_initializes_only_never_seen_roles (tests.test_blb_layerwise_runner.LayerwiseDispatchRulesTests.test_cuda_rng_role_registry_initializes_only_never_seen_roles) ... ok
test_cuda_rng_role_registry_survives_shrink_and_reexpansion (tests.test_blb_layerwise_runner.LayerwiseDispatchRulesTests.test_cuda_rng_role_registry_survives_shrink_and_reexpansion) ... ok
test_dispatch_selects_layerwise_only_for_fusion_plus_layer (tests.test_blb_layerwise_runner.LayerwiseDispatchRulesTests.test_dispatch_selects_layerwise_only_for_fusion_plus_layer) ... ok
test_factorized_ppo_uses_active_slot_kl_scale (tests.test_blb_layerwise_runner.LayerwiseDispatchRulesTests.test_factorized_ppo_uses_active_slot_kl_scale) ... ok
test_factorized_ppo_uses_per_slot_cost_control_variate (tests.test_blb_layerwise_runner.LayerwiseDispatchRulesTests.test_factorized_ppo_uses_per_slot_cost_control_variate) ... ok
test_fresh_layerwise_run_rejects_stale_marker_without_checkpoint (tests.test_blb_layerwise_runner.LayerwiseDispatchRulesTests.test_fresh_layerwise_run_rejects_stale_marker_without_checkpoint) ... ok
test_initial_probabilities_use_decoded_k_values_and_disable_epsilon (tests.test_blb_layerwise_runner.LayerwiseDispatchRulesTests.test_initial_probabilities_use_decoded_k_values_and_disable_epsilon) ... ok
test_launcher_locks_stage2_directory_before_fresh_cleanup (tests.test_blb_layerwise_runner.LayerwiseDispatchRulesTests.test_launcher_locks_stage2_directory_before_fresh_cleanup) ... ok
test_layerwise_branch_derives_policy_and_identity_from_model_depth (tests.test_blb_layerwise_runner.LayerwiseDispatchRulesTests.test_layerwise_branch_derives_policy_and_identity_from_model_depth) ... ok
test_layerwise_branch_finalizes_live_status_and_run_manifest (tests.test_blb_layerwise_runner.LayerwiseDispatchRulesTests.test_layerwise_branch_finalizes_live_status_and_run_manifest) ... ok
test_layerwise_branch_locks_and_writes_episode_zero_checkpoint (tests.test_blb_layerwise_runner.LayerwiseDispatchRulesTests.test_layerwise_branch_locks_and_writes_episode_zero_checkpoint) ... ok
test_layerwise_branch_persists_authoritative_run_mode_and_strict_summary (tests.test_blb_layerwise_runner.LayerwiseDispatchRulesTests.test_layerwise_branch_persists_authoritative_run_mode_and_strict_summary) ... ok
test_layerwise_branch_persists_complete_ppo_update_metrics (tests.test_blb_layerwise_runner.LayerwiseDispatchRulesTests.test_layerwise_branch_persists_complete_ppo_update_metrics) ... ok
test_layerwise_branch_rewrites_checkpoint_after_zero_episode_revalidation (tests.test_blb_layerwise_runner.LayerwiseDispatchRulesTests.test_layerwise_branch_rewrites_checkpoint_after_zero_episode_revalidation) ... ok
test_layerwise_branch_uses_reward_only_natural_convergence_contract (tests.test_blb_layerwise_runner.LayerwiseDispatchRulesTests.test_layerwise_branch_uses_reward_only_natural_convergence_contract) ... ok
test_layerwise_candidate_identity_binds_every_resource_contract_field (tests.test_blb_layerwise_runner.LayerwiseDispatchRulesTests.test_layerwise_candidate_identity_binds_every_resource_contract_field) ... ok
test_layerwise_candidate_identity_binds_k_level_order (tests.test_blb_layerwise_runner.LayerwiseDispatchRulesTests.test_layerwise_candidate_identity_binds_k_level_order) ... ok
test_layerwise_checkpoint_and_result_publish_reloadable_fusion_best (tests.test_blb_layerwise_runner.LayerwiseDispatchRulesTests.test_layerwise_checkpoint_and_result_publish_reloadable_fusion_best) ... ok
test_layerwise_checkpoint_contract_fails_before_mutating_training_state (tests.test_blb_layerwise_runner.LayerwiseDispatchRulesTests.test_layerwise_checkpoint_contract_fails_before_mutating_training_state) ... ok
test_layerwise_checkpoint_metadata_rejects_foreign_run_context (tests.test_blb_layerwise_runner.LayerwiseDispatchRulesTests.test_layerwise_checkpoint_metadata_rejects_foreign_run_context) ... ok
test_layerwise_checkpoint_preserves_long_run_search_state (tests.test_blb_layerwise_runner.LayerwiseDispatchRulesTests.test_layerwise_checkpoint_preserves_long_run_search_state) ... ok
test_layerwise_curves_rebuild_from_full_diagnostic_history (tests.test_blb_layerwise_runner.LayerwiseDispatchRulesTests.test_layerwise_curves_rebuild_from_full_diagnostic_history) ... ok
test_layerwise_episode_diagnostics_map_existing_probe_timing_fields (tests.test_blb_layerwise_runner.LayerwiseDispatchRulesTests.test_layerwise_episode_diagnostics_map_existing_probe_timing_fields) ... ok
test_layerwise_gpu_recovery_restart_waits_for_committed_checkpoint (tests.test_blb_layerwise_runner.LayerwiseDispatchRulesTests.test_layerwise_gpu_recovery_restart_waits_for_committed_checkpoint) ... ok
test_layerwise_online_trial_count_uses_authoritative_stage2_k_trials (tests.test_blb_layerwise_runner.LayerwiseDispatchRulesTests.test_layerwise_online_trial_count_uses_authoritative_stage2_k_trials) ... ok
test_layerwise_run_lock_rejects_second_writer_and_records_context (tests.test_blb_layerwise_runner.LayerwiseDispatchRulesTests.test_layerwise_run_lock_rejects_second_writer_and_records_context) ... ok
test_layerwise_training_wraps_primary_cuda_device_failures (tests.test_blb_layerwise_runner.LayerwiseDispatchRulesTests.test_layerwise_training_wraps_primary_cuda_device_failures) ... ok
test_legacy_cuda_rng_checkpoint_rejects_changed_gpu_count (tests.test_blb_layerwise_runner.LayerwiseDispatchRulesTests.test_legacy_cuda_rng_checkpoint_rejects_changed_gpu_count) ... ok
test_old_six_level_checkpoint_is_rejected_by_current_layerwise_context (tests.test_blb_layerwise_runner.LayerwiseDispatchRulesTests.test_old_six_level_checkpoint_is_rejected_by_current_layerwise_context) ... ok
test_outer_layerwise_branch_does_not_resurrect_stale_checkpoint_best (tests.test_blb_layerwise_runner.LayerwiseDispatchRulesTests.test_outer_layerwise_branch_does_not_resurrect_stale_checkpoint_best) ... ok
test_outer_owner_holder_closes_after_non_layerwise_return (tests.test_blb_layerwise_runner.LayerwiseDispatchRulesTests.test_outer_owner_holder_closes_after_non_layerwise_return) ... ok
test_outer_owner_holder_closes_after_pre_branch_failure (tests.test_blb_layerwise_runner.LayerwiseDispatchRulesTests.test_outer_owner_holder_closes_after_pre_branch_failure) ... ok
test_outer_owner_holder_is_idempotent_after_layerwise_cleanup (tests.test_blb_layerwise_runner.LayerwiseDispatchRulesTests.test_outer_owner_holder_is_idempotent_after_layerwise_cleanup) ... ok
test_public_config_builder_drives_real_dispatch_rules (tests.test_blb_layerwise_runner.LayerwiseDispatchRulesTests.test_public_config_builder_drives_real_dispatch_rules) ... ok
test_sequential_train_config_carries_layerwise_resume_state (tests.test_blb_layerwise_runner.LayerwiseDispatchRulesTests.test_sequential_train_config_carries_layerwise_resume_state) ... ok
test_stage2_run_lock_survives_deletion_of_fresh_run_directory (tests.test_blb_layerwise_runner.LayerwiseDispatchRulesTests.test_stage2_run_lock_survives_deletion_of_fresh_run_directory) ... ok
test_stage2_runner_uses_shared_calibrated_action_context (tests.test_blb_layerwise_runner.LayerwiseDispatchRulesTests.test_stage2_runner_uses_shared_calibrated_action_context) ... ok
test_zero_episode_limit_is_reserved_for_layerwise_robust_training (tests.test_blb_layerwise_runner.LayerwiseDispatchRulesTests.test_zero_episode_limit_is_reserved_for_layerwise_robust_training) ... ok
test_already_promoted_candidate_uses_f4_evidence_not_new_f1_result (tests.test_blb_layerwise_runner.LayerwisePromotionTests.test_already_promoted_candidate_uses_f4_evidence_not_new_f1_result) ... ok
test_bank_c_certification_pools_75_trials_and_ignores_probability (tests.test_blb_layerwise_runner.LayerwisePromotionTests.test_bank_c_certification_pools_75_trials_and_ignores_probability) ... ok
test_bank_c_transient_failure_is_retryable_after_restore (tests.test_blb_layerwise_runner.LayerwisePromotionTests.test_bank_c_transient_failure_is_retryable_after_restore) ... ok
test_each_authoritative_point_gate_blocks_its_own_failure (tests.test_blb_layerwise_runner.LayerwisePromotionTests.test_each_authoritative_point_gate_blocks_its_own_failure) ... ok
test_failed_f4_promotion_status_is_not_mislabeled_f1 (tests.test_blb_layerwise_runner.LayerwisePromotionTests.test_failed_f4_promotion_status_is_not_mislabeled_f1) ... ok
test_failed_required_promotion_is_not_marked_promoted (tests.test_blb_layerwise_runner.LayerwisePromotionTests.test_failed_required_promotion_is_not_marked_promoted) ... ok
test_final_revalidation_failure_remains_excluded_after_restore (tests.test_blb_layerwise_runner.LayerwisePromotionTests.test_final_revalidation_failure_remains_excluded_after_restore) ... ok
test_final_revalidation_pass_restores_fresh_strict_evidence (tests.test_blb_layerwise_runner.LayerwisePromotionTests.test_final_revalidation_pass_restores_fresh_strict_evidence) ... ok
test_latest_promotion_status_reuses_warmed_candidate_index (tests.test_blb_layerwise_runner.LayerwisePromotionTests.test_latest_promotion_status_reuses_warmed_candidate_index) ... ok
test_promotion_allows_equal_cost_candidates_for_deterministic_tie_ranking (tests.test_blb_layerwise_runner.LayerwisePromotionTests.test_promotion_allows_equal_cost_candidates_for_deterministic_tie_ranking) ... ok
test_promotion_assesses_existing_evidence_above_target_without_new_probe (tests.test_blb_layerwise_runner.LayerwisePromotionTests.test_promotion_assesses_existing_evidence_above_target_without_new_probe) ... ok
test_promotion_collects_25_full_trials_without_pooling_five_probe_trials (tests.test_blb_layerwise_runner.LayerwisePromotionTests.test_promotion_collects_25_full_trials_without_pooling_five_probe_trials) ... ok
test_promotion_recovers_pending_reassessment_after_top_up_crash (tests.test_blb_layerwise_runner.LayerwisePromotionTests.test_promotion_recovers_pending_reassessment_after_top_up_crash) ... ok
test_promotion_rejects_priority_confidence_and_dominated_candidates (tests.test_blb_layerwise_runner.LayerwisePromotionTests.test_promotion_rejects_priority_confidence_and_dominated_candidates) ... ok
test_promotion_selects_fresh_trial_seeds_disjoint_from_existing_evidence (tests.test_blb_layerwise_runner.LayerwisePromotionTests.test_promotion_selects_fresh_trial_seeds_disjoint_from_existing_evidence) ... ok
test_promotion_tops_up_five_to_25_through_real_chain_once (tests.test_blb_layerwise_runner.LayerwisePromotionTests.test_promotion_tops_up_five_to_25_through_real_chain_once) ... ok
test_restore_promoted_candidates_reassesses_persisted_frontier (tests.test_blb_layerwise_runner.LayerwisePromotionTests.test_restore_promoted_candidates_reassesses_persisted_frontier) ... ok
test_three_bank_promotion_resumes_from_complete_fixed_seed_groups (tests.test_blb_layerwise_runner.LayerwisePromotionTests.test_three_bank_promotion_resumes_from_complete_fixed_seed_groups) ... ok
test_three_bank_promotion_uses_a_then_b_point_gates_not_probability (tests.test_blb_layerwise_runner.LayerwisePromotionTests.test_three_bank_promotion_uses_a_then_b_point_gates_not_probability) ... ok
test_three_bank_restore_uses_point_gate_and_preserves_final_evidence (tests.test_blb_layerwise_runner.LayerwisePromotionTests.test_three_bank_restore_uses_point_gate_and_preserves_final_evidence) ... ok
test_adjacent_same_action_episodes_pool_ten_distinct_real_probe_seeds (tests.test_blb_layerwise_runner.LayerwiseRolloutTests.test_adjacent_same_action_episodes_pool_ten_distinct_real_probe_seeds) ... ok
test_bounded_resume_clears_convergence_after_frontier_retraction (tests.test_blb_layerwise_runner.LayerwiseRolloutTests.test_bounded_resume_clears_convergence_after_frontier_retraction) ... ok
test_bounded_smoke_never_runs_natural_revalidation (tests.test_blb_layerwise_runner.LayerwiseRolloutTests.test_bounded_smoke_never_runs_natural_revalidation) ... ok
test_default_step_adapter_accepts_canonical_k_level_count (tests.test_blb_layerwise_runner.LayerwiseRolloutTests.test_default_step_adapter_accepts_canonical_k_level_count) ... ok
test_episode_record_labels_fresh_reward_and_f1_prefilter_evidence (tests.test_blb_layerwise_runner.LayerwiseRolloutTests.test_episode_record_labels_fresh_reward_and_f1_prefilter_evidence) ... ok
test_exact_terminal_batch_size_uses_only_the_cross_episode_imbalance (tests.test_blb_layerwise_runner.LayerwiseRolloutTests.test_exact_terminal_batch_size_uses_only_the_cross_episode_imbalance) ... ok
test_exhausted_bounded_resume_does_not_become_unbounded (tests.test_blb_layerwise_runner.LayerwiseRolloutTests.test_exhausted_bounded_resume_does_not_become_unbounded) ... ok
test_exhaustive_c_fallback_reports_surviving_certified_tie_as_passed (tests.test_blb_layerwise_runner.LayerwiseRolloutTests.test_exhaustive_c_fallback_reports_surviving_certified_tie_as_passed) ... ok
test_failed_strict_revalidation_removes_winner_before_continuing (tests.test_blb_layerwise_runner.LayerwiseRolloutTests.test_failed_strict_revalidation_removes_winner_before_continuing) ... ok
test_grouped_terminal_probes_finalize_in_order_at_the_ppo_boundary (tests.test_blb_layerwise_runner.LayerwiseRolloutTests.test_grouped_terminal_probes_finalize_in_order_at_the_ppo_boundary) ... ok
test_invalid_terminal_may_omit_raw_evidence (tests.test_blb_layerwise_runner.LayerwiseRolloutTests.test_invalid_terminal_may_omit_raw_evidence) ... ok
test_layerwise_branch_propagates_runtime_terminal_batch_size (tests.test_blb_layerwise_runner.LayerwiseRolloutTests.test_layerwise_branch_propagates_runtime_terminal_batch_size) ... ok
test_layerwise_loop_contains_no_retired_blockwise_scaffolds (tests.test_blb_layerwise_runner.LayerwiseRolloutTests.test_layerwise_loop_contains_no_retired_blockwise_scaffolds) ... ok
test_max_cap_does_not_export_an_uncertified_ab_candidate (tests.test_blb_layerwise_runner.LayerwiseRolloutTests.test_max_cap_does_not_export_an_uncertified_ab_candidate) ... ok
test_max_cap_falls_back_to_dominated_ab_candidate_when_winner_fails_c (tests.test_blb_layerwise_runner.LayerwiseRolloutTests.test_max_cap_falls_back_to_dominated_ab_candidate_when_winner_fails_c) ... ok
test_max_episode_cap_still_runs_bank_c_and_keeps_resumable_result (tests.test_blb_layerwise_runner.LayerwiseRolloutTests.test_max_episode_cap_still_runs_bank_c_and_keeps_resumable_result) ... ok
test_nonfinite_restored_entropy_is_unavailable_not_fatal (tests.test_blb_layerwise_runner.LayerwiseRolloutTests.test_nonfinite_restored_entropy_is_unavailable_not_fatal) ... ok
test_nonfinite_skipped_update_does_not_advance_convergence_patience (tests.test_blb_layerwise_runner.LayerwiseRolloutTests.test_nonfinite_skipped_update_does_not_advance_convergence_patience) ... ok
test_positive_episode_budget_remains_a_bounded_smoke_run (tests.test_blb_layerwise_runner.LayerwiseRolloutTests.test_positive_episode_budget_remains_a_bounded_smoke_run) ... ok
test_ppo_update_exposes_current_strict_frontier_snapshot (tests.test_blb_layerwise_runner.LayerwiseRolloutTests.test_ppo_update_exposes_current_strict_frontier_snapshot) ... ok
test_promoted_reward_and_install_metadata_restore_from_promotion_record (tests.test_blb_layerwise_runner.LayerwiseRolloutTests.test_promoted_reward_and_install_metadata_restore_from_promotion_record) ... ok
test_protected_k1_reject_never_enters_candidate_store (tests.test_blb_layerwise_runner.LayerwiseRolloutTests.test_protected_k1_reject_never_enters_candidate_store) ... ok
test_repeated_action_keeps_bootstrap_assessment_at_fixed_25_trial_budget (tests.test_blb_layerwise_runner.LayerwiseRolloutTests.test_repeated_action_keeps_bootstrap_assessment_at_fixed_25_trial_budget) ... ok
test_terminal_batch_rebalances_after_probe_pool_shrinks (tests.test_blb_layerwise_runner.LayerwiseRolloutTests.test_terminal_batch_rebalances_after_probe_pool_shrinks) ... ok
test_train_bounded_history_can_be_disabled_without_changing_callbacks (tests.test_blb_layerwise_runner.LayerwiseRolloutTests.test_train_bounded_history_can_be_disabled_without_changing_callbacks) ... ok
test_train_bounded_history_defaults_to_complete_direct_call_lists (tests.test_blb_layerwise_runner.LayerwiseRolloutTests.test_train_bounded_history_defaults_to_complete_direct_call_lists) ... ok
test_train_bounded_history_preserves_nonzero_resume_callback_identities (tests.test_blb_layerwise_runner.LayerwiseRolloutTests.test_train_bounded_history_preserves_nonzero_resume_callback_identities) ... ok
test_train_collects_all_24_bert_large_transitions (tests.test_blb_layerwise_runner.LayerwiseRolloutTests.test_train_collects_all_24_bert_large_transitions) ... ok
test_train_collects_exactly_12_terminal_credit_transitions (tests.test_blb_layerwise_runner.LayerwiseRolloutTests.test_train_collects_exactly_12_terminal_credit_transitions) ... ok
test_transient_strict_revalidation_error_keeps_winner_and_retries (tests.test_blb_layerwise_runner.LayerwiseRolloutTests.test_transient_strict_revalidation_error_keeps_winner_and_retries) ... ok
test_unbounded_training_stops_only_after_natural_convergence (tests.test_blb_layerwise_runner.LayerwiseRolloutTests.test_unbounded_training_stops_only_after_natural_convergence) ... ok
test_valid_terminal_requires_exact_aligned_raw_evidence (tests.test_blb_layerwise_runner.LayerwiseRolloutTests.test_valid_terminal_requires_exact_aligned_raw_evidence) ... ok
test_zero_remaining_bounded_resume_preserves_frontier_without_convergence (tests.test_blb_layerwise_runner.LayerwiseRolloutTests.test_zero_remaining_bounded_resume_preserves_frontier_without_convergence) ... ok
test_authoritative_validation_reuses_shared_five_device_probe_pool (tests.test_blb_layerwise_runner.LayerwiseRunnerPureRulesTests.test_authoritative_validation_reuses_shared_five_device_probe_pool) ... ok
test_compact_promotion_status_helper_delegates_to_candidate_store_api (tests.test_blb_layerwise_runner.LayerwiseRunnerPureRulesTests.test_compact_promotion_status_helper_delegates_to_candidate_store_api) ... ok
test_convergence_cannot_trigger_while_current_frontier_is_empty (tests.test_blb_layerwise_runner.LayerwiseRunnerPureRulesTests.test_convergence_cannot_trigger_while_current_frontier_is_empty) ... ok
test_convergence_checkpoint_persists_and_validates_contract (tests.test_blb_layerwise_runner.LayerwiseRunnerPureRulesTests.test_convergence_checkpoint_persists_and_validates_contract) ... ok
test_convergence_depends_on_policy_and_frontier_not_episode_count (tests.test_blb_layerwise_runner.LayerwiseRunnerPureRulesTests.test_convergence_depends_on_policy_and_frontier_not_episode_count) ... ok
test_convergence_rebases_when_feasible_frontier_retracts (tests.test_blb_layerwise_runner.LayerwiseRunnerPureRulesTests.test_convergence_rebases_when_feasible_frontier_retracts) ... ok
test_convergence_resets_on_exact_resource_objective_improvement (tests.test_blb_layerwise_runner.LayerwiseRunnerPureRulesTests.test_convergence_resets_on_exact_resource_objective_improvement) ... ok
test_convergence_tracker_state_round_trips_across_resume (tests.test_blb_layerwise_runner.LayerwiseRunnerPureRulesTests.test_convergence_tracker_state_round_trips_across_resume) ... ok
test_convergence_uses_stable_selected_action_not_entropy (tests.test_blb_layerwise_runner.LayerwiseRunnerPureRulesTests.test_convergence_uses_stable_selected_action_not_entropy) ... ok
test_diagnostics_best_snapshot_can_be_reconciled_without_episode_append (tests.test_blb_layerwise_runner.LayerwiseRunnerPureRulesTests.test_diagnostics_best_snapshot_can_be_reconciled_without_episode_append) ... ok
test_episode_limit_resume_allows_only_equal_or_larger_caps (tests.test_blb_layerwise_runner.LayerwiseRunnerPureRulesTests.test_episode_limit_resume_allows_only_equal_or_larger_caps) ... ok
test_evidence_identity_context_separates_probe_and_full_validation (tests.test_blb_layerwise_runner.LayerwiseRunnerPureRulesTests.test_evidence_identity_context_separates_probe_and_full_validation) ... ok
test_full_validation_loader_is_uncapped_and_does_not_use_probe_subset (tests.test_blb_layerwise_runner.LayerwiseRunnerPureRulesTests.test_full_validation_loader_is_uncapped_and_does_not_use_probe_subset) ... ok
test_identical_online_evidence_retargets_existing_assessment (tests.test_blb_layerwise_runner.LayerwiseRunnerPureRulesTests.test_identical_online_evidence_retargets_existing_assessment) ... ok
test_layerwise_algorithm_identity_excludes_extendable_runtime_cap (tests.test_blb_layerwise_runner.LayerwiseRunnerPureRulesTests.test_layerwise_algorithm_identity_excludes_extendable_runtime_cap) ... ok
test_layerwise_branch_routes_promotion_through_authoritative_env (tests.test_blb_layerwise_runner.LayerwiseRunnerPureRulesTests.test_layerwise_branch_routes_promotion_through_authoritative_env) ... ok
test_layerwise_branch_wires_restored_diagnostics_into_resumed_best_reward (tests.test_blb_layerwise_runner.LayerwiseRunnerPureRulesTests.test_layerwise_branch_wires_restored_diagnostics_into_resumed_best_reward) ... ok
test_layerwise_compact_candidate_store_wiring_preserves_f1_and_f4_payload_rules (tests.test_blb_layerwise_runner.LayerwiseRunnerPureRulesTests.test_layerwise_compact_candidate_store_wiring_preserves_f1_and_f4_payload_rules) ... ok
test_layerwise_contract_records_multifidelity_and_honest_stop_statuses (tests.test_blb_layerwise_runner.LayerwiseRunnerPureRulesTests.test_layerwise_contract_records_multifidelity_and_honest_stop_statuses) ... ok
test_layerwise_episode_budget_zero_remains_unbounded_across_resume (tests.test_blb_layerwise_runner.LayerwiseRunnerPureRulesTests.test_layerwise_episode_budget_zero_remains_unbounded_across_resume) ... ok
test_layerwise_online_probe_is_fixed_to_256_examples (tests.test_blb_layerwise_runner.LayerwiseRunnerPureRulesTests.test_layerwise_online_probe_is_fixed_to_256_examples) ... ok
test_layerwise_stage2_builds_one_shared_probe_owner (tests.test_blb_layerwise_runner.LayerwiseRunnerPureRulesTests.test_layerwise_stage2_builds_one_shared_probe_owner) ... ok
test_layerwise_validation_bank_config_is_fixed_to_25_25_25 (tests.test_blb_layerwise_runner.LayerwiseRunnerPureRulesTests.test_layerwise_validation_bank_config_is_fixed_to_25_25_25) ... ok
test_nonfinite_entropy_is_unavailable_diagnostic_not_fatal (tests.test_blb_layerwise_runner.LayerwiseRunnerPureRulesTests.test_nonfinite_entropy_is_unavailable_diagnostic_not_fatal) ... ok
test_normalized_entropy_excludes_masked_and_one_option_slots (tests.test_blb_layerwise_runner.LayerwiseRunnerPureRulesTests.test_normalized_entropy_excludes_masked_and_one_option_slots) ... ok
test_normalized_safety_margins_cover_all_six_constraints (tests.test_blb_layerwise_runner.LayerwiseRunnerPureRulesTests.test_normalized_safety_margins_cover_all_six_constraints) ... ok
test_objective_convergence_requires_minimum_episodes_and_revalidation (tests.test_blb_layerwise_runner.LayerwiseRunnerPureRulesTests.test_objective_convergence_requires_minimum_episodes_and_revalidation) ... ok
test_orphaned_selected_action_counter_resets_on_restore (tests.test_blb_layerwise_runner.LayerwiseRunnerPureRulesTests.test_orphaned_selected_action_counter_resets_on_restore) ... ok
test_p1_and_p2_never_receive_cost_credit (tests.test_blb_layerwise_runner.LayerwiseRunnerPureRulesTests.test_p1_and_p2_never_receive_cost_credit) ... ok
test_p3_resource_score_is_redistributed_without_changing_episode_return (tests.test_blb_layerwise_runner.LayerwiseRunnerPureRulesTests.test_p3_resource_score_is_redistributed_without_changing_episode_return) ... ok
test_p3_resource_score_supports_all_24_bert_large_layers (tests.test_blb_layerwise_runner.LayerwiseRunnerPureRulesTests.test_p3_resource_score_supports_all_24_bert_large_layers) ... ok
test_point_constraint_gate_checks_all_six_metrics_without_probability (tests.test_blb_layerwise_runner.LayerwiseRunnerPureRulesTests.test_point_constraint_gate_checks_all_six_metrics_without_probability) ... ok
test_protected_k1_direct_k5_bypass_is_explicitly_annotated (tests.test_blb_layerwise_runner.LayerwiseRunnerPureRulesTests.test_protected_k1_direct_k5_bypass_is_explicitly_annotated) ... ok
test_protected_k1_fail_open_and_counters_restore_from_checkpoint (tests.test_blb_layerwise_runner.LayerwiseRunnerPureRulesTests.test_protected_k1_fail_open_and_counters_restore_from_checkpoint) ... ok
test_protected_k1_preserves_every_potential_resource_frontier_point (tests.test_blb_layerwise_runner.LayerwiseRunnerPureRulesTests.test_protected_k1_preserves_every_potential_resource_frontier_point) ... ok
test_resumed_best_reward_uses_historical_diagnostics_maximum (tests.test_blb_layerwise_runner.LayerwiseRunnerPureRulesTests.test_resumed_best_reward_uses_historical_diagnostics_maximum) ... ok
test_reward_redistribution_rejects_inconsistent_cost_terms (tests.test_blb_layerwise_runner.LayerwiseRunnerPureRulesTests.test_reward_redistribution_rejects_inconsistent_cost_terms) ... ok
test_same_cost_resume_reconciliation_resets_stale_action_identity (tests.test_blb_layerwise_runner.LayerwiseRunnerPureRulesTests.test_same_cost_resume_reconciliation_resets_stale_action_identity) ... ok
test_same_cost_selected_action_change_resets_action_stability (tests.test_blb_layerwise_runner.LayerwiseRunnerPureRulesTests.test_same_cost_selected_action_change_resets_action_stability) ... ok
test_strict_best_snapshot_uses_action_lexicographic_final_tie_break (tests.test_blb_layerwise_runner.LayerwiseRunnerPureRulesTests.test_strict_best_snapshot_uses_action_lexicographic_final_tie_break) ... ok
test_strict_rank_and_pareto_use_both_resource_axes (tests.test_blb_layerwise_runner.LayerwiseRunnerPureRulesTests.test_strict_rank_and_pareto_use_both_resource_axes) ... ok
test_strict_rank_orders_cost_then_confidence_then_safety_margin (tests.test_blb_layerwise_runner.LayerwiseRunnerPureRulesTests.test_strict_rank_orders_cost_then_confidence_then_safety_margin) ... ok
test_strict_rank_uses_all_six_confidences_and_margins (tests.test_blb_layerwise_runner.LayerwiseRunnerPureRulesTests.test_strict_rank_uses_all_six_confidences_and_margins) ... ok
test_strict_selection_key_uses_action_vector_before_candidate_key (tests.test_blb_layerwise_runner.LayerwiseRunnerPureRulesTests.test_strict_selection_key_uses_action_vector_before_candidate_key) ... ok
test_strict_snapshot_selection_key_matches_live_key_shape (tests.test_blb_layerwise_runner.LayerwiseRunnerPureRulesTests.test_strict_snapshot_selection_key_matches_live_key_shape) ... ok
test_three_bank_convergence_contract_cannot_stop_before_90k_or_100_updates (tests.test_blb_layerwise_runner.LayerwiseRunnerPureRulesTests.test_three_bank_convergence_contract_cannot_stop_before_90k_or_100_updates) ... ok
test_three_validation_banks_are_disjoint_and_pool_in_order (tests.test_blb_layerwise_runner.LayerwiseRunnerPureRulesTests.test_three_validation_banks_are_disjoint_and_pool_in_order) ... ok
test_adjacent_episode_trial_domains_are_disjoint_and_bounded (tests.test_blb_layerwise_runner.LayerwiseSeedTests.test_adjacent_episode_trial_domains_are_disjoint_and_bounded) ... ok
test_both_full_saturate_to_one (tests.test_blb_fusion_reward.BudgetSplitComponentsTest.test_both_full_saturate_to_one) ... ok
test_components_zero_at_baseline (tests.test_blb_fusion_reward.BudgetSplitComponentsTest.test_components_zero_at_baseline) ... ok
test_fusion_and_truncation_have_equal_budget (tests.test_blb_fusion_reward.BudgetSplitComponentsTest.test_fusion_and_truncation_have_equal_budget) ... ok
test_fusion_degenerate_schedule_has_zero_fusion_max (tests.test_blb_fusion_reward.BudgetSplitComponentsTest.test_fusion_degenerate_schedule_has_zero_fusion_max) ... ok
test_fusion_only_moves_fusion_norm (tests.test_blb_fusion_reward.BudgetSplitComponentsTest.test_fusion_only_moves_fusion_norm) ... ok
test_k6_is_full_truncation_saving_and_k13_is_zero (tests.test_blb_fusion_reward.BudgetSplitComponentsTest.test_k6_is_full_truncation_saving_and_k13_is_zero) ... ok
test_k_only_moves_trunc_norm (tests.test_blb_fusion_reward.BudgetSplitComponentsTest.test_k_only_moves_trunc_norm) ... ok
test_split_budget_marginal_fusion_visible (tests.test_blb_fusion_reward.BudgetSplitComponentsTest.test_split_budget_marginal_fusion_visible) ... ok
test_external_cost_clipped_to_budget (tests.test_blb_fusion_reward.ExternalCostThreadingTest.test_external_cost_clipped_to_budget) ... ok
test_none_external_cost_preserves_legacy_path (tests.test_blb_fusion_reward.ExternalCostThreadingTest.test_none_external_cost_preserves_legacy_path) ... ok
test_p1_ignores_external_cost (tests.test_blb_fusion_reward.ExternalCostThreadingTest.test_p1_ignores_external_cost) ... ok
test_p3_uses_external_cost (tests.test_blb_fusion_reward.ExternalCostThreadingTest.test_p3_uses_external_cost) ... ok
test_weight_constants_match_spec (tests.test_blb_fusion_reward.ExternalCostThreadingTest.test_weight_constants_match_spec) ... ok
test_baseline_zero_saving (tests.test_blb_fusion_reward.FusionCostSavingTest.test_baseline_zero_saving) ... ok
test_block1_block4_fusion_inert (tests.test_blb_fusion_reward.FusionCostSavingTest.test_block1_block4_fusion_inert) ... ok
test_default_max_actual_reuses_single_pass_accumulators (tests.test_blb_fusion_reward.FusionCostSavingTest.test_default_max_actual_reuses_single_pass_accumulators) ... ok
test_full_saving_normalizes_to_one (tests.test_blb_fusion_reward.FusionCostSavingTest.test_full_saving_normalizes_to_one) ... ok
test_precomputed_max_actual_used (tests.test_blb_fusion_reward.FusionCostSavingTest.test_precomputed_max_actual_used) ... ok
test_rank_monotonic_in_fusion (tests.test_blb_fusion_reward.FusionCostSavingTest.test_rank_monotonic_in_fusion) ... ok
test_trunc_saving_linear (tests.test_blb_fusion_reward.FusionCostSavingTest.test_trunc_saving_linear) ... ok
test_actual_k_values_not_category_order_drive_cost (tests.test_blb_fusion_reward.LayerwiseVariableCostContractTest.test_actual_k_values_not_category_order_drive_cost) ... ok
test_fixed_block2_and_block5_fusion_are_not_variable_cost_inputs (tests.test_blb_fusion_reward.LayerwiseVariableCostContractTest.test_fixed_block2_and_block5_fusion_are_not_variable_cost_inputs) ... ok
test_fusion_and_k_update_independent_axes_without_exchange_rate (tests.test_blb_fusion_reward.LayerwiseVariableCostContractTest.test_fusion_and_k_update_independent_axes_without_exchange_rate) ... ok
test_higher_block4_fusion_increases_only_fusion_units (tests.test_blb_fusion_reward.LayerwiseVariableCostContractTest.test_higher_block4_fusion_increases_only_fusion_units) ... ok
test_lowering_each_actual_k_slot_increases_cost (tests.test_blb_fusion_reward.LayerwiseVariableCostContractTest.test_lowering_each_actual_k_slot_increases_cost) ... ok
test_robust_floor_rewards_progress_on_both_resource_axes (tests.test_blb_fusion_reward.LayerwiseVariableCostContractTest.test_robust_floor_rewards_progress_on_both_resource_axes) ... ok
test_beyond_band_keeps_cliff (tests.test_blb_fusion_reward.NearMissGradedTierTest.test_beyond_band_keeps_cliff) ... ok
test_catastrophic_keeps_cliff (tests.test_blb_fusion_reward.NearMissGradedTierTest.test_catastrophic_keeps_cliff) ... ok
test_grading_monotonic_in_deficit (tests.test_blb_fusion_reward.NearMissGradedTierTest.test_grading_monotonic_in_deficit) ... ok
test_invalid_never_near_miss (tests.test_blb_fusion_reward.NearMissGradedTierTest.test_invalid_never_near_miss) ... ok
test_near_miss_below_every_p3 (tests.test_blb_fusion_reward.NearMissGradedTierTest.test_near_miss_below_every_p3) ... ok
test_pass_unaffected (tests.test_blb_fusion_reward.NearMissGradedTierTest.test_pass_unaffected) ... ok
test_tiny_miss_graded_not_cliff (tests.test_blb_fusion_reward.NearMissGradedTierTest.test_tiny_miss_graded_not_cliff) ... ok
test_fusion_change_breaks_pin (tests.test_blb_fusion_reward.PinClassificationCriterionTest.test_fusion_change_breaks_pin) ... ok
test_invalid_level_breaks_pin (tests.test_blb_fusion_reward.PinClassificationCriterionTest.test_invalid_level_breaks_pin) ... ok
test_joint_encode_kept_by_bits_proxy (tests.test_blb_fusion_reward.PinClassificationCriterionTest.test_joint_encode_kept_by_bits_proxy) ... ok
test_truly_inert_slot_is_pinnable (tests.test_blb_fusion_reward.PinClassificationCriterionTest.test_truly_inert_slot_is_pinnable) ... ok
test_baseline_episode_zero_saving (tests.test_blb_fusion_reward.RealMapIntegrationTest.test_baseline_episode_zero_saving) ... ok
test_block2_block5_fusable_and_all_maps_load (tests.test_blb_fusion_reward.RealMapIntegrationTest.test_block2_block5_fusable_and_all_maps_load) ... ok
test_max_saving_episode_normalizes_to_one (tests.test_blb_fusion_reward.RealMapIntegrationTest.test_max_saving_episode_normalizes_to_one) ... ok
test_reducer_counts_and_shrinks (tests.test_blb_fusion_reward.ShardedReduceEquivalenceTest.test_reducer_counts_and_shrinks) ... ok
test_sharded_matches_batch (tests.test_blb_fusion_reward.ShardedReduceEquivalenceTest.test_sharded_matches_batch) ... ok
test_fusion_cost_loads_without_sibling_path_or_cached_module (tests.test_blb_fusion_reward.StandaloneImportCompatibilityTest.test_fusion_cost_loads_without_sibling_path_or_cached_module) ... ok
test_reward_cost_fraction_uses_k6_k13_domain_when_loaded_standalone (tests.test_blb_fusion_reward.StandaloneImportCompatibilityTest.test_reward_cost_fraction_uses_k6_k13_domain_when_loaded_standalone) ... ok
test_all_sf_kinds_are_15_levels (tests.test_blb_fusion_reward.UniformStep1DecodeTest.test_all_sf_kinds_are_15_levels) ... ok
test_block_default_N_forced_to_16384 (tests.test_blb_fusion_reward.UniformStep1DecodeTest.test_block_default_N_forced_to_16384) ... ok
test_distinct_level_indices_skip_duplicate_values_only (tests.test_blb_fusion_reward.UniformStep1DecodeTest.test_distinct_level_indices_skip_duplicate_values_only) ... ok
test_field_level_values_rescale_and_fresh (tests.test_blb_fusion_reward.UniformStep1DecodeTest.test_field_level_values_rescale_and_fresh) ... ok
test_low_baseline_sf_snaps_to_floor (tests.test_blb_fusion_reward.UniformStep1DecodeTest.test_low_baseline_sf_snaps_to_floor) ... ok
test_rescale_idx0_none_max_idx_is_baseline (tests.test_blb_fusion_reward.UniformStep1DecodeTest.test_rescale_idx0_none_max_idx_is_baseline) ... ok
test_step1_sweep_full_integer_range (tests.test_blb_fusion_reward.UniformStep1DecodeTest.test_step1_sweep_full_integer_range) ... ok
test_complete_replan_is_model_ready_and_preserves_block3_k (tests.test_blb_action_materialization.ActionMaterializationTests.test_complete_replan_is_model_ready_and_preserves_block3_k) ... ok
test_final_config_identity_includes_boosted_sf_and_k (tests.test_blb_action_materialization.ActionMaterializationTests.test_final_config_identity_includes_boosted_sf_and_k) ... ok
test_missing_optimizer_baseline_skeleton_fails_closed (tests.test_blb_action_materialization.ActionMaterializationTests.test_missing_optimizer_baseline_skeleton_fails_closed) ... ok
test_missing_optimizer_output_fails_closed_before_model_install (tests.test_blb_action_materialization.ActionMaterializationTests.test_missing_optimizer_output_fails_closed_before_model_install) ... ok
test_real_mrpc_all_max_materializes_all_blocks_and_preserves_block3_k (tests.test_blb_action_materialization.ActionMaterializationTests.test_real_mrpc_all_max_materializes_all_blocks_and_preserves_block3_k) ... ok
test_real_mrpc_k6_materializes_all_blocks_including_layer0 (tests.test_blb_action_materialization.ActionMaterializationTests.test_real_mrpc_k6_materializes_all_blocks_including_layer0) ... ok
test_stochastic_backend_rejects_fractional_width_without_signed_headroom (tests.test_blb_action_materialization.ActionMaterializationTests.test_stochastic_backend_rejects_fractional_width_without_signed_headroom) ... ok
test_stochastic_backend_rejects_target_k_above_source_before_install (tests.test_blb_action_materialization.ActionMaterializationTests.test_stochastic_backend_rejects_target_k_above_source_before_install) ... ok
test_truncation_backend_is_explicit_and_part_of_identity (tests.test_blb_action_materialization.ActionMaterializationTests.test_truncation_backend_is_explicit_and_part_of_identity) ... ok
test_valid_but_incomplete_replan_fails_closed (tests.test_blb_action_materialization.ActionMaterializationTests.test_valid_but_incomplete_replan_fails_closed) ... ok
test_action_io_preserves_invalid_raw_action_for_shared_validation (tests.test_blb_action_materialization.ActionVectorBoundsTests.test_action_io_preserves_invalid_raw_action_for_shared_validation) ... ok
test_action_payload_preserves_invalid_raw_action_for_shared_validation (tests.test_blb_action_materialization.ActionVectorBoundsTests.test_action_payload_preserves_invalid_raw_action_for_shared_validation) ... ok
test_full_decode_rejects_boolean_in_mixed_python_sequence (tests.test_blb_action_materialization.ActionVectorBoundsTests.test_full_decode_rejects_boolean_in_mixed_python_sequence) ... ok
test_full_decode_rejects_fractional_and_matrix_actions (tests.test_blb_action_materialization.ActionVectorBoundsTests.test_full_decode_rejects_fractional_and_matrix_actions) ... ok
test_full_decode_rejects_k_index_equal_to_level_count (tests.test_blb_action_materialization.ActionVectorBoundsTests.test_full_decode_rejects_k_index_equal_to_level_count) ... ok
test_full_decode_rejects_negative_k_index (tests.test_blb_action_materialization.ActionVectorBoundsTests.test_full_decode_rejects_negative_k_index) ... ok
test_fusion_final_eval_preserves_invalid_base_for_shared_validation (tests.test_blb_action_materialization.ActionVectorBoundsTests.test_fusion_final_eval_preserves_invalid_base_for_shared_validation) ... ok
test_k_coercion_accepts_k6_and_k7 (tests.test_blb_action_materialization.ActionVectorBoundsTests.test_k_coercion_accepts_k6_and_k7) ... ok
test_k_coercion_rejects_non_integral_and_boolean_values (tests.test_blb_action_materialization.ActionVectorBoundsTests.test_k_coercion_rejects_non_integral_and_boolean_values) ... ok
test_optimizer_cost_preserves_invalid_raw_action_for_shared_validation (tests.test_blb_action_materialization.ActionVectorBoundsTests.test_optimizer_cost_preserves_invalid_raw_action_for_shared_validation) ... ok
test_paean_preserves_invalid_raw_action_for_shared_validation (tests.test_blb_action_materialization.ActionVectorBoundsTests.test_paean_preserves_invalid_raw_action_for_shared_validation) ... ok
test_paean_resolve_base_action_preserves_fractional_raw_values (tests.test_blb_action_materialization.ActionVectorBoundsTests.test_paean_resolve_base_action_preserves_fractional_raw_values) ... ok
test_reporting_and_k_summaries_reject_invalid_full_vectors (tests.test_blb_action_materialization.ActionVectorBoundsTests.test_reporting_and_k_summaries_reject_invalid_full_vectors) ... ok
test_slots_list_public_entry_accepts_k6_and_k7 (tests.test_blb_action_materialization.ActionVectorBoundsTests.test_slots_list_public_entry_accepts_k6_and_k7) ... ok
test_slots_list_public_entry_normalizes_k_exactly_once (tests.test_blb_action_materialization.ActionVectorBoundsTests.test_slots_list_public_entry_normalizes_k_exactly_once) ... ok
test_slots_list_public_entry_rejects_non_integral_and_boolean_k (tests.test_blb_action_materialization.ActionVectorBoundsTests.test_slots_list_public_entry_rejects_non_integral_and_boolean_k) ... ok
test_terminal_probe_entrypoints_preserve_invalid_raw_actions (tests.test_blb_action_materialization.ActionVectorBoundsTests.test_terminal_probe_entrypoints_preserve_invalid_raw_actions) ... ok
test_commit_reuses_helper_bindings_without_applying_twice (tests.test_sequential_smoke.BlockRuntimeHelperTest.test_commit_reuses_helper_bindings_without_applying_twice) ... ok
test_constructor_preserves_explicit_rollback_reward_designs (tests.test_sequential_smoke.BlockRuntimeHelperTest.test_constructor_preserves_explicit_rollback_reward_designs) ... ok
test_constructor_rejects_robust_reward_before_blockwise_rollout (tests.test_sequential_smoke.BlockRuntimeHelperTest.test_constructor_rejects_robust_reward_before_blockwise_rollout) ... ok
test_fusion_evaluate_step_rejects_out_of_range_k_before_expand_or_replan (tests.test_sequential_smoke.BlockRuntimeHelperTest.test_fusion_evaluate_step_rejects_out_of_range_k_before_expand_or_replan) ... ok
test_helper_decodes_evaluates_and_applies_optimizer_once (tests.test_sequential_smoke.BlockRuntimeHelperTest.test_helper_decodes_evaluates_and_applies_optimizer_once) ... ok
test_helper_preserves_optimizer_invalid_result (tests.test_sequential_smoke.BlockRuntimeHelperTest.test_helper_preserves_optimizer_invalid_result) ... ok
test_helper_propagates_bridge_contract_defects_without_optimizer_apply (tests.test_sequential_smoke.BlockRuntimeHelperTest.test_helper_propagates_bridge_contract_defects_without_optimizer_apply) ... ok
test_helper_rebuilds_boosted_block5_with_actual_degrees (tests.test_sequential_smoke.BlockRuntimeHelperTest.test_helper_rebuilds_boosted_block5_with_actual_degrees) ... ok
test_helper_returns_structured_bridge_error_without_optimizer_apply (tests.test_sequential_smoke.BlockRuntimeHelperTest.test_helper_returns_structured_bridge_error_without_optimizer_apply) ... ok
test_legacy_evaluate_step_preserves_boosted_block5_fields (tests.test_sequential_smoke.BlockRuntimeHelperTest.test_legacy_evaluate_step_preserves_boosted_block5_fields) ... ok
test_legacy_evaluate_step_routes_ordinary_block2_through_helper (tests.test_sequential_smoke.BlockRuntimeHelperTest.test_legacy_evaluate_step_routes_ordinary_block2_through_helper) ... ok
test_legacy_resume_validates_domain_before_policy_and_optimizer_load (tests.test_sequential_smoke.CheckpointKDomainWiringTest.test_legacy_resume_validates_domain_before_policy_and_optimizer_load) ... ok
test_legacy_runtime_validates_domain_before_lock_or_mutation (tests.test_sequential_smoke.CheckpointKDomainWiringTest.test_legacy_runtime_validates_domain_before_lock_or_mutation) ... ok
test_new_legacy_and_substage_saves_persist_k_domain_contract (tests.test_sequential_smoke.CheckpointKDomainWiringTest.test_new_legacy_and_substage_saves_persist_k_domain_contract) ... ok
test_runner_entry_rejects_six_levels_before_lock_or_persistence (tests.test_sequential_smoke.CheckpointKDomainWiringTest.test_runner_entry_rejects_six_levels_before_lock_or_persistence) ... ok
test_runtime_domain_validator_accepts_reorder_and_rejects_six_levels (tests.test_sequential_smoke.CheckpointKDomainWiringTest.test_runtime_domain_validator_accepts_reorder_and_rejects_six_levels) ... ok
test_substage_entry_rejects_six_levels_before_runtime_dependencies (tests.test_sequential_smoke.CheckpointKDomainWiringTest.test_substage_entry_rejects_six_levels_before_runtime_dependencies) ... ok
test_substage_resume_validates_domain_before_policy_and_optimizer_load (tests.test_sequential_smoke.CheckpointKDomainWiringTest.test_substage_resume_validates_domain_before_policy_and_optimizer_load) ... ok
test_substage_runtime_validates_domain_before_policy_or_writes (tests.test_sequential_smoke.CheckpointKDomainWiringTest.test_substage_runtime_validates_domain_before_policy_or_writes) ... ok
test_train_sequential_rejects_six_levels_before_training_state (tests.test_sequential_smoke.CheckpointKDomainWiringTest.test_train_sequential_rejects_six_levels_before_training_state) ... ok
test_diagnostics_table_shows_ent_coef (tests.test_sequential_smoke.EntCoefScheduleRegressionTest.test_diagnostics_table_shows_ent_coef) ... /hy-tmp/RFR_k6_13_eb19c6af_20260727/tests/test_sequential_smoke.py:4019: ResourceWarning: unclosed file <_io.TextIOWrapper name='blb_stage2_rl/diagnostics.py' mode='r' encoding='utf-8'>
  src = open("blb_stage2_rl/diagnostics.py", encoding="utf-8").read()
ResourceWarning: Enable tracemalloc to get the object allocation traceback
ok
test_helper_present_with_expected_signature (tests.test_sequential_smoke.EntCoefScheduleRegressionTest.test_helper_present_with_expected_signature) ... /hy-tmp/RFR_k6_13_eb19c6af_20260727/tests/test_sequential_smoke.py:3911: ResourceWarning: unclosed file <_io.TextIOWrapper name='blb_stage2_rl/sequential_runner.py' mode='r' encoding='utf-8'>
  src = open("blb_stage2_rl/sequential_runner.py", encoding="utf-8").read()
ResourceWarning: Enable tracemalloc to get the object allocation traceback
ok
test_ppo_update_accepts_override_param (tests.test_sequential_smoke.EntCoefScheduleRegressionTest.test_ppo_update_accepts_override_param)
sequential_ppo_update must accept ent_coef_override kwarg. ... /hy-tmp/RFR_k6_13_eb19c6af_20260727/tests/test_sequential_smoke.py:3932: ResourceWarning: unclosed file <_io.TextIOWrapper name='blb_stage2_rl/sequential_policy.py' mode='r' encoding='utf-8'>
  src = open("blb_stage2_rl/sequential_policy.py", encoding="utf-8").read()
ResourceWarning: Enable tracemalloc to get the object allocation traceback
ok
test_ppo_update_passes_override (tests.test_sequential_smoke.EntCoefScheduleRegressionTest.test_ppo_update_passes_override) ... /hy-tmp/RFR_k6_13_eb19c6af_20260727/tests/test_sequential_smoke.py:3925: ResourceWarning: unclosed file <_io.TextIOWrapper name='blb_stage2_rl/sequential_runner.py' mode='r' encoding='utf-8'>
  src = open("blb_stage2_rl/sequential_runner.py", encoding="utf-8").read()
ResourceWarning: Enable tracemalloc to get the object allocation traceback
ok
test_schedule_math_anchor_ramp_steady (tests.test_sequential_smoke.EntCoefScheduleRegressionTest.test_schedule_math_anchor_ramp_steady)
Functional test of the helper. Locks in the three-stage behaviour ... /hy-tmp/RFR_k6_13_eb19c6af_20260727/tests/test_sequential_smoke.py:3964: ResourceWarning: unclosed file <_io.TextIOWrapper name='blb_stage2_rl/sequential_runner.py' mode='r' encoding='utf-8'>
  src = open("blb_stage2_rl/sequential_runner.py", encoding="utf-8").read()
ResourceWarning: Enable tracemalloc to get the object allocation traceback
ok
test_startup_log_describes_schedule (tests.test_sequential_smoke.EntCoefScheduleRegressionTest.test_startup_log_describes_schedule)
The startup hyperparameter box should print the three-stage ... /hy-tmp/RFR_k6_13_eb19c6af_20260727/tests/test_sequential_smoke.py:4012: ResourceWarning: unclosed file <_io.TextIOWrapper name='blb_stage2_rl/sequential_runner.py' mode='r' encoding='utf-8'>
  src = open("blb_stage2_rl/sequential_runner.py", encoding="utf-8").read()
ResourceWarning: Enable tracemalloc to get the object allocation traceback
ok
test_train_config_defaults (tests.test_sequential_smoke.EntCoefScheduleRegressionTest.test_train_config_defaults)
SequentialTrainConfig should default to ent_coef_anchor=0 and ... /hy-tmp/RFR_k6_13_eb19c6af_20260727/tests/test_sequential_smoke.py:3944: ResourceWarning: unclosed file <_io.TextIOWrapper name='blb_stage2_rl/sequential_runner.py' mode='r' encoding='utf-8'>
  src = open("blb_stage2_rl/sequential_runner.py", encoding="utf-8").read()
ResourceWarning: Enable tracemalloc to get the object allocation traceback
/hy-tmp/RFR_k6_13_eb19c6af_20260727/tests/test_sequential_smoke.py:3949: ResourceWarning: unclosed file <_io.TextIOWrapper name='blb_stage2_rl/runner.py' mode='r' encoding='utf-8'>
  src2 = open("blb_stage2_rl/runner.py", encoding="utf-8").read()
ResourceWarning: Enable tracemalloc to get the object allocation traceback
ok
test_base_env_skips_forward_when_any_invalid (tests.test_sequential_smoke.EnvEvalCommitSplitTest.test_base_env_skips_forward_when_any_invalid) ... /hy-tmp/RFR_k6_13_eb19c6af_20260727/tests/test_sequential_smoke.py:1396: ResourceWarning: unclosed file <_io.TextIOWrapper name='blb_stage2_rl/env.py' mode='r' encoding='utf-8'>
  src = open("blb_stage2_rl/env.py", encoding="utf-8").read()
ResourceWarning: Enable tracemalloc to get the object allocation traceback
ok
test_env_has_evaluate_and_commit (tests.test_sequential_smoke.EnvEvalCommitSplitTest.test_env_has_evaluate_and_commit) ... /hy-tmp/RFR_k6_13_eb19c6af_20260727/tests/test_sequential_smoke.py:1366: ResourceWarning: unclosed file <_io.TextIOWrapper name='blb_stage2_rl/sequential_env.py' mode='r' encoding='utf-8'>
  src = open("blb_stage2_rl/sequential_env.py", encoding="utf-8").read()
ResourceWarning: Enable tracemalloc to get the object allocation traceback
ok
test_runner_uses_evaluate_then_commit_with_mask (tests.test_sequential_smoke.EnvEvalCommitSplitTest.test_runner_uses_evaluate_then_commit_with_mask) ... /hy-tmp/RFR_k6_13_eb19c6af_20260727/tests/test_sequential_smoke.py:1376: ResourceWarning: unclosed file <_io.TextIOWrapper name='blb_stage2_rl/sequential_runner.py' mode='r' encoding='utf-8'>
  src = open("blb_stage2_rl/sequential_runner.py", encoding="utf-8").read()
ResourceWarning: Enable tracemalloc to get the object allocation traceback
ok
test_class_present_with_expected_api (tests.test_sequential_smoke.ForbiddenActionMaskTest.test_class_present_with_expected_api) ... /hy-tmp/RFR_k6_13_eb19c6af_20260727/tests/test_sequential_smoke.py:1210: ResourceWarning: unclosed file <_io.TextIOWrapper name='blb_stage2_rl/action_mask.py' mode='r' encoding='utf-8'>
  src = open("blb_stage2_rl/action_mask.py", encoding="utf-8").read()
ResourceWarning: Enable tracemalloc to get the object allocation traceback
ok
test_degree_vector_accepts_ndarray_without_list_materialization (tests.test_sequential_smoke.ForbiddenActionMaskTest.test_degree_vector_accepts_ndarray_without_list_materialization) ... ok
test_roundtrip_via_minimal_import_shim (tests.test_sequential_smoke.ForbiddenActionMaskTest.test_roundtrip_via_minimal_import_shim)
Functional smoke: shim a fake parent package so the file's ... ok
test_action_dist_avoids_gpu_sync_for_zero_exploration_floor (tests.test_sequential_smoke.MultiGpuProbeThroughputRegressionTest.test_action_dist_avoids_gpu_sync_for_zero_exploration_floor) ... ok
test_env_has_persistent_install_and_timing_diagnostics (tests.test_sequential_smoke.MultiGpuProbeThroughputRegressionTest.test_env_has_persistent_install_and_timing_diagnostics) ... /hy-tmp/RFR_k6_13_eb19c6af_20260727/tests/test_sequential_smoke.py:1931: ResourceWarning: unclosed file <_io.TextIOWrapper name='blb_stage2_rl/env.py' mode='r' encoding='utf-8'>
  src = open("blb_stage2_rl/env.py", encoding="utf-8").read()
ResourceWarning: Enable tracemalloc to get the object allocation traceback
ok
test_legacy_action_mask_validation_avoids_gpu_scalar_sync_for_numpy_masks (tests.test_sequential_smoke.MultiGpuProbeThroughputRegressionTest.test_legacy_action_mask_validation_avoids_gpu_scalar_sync_for_numpy_masks) ... ok
test_legacy_ppo_update_accumulates_metrics_on_device (tests.test_sequential_smoke.MultiGpuProbeThroughputRegressionTest.test_legacy_ppo_update_accumulates_metrics_on_device) ... ok
test_legacy_ppo_update_reuses_device_minibatch_indices_per_epoch (tests.test_sequential_smoke.MultiGpuProbeThroughputRegressionTest.test_legacy_ppo_update_reuses_device_minibatch_indices_per_epoch) ... ok
test_legacy_rollout_buffer_packs_numpy_arrays_in_single_pass (tests.test_sequential_smoke.MultiGpuProbeThroughputRegressionTest.test_legacy_rollout_buffer_packs_numpy_arrays_in_single_pass) ... ok
test_legacy_stage2_rollout_defers_logprob_value_sync_until_buffer_pack (tests.test_sequential_smoke.MultiGpuProbeThroughputRegressionTest.test_legacy_stage2_rollout_defers_logprob_value_sync_until_buffer_pack) ... ok
test_probe_runner_aggregates_trial_results_in_preallocated_lists (tests.test_sequential_smoke.MultiGpuProbeThroughputRegressionTest.test_probe_runner_aggregates_trial_results_in_preallocated_lists) ... /hy-tmp/RFR_k6_13_eb19c6af_20260727/tests/test_sequential_smoke.py:1923: ResourceWarning: unclosed file <_io.TextIOWrapper name='blb_stage2_rl/probe_runner.py' mode='r' encoding='utf-8'>
  src = open("blb_stage2_rl/probe_runner.py", encoding="utf-8").read()
ResourceWarning: Enable tracemalloc to get the object allocation traceback
ok
test_probe_runner_caches_round_robin_trial_assignments (tests.test_sequential_smoke.MultiGpuProbeThroughputRegressionTest.test_probe_runner_caches_round_robin_trial_assignments) ... /hy-tmp/RFR_k6_13_eb19c6af_20260727/tests/test_sequential_smoke.py:1913: ResourceWarning: unclosed file <_io.TextIOWrapper name='blb_stage2_rl/probe_runner.py' mode='r' encoding='utf-8'>
  src = open("blb_stage2_rl/probe_runner.py", encoding="utf-8").read()
ResourceWarning: Enable tracemalloc to get the object allocation traceback
ok
test_probe_runner_parallelizes_setup_and_clear (tests.test_sequential_smoke.MultiGpuProbeThroughputRegressionTest.test_probe_runner_parallelizes_setup_and_clear) ... /hy-tmp/RFR_k6_13_eb19c6af_20260727/tests/test_sequential_smoke.py:1901: ResourceWarning: unclosed file <_io.TextIOWrapper name='blb_stage2_rl/probe_runner.py' mode='r' encoding='utf-8'>
  src = open("blb_stage2_rl/probe_runner.py", encoding="utf-8").read()
ResourceWarning: Enable tracemalloc to get the object allocation traceback
ok
test_rollout_policy_uses_causal_prefix_fast_path (tests.test_sequential_smoke.MultiGpuProbeThroughputRegressionTest.test_rollout_policy_uses_causal_prefix_fast_path) ... ok
test_running_mean_std_updates_torch_tensor_without_full_cpu_copy (tests.test_sequential_smoke.MultiGpuProbeThroughputRegressionTest.test_running_mean_std_updates_torch_tensor_without_full_cpu_copy) ... ok
test_sequential_advantage_norm_avoids_scalar_sync (tests.test_sequential_smoke.MultiGpuProbeThroughputRegressionTest.test_sequential_advantage_norm_avoids_scalar_sync) ... ok
test_sequential_ppo_update_accumulates_metrics_on_device (tests.test_sequential_smoke.MultiGpuProbeThroughputRegressionTest.test_sequential_ppo_update_accumulates_metrics_on_device) ... ok
test_sequential_ppo_update_batches_nonfinite_checks_before_cpu_sync (tests.test_sequential_smoke.MultiGpuProbeThroughputRegressionTest.test_sequential_ppo_update_batches_nonfinite_checks_before_cpu_sync) ... ok
test_sequential_ppo_update_reuses_device_minibatch_indices_per_epoch (tests.test_sequential_smoke.MultiGpuProbeThroughputRegressionTest.test_sequential_ppo_update_reuses_device_minibatch_indices_per_epoch) ... ok
test_sequential_ppo_update_reuses_minibatch_gathers (tests.test_sequential_smoke.MultiGpuProbeThroughputRegressionTest.test_sequential_ppo_update_reuses_minibatch_gathers) ... ok
test_sequential_rollout_buffer_packs_numpy_arrays_in_single_pass (tests.test_sequential_smoke.MultiGpuProbeThroughputRegressionTest.test_sequential_rollout_buffer_packs_numpy_arrays_in_single_pass) ... ok
test_sequential_runner_enables_persistent_install_after_preflight (tests.test_sequential_smoke.MultiGpuProbeThroughputRegressionTest.test_sequential_runner_enables_persistent_install_after_preflight) ... /hy-tmp/RFR_k6_13_eb19c6af_20260727/tests/test_sequential_smoke.py:1944: ResourceWarning: unclosed file <_io.TextIOWrapper name='blb_stage2_rl/sequential_runner.py' mode='r' encoding='utf-8'>
  src = open("blb_stage2_rl/sequential_runner.py", encoding="utf-8").read()
ResourceWarning: Enable tracemalloc to get the object allocation traceback
ok
test_sequential_running_mean_std_updates_torch_tensor_without_full_cpu_copy (tests.test_sequential_smoke.MultiGpuProbeThroughputRegressionTest.test_sequential_running_mean_std_updates_torch_tensor_without_full_cpu_copy) ... ok
test_sequential_stage2_enables_fast_math_before_model_setup (tests.test_sequential_smoke.MultiGpuProbeThroughputRegressionTest.test_sequential_stage2_enables_fast_math_before_model_setup) ... ok
test_sequential_stage2_rollout_defers_logprob_value_sync_until_buffer_pack (tests.test_sequential_smoke.MultiGpuProbeThroughputRegressionTest.test_sequential_stage2_rollout_defers_logprob_value_sync_until_buffer_pack) ... ok
test_stage1_entropy_recovery_avoids_loss_path_item_sync (tests.test_sequential_smoke.MultiGpuProbeThroughputRegressionTest.test_stage1_entropy_recovery_avoids_loss_path_item_sync) ... ok
test_stage1_ppo_computes_gae_batch_on_device (tests.test_sequential_smoke.MultiGpuProbeThroughputRegressionTest.test_stage1_ppo_computes_gae_batch_on_device) ... ok
test_stage1_ppo_epoch_indices_are_created_on_device (tests.test_sequential_smoke.MultiGpuProbeThroughputRegressionTest.test_stage1_ppo_epoch_indices_are_created_on_device) ... ok
test_stage1_ppo_kl_early_stop_accumulates_on_device_until_epoch_end (tests.test_sequential_smoke.MultiGpuProbeThroughputRegressionTest.test_stage1_ppo_kl_early_stop_accumulates_on_device_until_epoch_end) ... ok
test_stage1_ppo_return_metrics_sync_once_after_minibatches (tests.test_sequential_smoke.MultiGpuProbeThroughputRegressionTest.test_stage1_ppo_return_metrics_sync_once_after_minibatches) ... ok
test_stage1_ppo_return_normalization_stays_on_device (tests.test_sequential_smoke.MultiGpuProbeThroughputRegressionTest.test_stage1_ppo_return_normalization_stays_on_device) ... ok
test_stage2_fusion_action_level_masks_are_cached_per_device (tests.test_sequential_smoke.MultiGpuProbeThroughputRegressionTest.test_stage2_fusion_action_level_masks_are_cached_per_device) ... ok
test_stage2_parallel_rollout_batches_worker_scalar_sync_at_episode_end (tests.test_sequential_smoke.MultiGpuProbeThroughputRegressionTest.test_stage2_parallel_rollout_batches_worker_scalar_sync_at_episode_end) ... ok
test_stage2_step_static_tensors_are_cached_per_schedule_device (tests.test_sequential_smoke.MultiGpuProbeThroughputRegressionTest.test_stage2_step_static_tensors_are_cached_per_schedule_device) ... ok
test_truncated_policy_forward_matches_full_causal_prefix (tests.test_sequential_smoke.MultiGpuProbeThroughputRegressionTest.test_truncated_policy_forward_matches_full_causal_prefix) ... ok
test_episode_record_carries_invalid_block_details (tests.test_sequential_smoke.OutputHygieneRegressionTest.test_episode_record_carries_invalid_block_details)
Regression: each invalid sub-step's (layer, block, reason) should ... /hy-tmp/RFR_k6_13_eb19c6af_20260727/tests/test_sequential_smoke.py:1170: ResourceWarning: unclosed file <_io.TextIOWrapper name='blb_stage2_rl/sequential_runner.py' mode='r' encoding='utf-8'>
  src = open("blb_stage2_rl/sequential_runner.py", encoding="utf-8").read()
ResourceWarning: Enable tracemalloc to get the object allocation traceback
ok
test_eval_on_probe_clamps_nonfinite_losses (tests.test_sequential_smoke.OutputHygieneRegressionTest.test_eval_on_probe_clamps_nonfinite_losses)
Regression: cross_entropy can overflow under heavy BLB noise and ... /hy-tmp/RFR_k6_13_eb19c6af_20260727/tests/test_sequential_smoke.py:1152: ResourceWarning: unclosed file <_io.TextIOWrapper name='blb_stage2_rl/env.py' mode='r' encoding='utf-8'>
  src = open("blb_stage2_rl/env.py", encoding="utf-8").read()
ResourceWarning: Enable tracemalloc to get the object allocation traceback
ok
test_format_invalid_chain_reason_helper_present (tests.test_sequential_smoke.OutputHygieneRegressionTest.test_format_invalid_chain_reason_helper_present)
Source-text smoke: the helper function exists and handles the ... /hy-tmp/RFR_k6_13_eb19c6af_20260727/tests/test_sequential_smoke.py:1188: ResourceWarning: unclosed file <_io.TextIOWrapper name='blb_stage2_rl/sequential_runner.py' mode='r' encoding='utf-8'>
  src = open("blb_stage2_rl/sequential_runner.py", encoding="utf-8").read()
ResourceWarning: Enable tracemalloc to get the object allocation traceback
ok
test_noise_log_header_uses_explicit_join_not_implicit_concat (tests.test_sequential_smoke.OutputHygieneRegressionTest.test_noise_log_header_uses_explicit_join_not_implicit_concat) ... /hy-tmp/RFR_k6_13_eb19c6af_20260727/tests/test_sequential_smoke.py:1050: ResourceWarning: unclosed file <_io.TextIOWrapper name='layer_importance_evaluator.py' mode='r' encoding='utf-8'>
  src = open("layer_importance_evaluator.py", encoding="utf-8").read()
ResourceWarning: Enable tracemalloc to get the object allocation traceback
ok
test_runner_dispatches_layerwise_and_preserves_explicit_block_rollback (tests.test_sequential_smoke.OutputHygieneRegressionTest.test_runner_dispatches_layerwise_and_preserves_explicit_block_rollback) ... ok
test_sequential_box_is_borderless (tests.test_sequential_smoke.OutputHygieneRegressionTest.test_sequential_box_is_borderless) ... /hy-tmp/RFR_k6_13_eb19c6af_20260727/tests/test_sequential_smoke.py:1068: ResourceWarning: unclosed file <_io.TextIOWrapper name='blb_stage2_rl/sequential_runner.py' mode='r' encoding='utf-8'>
  src = open("blb_stage2_rl/sequential_runner.py", encoding="utf-8").read()
ResourceWarning: Enable tracemalloc to get the object allocation traceback
ok
test_sequential_runner_has_noisy_baseline_preflight (tests.test_sequential_smoke.OutputHygieneRegressionTest.test_sequential_runner_has_noisy_baseline_preflight)
Regression: previously the sequential path skipped the noisy ... /hy-tmp/RFR_k6_13_eb19c6af_20260727/tests/test_sequential_smoke.py:1134: ResourceWarning: unclosed file <_io.TextIOWrapper name='blb_stage2_rl/sequential_runner.py' mode='r' encoding='utf-8'>
  src = open("blb_stage2_rl/sequential_runner.py", encoding="utf-8").read()
ResourceWarning: Enable tracemalloc to get the object allocation traceback
ok
test_sequential_runner_wires_details_and_crash_watcher (tests.test_sequential_smoke.OutputHygieneRegressionTest.test_sequential_runner_wires_details_and_crash_watcher) ... /hy-tmp/RFR_k6_13_eb19c6af_20260727/tests/test_sequential_smoke.py:1083: ResourceWarning: unclosed file <_io.TextIOWrapper name='blb_stage2_rl/sequential_runner.py' mode='r' encoding='utf-8'>
  src = open("blb_stage2_rl/sequential_runner.py", encoding="utf-8").read()
ResourceWarning: Enable tracemalloc to get the object allocation traceback
ok
test_current_preset_is_clean (tests.test_sequential_smoke.PresetValidatorTest.test_current_preset_is_clean) ... ok
test_extract_flags_nonempty (tests.test_sequential_smoke.PresetValidatorTest.test_extract_flags_nonempty) ... ok
test_legacy_diagnostics_uses_policy_width_and_counts_k7_index (tests.test_sequential_smoke.ProductionPolicyGeometryTest.test_legacy_diagnostics_uses_policy_width_and_counts_k7_index) ... ok
test_production_wiring_uses_canonical_and_real_schedule_widths (tests.test_sequential_smoke.ProductionPolicyGeometryTest.test_production_wiring_uses_canonical_and_real_schedule_widths) ... ok
test_real_block2_step_mask_requires_and_accepts_fifteen_levels (tests.test_sequential_smoke.ProductionPolicyGeometryTest.test_real_block2_step_mask_requires_and_accepts_fifteen_levels) ... ok
test_real_schedules_define_their_required_categorical_width (tests.test_sequential_smoke.ProductionPolicyGeometryTest.test_real_schedules_define_their_required_categorical_width) ... ok
test_schedule_geometry_import_does_not_register_torch (tests.test_sequential_smoke.ProductionPolicyGeometryTest.test_schedule_geometry_import_does_not_register_torch) ... ok
test_schedule_width_rejects_empty_and_invalid_geometry (tests.test_sequential_smoke.ProductionPolicyGeometryTest.test_schedule_width_rejects_empty_and_invalid_geometry) ... ok
test_default_num_trials_bumped_to_five (tests.test_sequential_smoke.RewardDesignV2RegressionTest.test_default_num_trials_bumped_to_five) ... /hy-tmp/RFR_k6_13_eb19c6af_20260727/tests/test_sequential_smoke.py:2561: ResourceWarning: unclosed file <_io.TextIOWrapper name='blb_stage2_rl/runner.py' mode='r' encoding='utf-8'>
  src = open("blb_stage2_rl/runner.py", encoding="utf-8").read()
ResourceWarning: Enable tracemalloc to get the object allocation traceback
ok
test_details_writer_uses_real_priority (tests.test_sequential_smoke.RewardDesignV2RegressionTest.test_details_writer_uses_real_priority) ... /hy-tmp/RFR_k6_13_eb19c6af_20260727/tests/test_sequential_smoke.py:2549: ResourceWarning: unclosed file <_io.TextIOWrapper name='blb_stage2_rl/sequential_runner.py' mode='r' encoding='utf-8'>
  src = open("blb_stage2_rl/sequential_runner.py", encoding="utf-8").read()
ResourceWarning: Enable tracemalloc to get the object allocation traceback
ok
test_episode_record_has_terminal_priority_and_metrics (tests.test_sequential_smoke.RewardDesignV2RegressionTest.test_episode_record_has_terminal_priority_and_metrics) ... /hy-tmp/RFR_k6_13_eb19c6af_20260727/tests/test_sequential_smoke.py:2532: ResourceWarning: unclosed file <_io.TextIOWrapper name='blb_stage2_rl/sequential_runner.py' mode='r' encoding='utf-8'>
  src = open("blb_stage2_rl/sequential_runner.py", encoding="utf-8").read()
ResourceWarning: Enable tracemalloc to get the object allocation traceback
ok
test_persistent_slug_reverted_to_three_tolerances (tests.test_sequential_smoke.RewardDesignV2RegressionTest.test_persistent_slug_reverted_to_three_tolerances)
2026-05-18: reverted _rdv2 suffix per user request. The single ... /hy-tmp/RFR_k6_13_eb19c6af_20260727/tests/test_sequential_smoke.py:2495: ResourceWarning: unclosed file <_io.TextIOWrapper name='llama_7B_LayerImportance.sh' mode='r' encoding='utf-8'>
  src = open("llama_7B_LayerImportance.sh", encoding="utf-8").read()
ResourceWarning: Enable tracemalloc to get the object allocation traceback
ok
test_reward_uses_v2_style_clipped_tier_formula (tests.test_sequential_smoke.RewardDesignV2RegressionTest.test_reward_uses_v2_style_clipped_tier_formula) ... /hy-tmp/RFR_k6_13_eb19c6af_20260727/tests/test_sequential_smoke.py:2449: ResourceWarning: unclosed file <_io.TextIOWrapper name='blb_stage2_rl/reward.py' mode='r' encoding='utf-8'>
  src = open("blb_stage2_rl/reward.py", encoding="utf-8").read()
ResourceWarning: Enable tracemalloc to get the object allocation traceback
ok
test_runner_stability_logs_all_three_std_thresholds (tests.test_sequential_smoke.RewardDesignV2RegressionTest.test_runner_stability_logs_all_three_std_thresholds)
Stability gates must be visible for loss, m1, and m2. ... /hy-tmp/RFR_k6_13_eb19c6af_20260727/tests/test_sequential_smoke.py:2479: ResourceWarning: unclosed file <_io.TextIOWrapper name='blb_stage2_rl/sequential_runner.py' mode='r' encoding='utf-8'>
  src = open("blb_stage2_rl/sequential_runner.py", encoding="utf-8").read()
ResourceWarning: Enable tracemalloc to get the object allocation traceback
ok
test_stage2_stability_tolerance_allows_large_slack (tests.test_sequential_smoke.RewardDesignV2RegressionTest.test_stage2_stability_tolerance_allows_large_slack)
ADR-011 uses --stage2-stability-tolerance 5.0 for a 5x std gate. ... /hy-tmp/RFR_k6_13_eb19c6af_20260727/tests/test_sequential_smoke.py:2519: ResourceWarning: unclosed file <_io.TextIOWrapper name='llama_7B_LayerImportance.sh' mode='r' encoding='utf-8'>
  src = open("llama_7B_LayerImportance.sh", encoding="utf-8").read()
ResourceWarning: Enable tracemalloc to get the object allocation traceback
ok
test_aggregate_seeds_missing (tests.test_sequential_smoke.SequentialArtifactContractsTest.test_aggregate_seeds_missing) ... /hy-tmp/RFR_k6_13_eb19c6af_20260727/tests/test_sequential_smoke.py:582: ResourceWarning: unclosed file <_io.TextIOWrapper name='/tmp/blb_smoke_054z_c7y/agg_missing/seed_summary.md' mode='r' encoding='utf-8'>
  text = open(os.path.join(out_dir, "seed_summary.md"), encoding="utf-8").read()
ResourceWarning: Enable tracemalloc to get the object allocation traceback
ok
test_best_action_vec_json_schema (tests.test_sequential_smoke.SequentialArtifactContractsTest.test_best_action_vec_json_schema) ... ok
test_diagnostics_writes_all_files (tests.test_sequential_smoke.SequentialArtifactContractsTest.test_diagnostics_writes_all_files) ... ok
test_episodes_jsonl_lines_parse (tests.test_sequential_smoke.SequentialArtifactContractsTest.test_episodes_jsonl_lines_parse) ... ok
test_experiments_log_roundtrip (tests.test_sequential_smoke.SequentialArtifactContractsTest.test_experiments_log_roundtrip) ... /hy-tmp/RFR_k6_13_eb19c6af_20260727/tests/test_sequential_smoke.py:542: ResourceWarning: unclosed file <_io.TextIOWrapper name='/tmp/blb_smoke_054z_c7y/index.md' mode='r' encoding='utf-8'>
  text = open(idx_path, encoding="utf-8").read()
ResourceWarning: Enable tracemalloc to get the object allocation traceback
ok
test_pareto_frontier_artifacts_and_dominance (tests.test_sequential_smoke.SequentialArtifactContractsTest.test_pareto_frontier_artifacts_and_dominance) ... ok
test_summary_md_has_auto_flag (tests.test_sequential_smoke.SequentialArtifactContractsTest.test_summary_md_has_auto_flag) ... /hy-tmp/RFR_k6_13_eb19c6af_20260727/tests/test_sequential_smoke.py:486: ResourceWarning: unclosed file <_io.TextIOWrapper name='/tmp/blb_smoke_054z_c7y/run4/diagnostics/diagnostics_summary.md' mode='r' encoding='utf-8'>
  text = open(path, encoding="utf-8").read()
ResourceWarning: Enable tracemalloc to get the object allocation traceback
ok
test_top_candidates_use_stage1_reward_before_unbounded_p3_cost_rank (tests.test_sequential_smoke.SequentialArtifactContractsTest.test_top_candidates_use_stage1_reward_before_unbounded_p3_cost_rank) ... /usr/lib/python3.11/unittest/case.py:579: ResourceWarning: unclosed file <_io.TextIOWrapper name='/tmp/blb_smoke_054z_c7y/run_ranked_top/diagnostics/episodes.jsonl' mode='a' encoding='utf-8'>
  if method() is not None:
ResourceWarning: Enable tracemalloc to get the object allocation traceback
ok
test_default_swallows (tests.test_sequential_smoke.StrictModeTest.test_default_swallows) ... ok
test_guard_swallows (tests.test_sequential_smoke.StrictModeTest.test_guard_swallows) ... ok
test_strict_reraises (tests.test_sequential_smoke.StrictModeTest.test_strict_reraises) ... ok
test_10k_curve_knobs_are_launcher_visible (tests.test_sequential_smoke.WarmstartFixedRegressionTest.test_10k_curve_knobs_are_launcher_visible)
The 10k research loop needs to tune exploration without editing ... ok
test_baseline_prior_schedule_decays_to_zero (tests.test_sequential_smoke.WarmstartFixedRegressionTest.test_baseline_prior_schedule_decays_to_zero) ... ok
test_continuous_reward_does_not_bypass_force_anchor (tests.test_sequential_smoke.WarmstartFixedRegressionTest.test_continuous_reward_does_not_bypass_force_anchor) ... /hy-tmp/RFR_k6_13_eb19c6af_20260727/tests/test_sequential_smoke.py:2772: ResourceWarning: unclosed file <_io.TextIOWrapper name='blb_stage2_rl/sequential_runner.py' mode='r' encoding='utf-8'>
  src = open("blb_stage2_rl/sequential_runner.py", encoding="utf-8").read()
ResourceWarning: Enable tracemalloc to get the object allocation traceback
ok
test_episode_jsonl_carries_terminal_health_fields (tests.test_sequential_smoke.WarmstartFixedRegressionTest.test_episode_jsonl_carries_terminal_health_fields)
10k online monitoring must not depend on grepping details text for ... ok
test_fast_multi_actor_reward_mode_is_configurable_and_safe (tests.test_sequential_smoke.WarmstartFixedRegressionTest.test_fast_multi_actor_reward_mode_is_configurable_and_safe) ... ok
test_final_strict_selection_respects_top_n (tests.test_sequential_smoke.WarmstartFixedRegressionTest.test_final_strict_selection_respects_top_n) ... ok
test_final_strict_selection_uses_next_feasible_top_candidate (tests.test_sequential_smoke.WarmstartFixedRegressionTest.test_final_strict_selection_uses_next_feasible_top_candidate) ... ok
test_first10k_monitor_checks_all_expected_reward_gpus (tests.test_sequential_smoke.WarmstartFixedRegressionTest.test_first10k_monitor_checks_all_expected_reward_gpus) ... ok
test_first10k_monitor_tolerates_sparse_loss_cap_spikes (tests.test_sequential_smoke.WarmstartFixedRegressionTest.test_first10k_monitor_tolerates_sparse_loss_cap_spikes)
User criterion allows sparse spikes; bursts or frequent caps still fail. ... ok
test_first10k_monitor_uses_post_anchor_p12_rate_threshold (tests.test_sequential_smoke.WarmstartFixedRegressionTest.test_first10k_monitor_uses_post_anchor_p12_rate_threshold) ... ok
test_first10k_server_defaults_avoid_radius2_collapse_region (tests.test_sequential_smoke.WarmstartFixedRegressionTest.test_first10k_server_defaults_avoid_radius2_collapse_region)
The first failed 10k run showed P1s when radius reached 2. ... ok
test_first10k_server_run_aborts_on_git_pull_failure (tests.test_sequential_smoke.WarmstartFixedRegressionTest.test_first10k_server_run_aborts_on_git_pull_failure)
Server runs must not continue experiments from a stale HEAD. ... ok
test_first10k_server_run_can_skip_pull_only_on_verified_head (tests.test_sequential_smoke.WarmstartFixedRegressionTest.test_first10k_server_run_can_skip_pull_only_on_verified_head) ... ok
test_first10k_server_run_passes_p12_rate_threshold (tests.test_sequential_smoke.WarmstartFixedRegressionTest.test_first10k_server_run_passes_p12_rate_threshold) ... ok
test_force_baseline_anchor_wired (tests.test_sequential_smoke.WarmstartFixedRegressionTest.test_force_baseline_anchor_wired) ... /hy-tmp/RFR_k6_13_eb19c6af_20260727/tests/test_sequential_smoke.py:2593: ResourceWarning: unclosed file <_io.TextIOWrapper name='blb_stage2_rl/sequential_runner.py' mode='r' encoding='utf-8'>
  src = open("blb_stage2_rl/sequential_runner.py", encoding="utf-8").read()
ResourceWarning: Enable tracemalloc to get the object allocation traceback
ok
test_guarded_radius2_cooldown_after_radius2_failure (tests.test_sequential_smoke.WarmstartFixedRegressionTest.test_guarded_radius2_cooldown_after_radius2_failure) ... ok
test_guarded_radius2_waits_for_stall_and_healthy_history (tests.test_sequential_smoke.WarmstartFixedRegressionTest.test_guarded_radius2_waits_for_stall_and_healthy_history) ... ok
test_new_best_logs_inference_metrics (tests.test_sequential_smoke.WarmstartFixedRegressionTest.test_new_best_logs_inference_metrics)
After a new best, the log line should include loss_mean / loss_std / ... /hy-tmp/RFR_k6_13_eb19c6af_20260727/tests/test_sequential_smoke.py:3890: ResourceWarning: unclosed file <_io.TextIOWrapper name='blb_stage2_rl/sequential_runner.py' mode='r' encoding='utf-8'>
  src = open("blb_stage2_rl/sequential_runner.py", encoding="utf-8").read()
ResourceWarning: Enable tracemalloc to get the object allocation traceback
ok
test_noisy_metric_threshold_uses_relative_tolerance_without_probe_guard (tests.test_sequential_smoke.WarmstartFixedRegressionTest.test_noisy_metric_threshold_uses_relative_tolerance_without_probe_guard) ... ok
test_p3_best_rank_uses_stage1_reward_before_unbounded_cost_rank (tests.test_sequential_smoke.WarmstartFixedRegressionTest.test_p3_best_rank_uses_stage1_reward_before_unbounded_cost_rank) ... ok
test_per_slot_mode_helper_present (tests.test_sequential_smoke.WarmstartFixedRegressionTest.test_per_slot_mode_helper_present) ... /hy-tmp/RFR_k6_13_eb19c6af_20260727/tests/test_sequential_smoke.py:2581: ResourceWarning: unclosed file <_io.TextIOWrapper name='blb_stage2_rl/sequential_runner.py' mode='r' encoding='utf-8'>
  src = open("blb_stage2_rl/sequential_runner.py", encoding="utf-8").read()
ResourceWarning: Enable tracemalloc to get the object allocation traceback
ok
test_per_slot_mode_returns_correct_values (tests.test_sequential_smoke.WarmstartFixedRegressionTest.test_per_slot_mode_returns_correct_values)
Quick functional test: given a fake schedule + baseline_vec, ... /hy-tmp/RFR_k6_13_eb19c6af_20260727/tests/test_sequential_smoke.py:2631: ResourceWarning: unclosed file <_io.TextIOWrapper name='blb_stage2_rl/sequential_runner.py' mode='r' encoding='utf-8'>
  src = open("blb_stage2_rl/sequential_runner.py", encoding="utf-8").read()
ResourceWarning: Enable tracemalloc to get the object allocation traceback
ok
test_probe_runner_can_evaluate_distinct_actions_on_distinct_workers (tests.test_sequential_smoke.WarmstartFixedRegressionTest.test_probe_runner_can_evaluate_distinct_actions_on_distinct_workers) ... ok
test_sequential_fast_mode_defers_terminal_reward_and_revalidates_promotions (tests.test_sequential_smoke.WarmstartFixedRegressionTest.test_sequential_fast_mode_defers_terminal_reward_and_revalidates_promotions) ... ok
test_sequential_force_anchor_honors_explicit_warmstart_only (tests.test_sequential_smoke.WarmstartFixedRegressionTest.test_sequential_force_anchor_honors_explicit_warmstart_only) ... ok
test_sequential_ppo_adaptive_lr_cap_is_conservative_for_gtrxl (tests.test_sequential_smoke.WarmstartFixedRegressionTest.test_sequential_ppo_adaptive_lr_cap_is_conservative_for_gtrxl) ... ok
test_sequential_ppo_buffer_carries_action_level_mask (tests.test_sequential_smoke.WarmstartFixedRegressionTest.test_sequential_ppo_buffer_carries_action_level_mask) ... ok
test_sequential_ppo_update_handles_budgeted_reward_extremes (tests.test_sequential_smoke.WarmstartFixedRegressionTest.test_sequential_ppo_update_handles_budgeted_reward_extremes) ... ok
test_sequential_ppo_update_replays_stored_action_level_mask (tests.test_sequential_smoke.WarmstartFixedRegressionTest.test_sequential_ppo_update_replays_stored_action_level_mask) ... ok
test_sequential_ppo_update_skips_nonfinite_minibatch (tests.test_sequential_smoke.WarmstartFixedRegressionTest.test_sequential_ppo_update_skips_nonfinite_minibatch) ... ok
test_sequential_runner_uses_episode_neighbor_offsets (tests.test_sequential_smoke.WarmstartFixedRegressionTest.test_sequential_runner_uses_episode_neighbor_offsets) ... ok
test_stage1_aligned_reward_bypasses_fusion_scaffolds (tests.test_sequential_smoke.WarmstartFixedRegressionTest.test_stage1_aligned_reward_bypasses_fusion_scaffolds) ... /hy-tmp/RFR_k6_13_eb19c6af_20260727/tests/test_sequential_smoke.py:2783: ResourceWarning: unclosed file <_io.TextIOWrapper name='blb_stage2_rl/sequential_runner.py' mode='r' encoding='utf-8'>
  src = open("blb_stage2_rl/sequential_runner.py", encoding="utf-8").read()
ResourceWarning: Enable tracemalloc to get the object allocation traceback
ok
test_step_level_mask_keeps_unselected_slots_at_baseline (tests.test_sequential_smoke.WarmstartFixedRegressionTest.test_step_level_mask_keeps_unselected_slots_at_baseline) ... ok

----------------------------------------------------------------------
Ran 415 tests in 42.874s

OK
