test_binary_k6_matches_exact_signed_grid_contract (tests.test_blb_truncation_backends.TruncationBackendTests.test_binary_k6_matches_exact_signed_grid_contract) ... ok
test_block1_executes_k_on_variance_before_rsqrt (tests.test_blb_truncation_backends.TruncationBackendTests.test_block1_executes_k_on_variance_before_rsqrt) ... ok
test_block1_truncation_only_executes_k_without_sampling_gaussian_noise (tests.test_blb_truncation_backends.TruncationBackendTests.test_block1_truncation_only_executes_k_without_sampling_gaussian_noise) ... ok
test_block2_hook_executes_k_from_the_materialized_cfg (tests.test_blb_truncation_backends.TruncationBackendTests.test_block2_hook_executes_k_from_the_materialized_cfg) ... ok
test_block3_executes_k_after_the_polynomial (tests.test_blb_truncation_backends.TruncationBackendTests.test_block3_executes_k_after_the_polynomial) ... ok
test_block4_executes_k_on_variance_before_rsqrt (tests.test_blb_truncation_backends.TruncationBackendTests.test_block4_executes_k_on_variance_before_rsqrt) ... ok
test_block5_executes_k_after_polynomial_gelu (tests.test_blb_truncation_backends.TruncationBackendTests.test_block5_executes_k_after_polynomial_gelu) ... ok
test_bridge_installs_layer0_block1_truncation_only_cfg (tests.test_blb_truncation_backends.TruncationBackendTests.test_bridge_installs_layer0_block1_truncation_only_cfg) ... ok
test_invalid_backend_and_invalid_parameters_fail_loudly (tests.test_blb_truncation_backends.TruncationBackendTests.test_invalid_backend_and_invalid_parameters_fail_loudly) ... ok
test_legacy_binary_is_bit_for_bit_unchanged_for_signed_values (tests.test_blb_truncation_backends.TruncationBackendTests.test_legacy_binary_is_bit_for_bit_unchanged_for_signed_values) ... ok
test_none_k_is_identity_for_every_backend (tests.test_blb_truncation_backends.TruncationBackendTests.test_none_k_is_identity_for_every_backend) ... ok
test_rotation_repeat_count_executes_independent_noise_for_every_rotation (tests.test_blb_truncation_backends.TruncationBackendTests.test_rotation_repeat_count_executes_independent_noise_for_every_rotation) ... ok
test_stochastic_ring_is_empirically_unbiased_for_both_signs (tests.test_blb_truncation_backends.TruncationBackendTests.test_stochastic_ring_is_empirically_unbiased_for_both_signs) ... ok
test_stochastic_ring_outputs_adjacent_k_grid_points (tests.test_blb_truncation_backends.TruncationBackendTests.test_stochastic_ring_outputs_adjacent_k_grid_points) ... ok
test_truncation_rng_is_reproducible_and_isolated_from_gaussian_rng (tests.test_blb_truncation_backends.TruncationBackendTests.test_truncation_rng_is_reproducible_and_isolated_from_gaussian_rng) ... ok
test_two_complement_ring_wrap_is_applied_before_truncation (tests.test_blb_truncation_backends.TruncationBackendTests.test_two_complement_ring_wrap_is_applied_before_truncation) ... ok
test_bert_large_runs_all_24_layers_through_the_same_terminal_path (tests.test_blb_layerwise_env.LayerwiseEnvironmentTest.test_bert_large_runs_all_24_layers_through_the_same_terminal_path) ... ok
test_deferred_terminal_prepares_exact_seed_without_running_base_step (tests.test_blb_layerwise_env.LayerwiseEnvironmentTest.test_deferred_terminal_prepares_exact_seed_without_running_base_step) ... ok
test_evaluates_four_then_five_blocks_and_records_one_row (tests.test_blb_layerwise_env.LayerwiseEnvironmentTest.test_evaluates_four_then_five_blocks_and_records_one_row) ... ok
test_invalid_block_is_aggregated_without_early_termination (tests.test_blb_layerwise_env.LayerwiseEnvironmentTest.test_invalid_block_is_aggregated_without_early_termination) ... ok
test_nonuniform_degrees_select_block3_and_block5_graphs_per_layer (tests.test_blb_layerwise_env.LayerwiseEnvironmentTest.test_nonuniform_degrees_select_block3_and_block5_graphs_per_layer) ... ok
test_rejects_misuse_and_owns_actions_and_terminal_results (tests.test_blb_layerwise_env.LayerwiseEnvironmentTest.test_rejects_misuse_and_owns_actions_and_terminal_results) ... ok
test_reset_after_terminal_starts_a_fresh_episode (tests.test_blb_layerwise_env.LayerwiseEnvironmentTest.test_reset_after_terminal_starts_a_fresh_episode) ... ok
test_reset_has_stable_geometry_and_owned_state (tests.test_blb_layerwise_env.LayerwiseEnvironmentTest.test_reset_has_stable_geometry_and_owned_state) ... ok
test_reset_reuses_fixed_schedule_until_degree_vectors_change (tests.test_blb_layerwise_env.LayerwiseEnvironmentTest.test_reset_reuses_fixed_schedule_until_degree_vectors_change) ... ok
test_terminal_calls_base_once_with_full_cost_and_handoff (tests.test_blb_layerwise_env.LayerwiseEnvironmentTest.test_terminal_calls_base_once_with_full_cost_and_handoff) ... ok
test_terminal_info_snapshot_is_bounded_json_safe_and_runtime_info_is_private (tests.test_blb_layerwise_env.LayerwiseEnvironmentTest.test_terminal_info_snapshot_is_bounded_json_safe_and_runtime_info_is_private) ... ok
test_layerwise_ordinary_block2_and_boosted_block5_use_real_helper_chain (tests.test_blb_layerwise_env.LayerwiseRealHelperIntegrationTest.test_layerwise_ordinary_block2_and_boosted_block5_use_real_helper_chain) ... ok
test_full_noise_markdown_table_streams_entries_without_copy (tests.test_blb_final_eval_fusion_fixed_action.FusionCountFixedActionDecodeTest.test_full_noise_markdown_table_streams_entries_without_copy) ... ok
test_fusion_fixed_action_decode_avoids_step_copy_wrappers (tests.test_blb_final_eval_fusion_fixed_action.FusionCountFixedActionDecodeTest.test_fusion_fixed_action_decode_avoids_step_copy_wrappers) ... ok
test_per_step_fusion_option_replay_preserves_rl_selected_k (tests.test_blb_final_eval_fusion_fixed_action.FusionCountFixedActionDecodeTest.test_per_step_fusion_option_replay_preserves_rl_selected_k) ... ok
test_results_plot_scans_candidate_rows_once (tests.test_blb_final_eval_fusion_fixed_action.FusionCountFixedActionDecodeTest.test_results_plot_scans_candidate_rows_once) ... ok
test_scatter_plot_scans_result_rows_once_per_group (tests.test_blb_final_eval_fusion_fixed_action.FusionCountFixedActionDecodeTest.test_scatter_plot_scans_result_rows_once_per_group) ... ok
test_selected_vs_random_summary_keeps_existing_statistics (tests.test_blb_final_eval_fusion_fixed_action.FusionCountFixedActionDecodeTest.test_selected_vs_random_summary_keeps_existing_statistics) ... ok
test_selected_vs_random_summary_streams_random_rows_once (tests.test_blb_final_eval_fusion_fixed_action.FusionCountFixedActionDecodeTest.test_selected_vs_random_summary_streams_random_rows_once) ... ok
test_persisted_override_wins_when_fusion_map_value_differs (tests.test_blb_final_eval_fusion_fixed_action.PersistedBoostedOverrideDecodeTest.test_persisted_override_wins_when_fusion_map_value_differs) ... ok
test_checkpoint_loader_raises_when_blb_checkpoint_cannot_be_loaded (tests.test_blb_final_eval_fusion_fixed_action.Stage2FinalEvalHandoffTest.test_checkpoint_loader_raises_when_blb_checkpoint_cannot_be_loaded) ... ok
test_checkpoint_loader_rejects_layerwise_group_without_exact_overrides (tests.test_blb_final_eval_fusion_fixed_action.Stage2FinalEvalHandoffTest.test_checkpoint_loader_rejects_layerwise_group_without_exact_overrides) ... ok
test_checkpoint_loader_skips_incomplete_layerwise_final_for_valid_live (tests.test_blb_final_eval_fusion_fixed_action.Stage2FinalEvalHandoffTest.test_checkpoint_loader_skips_incomplete_layerwise_final_for_valid_live) ... ok
test_in_memory_final_eval_handoff_copies_exact_fusion_best (tests.test_blb_final_eval_fusion_fixed_action.Stage2FinalEvalHandoffTest.test_in_memory_final_eval_handoff_copies_exact_fusion_best) ... ok
test_in_memory_fusion_handoff_rejects_missing_reloadable_group (tests.test_blb_final_eval_fusion_fixed_action.Stage2FinalEvalHandoffTest.test_in_memory_fusion_handoff_rejects_missing_reloadable_group) ... ok
test_in_memory_layerwise_handoff_rejects_missing_action (tests.test_blb_final_eval_fusion_fixed_action.Stage2FinalEvalHandoffTest.test_in_memory_layerwise_handoff_rejects_missing_action) ... ok
test_in_memory_layerwise_handoff_rejects_missing_fusion_flag (tests.test_blb_final_eval_fusion_fixed_action.Stage2FinalEvalHandoffTest.test_in_memory_layerwise_handoff_rejects_missing_fusion_flag) ... ok
test_all_five_blocks_use_the_shared_configured_truncation_executor (tests.test_blb_stage2_eval_single_path_static.Stage2EvalSinglePathStaticTest.test_all_five_blocks_use_the_shared_configured_truncation_executor) ... ok
test_block2_config_builder_exposes_k_and_backend_fields (tests.test_blb_stage2_eval_single_path_static.Stage2EvalSinglePathStaticTest.test_block2_config_builder_exposes_k_and_backend_fields) ... ok
test_block2_hook_receives_the_materialized_config_it_executes (tests.test_blb_stage2_eval_single_path_static.Stage2EvalSinglePathStaticTest.test_block2_hook_receives_the_materialized_config_it_executes) ... ok
test_executable_eval_paths_use_shared_optimizer_writeback_helper (tests.test_blb_stage2_eval_single_path_static.Stage2EvalSinglePathStaticTest.test_executable_eval_paths_use_shared_optimizer_writeback_helper) ... ok
test_install_auditors_consume_the_canonical_materialized_config (tests.test_blb_stage2_eval_single_path_static.Stage2EvalSinglePathStaticTest.test_install_auditors_consume_the_canonical_materialized_config) ... ok
test_install_cache_uses_final_config_fingerprint_not_flat_action_hash (tests.test_blb_stage2_eval_single_path_static.Stage2EvalSinglePathStaticTest.test_install_cache_uses_final_config_fingerprint_not_flat_action_hash) ... ok
test_installed_model_forward_paths_use_shared_inference_eval (tests.test_blb_stage2_eval_single_path_static.Stage2EvalSinglePathStaticTest.test_installed_model_forward_paths_use_shared_inference_eval) ... ok
test_json_default_scripts_use_shared_adapter (tests.test_blb_stage2_eval_single_path_static.Stage2EvalSinglePathStaticTest.test_json_default_scripts_use_shared_adapter) ... ok
test_layer0_block1_k_is_materialized_installed_and_verified (tests.test_blb_stage2_eval_single_path_static.Stage2EvalSinglePathStaticTest.test_layer0_block1_k_is_materialized_installed_and_verified) ... ok
test_model_eval_routes_use_canonical_action_materialization (tests.test_blb_stage2_eval_single_path_static.Stage2EvalSinglePathStaticTest.test_model_eval_routes_use_canonical_action_materialization) ... ok
test_paean_final_eval_does_not_forward_unapplied_replan_cfgs (tests.test_blb_stage2_eval_single_path_static.Stage2EvalSinglePathStaticTest.test_paean_final_eval_does_not_forward_unapplied_replan_cfgs) ... ok
test_probe_runner_diagnostics_payload_uses_shared_helper (tests.test_blb_stage2_eval_single_path_static.Stage2EvalSinglePathStaticTest.test_probe_runner_diagnostics_payload_uses_shared_helper) ... ok
test_repeat_evaluation_payloads_use_shared_pack_helper (tests.test_blb_stage2_eval_single_path_static.Stage2EvalSinglePathStaticTest.test_repeat_evaluation_payloads_use_shared_pack_helper) ... ok
test_report_json_normalization_uses_shared_helper (tests.test_blb_stage2_eval_single_path_static.Stage2EvalSinglePathStaticTest.test_report_json_normalization_uses_shared_helper) ... ok
test_stable_json_hash_callers_use_shared_helper (tests.test_blb_stage2_eval_single_path_static.Stage2EvalSinglePathStaticTest.test_stable_json_hash_callers_use_shared_helper) ... ok
test_training_diagnostics_persist_post_replan_install_identity (tests.test_blb_stage2_eval_single_path_static.Stage2EvalSinglePathStaticTest.test_training_diagnostics_persist_post_replan_install_identity) ... ok
test_truncation_backend_is_explicitly_wired_and_defaults_to_binary (tests.test_blb_stage2_eval_single_path_static.Stage2EvalSinglePathStaticTest.test_truncation_backend_is_explicitly_wired_and_defaults_to_binary) ... ok
test_union_over_curriculum_covers_full_space (tests.test_blb_fusion_curriculum.FullSpaceReachabilityTest.test_union_over_curriculum_covers_full_space) ... ok
test_fully_opens_after_ramp (tests.test_blb_fusion_curriculum.FusionBlockCurriculumScheduleTest.test_fully_opens_after_ramp) ... ok
test_monotonic_nondecreasing (tests.test_blb_fusion_curriculum.FusionBlockCurriculumScheduleTest.test_monotonic_nondecreasing) ... ok
test_ramp_actually_reaches_open (tests.test_blb_fusion_curriculum.FusionBlockCurriculumScheduleTest.test_ramp_actually_reaches_open) ... ok
test_starts_minimal_at_anchor (tests.test_blb_fusion_curriculum.FusionBlockCurriculumScheduleTest.test_starts_minimal_at_anchor) ... ok
test_anchor_episodes_never_probe (tests.test_blb_fusion_curriculum.FusionProbeScheduleTest.test_anchor_episodes_never_probe) ... ok
test_interval_zero_disables (tests.test_blb_fusion_curriculum.FusionProbeScheduleTest.test_interval_zero_disables) ... ok
test_non_multiple_episodes_are_none (tests.test_blb_fusion_curriculum.FusionProbeScheduleTest.test_non_multiple_episodes_are_none) ... ok
test_probe_frequency_is_sparse (tests.test_blb_fusion_curriculum.FusionProbeScheduleTest.test_probe_frequency_is_sparse) ... ok
test_pure_function_of_episode_index (tests.test_blb_fusion_curriculum.FusionProbeScheduleTest.test_pure_function_of_episode_index) ... ok
test_rotation_block2_block5 (tests.test_blb_fusion_curriculum.FusionProbeScheduleTest.test_rotation_block2_block5) ... ok
test_baseline_always_allowed (tests.test_blb_fusion_curriculum.FusionStepLevelMaskTest.test_baseline_always_allowed) ... ok
test_invalid_baseline_k_raises (tests.test_blb_fusion_curriculum.FusionStepLevelMaskTest.test_invalid_baseline_k_raises) ... ok
test_mutable_full_radius_equals_open_mask (tests.test_blb_fusion_curriculum.FusionStepLevelMaskTest.test_mutable_full_radius_equals_open_mask) ... ok
test_mutable_radius1_widens_locally (tests.test_blb_fusion_curriculum.FusionStepLevelMaskTest.test_mutable_radius1_widens_locally) ... ok
test_nonmutable_block_pinned_to_baseline (tests.test_blb_fusion_curriculum.FusionStepLevelMaskTest.test_nonmutable_block_pinned_to_baseline) ... ok
test_reuses_cached_mask_template_without_sharing_returned_array (tests.test_blb_fusion_curriculum.FusionStepLevelMaskTest.test_reuses_cached_mask_template_without_sharing_returned_array) ... ok
test_includes_baseline_and_size (tests.test_blb_fusion_curriculum.NearBaselineKTest.test_includes_baseline_and_size) ... ok
test_large_radius_keeps_all (tests.test_blb_fusion_curriculum.NearBaselineKTest.test_large_radius_keeps_all) ... ok
test_orders_by_truncation_bit_distance (tests.test_blb_fusion_curriculum.NearBaselineKTest.test_orders_by_truncation_bit_distance) ... ok
test_reuses_cached_near_k_ordering_without_exposing_cached_tuple (tests.test_blb_fusion_curriculum.NearBaselineKTest.test_reuses_cached_near_k_ordering_without_exposing_cached_tuple) ... ok
test_caps_at_horizon (tests.test_blb_fusion_curriculum.SelectMutableStepIndicesTest.test_caps_at_horizon) ... ok
test_distinct_in_range_and_count (tests.test_blb_fusion_curriculum.SelectMutableStepIndicesTest.test_distinct_in_range_and_count) ... ok
test_reproducible_per_seed (tests.test_blb_fusion_curriculum.SelectMutableStepIndicesTest.test_reproducible_per_seed) ... ok
test_single_mutable_step_uses_integer_draw_without_choice_array (tests.test_blb_fusion_curriculum.SelectMutableStepIndicesTest.test_single_mutable_step_uses_integer_draw_without_choice_array) ... ok
test_batch_manifest_expands_named_isolated_candidates (tests.test_paean_action_grid.PaeanActionGridTest.test_batch_manifest_expands_named_isolated_candidates) ... ok
test_candidate_loading_uses_explicit_calibrated_max_sfs_without_fallback (tests.test_paean_action_grid.PaeanActionGridTest.test_candidate_loading_uses_explicit_calibrated_max_sfs_without_fallback) ... ok
test_cost_matched_sampling_reuses_degree_arrays_across_decode_attempts (tests.test_paean_action_grid.PaeanActionGridTest.test_cost_matched_sampling_reuses_degree_arrays_across_decode_attempts) ... ok
test_cost_matched_sampling_reuses_parsed_fixed_specs (tests.test_paean_action_grid.PaeanActionGridTest.test_cost_matched_sampling_reuses_parsed_fixed_specs) ... ok
test_k_value_to_action_index_uses_precomputed_lookup (tests.test_paean_action_grid.PaeanActionGridTest.test_k_value_to_action_index_uses_precomputed_lookup) ... ok
test_normalize_base_action_accepts_ndarray_without_list_materialization (tests.test_paean_action_grid.PaeanActionGridTest.test_normalize_base_action_accepts_ndarray_without_list_materialization) ... ok
test_normalize_base_action_preserves_raw_input_for_shared_validation (tests.test_paean_action_grid.PaeanActionGridTest.test_normalize_base_action_preserves_raw_input_for_shared_validation) ... ok
test_parse_base_action_vec_accepts_list_without_extra_list_materialization (tests.test_paean_action_grid.PaeanActionGridTest.test_parse_base_action_vec_accepts_list_without_extra_list_materialization) ... ok
test_parse_base_action_vec_preserves_fractional_values_for_validation (tests.test_paean_action_grid.PaeanActionGridTest.test_parse_base_action_vec_preserves_fractional_values_for_validation) ... ok
test_scaling_factor_value_lookup_reuses_choice_table (tests.test_paean_action_grid.PaeanActionGridTest.test_scaling_factor_value_lookup_reuses_choice_table) ... ok
test_selector_slots_are_cached_across_repeated_sets (tests.test_paean_action_grid.PaeanActionGridTest.test_selector_slots_are_cached_across_repeated_sets) ... ok
test_slot_config_loading_reuses_profile_max_sfs (tests.test_paean_action_grid.PaeanActionGridTest.test_slot_config_loading_reuses_profile_max_sfs) ... ok
test_standard_truncation_sweeps_cover_k6_through_k13 (tests.test_paean_action_grid.PaeanActionGridTest.test_standard_truncation_sweeps_cover_k6_through_k13) ... ok
test_fresh_writes_to_source_field (tests.test_blb_chain_integrity.ApplyOptimizerOutputBlock1Test.test_fresh_writes_to_source_field) ... ok
test_fused_away_sets_rescale_to_none (tests.test_blb_chain_integrity.ApplyOptimizerOutputBlock1Test.test_fused_away_sets_rescale_to_none) ... ok
test_invalid_result_short_circuits_no_op (tests.test_blb_chain_integrity.ApplyOptimizerOutputBlock1Test.test_invalid_result_short_circuits_no_op) ... ok
test_missing_compact_config_no_op (tests.test_blb_chain_integrity.ApplyOptimizerOutputBlock1Test.test_missing_compact_config_no_op) ... ok
test_non_integer_delta_skipped (tests.test_blb_chain_integrity.ApplyOptimizerOutputBlock1Test.test_non_integer_delta_skipped) ... ok
test_propagation_delta_writes_to_encode_field (tests.test_blb_chain_integrity.ApplyOptimizerOutputBlock1Test.test_propagation_delta_writes_to_encode_field) ... ok
test_rescale_post_writes_to_rescale_field (tests.test_blb_chain_integrity.ApplyOptimizerOutputBlock1Test.test_rescale_post_writes_to_rescale_field) ... ok
test_rotation_flag_resets_when_absent (tests.test_blb_chain_integrity.ApplyOptimizerOutputBlock2RotationTest.test_rotation_flag_resets_when_absent) ... ok
test_rotation_flag_toggled_on_via_name_map (tests.test_blb_chain_integrity.ApplyOptimizerOutputBlock2RotationTest.test_rotation_flag_toggled_on_via_name_map) ... ok
test_shared_helper_applies_block2_bindings (tests.test_blb_chain_integrity.ApplyOptimizerOutputsToCfgsSharedHelperTest.test_shared_helper_applies_block2_bindings) ... ok
test_shared_helper_applies_block4_v_mask_binding (tests.test_blb_chain_integrity.ApplyOptimizerOutputsToCfgsSharedHelperTest.test_shared_helper_applies_block4_v_mask_binding) ... ok
test_shared_helper_applies_block5_aux_fresh_binding (tests.test_blb_chain_integrity.ApplyOptimizerOutputsToCfgsSharedHelperTest.test_shared_helper_applies_block5_aux_fresh_binding) ... ok
test_shared_helper_preserves_block3_k_while_writing_sf (tests.test_blb_chain_integrity.ApplyOptimizerOutputsToCfgsSharedHelperTest.test_shared_helper_preserves_block3_k_while_writing_sf) ... ok
test_block3_k_changes_post_polynomial_output (tests.test_blb_chain_integrity.Block3TruncationExecutionTest.test_block3_k_changes_post_polynomial_output) ... ok
test_block2_shared_rotation_enables_all_qkv_model_branches (tests.test_blb_chain_integrity.DefaultOptimizerRotationBindingTest.test_block2_shared_rotation_enables_all_qkv_model_branches) ... ok
test_block4_rotation_count_three_is_preserved_for_runtime (tests.test_blb_chain_integrity.DefaultOptimizerRotationBindingTest.test_block4_rotation_count_three_is_preserved_for_runtime) ... ok
test_unknown_effective_rotation_fails_closed_instead_of_disappearing (tests.test_blb_chain_integrity.DefaultOptimizerRotationBindingTest.test_unknown_effective_rotation_fails_closed_instead_of_disappearing) ... ok
test_parse_device_ids_accepts_fire_tuple (tests.test_blb_chain_integrity.ProbeRunnerHelpersTest.test_parse_device_ids_accepts_fire_tuple) ... ok
test_parse_device_ids_accepts_parenthesized_fire_string (tests.test_blb_chain_integrity.ProbeRunnerHelpersTest.test_parse_device_ids_accepts_parenthesized_fire_string) ... ok
test_parse_device_ids_basic (tests.test_blb_chain_integrity.ProbeRunnerHelpersTest.test_parse_device_ids_basic) ... ok
test_parse_device_ids_rejects_garbage (tests.test_blb_chain_integrity.ProbeRunnerHelpersTest.test_parse_device_ids_rejects_garbage) ... ok
test_split_round_robin_k0 (tests.test_blb_chain_integrity.ProbeRunnerHelpersTest.test_split_round_robin_k0) ... ok
test_split_round_robin_k4_n4_one_trial_per_gpu (tests.test_blb_chain_integrity.ProbeRunnerHelpersTest.test_split_round_robin_k4_n4_one_trial_per_gpu) ... ok
test_split_round_robin_k5_n2 (tests.test_blb_chain_integrity.ProbeRunnerHelpersTest.test_split_round_robin_k5_n2) ... ok
test_split_round_robin_k5_n3 (tests.test_blb_chain_integrity.ProbeRunnerHelpersTest.test_split_round_robin_k5_n3) ... ok
test_split_round_robin_single_worker (tests.test_blb_chain_integrity.ProbeRunnerHelpersTest.test_split_round_robin_single_worker) ... ok
test_trial_seed_deterministic (tests.test_blb_chain_integrity.ProbeRunnerHelpersTest.test_trial_seed_deterministic) ... ok
test_trial_seed_independent_per_trial (tests.test_blb_chain_integrity.ProbeRunnerHelpersTest.test_trial_seed_independent_per_trial) ... ok
test_runner_handles_k0_gracefully (tests.test_blb_chain_integrity.ProbeRunnerTwoGPUTest.test_runner_handles_k0_gracefully) ... ok
test_runner_returns_results_in_trial_order (tests.test_blb_chain_integrity.ProbeRunnerTwoGPUTest.test_runner_returns_results_in_trial_order) ... ok
test_distribution_string_case_insensitive (tests.test_blb_chain_integrity.SampleGaussianLiveReadTest.test_distribution_string_case_insensitive) ... ok
test_mutating_scaling_factor_changes_noise_variance (tests.test_blb_chain_integrity.SampleGaussianLiveReadTest.test_mutating_scaling_factor_changes_noise_variance) ... ok
test_none_point_returns_zero_noise (tests.test_blb_chain_integrity.SampleGaussianLiveReadTest.test_none_point_returns_zero_noise) ... ok
test_action_head_bias_starts_zero (tests.test_blb_chain_integrity.SequentialPolicyInitTest.test_action_head_bias_starts_zero)
Learned actor biases start zero; caller controls baseline prior. ... ok
test_action_head_weight_is_small (tests.test_blb_chain_integrity.SequentialPolicyInitTest.test_action_head_weight_is_small)
Every per-slot head must start near zero so external prior wins. ... ok
test_value_head_init_standard (tests.test_blb_chain_integrity.SequentialPolicyInitTest.test_value_head_init_standard) ... ok
test_warmstart_bias_dominates_random_state (tests.test_blb_chain_integrity.SequentialPolicyInitTest.test_warmstart_bias_dominates_random_state)
With +3.5 warmstart bias and random state, preferred index should ... ok
test_all_three_pairs_mirrored (tests.test_blb_chain_integrity.SyncBlock2QKBindingTest.test_all_three_pairs_mirrored) ... ok
test_no_op_when_already_synced (tests.test_blb_chain_integrity.SyncBlock2QKBindingTest.test_no_op_when_already_synced) ... ok
test_wk_mutation_mirrors_onto_wq (tests.test_blb_chain_integrity.SyncBlock2QKBindingTest.test_wk_mutation_mirrors_onto_wq) ... ok
test_batch_manifest_counts_candidates_in_one_launcher_process (tests.test_paean_final_eval_workload.FinalEvalWorkloadEstimateTest.test_batch_manifest_counts_candidates_in_one_launcher_process) ... ok
test_configuration_lines_include_workload_summary (tests.test_paean_final_eval_workload.FinalEvalWorkloadEstimateTest.test_configuration_lines_include_workload_summary) ... ok
test_counts_action_range_product_and_random_controls (tests.test_paean_final_eval_workload.FinalEvalWorkloadEstimateTest.test_counts_action_range_product_and_random_controls) ... ok
test_default_cost_match_count_is_counted_even_without_legacy_random (tests.test_paean_final_eval_workload.FinalEvalWorkloadEstimateTest.test_default_cost_match_count_is_counted_even_without_legacy_random) ... ok
test_list_presets_streams_only_first_line (tests.test_paean_final_eval_workload.FinalEvalWorkloadEstimateTest.test_list_presets_streams_only_first_line) ... ok
test_rl_final_eval_command_disables_stage2_training_episode_limit (tests.test_paean_final_eval_workload.FinalEvalWorkloadEstimateTest.test_rl_final_eval_command_disables_stage2_training_episode_limit) ... ok

----------------------------------------------------------------------
Ran 144 tests in 2.475s

OK
