SOURCE_COMMIT=8faf478
START=2026-07-04 07:56:09 +0800
0, NVIDIA GeForce RTX 5090, 0, 2, 32607, P8
1, NVIDIA GeForce RTX 5090, 0, 2, 32607, P8
2, NVIDIA GeForce RTX 5090, 0, 2, 32607, P8
3, NVIDIA GeForce RTX 5090, 0, 2, 32607, P8
4, NVIDIA GeForce RTX 5090, 0, 2, 32607, P8
test_below_band_values_match_including_saturation (tests.test_stage1_eval_accel.ExpSquaringEquivalenceTest.test_below_band_values_match_including_saturation) ... ok
test_matches_torch_pow_in_band (tests.test_stage1_eval_accel.ExpSquaringEquivalenceTest.test_matches_torch_pow_in_band) ... ok
test_softmax_invariant_to_additive_mask_padding_columns (tests.test_stage1_eval_accel.ExpSquaringEquivalenceTest.test_softmax_invariant_to_additive_mask_padding_columns)
Real query rows' probs must not depend on -10000-masked pad width. ... ok
test_attention_forward_consumes_positional_tail_without_front_pop (tests.test_stage1_eval_accel.FunctionHandlerForwardAllocationSourceTest.test_attention_forward_consumes_positional_tail_without_front_pop) ... ok
test_block5_gelu_coeff_encode_reuses_input_as_noise_reference (tests.test_stage1_eval_accel.FunctionHandlerForwardAllocationSourceTest.test_block5_gelu_coeff_encode_reuses_input_as_noise_reference) ... ok
test_block5_gelu_power_builder_skips_unused_x0_tensor (tests.test_stage1_eval_accel.FunctionHandlerForwardAllocationSourceTest.test_block5_gelu_power_builder_skips_unused_x0_tensor) ... ok
test_gelu_piecewise_select_avoids_low_mask_zero_fill (tests.test_stage1_eval_accel.FunctionHandlerForwardAllocationSourceTest.test_gelu_piecewise_select_avoids_low_mask_zero_fill) ... ok
test_gelu_piecewise_select_uses_scalar_zero_branch (tests.test_stage1_eval_accel.FunctionHandlerForwardAllocationSourceTest.test_gelu_piecewise_select_uses_scalar_zero_branch) ... ok
test_ones_mask_encode_samples_noise_without_full_shape_ones_prefill (tests.test_stage1_eval_accel.FunctionHandlerForwardAllocationSourceTest.test_ones_mask_encode_samples_noise_without_full_shape_ones_prefill) ... ok
test_reversible_handler_reuses_resolved_layer_sequences (tests.test_stage1_eval_accel.FunctionHandlerForwardAllocationSourceTest.test_reversible_handler_reuses_resolved_layer_sequences) ... ok
test_scalar_encode_constants_sample_noise_without_full_shape_prefill (tests.test_stage1_eval_accel.FunctionHandlerForwardAllocationSourceTest.test_scalar_encode_constants_sample_noise_without_full_shape_prefill) ... ok
test_softmax_lower_bound_zero_branch_uses_scalar_zero (tests.test_stage1_eval_accel.FunctionHandlerForwardAllocationSourceTest.test_softmax_lower_bound_zero_branch_uses_scalar_zero) ... ok
test_forward_matches_reference_piecewise (tests.test_stage1_eval_accel.HornerPolyEquivalenceTest.test_forward_matches_reference_piecewise) ... ok
test_poly_matches_stacked_reference_all_degrees_and_signs (tests.test_stage1_eval_accel.HornerPolyEquivalenceTest.test_poly_matches_stacked_reference_all_degrees_and_signs) ... FAIL
test_bit_identical_to_per_batch_sync_loop (tests.test_stage1_eval_accel.RunEvaluationDeferredSyncTest.test_bit_identical_to_per_batch_sync_loop) ... FAIL
test_repeated_same_config_skips_handler_reinstall_but_keeps_eval_mode (tests.test_stage1_eval_accel.Stage1ApplyConfigurationReuseTest.test_repeated_same_config_skips_handler_reinstall_but_keeps_eval_mode) ... ok
test_worker_eval_path_reuses_handler_install_without_eval_cache (tests.test_stage1_eval_accel.Stage1ApplyConfigurationReuseTest.test_worker_eval_path_reuses_handler_install_without_eval_cache) ... ok
test_concurrent_get_put_smoke (tests.test_stage1_eval_accel.Stage1EvalCacheTest.test_concurrent_get_put_smoke) ... ok
test_hit_returns_exact_stored_value_and_counts (tests.test_stage1_eval_accel.Stage1EvalCacheTest.test_hit_returns_exact_stored_value_and_counts) ... ok
test_make_key_normalizes_sequences (tests.test_stage1_eval_accel.Stage1EvalCacheTest.test_make_key_normalizes_sequences) ... ok
test_single_gpu_evaluate_model_uses_shared_cache_helper (tests.test_stage1_eval_accel.Stage1EvaluateModelCacheSourceTest.test_single_gpu_evaluate_model_uses_shared_cache_helper) ... ok
test_mrpc_layer_noise_eval_uses_async_transfer_and_defers_cpu_lists (tests.test_stage1_eval_accel.Stage1GpuEvalScriptSourceTest.test_mrpc_layer_noise_eval_uses_async_transfer_and_defers_cpu_lists) ... ok
test_stage1_plaintext_repeat_eval_uses_async_transfer_and_defers_sync (tests.test_stage1_eval_accel.Stage1GpuEvalScriptSourceTest.test_stage1_plaintext_repeat_eval_uses_async_transfer_and_defers_sync) ... ok
test_reward_history_uses_bounded_deque_not_front_pop (tests.test_stage1_eval_accel.Stage1RewardHistoryWindowSourceTest.test_reward_history_uses_bounded_deque_not_front_pop) ... ok
test_reward_statistics_maintain_running_sums_not_numpy_window_scans (tests.test_stage1_eval_accel.Stage1RewardHistoryWindowSourceTest.test_reward_statistics_maintain_running_sums_not_numpy_window_scans) ... ok
test_recurrent_rollout_tensor_pack_batches_scalar_transfers_to_target_device (tests.test_stage1_eval_accel.Stage1RolloutPackingSourceTest.test_recurrent_rollout_tensor_pack_batches_scalar_transfers_to_target_device) ... ok
test_noise_scaling_validation_scans_arrays_without_tolist_materialization (tests.test_stage1_parallel_semantics.Stage1ParallelSemanticsTest.test_noise_scaling_validation_scans_arrays_without_tolist_materialization) ... ok
test_parallel_rollout_logs_per_window_timing_diagnostics (tests.test_stage1_parallel_semantics.Stage1ParallelSemanticsTest.test_parallel_rollout_logs_per_window_timing_diagnostics) ... ok
test_parallel_runner_exposes_worker_timing_and_speedup_diagnostics (tests.test_stage1_parallel_semantics.Stage1ParallelSemanticsTest.test_parallel_runner_exposes_worker_timing_and_speedup_diagnostics) ... ok
test_parallel_worker_uses_serial_sos_token_for_initial_previous_action (tests.test_stage1_parallel_semantics.Stage1ParallelSemanticsTest.test_parallel_worker_uses_serial_sos_token_for_initial_previous_action) ... ok
test_policy_replica_sync_reuses_one_state_dict_per_window (tests.test_stage1_parallel_semantics.Stage1ParallelSemanticsTest.test_policy_replica_sync_reuses_one_state_dict_per_window) ... ok
test_recurrent_rollout_buffer_packs_scalar_arrays_before_tensor_transfer (tests.test_stage1_parallel_semantics.Stage1ParallelSemanticsTest.test_recurrent_rollout_buffer_packs_scalar_arrays_before_tensor_transfer) ... ok
test_recurrent_rollout_buffer_packs_scalar_tensor_fields_directly_to_device (tests.test_stage1_parallel_semantics.Stage1ParallelSemanticsTest.test_recurrent_rollout_buffer_packs_scalar_tensor_fields_directly_to_device) ... ok
test_stage1_parallel_replay_stash_uses_deque (tests.test_stage1_parallel_semantics.Stage1ParallelSemanticsTest.test_stage1_parallel_replay_stash_uses_deque) ... ok
test_stage1_rollout_defers_worker_logprob_value_sync_until_episode_end (tests.test_stage1_parallel_semantics.Stage1ParallelSemanticsTest.test_stage1_rollout_defers_worker_logprob_value_sync_until_episode_end) ... ok
test_stage1_rollout_records_cont_features_without_cpu_tensor_roundtrip (tests.test_stage1_parallel_semantics.Stage1ParallelSemanticsTest.test_stage1_rollout_records_cont_features_without_cpu_tensor_roundtrip) ... ok
test_stage1_rollout_reuses_action_scalar_and_builds_device_tensors_directly (tests.test_stage1_parallel_semantics.Stage1ParallelSemanticsTest.test_stage1_rollout_reuses_action_scalar_and_builds_device_tensors_directly) ... ok
test_stage1_rollout_reuses_preallocated_sequence_tensors (tests.test_stage1_parallel_semantics.Stage1ParallelSemanticsTest.test_stage1_rollout_reuses_preallocated_sequence_tensors) ... ok
test_stage1_rollout_reuses_static_gelu_mask_template_per_device (tests.test_stage1_parallel_semantics.Stage1ParallelSemanticsTest.test_stage1_rollout_reuses_static_gelu_mask_template_per_device) ... ok
test_stage1_single_gpu_rollout_defers_logprob_value_sync_until_episode_end (tests.test_stage1_parallel_semantics.Stage1ParallelSemanticsTest.test_stage1_single_gpu_rollout_defers_logprob_value_sync_until_episode_end) ... ok

======================================================================
FAIL: test_poly_matches_stacked_reference_all_degrees_and_signs (tests.test_stage1_eval_accel.HornerPolyEquivalenceTest.test_poly_matches_stacked_reference_all_degrees_and_signs)
----------------------------------------------------------------------
Traceback (most recent call last):
  File "/hy-tmp/rfr_stage1_semantics_8faf478_20260704_075601/tests/test_stage1_eval_accel.py", line 645, in test_poly_matches_stacked_reference_all_degrees_and_signs
    torch.testing.assert_close(
  File "/usr/local/lib/python3.11/dist-packages/torch/testing/_comparison.py", line 1589, in assert_close
    raise error_metas[0].to_error(msg)
AssertionError: degree=4 sign=1

======================================================================
FAIL: test_bit_identical_to_per_batch_sync_loop (tests.test_stage1_eval_accel.RunEvaluationDeferredSyncTest.test_bit_identical_to_per_batch_sync_loop)
----------------------------------------------------------------------
Traceback (most recent call last):
  File "/hy-tmp/rfr_stage1_semantics_8faf478_20260704_075601/tests/test_stage1_eval_accel.py", line 841, in test_bit_identical_to_per_batch_sync_loop
    self.assertEqual(loss, ref_loss)   # exact: same fp32 values, same fp64 order
    ^^^^^^^^^^^^^^^^^^^^^^^^^^^^^^^^
AssertionError: 38.218324487859554 != 38.96551068623861

----------------------------------------------------------------------
Ran 40 tests in 1.829s

FAILED (failures=2)
TEST_RC=1
END=2026-07-04 07:56:14 +0800
