HORNER 0 0 max_abs 4.76837158203125e-07 max_rel 1.9302446162328124e-05 allclose True
ASCEND 0 0 max_abs 4.76837158203125e-07 max_rel 1.9302446162328124e-05 allclose True
HORNER 0 1 max_abs 2.9802322387695312e-08 max_rel 0.0005312245339155197 allclose True
ASCEND 0 1 max_abs 2.9802322387695312e-08 max_rel 0.0005312245339155197 allclose True
HORNER 1 0 max_abs 4.76837158203125e-07 max_rel 1.9302446162328124e-05 allclose True
ASCEND 1 0 max_abs 4.76837158203125e-07 max_rel 1.9302446162328124e-05 allclose True
HORNER 1 1 max_abs 2.9802322387695312e-08 max_rel 0.0005312245339155197 allclose True
ASCEND 1 1 max_abs 2.9802322387695312e-08 max_rel 0.0005312245339155197 allclose True
HORNER 2 0 max_abs 4.76837158203125e-07 max_rel 1.617815200916084e-06 allclose True
ASCEND 2 0 max_abs 4.76837158203125e-07 max_rel 9.798807241168106e-07 allclose True
HORNER 2 1 max_abs 1.1920928955078125e-07 max_rel 0.00017698848387226462 allclose True
ASCEND 2 1 max_abs 5.960464477539063e-08 max_rel 0.0001564008998684585 allclose True
HORNER 3 0 max_abs 1.430511474609375e-06 max_rel 1.3039258192293346e-05 allclose True
ASCEND 3 0 max_abs 9.5367431640625e-07 max_rel 9.64572791417595e-06 allclose True
HORNER 3 1 max_abs 1.9073486328125e-06 max_rel 1.7789901903597638e-05 allclose True
ASCEND 3 1 max_abs 9.5367431640625e-07 max_rel 1.6396717910538428e-05 allclose True
HORNER 4 0 max_abs 3.814697265625e-06 max_rel 3.805486994679086e-05 allclose True
ASCEND 4 0 max_abs 1.9073486328125e-06 max_rel 2.0330684492364526e-05 allclose True
HORNER 4 1 max_abs 3.814697265625e-06 max_rel 0.03966331481933594 allclose False
ASCEND 4 1 max_abs 3.814697265625e-06 max_rel 0.018865808844566345 allclose True
