/var/tmp/root-home/miniconda3/envs/llm_ist/lib/python3.10/site-packages/transformers/utils/generic.py:441: FutureWarning: `torch.utils._pytree._register_pytree_node` is deprecated. Please use `torch.utils._pytree.register_pytree_node` instead.
  _torch_pytree._register_pytree_node(
/var/tmp/root-home/miniconda3/envs/llm_ist/lib/python3.10/site-packages/transformers/utils/generic.py:309: FutureWarning: `torch.utils._pytree._register_pytree_node` is deprecated. Please use `torch.utils._pytree.register_pytree_node` instead.
  _torch_pytree._register_pytree_node(
[PPO] ppo_update_interval=120 (batch=1440 steps, details chunk=360 episodes)
Finetuning model with params:
base_model: textattack/bert-base-uncased-MRPC
data_path: mrpc
output_dir: /hy-tmp/stage2_comparator_html_authority_20260817/formal_persistent_v2/greedy/bert-base/mrpc/s1t0.001_s2t0.001_s2st2.0
batch_size: 16
micro_batch_size: 16
num_epochs: 1
learning_rate: 0.0002
rl_lr: 0.0001
stage1_rl_lr: 0.0001
stage2_rl_lr: 0.0001
cutoff_len: 256
val_set_size: 120
use_gradient_checkpointing: False
lora_r: 8
lora_alpha: 16
lora_dropout: 0.05
lora_target_modules: None
Wdecompose_target_modules: None
bottleneck_size: 256
non_linearity: tanh
adapter_dropout: 0.0
use_parallel_adapter: True
use_adapterp: False
train_on_inputs: True
scaling: 1.0
adapter_name: lora
target_modules: ['q_proj', 'k_proj', 'v_proj', 'up_proj', 'down_proj']
final_eval_config_source: search
final_eval_config_path: glue_final_configs_best_ppo.json
manual_stage1_gelu: 
manual_stage1_softmax: 
manual_stage2_noise: 
stage1_rl_episodes: 51000
stage1_entropy_stop_threshold: None
stage2_rl_episodes: 0
stage1_rl_episodes_specified: False
stage2_rl_episodes_specified: False
skip_noise_rl: False
final_eval_repeat_n: 50
final_eval_preset: default
final_eval_output_root: 
final_eval_run_name: 
final_eval_random_enabled: False
final_eval_action_config: 
final_eval_action_ranges: 
final_eval_action_fixed: 
final_eval_require_rescale_optimizer: False
skip_stage1_rl: False
skip_final_eval: True
comparator_stage1_only: False
final_eval_only: False
group_by_length: False
wandb_project: 
wandb_run_name: 
wandb_watch: 
wandb_log_model: 
resume_from_checkpoint: None
resume_run_dir: 
stage2_rl_variant: blb_v3
blb_v3_rescale_invoker_kind: in_process
blb_v3_inproc_rescale_optimizer_root: Rescale_optimizer
blb_v3_warmstart_anchor_episodes: None
blb_v3_warmstart_neighbor_ramp_episodes: None
blb_v3_warmstart_neighbor_max_mutations: None
blb_v3_warmstart_neighbor_max_radius: None
blb_v3_warmstart_neighbor_sampling: None
blb_v3_guarded_radius2_enabled: None
blb_v3_guarded_radius2_min_episode: None
blb_v3_guarded_radius2_stall_window: None
blb_v3_guarded_radius2_max_mutations: None
blb_v3_guarded_radius2_episode_fraction: None
blb_v3_guarded_radius2_cooldown_episodes: None
blb_v3_static_invalid_level_mask_enabled: false
blb_v3_warmstart_baseline_bias: None
blb_v3_warmstart_bias_gain: None
blb_v3_ent_coef: None
blb_v3_ent_coef_anchor: None
blb_v3_ent_coef_ramp_episodes: None
blb_v3_action_mask_enabled: False
blb_v3_action_mask_mode: none
blb_v3_action_mask_file: 
blb_v3_action_mask_baseline_logit_bonus: 0.0
blb_v3_action_mask_source: 

/var/tmp/root-home/miniconda3/envs/llm_ist/lib/python3.10/site-packages/huggingface_hub/file_download.py:942: FutureWarning: `resume_download` is deprecated and will be removed in version 1.0.0. Downloads always resume when possible. If you want to force a new download, use `force_download=True`.
  warnings.warn(
Auto-detected num_labels=2 for dataset 'mrpc'
BertForSequenceClassification(
  (bert): BertModel(
    (embeddings): BertEmbeddings(
      (word_embeddings): Embedding(30522, 768, padding_idx=0)
      (position_embeddings): Embedding(512, 768)
      (token_type_embeddings): Embedding(2, 768)
      (LayerNorm): LayerNorm((768,), eps=1e-12, elementwise_affine=True)
      (dropout): Dropout(p=0.1, inplace=False)
    )
    (encoder): BertEncoder(
      (layer): ModuleList(
        (0-11): 12 x BertLayer(
          (attention): BertAttention(
            (self): BertSelfAttention(
              (query): Linear(in_features=768, out_features=768, bias=True)
              (key): Linear(in_features=768, out_features=768, bias=True)
              (value): Linear(in_features=768, out_features=768, bias=True)
              (dropout): Dropout(p=0.1, inplace=False)
            )
            (output): BertSelfOutput(
              (dense): Linear(in_features=768, out_features=768, bias=True)
              (LayerNorm): LayerNorm((768,), eps=1e-12, elementwise_affine=True)
              (dropout): Dropout(p=0.1, inplace=False)
            )
          )
          (intermediate): BertIntermediate(
            (dense): Linear(in_features=768, out_features=3072, bias=True)
            (intermediate_act_fn): GELUActivation()
          )
          (output): BertOutput(
            (dense): Linear(in_features=3072, out_features=768, bias=True)
            (LayerNorm): LayerNorm((768,), eps=1e-12, elementwise_affine=True)
            (dropout): Dropout(p=0.1, inplace=False)
          )
        )
      )
    )
    (pooler): BertPooler(
      (dense): Linear(in_features=768, out_features=768, bias=True)
      (activation): Tanh()
    )
  )
  (dropout): Dropout(p=0.1, inplace=False)
  (classifier): Linear(in_features=768, out_features=2, bias=True)
)
[dataset] task='mrpc' → route=hf_remote endpoint=nyu-mll/glue
Loading dataset: Dataset({
    features: ['sentence1', 'sentence2', 'label', 'idx'],
    num_rows: 408
})
After tokenize: {'sentence1': '" This decision is clearly incorrect , " FTC Chairman Timothy Muris said in a written statement .', 'sentence2': 'The decision is " clearly incorrect , " FTC Chairman Tim Muris said .', 'label': 1, 'idx': 558, 'input_ids': [101, 1000, 2023, 3247, 2003, 4415, 16542, 1010, 1000, 3027, 2278, 3472, 10805, 14163, 6935, 2056, 1999, 1037, 2517, 4861, 1012, 102, 1996, 3247, 2003, 1000, 4415, 16542, 1010, 1000, 3027, 2278, 3472, 5199, 14163, 6935, 2056, 1012, 102], 'token_type_ids': [0, 0, 0, 0, 0, 0, 0, 0, 0, 0, 0, 0, 0, 0, 0, 0, 0, 0, 0, 0, 0, 0, 1, 1, 1, 1, 1, 1, 1, 1, 1, 1, 1, 1, 1, 1, 1, 1, 1], 'attention_mask': [1, 1, 1, 1, 1, 1, 1, 1, 1, 1, 1, 1, 1, 1, 1, 1, 1, 1, 1, 1, 1, 1, 1, 1, 1, 1, 1, 1, 1, 1, 1, 1, 1, 1, 1, 1, 1, 1, 1]}
After add label: {'sentence1': '" This decision is clearly incorrect , " FTC Chairman Timothy Muris said in a written statement .', 'sentence2': 'The decision is " clearly incorrect , " FTC Chairman Tim Muris said .', 'labels': 1, 'idx': 558, 'input_ids': [101, 1000, 2023, 3247, 2003, 4415, 16542, 1010, 1000, 3027, 2278, 3472, 10805, 14163, 6935, 2056, 1999, 1037, 2517, 4861, 1012, 102, 1996, 3247, 2003, 1000, 4415, 16542, 1010, 1000, 3027, 2278, 3472, 5199, 14163, 6935, 2056, 1012, 102], 'token_type_ids': [0, 0, 0, 0, 0, 0, 0, 0, 0, 0, 0, 0, 0, 0, 0, 0, 0, 0, 0, 0, 0, 0, 1, 1, 1, 1, 1, 1, 1, 1, 1, 1, 1, 1, 1, 1, 1, 1, 1], 'attention_mask': [1, 1, 1, 1, 1, 1, 1, 1, 1, 1, 1, 1, 1, 1, 1, 1, 1, 1, 1, 1, 1, 1, 1, 1, 1, 1, 1, 1, 1, 1, 1, 1, 1, 1, 1, 1, 1, 1, 1]}
After format: Dataset({
    features: ['sentence1', 'sentence2', 'labels', 'idx', 'input_ids', 'token_type_ids', 'attention_mask'],
    num_rows: 408
})
Train data size: 3668
Validation data size: 408
Reinforcement Learning to evaluate layer sensitivity to approximation
[信息] 数据集（Dataset）'mrpc' 检测为 CLASSIFICATION 任务
[信息] 使用指标（Using metrics）: Accuracy, F1
You're using a BertTokenizerFast tokenizer. Please note that with a fast tokenizer, using the `__call__` method is faster than using a method to encode the text followed by a call to the `pad` method to get a padded encoding.
[数据集协议（Dataset Protocol）] 完整验证集（validation_full）=408  （统一使用 validation_full，不再拆分 search/holdout/proxy）
Model compile started
Model compile finished
Starting evaluation...
Round 0 of evaluation
{'labels': tensor(1), 'input_ids': tensor([  101,  1000,  2023,  3247,  2003,  4415, 16542,  1010,  1000,  3027,
         2278,  3472, 10805, 14163,  6935,  2056,  1999,  1037,  2517,  4861,
         1012,   102,  1996,  3247,  2003,  1000,  4415, 16542,  1010,  1000,
         3027,  2278,  3472,  5199, 14163,  6935,  2056,  1012,   102]), 'token_type_ids': tensor([0, 0, 0, 0, 0, 0, 0, 0, 0, 0, 0, 0, 0, 0, 0, 0, 0, 0, 0, 0, 0, 0, 1, 1,
        1, 1, 1, 1, 1, 1, 1, 1, 1, 1, 1, 1, 1, 1, 1]), 'attention_mask': tensor([1, 1, 1, 1, 1, 1, 1, 1, 1, 1, 1, 1, 1, 1, 1, 1, 1, 1, 1, 1, 1, 1, 1, 1,
        1, 1, 1, 1, 1, 1, 1, 1, 1, 1, 1, 1, 1, 1, 1])}
{'labels': tensor(1), 'input_ids': tensor([  101,  1000,  2023,  3247,  2003,  4415, 16542,  1010,  1000,  3027,
         2278,  3472, 10805, 14163,  6935,  2056,  1999,  1037,  2517,  4861,
         1012,   102,  1996,  3247,  2003,  1000,  4415, 16542,  1010,  1000,
         3027,  2278,  3472,  5199, 14163,  6935,  2056,  1012,   102]), 'token_type_ids': tensor([0, 0, 0, 0, 0, 0, 0, 0, 0, 0, 0, 0, 0, 0, 0, 0, 0, 0, 0, 0, 0, 0, 1, 1,
        1, 1, 1, 1, 1, 1, 1, 1, 1, 1, 1, 1, 1, 1, 1]), 'attention_mask': tensor([1, 1, 1, 1, 1, 1, 1, 1, 1, 1, 1, 1, 1, 1, 1, 1, 1, 1, 1, 1, 1, 1, 1, 1,
        1, 1, 1, 1, 1, 1, 1, 1, 1, 1, 1, 1, 1, 1, 1])}
  0%|          | 0/26 [00:00<?, ?it/s] 38%|███▊      | 10/26 [00:00<00:00, 95.47it/s] 77%|███████▋  | 20/26 [00:00<00:00, 85.97it/s]
============================================================
开始配置评估（STARTING CONFIGURATION EVALUATION）
最终评估配置来源（FINAL_EVAL_CONFIG_SOURCE）=search
============================================================

--- 阶段1（Phase 1）: 建立基线（验证集全集 validation_full）（Establishing Baseline on validation_full） ---
  [stage1-eval] TF32 fast matmul enabled（与 Stage-2 reward probe 同一设置）
已恢复 12 层的原始GELU函数（original GELU function）
基线指标（Baseline Metrics）（validation_full）：
  损失（Loss）: 0.347486, Accuracy: 0.877451, F1: 0.874422
  基线配置（Baseline config）: 原始明文 GELU/Softmax（未安装多项式替换）
  成本参考（Cost reference）: GELU=4 / Softmax=6, 仿真成本（Sim Cost）=72.00 (GELU成本G=36.00, Softmax成本S=36.00)
约束条件（Constraints）（基于验证集全集 validation_full）：
  损失（Loss）<=0.3478, Accuracy>=0.8766, F1>=0.8735

--- 阶段2（Phase 2）: greedy Stage-1 search (validation_full) ---
  [优雅停止] 可发送一次 SIGINT，或创建 /hy-tmp/stage2_comparator_html_authority_20260817/formal_persistent_v2/greedy/bert-base/mrpc/s1t0.001_s2t0.001_s2st2.0/stage1_comparator/greedy/STOP_RL；当前候选完成并落盘后退出。

============================================================
最终评估报告（FINAL EVALUATION REPORT）（验证集）
============================================================
[Info] Stage-2 固定 GELU/Softmax 来源：Stage-1 greedy selected config (source=stage1_greedy_result)
  Stage-2 GELU   : [1, 2, 1, 1, 1, 1, 1, 1, 2, 1, 1, 1]
  Stage-2 Softmax: [6, 6, 6, 6, 6, 6, 6, 6, 6, 6, 6, 6]

════════════════════════════════════════════════════════════════════
  阶段 5 · 二阶段噪声强化学习（BLB v3 · 12-step layerwise robust）
════════════════════════════════════════════════════════════════════
  * 模式（mode）：horizon=12 layerwise，max_step_dim=2
  * 固定 GELU/Softmax 来源（source）：stage1_greedy_result    标签（label）：Stage-1 greedy selected config
  * GELU 离散阶数向量:   [1, 2, 1, 1, 1, 1, 1, 1, 2, 1, 1, 1]
  * Softmax 离散阶数向量: [6, 6, 6, 6, 6, 6, 6, 6, 6, 6, 6, 6]
  * 训练概览：profile='mrpc'    total_episodes=0    PPO 更新间隔（rollout_size）= 120    seed=42
  * BLB 持久化目录：/hy-tmp/stage2_comparator_html_authority_20260817/formal_persistent_v2/greedy/bert-base/mrpc/s1t0.001_s2t0.001_s2st2.0/stage2_noise/progress
  * 详细诊断：/hy-tmp/stage2_comparator_html_authority_20260817/formal_persistent_v2/greedy/bert-base/mrpc/s1t0.001_s2t0.001_s2st2.0/stage2_noise/details/ （每 360 回合一文件，记录每回合错误/动作变化）
  * 奖励暴跌警告：/hy-tmp/stage2_comparator_html_authority_20260817/formal_persistent_v2/greedy/bert-base/mrpc/s1t0.001_s2t0.001_s2st2.0/stage2_noise/warning.txt （PPO rollout 平均奖励较上一次跌幅 > 0.30 时记录）
已替换 10 层的GELU函数（GELU function）
已替换 2 层的GELU函数（GELU function）
已替换 12 层的Softmax函数（Softmax function）
  * 评估子集: batch 数 = 4
  * Rescale_optimizer 根目录：Rescale_optimizer
  * Rescale optimizer 模式：in_process_real
  * calibrated static_skeletons baseline loaded from /hy-tmp/rfr_aggregate_stage2_comparator_parity_20260817/Rescale_optimizer/configs/mrpc/static_skeletons_mrpc.json (sha256=ec5f0515a2fbee12f1214188e4d9ddce6dc1e9f8ec3551e937fd6fd0b253231b)
  * [ADR-015] reward_design=robust_constrained（tiered 回滚路径）
  * F4 authoritative validation: split=validation_full examples=408 batches=7 devices=['primary']
100%|██████████| 26/26 [00:20<00:00, 85.97it/s]  * 基线噪声预热（noisy baseline preflight）：K=15  m1(noisy)=0.8701  m2(noisy)=0.8681  loss_mean(noisy)=0.3664  std(loss/m1/m2)=0.0033/0.0038/0.0038
  * 校准后硬约束阈值（calibrated gates）：m1_threshold=0.8692  m2_threshold=0.8672  loss_threshold=0.3667  std_thresholds(loss/m1/m2)=0.0065/0.0075/0.0076  (limit_tol=0.0010, stab_tol=2.0000; loss 越低越好，允许相对上浮 limit_tol；m1/m2 越高越好，允许相对下降 limit_tol；std 越低越好，× stab_tol)
  * 稳定阈值校准来源（stab calibration source）：multiplier formula: loss_std=0.0000 × tol=1.2000 → loss_std_threshold=0.0100; m1_std=0.0000 × tol=1.2000 → m1_std_threshold=0.0100; m2_std=0.0000 × tol=1.2000 → m2_std_threshold=0.0100 (floor=0.0100)

  【基线信号（baseline cost / reward / metrics）】
  ────
  · 成本基线（baseline cost）：total_bits=15509, fusion=0, avg_k=13.00
  · 指标基线（baseline metrics）：loss=0.3664, m1=0.8701, m2=0.8681
  · 奖励权重（reward weights, v2-style rdv2）：cost_weight=1, lambda_stab=1, invalid_penalty=5, clip=[-5.0, 5.0], tier=[20.0, +20.0], baseline_metric1=0.8701
  · 硬约束阈值（acc=hard, stab=soft cap for excess penalty）：m1_threshold=0.8692, m2_threshold=0.8672, loss_threshold=0.3667, std_thresholds(loss/m1/m2)=0.0065/0.0075/0.0076
  · static_skeletons archive：/hy-tmp/rfr_aggregate_stage2_comparator_parity_20260817/Rescale_optimizer/configs/mrpc/static_skeletons_mrpc.json
  ────
  * Adaptive scalar cost reward：P1/P2 不吃 cost；P3 中 fusion/K 使用区间式 boost，total_bits 使用弱线性项；Pareto frontier 仅用于诊断/探索统计。
  * Fusion-count action ENABLED：map graphs=7, max_options=2；per-slot radius2 停用，block 粒度 safe-neighbor curriculum 停用（对照组：全开）
100%|██████████| 26/26 [10:17:45<00:00, 1425.60s/it]
