test_batch_manifest_expands_named_isolated_candidates (tests.test_paean_action_grid.PaeanActionGridTest) ... ERROR
test_batch_candidates_reset_independent_process_seed_before_eval (tests.test_paean_blb_action_eval_static.PaeanBLBActionEvalStaticTest) ... FAIL
test_split_batch_result_preserves_per_config_result_contract (tests.test_run_fusion_count_action_eval.FusionCountActionEvalTest) ... ERROR
test_main_defaults_to_one_batch_process_with_legacy_opt_in (tests.test_run_fusion_count_action_eval.FusionCountActionEvalTest) ... FAIL

======================================================================
ERROR: test_batch_manifest_expands_named_isolated_candidates (tests.test_paean_action_grid.PaeanActionGridTest)
----------------------------------------------------------------------
Traceback (most recent call last):
  File "/hy-tmp/rfr_runtime_optimization/tests/test_paean_action_grid.py", line 76, in test_batch_manifest_expands_named_isolated_candidates
    candidates = action_grid.build_action_candidates(
  File "/hy-tmp/rfr_runtime_optimization/Paean/action_grid.py", line 291, in build_action_candidates
    base = _normalize_base_action(base_action_vec, num_layers)
  File "/hy-tmp/rfr_runtime_optimization/Paean/action_grid.py", line 539, in _normalize_base_action
    return make_all_max_action_vector(num_layers).astype(int)
AttributeError: 'list' object has no attribute 'astype'

======================================================================
ERROR: test_split_batch_result_preserves_per_config_result_contract (tests.test_run_fusion_count_action_eval.FusionCountActionEvalTest)
----------------------------------------------------------------------
Traceback (most recent call last):
  File "/hy-tmp/rfr_runtime_optimization/tests/test_run_fusion_count_action_eval.py", line 53, in test_split_batch_result_preserves_per_config_result_contract
    paths = action_eval._split_batch_result(
AttributeError: module 'scripts.run_fusion_count_action_eval' has no attribute '_split_batch_result'

======================================================================
FAIL: test_batch_candidates_reset_independent_process_seed_before_eval (tests.test_paean_blb_action_eval_static.PaeanBLBActionEvalStaticTest)
----------------------------------------------------------------------
Traceback (most recent call last):
  File "/hy-tmp/rfr_runtime_optimization/tests/test_paean_blb_action_eval_static.py", line 13, in test_batch_candidates_reset_independent_process_seed_before_eval
    self.assertIn(
AssertionError: 'self._restore_isolated_candidate_rng_state(\n                candidate.metadata, isolated_candidate_rng_state,\n            )' not found in 'for idx, candidate in enumerate(selected_candidates, start=1):\n            ev.log(\n                f"\\n--- BLB selected candidate {idx}/{len(selected_candidates)}: {candidate.name} ---"\n            )\n            result = self._evaluate_action_candidate(\n                name=candidate.name,\n                action_vec=candidate.action_vec,\n                overrides=candidate.overrides,\n                metadata=candidate.metadata,\n                gelu=opt_gelu,\n                softmax=opt_softmax,\n                report_constraints=report_constraints,\n            )\n            selected_results.append(result)\n            ev.log(\n                f"  {candidate.name}: Loss={result[\'loss\']:.4f}, "\n                f"{metric_names[0]}={result[\'p\']:.4f}"\n                + (f", {metric_names[1]}={result[\'s\']:.4f}" if num_metrics > 1 else "")\n                + f", avg_k={result[\'avg_truncation_k\']:.2f}, bits={result[\'total_bits_sum\']}, "\n                f"fusion={result[\'total_fusion_count\']}"\n            )\n\n        '

======================================================================
FAIL: test_main_defaults_to_one_batch_process_with_legacy_opt_in (tests.test_run_fusion_count_action_eval.FusionCountActionEvalTest)
----------------------------------------------------------------------
Traceback (most recent call last):
  File "/hy-tmp/rfr_runtime_optimization/tests/test_run_fusion_count_action_eval.py", line 74, in test_main_defaults_to_one_batch_process_with_legacy_opt_in
    self.assertIn("--legacy-per-config-processes", main_source)
AssertionError: '--legacy-per-config-processes' not found in 'def main() -> int:\n    parser = argparse.ArgumentParser(description=__doc__)\n    parser.add_argument("--action-dir", default=str(DEFAULT_ACTION_DIR))\n    parser.add_argument("--map-report", default=str(DEFAULT_MAP_REPORT))\n    parser.add_argument("--output-root", default=str(DEFAULT_OUTPUT_ROOT))\n    parser.add_argument("--output-json", default=str(DEFAULT_RUN_DIR / "fusion_count_action_eval_results.json"))\n    parser.add_argument("--output-html", default=str(DEFAULT_HTML))\n    parser.add_argument("--repeat", type=int, default=5)\n    parser.add_argument("--batch-size", type=int, default=64)\n    parser.add_argument("--stage1-gelu", default=DEFAULT_STAGE1_GELU_JSON)\n    parser.add_argument("--stage1-softmax", default=DEFAULT_STAGE1_SOFTMAX_JSON)\n    parser.add_argument("--rescale-optimizer-root", default="Rescale_optimizer")\n    parser.add_argument("--force", action="store_true")\n    parser.add_argument("--skip-run", action="store_true", help="Only collect existing Paean result JSON files.")\n    args = parser.parse_args()\n\n    action_dir = resolve_repo_path(args.action_dir)\n    map_report_path = resolve_repo_path(args.map_report)\n    output_root = resolve_repo_path(args.output_root)\n    output_json = resolve_repo_path(args.output_json)\n    output_html = resolve_repo_path(args.output_html)\n    configs = load_paean_action_configs(action_dir)\n    unique = unique_paean_action_configs(configs)\n    print(f"[info] requested groups={len(configs)} unique action vectors={len(unique)}")\n    stage1_gelu = parse_json_int_list(args.stage1_gelu, default=DEFAULT_STAGE1_GELU, name="--stage1-gelu")\n    stage1_softmax = parse_json_int_list(args.stage1_softmax, default=DEFAULT_STAGE1_SOFTMAX, name="--stage1-softmax")\n    if len(stage1_gelu) != len(stage1_softmax):\n        raise SystemExit("--stage1-gelu and --stage1-softmax must have equal length")\n\n    env = dict(os.environ)\n    env.setdefault("TOKENIZERS_PARALLELISM", "false")\n    if not args.skip_run:\n        for cfg in unique:\n            _run_one(\n                cfg=cfg,\n                output_root=output_root,\n                repeat=int(args.repeat),\n                batch_size=int(args.batch_size),\n                stage1_gelu=stage1_gelu,\n                stage1_softmax=stage1_softmax,\n                rescale_optimizer_root=str(args.rescale_optimizer_root),\n                force=bool(args.force),\n                env=env,\n            )\n\n    map_report = read_json_file(map_report_path)\n    combined = _build_combined(\n        configs=configs,\n        output_root=output_root,\n        map_report=map_report,\n        stage1_gelu=stage1_gelu,\n        stage1_softmax=stage1_softmax,\n    )\n    output_json.parent.mkdir(parents=True, exist_ok=True)\n    output_html.parent.mkdir(parents=True, exist_ok=True)\n    write_json_file(output_json, combined)\n    write_rendered_html(output_html, combined)\n    json.dump({\n        "output_json": str(output_json),\n        "output_html": str(output_html),\n        "unique_action_runs": combined["evaluation_protocol"]["unique_action_runs"],\n        "requested_group_count": combined["evaluation_protocol"]["requested_group_count"],\n    }, sys.stdout, ensure_ascii=False, indent=2)\n    sys.stdout.write("\\n")\n    return 0\n\n\nif __name__ == "__main__":\n    raise SystemExit(main())\n'

----------------------------------------------------------------------
Ran 4 tests in 0.004s

FAILED (failures=2, errors=2)
