{
  "label": "parent",
  "source_commit": "0293ccf2",
  "combos_per_sample": 100000,
  "rounds": 11,
  "samples_seconds": [
    1.5175631020101719,
    1.5062237529782578,
    1.5130662340088747,
    1.5161234560073353,
    1.5160963290254585,
    1.5134965169709176,
    1.5254727890132926,
    1.5241348529816605,
    1.5275644219946116,
    1.5147764820139855,
    1.5193730129976757
  ],
  "median_seconds": 1.5161234560073353,
  "mean_seconds": 1.517626450000204,
  "min_seconds": 1.5062237529782578,
  "max_seconds": 1.5275644219946116,
  "results_identical": true,
  "result": [
    769,
    1,
    "8d76a3ab286630d6ee68f7a341961c0673c0c34c264bccb293e8db790bd41b62"
  ],
  "verify": {
    "checked": 10,
    "num_random": 8
  }
}
