test_grep_entrypoints_streams_files_without_read_text (tests.test_blb_phase0_preflight.Phase0PreflightTest.test_grep_entrypoints_streams_files_without_read_text) ... ok
test_write_phase0_reports_reuses_single_repo_walk_for_grep (tests.test_blb_phase0_preflight.Phase0PreflightTest.test_write_phase0_reports_reuses_single_repo_walk_for_grep) ... ok
test_write_phase0_reports_streams_outputs_without_write_text (tests.test_blb_phase0_preflight.Phase0PreflightTest.test_write_phase0_reports_streams_outputs_without_write_text) ... FAIL
test_write_phase0_reports_streams_phase0_markdown_without_render_string (tests.test_blb_phase0_preflight.Phase0PreflightTest.test_write_phase0_reports_streams_phase0_markdown_without_render_string) ... FAIL

======================================================================
FAIL: test_write_phase0_reports_streams_outputs_without_write_text (tests.test_blb_phase0_preflight.Phase0PreflightTest.test_write_phase0_reports_streams_outputs_without_write_text)
----------------------------------------------------------------------
Traceback (most recent call last):
  File "/hy-tmp/phase0_preflight_stream_red_bb67b9c_20260704_140740/tests/test_blb_phase0_preflight.py", line 56, in test_write_phase0_reports_streams_outputs_without_write_text
    paths = blb_phase0_preflight.write_phase0_reports(root, reports_dir="reports")
            ^^^^^^^^^^^^^^^^^^^^^^^^^^^^^^^^^^^^^^^^^^^^^^^^^^^^^^^^^^^^^^^^^^^^^^
  File "/hy-tmp/phase0_preflight_stream_red_bb67b9c_20260704_140740/scripts/blb_phase0_preflight.py", line 151, in write_phase0_reports
    _write_lines(reports / "repo_file_list.txt", files)
  File "/hy-tmp/phase0_preflight_stream_red_bb67b9c_20260704_140740/scripts/blb_phase0_preflight.py", line 97, in _write_lines
    path.write_text("\n".join(lines) + "\n", encoding="utf-8")
  File "/usr/lib/python3.11/unittest/mock.py", line 1124, in __call__
    return self._mock_call(*args, **kwargs)
           ^^^^^^^^^^^^^^^^^^^^^^^^^^^^^^^^
  File "/usr/lib/python3.11/unittest/mock.py", line 1128, in _mock_call
    return self._execute_mock_call(*args, **kwargs)
           ^^^^^^^^^^^^^^^^^^^^^^^^^^^^^^^^^^^^^^^^
  File "/usr/lib/python3.11/unittest/mock.py", line 1183, in _execute_mock_call
    raise effect
AssertionError: phase0 reports should stream output files

======================================================================
FAIL: test_write_phase0_reports_streams_phase0_markdown_without_render_string (tests.test_blb_phase0_preflight.Phase0PreflightTest.test_write_phase0_reports_streams_phase0_markdown_without_render_string)
----------------------------------------------------------------------
Traceback (most recent call last):
  File "/hy-tmp/phase0_preflight_stream_red_bb67b9c_20260704_140740/tests/test_blb_phase0_preflight.py", line 75, in test_write_phase0_reports_streams_phase0_markdown_without_render_string
    paths = blb_phase0_preflight.write_phase0_reports(root, reports_dir="reports")
            ^^^^^^^^^^^^^^^^^^^^^^^^^^^^^^^^^^^^^^^^^^^^^^^^^^^^^^^^^^^^^^^^^^^^^^
  File "/hy-tmp/phase0_preflight_stream_red_bb67b9c_20260704_140740/scripts/blb_phase0_preflight.py", line 155, in write_phase0_reports
    phase0_path.write_text(build_phase0_entrypoint_report(root), encoding="utf-8")
                           ^^^^^^^^^^^^^^^^^^^^^^^^^^^^^^^^^^^^
  File "/usr/lib/python3.11/unittest/mock.py", line 1124, in __call__
    return self._mock_call(*args, **kwargs)
           ^^^^^^^^^^^^^^^^^^^^^^^^^^^^^^^^
  File "/usr/lib/python3.11/unittest/mock.py", line 1128, in _mock_call
    return self._execute_mock_call(*args, **kwargs)
           ^^^^^^^^^^^^^^^^^^^^^^^^^^^^^^^^^^^^^^^^
  File "/usr/lib/python3.11/unittest/mock.py", line 1183, in _execute_mock_call
    raise effect
AssertionError: phase0 report should stream markdown lines

----------------------------------------------------------------------
Ran 4 tests in 0.009s

FAILED (failures=2)
