./README.md: OK
./green/git_status_after.txt: OK
./green/git_status_before.txt: OK
./green/gpu_utilization_report.json: OK
./green/gpu_utilization_report.md: OK
./green/py_compile.log: OK
./green/py_compile.rc: OK
./green/report.stdout: OK
./green/report.time.txt: OK
./green/tests.log: OK
./green/tests.rc: OK
./passive_profile/episodes_source.txt: OK
./passive_profile/gpu_utilization_report.json: OK
./passive_profile/gpu_utilization_report.md: OK
./passive_profile/nvidia_smi.csv: OK
./passive_profile/passive_profile_summary.json: OK
./passive_profile/server_git_status.txt: OK
./passive_profile/source_commit.txt: OK
./preflight/bash_syntax.log: OK
./preflight/bash_syntax.rc: OK
./preflight/environment.txt: OK
./preflight/focused_tests.log: OK
./preflight/focused_tests.rc: OK
./preflight/git_status_after.txt: OK
./preflight/git_status_before.txt: OK
./preflight/gpu_inventory_during.csv: OK
./preflight/py_compile.log: OK
./preflight/py_compile.rc: OK
./preflight/source_commit.txt: OK
./red/git_status_after.txt: OK
./red/git_status_before.txt: OK
./red/test.log: OK
./red/test.rc: OK
