[ab] artifact_dir=/hy-tmp/stage2_ngpu_seed_equality_170ep_14187ee_20260715_001107
[ab] episodes=170 rollout_size=120 ppo_update=120
[ab] one=0 wpd=1; many=0,1,2,3,4 wpd=1
[ab] parallelism=layerwise reward-device K-split
[ab] cpu_threads OMP=1 MKL=1 OPENBLAS=1
[ab][effective] one env CUDA_VISIBLE_DEVICES=0 BLB_STAGE2_POLICY_DEVICE=worker BLB_STAGE2_DYNAMIC_ASSIGNMENT=1 timeout 5400 bash llama_7B_LayerImportance.sh run rl --preset mrpc-blb-stage2-rl --persistent-root /hy-tmp/stage2_ngpu_seed_equality_170ep_14187ee_20260715_001107/persistent_one --stage2-fixed-config-source all4 --blb-v3-fusion-count-action 1 --blb-v3-sequential-rl true --blb-v3-substage-mode false --blb-v3-decision-granularity layer --blb-v3-reward-design robust_constrained --blb-v3-sequential-invalid-penalty 1.0 --blb-v3-sequential-cost-shaping-coeff 0.0 --blb-v3-sequential-fusion-shaping-coeff 0.0 --stage2-search-episodes 170 --stage2-search-lr 5e-5 --ppo-update-interval 120 --stage2-rollout-size 120 --stage2-k-trials 5 --blb-v3-online-k-trials 5 --stage2-probe-size 256 --batch-size 64 --stage1-accuracy-tolerance 0.001 --stage2-limit-tolerance 0.001 --stage2-stability-tolerance 1.2 --stage2-stability-multiplier 2.0 --stage2-calibrate-baseline-samples 8 --blb-v3-promotion-validation-trials 25 --blb-v3-final-selection-validation-trials 25 --blb-v3-baseline-groups 5 --blb-v3-baseline-trials-per-group 5 --blb-v3-constraint-bootstrap-samples 4096 --blb-v3-online-constraint-probability 0.50 --blb-v3-promotion-constraint-probability 0.80 --blb-v3-final-constraint-probability 0.95 --blb-v3-reward-devices 0 --stage2-workers-per-device 1 --stage2-save-interval 200 --stage2-eval-interval 100 --random-seed 42 --rl-algo ppo --skip-final-eval --fresh
[ab][effective] many env CUDA_VISIBLE_DEVICES=0\,1\,2\,3\,4 BLB_STAGE2_POLICY_DEVICE=worker BLB_STAGE2_DYNAMIC_ASSIGNMENT=1 timeout 5400 bash llama_7B_LayerImportance.sh run rl --preset mrpc-blb-stage2-rl --persistent-root /hy-tmp/stage2_ngpu_seed_equality_170ep_14187ee_20260715_001107/persistent_many --stage2-fixed-config-source all4 --blb-v3-fusion-count-action 1 --blb-v3-sequential-rl true --blb-v3-substage-mode false --blb-v3-decision-granularity layer --blb-v3-reward-design robust_constrained --blb-v3-sequential-invalid-penalty 1.0 --blb-v3-sequential-cost-shaping-coeff 0.0 --blb-v3-sequential-fusion-shaping-coeff 0.0 --stage2-search-episodes 170 --stage2-search-lr 5e-5 --ppo-update-interval 120 --stage2-rollout-size 120 --stage2-k-trials 5 --blb-v3-online-k-trials 5 --stage2-probe-size 256 --batch-size 64 --stage1-accuracy-tolerance 0.001 --stage2-limit-tolerance 0.001 --stage2-stability-tolerance 1.2 --stage2-stability-multiplier 2.0 --stage2-calibrate-baseline-samples 8 --blb-v3-promotion-validation-trials 25 --blb-v3-final-selection-validation-trials 25 --blb-v3-baseline-groups 5 --blb-v3-baseline-trials-per-group 5 --blb-v3-constraint-bootstrap-samples 4096 --blb-v3-online-constraint-probability 0.50 --blb-v3-promotion-constraint-probability 0.80 --blb-v3-final-constraint-probability 0.95 --blb-v3-reward-devices 0\,1\,2\,3\,4 --stage2-workers-per-device 1 --stage2-save-interval 200 --stage2-eval-interval 100 --random-seed 42 --rl-algo ppo --skip-final-eval --fresh
index, name, memory.used [MiB], memory.total [MiB], utilization.gpu [%]
0, NVIDIA GeForce RTX 5090, 0 MiB, 32607 MiB, 0 %
1, NVIDIA GeForce RTX 5090, 0 MiB, 32607 MiB, 0 %
2, NVIDIA GeForce RTX 5090, 0 MiB, 32607 MiB, 0 %
3, NVIDIA GeForce RTX 5090, 0 MiB, 32607 MiB, 0 %
4, NVIDIA GeForce RTX 5090, 0 MiB, 32607 MiB, 0 %

================================================================================
[ab] one: CUDA_VISIBLE_DEVICES=0 reward_devices=0
================================================================================
[ab] linked Stage-1 record: /hy-tmp/stage2_ngpu_seed_equality_170ep_14187ee_20260715_001107/stage1/record -> /hy-tmp/rfr_runtime_optimization/Parting Chapter/stage1/record
已加载预设：mrpc-blb-stage2-rl（/hy-tmp/rfr_runtime_optimization/presets/mrpc-blb-stage2-rl.conf）
启动配置：
  搜索算法：普通强化学习（rl）（显式指定）
  数据集：mrpc（显式指定）
  模型类型：BERT Base（bert-base）（显式指定）
  日志文件：blb_stage2_rl.log（显式指定）
  批大小：64（显式指定）
  模式目录：/hy-tmp/stage2_ngpu_seed_equality_170ep_14187ee_20260715_001107/persistent_one/rl/bert-base/mrpc（显式指定）
  运行目录：/hy-tmp/stage2_ngpu_seed_equality_170ep_14187ee_20260715_001107/persistent_one/rl/bert-base/mrpc/s1t0.001_s2t0.001_s2st2.0（显式指定）
  Stage-1 回合数：51000（使用默认值）
  Stage-1 准确度约束：0.001（显式指定）
  Stage-2 指标约束百分比：0.001（显式指定）
  Stage-2 稳定性约束 (stage2_stability_multiplier)：2.0（显式指定）
  Stage-2 K 次噪声试验：5（显式指定）
  Stage-2 探针子集大小：256（显式指定）
  持久化根目录：/hy-tmp/stage2_ngpu_seed_equality_170ep_14187ee_20260715_001107/persistent_one（显式指定）
  持久化目录：/hy-tmp/stage2_ngpu_seed_equality_170ep_14187ee_20260715_001107/persistent_one/rl/bert-base/mrpc/s1t0.001_s2t0.001_s2st2.0（显式指定）
  从头训练：是（显式指定）
  Stage-1 回合数：51000（使用默认值）
  Stage-2 回合数：170（显式指定）
  Stage-2 RL 实现：blb_v3（使用默认值）
  BLB v3 action mask：否（使用默认值）
  BLB v3 action mask 模式：none（使用默认值）
  BLB v3 baseline logit 加成：0（使用默认值）
  PPO 更新间隔：120（显式指定）
  BLB rollout 大小：120（显式指定）
  BLB Rescale optimizer：in_process_real (Rescale_optimizer)（使用默认值）
  BLB neighbor ramp：auto（使用默认值）
  BLB neighbor max mutations：auto（使用默认值）
  BLB neighbor max radius：auto（使用默认值）
  BLB entropy coef：auto（使用默认值）
  BLB entropy ramp episodes：auto（使用默认值）
  BLB fast reward mode：否（使用默认值）
  BLB online K trials：5（显式指定）
  BLB terminal eval batch：4（使用默认值）
  BLB promotion validation trials：25（显式指定）
  BLB final selection top N：20（使用默认值）
  BLB final selection validation trials：25（显式指定）
  BLB checkpoint 间隔：200（显式指定）
  BLB 日志评估间隔：100（显式指定）
  Stage-1 学习率：1e-4（使用默认值）
  Stage-2 学习率：5e-5（显式指定）
  被动 final_eval 预设：default（显式指定）
  最终评估来源：搜索结果（search）（显式指定）
  Stage-2 固定 GELU/Softmax 来源：all4（显式指定）
  跳过 Stage-1 搜索：是（显式指定）
  跳过 Stage-2 搜索：否（使用默认值）
  跳过最终评估：是（显式指定）
  仅运行最终评估：否（使用默认值）
  CUDA_VISIBLE_DEVICES：0（显式指定）
  实际执行命令（Command）：python rl_tune.py --base_model textattack/bert-base-uncased-MRPC --data_path mrpc --output_dir /hy-tmp/stage2_ngpu_seed_equality_170ep_14187ee_20260715_001107/persistent_one/rl/bert-base/mrpc/s1t0.001_s2t0.001_s2st2.0 --batch_size 64 --micro_batch_size 64 --num_epochs 1 --learning_rate 2e-4 --cutoff_len 256 --val_set_size 120 --eval_step 80 --adapter_name lora --target_modules \[\"q_proj\"\,\ \"k_proj\"\,\ \"v_proj\"\,\ \"up_proj\"\,\ \"down_proj\"\] --stage1_rl_episodes 51000 --stage2_rl_episodes 170 --stage1_rl_episodes_specified false --stage2_rl_episodes_specified true --ppo_update_interval 120 --use_ist --final_eval_config_source search --final_eval_config_path glue_final_configs_best_ppo.json --manual_stage1_gelu '' --manual_stage1_softmax '' --manual_stage2_noise '' --stage2_fixed_config_source all4 --stage2_fixed_config_path '' --stage2_manual_gelu '' --stage2_manual_softmax '' --final_eval_random_seed 42 --final_eval_permutation_trials 0 --final_eval_cost_equivalent_trials 0 --final_eval_budget_equivalent_trials 0 --final_eval_stage1_budget_trials 10 --final_eval_stage2_budget_trials 10 --final_eval_repeat_n 1 --final_eval_preset default --skip_noise_rl false --skip_stage1_rl true --skip_final_eval true --final_eval_only false --resume_run_dir '' --stage1_rl_lr 1e-4 --stage2_rl_lr 5e-5 --stage1_accuracy_tolerance 0.001 --stage2_limit_tolerance 0.001 --stage2_stability_tolerance 1.2 --stage2_stability_multiplier 2.0 --stage2_k_trials 5 --stage2_probe_size 256 --stage2_rl_variant blb_v3 --blb_v3_inproc_rescale_optimizer_root Rescale_optimizer --blb_v3_rollout_size 120 --decoupled_layout false --stage1_run_id '' --blb_v3_reward_devices 0 --blb_v3_eval_interval 100 --blb_v3_save_interval 200 --blb_v3_calibrate_baseline_samples 8 --blb_v3_online_k_trials 5 --blb_v3_promotion_validation_trials 25 --blb_v3_final_selection_validation_trials 25 --blb_v3_baseline_groups 5 --blb_v3_baseline_trials_per_group 5 --blb_v3_constraint_bootstrap_samples 4096 --blb_v3_online_constraint_probability 0.50 --blb_v3_promotion_constraint_probability 0.80 --blb_v3_final_constraint_probability 0.95 --blb_v3_sequential_rl true --blb_v3_sequential_invalid_penalty 1.0 --blb_v3_sequential_cost_shaping_coeff 0.0 --blb_v3_sequential_fusion_shaping_coeff 0.0 --rl_algo ppo --blb_v3_substage_mode false --blb_v3_fusion_count_action 1 --blb_v3_decision_granularity layer --blb_v3_reward_design robust_constrained --stage2_workers_per_device 1 

已在后台启动。
  进程号（PID）：2123182
  查看日志：tail -f /hy-tmp/stage2_ngpu_seed_equality_170ep_14187ee_20260715_001107/persistent_one/rl/bert-base/mrpc/s1t0.001_s2t0.001_s2st2.0/logs/blb_stage2_rl.log
  错误摘要：/hy-tmp/stage2_ngpu_seed_equality_170ep_14187ee_20260715_001107/persistent_one/rl/bert-base/mrpc/s1t0.001_s2t0.001_s2st2.0/logs/error_summary.txt
  LATEST_RUN_DIR：/hy-tmp/stage2_ngpu_seed_equality_170ep_14187ee_20260715_001107/persistent_one/rl/bert-base/mrpc/LATEST_RUN_DIR
  LATEST_PID：/hy-tmp/stage2_ngpu_seed_equality_170ep_14187ee_20260715_001107/persistent_one/rl/bert-base/mrpc/LATEST_PID
  优雅停止（Graceful Stop）：kill -INT 2123182
[ab] one launched pid=2123182; waiting for completion
[ab] one episodes -> /hy-tmp/stage2_ngpu_seed_equality_170ep_14187ee_20260715_001107/one_episodes.jsonl (170 lines), wall=642s
[ab] one PPO updates -> /hy-tmp/stage2_ngpu_seed_equality_170ep_14187ee_20260715_001107/one_ppo_updates.jsonl (2 lines)

================================================================================
[ab] many: CUDA_VISIBLE_DEVICES=0,1,2,3,4 reward_devices=0,1,2,3,4
================================================================================
已加载预设：mrpc-blb-stage2-rl（/hy-tmp/rfr_runtime_optimization/presets/mrpc-blb-stage2-rl.conf）
启动配置：
  搜索算法：普通强化学习（rl）（显式指定）
  数据集：mrpc（显式指定）
  模型类型：BERT Base（bert-base）（显式指定）
  日志文件：blb_stage2_rl.log（显式指定）
  批大小：64（显式指定）
  模式目录：/hy-tmp/stage2_ngpu_seed_equality_170ep_14187ee_20260715_001107/persistent_many/rl/bert-base/mrpc（显式指定）
  运行目录：/hy-tmp/stage2_ngpu_seed_equality_170ep_14187ee_20260715_001107/persistent_many/rl/bert-base/mrpc/s1t0.001_s2t0.001_s2st2.0（显式指定）
  Stage-1 回合数：51000（使用默认值）
  Stage-1 准确度约束：0.001（显式指定）
  Stage-2 指标约束百分比：0.001（显式指定）
  Stage-2 稳定性约束 (stage2_stability_multiplier)：2.0（显式指定）
  Stage-2 K 次噪声试验：5（显式指定）
  Stage-2 探针子集大小：256（显式指定）
  持久化根目录：/hy-tmp/stage2_ngpu_seed_equality_170ep_14187ee_20260715_001107/persistent_many（显式指定）
  持久化目录：/hy-tmp/stage2_ngpu_seed_equality_170ep_14187ee_20260715_001107/persistent_many/rl/bert-base/mrpc/s1t0.001_s2t0.001_s2st2.0（显式指定）
  从头训练：是（显式指定）
  Stage-1 回合数：51000（使用默认值）
  Stage-2 回合数：170（显式指定）
  Stage-2 RL 实现：blb_v3（使用默认值）
  BLB v3 action mask：否（使用默认值）
  BLB v3 action mask 模式：none（使用默认值）
  BLB v3 baseline logit 加成：0（使用默认值）
  PPO 更新间隔：120（显式指定）
  BLB rollout 大小：120（显式指定）
  BLB Rescale optimizer：in_process_real (Rescale_optimizer)（使用默认值）
  BLB neighbor ramp：auto（使用默认值）
  BLB neighbor max mutations：auto（使用默认值）
  BLB neighbor max radius：auto（使用默认值）
  BLB entropy coef：auto（使用默认值）
  BLB entropy ramp episodes：auto（使用默认值）
  BLB fast reward mode：否（使用默认值）
  BLB online K trials：5（显式指定）
  BLB terminal eval batch：4（使用默认值）
  BLB promotion validation trials：25（显式指定）
  BLB final selection top N：20（使用默认值）
  BLB final selection validation trials：25（显式指定）
  BLB checkpoint 间隔：200（显式指定）
  BLB 日志评估间隔：100（显式指定）
  Stage-1 学习率：1e-4（使用默认值）
  Stage-2 学习率：5e-5（显式指定）
  被动 final_eval 预设：default（显式指定）
  最终评估来源：搜索结果（search）（显式指定）
  Stage-2 固定 GELU/Softmax 来源：all4（显式指定）
  跳过 Stage-1 搜索：是（显式指定）
  跳过 Stage-2 搜索：否（使用默认值）
  跳过最终评估：是（显式指定）
  仅运行最终评估：否（使用默认值）
  CUDA_VISIBLE_DEVICES：0,1,2,3,4（显式指定）
  实际执行命令（Command）：python rl_tune.py --base_model textattack/bert-base-uncased-MRPC --data_path mrpc --output_dir /hy-tmp/stage2_ngpu_seed_equality_170ep_14187ee_20260715_001107/persistent_many/rl/bert-base/mrpc/s1t0.001_s2t0.001_s2st2.0 --batch_size 64 --micro_batch_size 64 --num_epochs 1 --learning_rate 2e-4 --cutoff_len 256 --val_set_size 120 --eval_step 80 --adapter_name lora --target_modules \[\"q_proj\"\,\ \"k_proj\"\,\ \"v_proj\"\,\ \"up_proj\"\,\ \"down_proj\"\] --stage1_rl_episodes 51000 --stage2_rl_episodes 170 --stage1_rl_episodes_specified false --stage2_rl_episodes_specified true --ppo_update_interval 120 --use_ist --final_eval_config_source search --final_eval_config_path glue_final_configs_best_ppo.json --manual_stage1_gelu '' --manual_stage1_softmax '' --manual_stage2_noise '' --stage2_fixed_config_source all4 --stage2_fixed_config_path '' --stage2_manual_gelu '' --stage2_manual_softmax '' --final_eval_random_seed 42 --final_eval_permutation_trials 0 --final_eval_cost_equivalent_trials 0 --final_eval_budget_equivalent_trials 0 --final_eval_stage1_budget_trials 10 --final_eval_stage2_budget_trials 10 --final_eval_repeat_n 1 --final_eval_preset default --skip_noise_rl false --skip_stage1_rl true --skip_final_eval true --final_eval_only false --resume_run_dir '' --stage1_rl_lr 1e-4 --stage2_rl_lr 5e-5 --stage1_accuracy_tolerance 0.001 --stage2_limit_tolerance 0.001 --stage2_stability_tolerance 1.2 --stage2_stability_multiplier 2.0 --stage2_k_trials 5 --stage2_probe_size 256 --stage2_rl_variant blb_v3 --blb_v3_inproc_rescale_optimizer_root Rescale_optimizer --blb_v3_rollout_size 120 --decoupled_layout false --stage1_run_id '' --blb_v3_reward_devices 0\,1\,2\,3\,4 --blb_v3_eval_interval 100 --blb_v3_save_interval 200 --blb_v3_calibrate_baseline_samples 8 --blb_v3_online_k_trials 5 --blb_v3_promotion_validation_trials 25 --blb_v3_final_selection_validation_trials 25 --blb_v3_baseline_groups 5 --blb_v3_baseline_trials_per_group 5 --blb_v3_constraint_bootstrap_samples 4096 --blb_v3_online_constraint_probability 0.50 --blb_v3_promotion_constraint_probability 0.80 --blb_v3_final_constraint_probability 0.95 --blb_v3_sequential_rl true --blb_v3_sequential_invalid_penalty 1.0 --blb_v3_sequential_cost_shaping_coeff 0.0 --blb_v3_sequential_fusion_shaping_coeff 0.0 --rl_algo ppo --blb_v3_substage_mode false --blb_v3_fusion_count_action 1 --blb_v3_decision_granularity layer --blb_v3_reward_design robust_constrained --stage2_workers_per_device 1 

已在后台启动。
  进程号（PID）：2125751
  查看日志：tail -f /hy-tmp/stage2_ngpu_seed_equality_170ep_14187ee_20260715_001107/persistent_many/rl/bert-base/mrpc/s1t0.001_s2t0.001_s2st2.0/logs/blb_stage2_rl.log
  错误摘要：/hy-tmp/stage2_ngpu_seed_equality_170ep_14187ee_20260715_001107/persistent_many/rl/bert-base/mrpc/s1t0.001_s2t0.001_s2st2.0/logs/error_summary.txt
  LATEST_RUN_DIR：/hy-tmp/stage2_ngpu_seed_equality_170ep_14187ee_20260715_001107/persistent_many/rl/bert-base/mrpc/LATEST_RUN_DIR
  LATEST_PID：/hy-tmp/stage2_ngpu_seed_equality_170ep_14187ee_20260715_001107/persistent_many/rl/bert-base/mrpc/LATEST_PID
  优雅停止（Graceful Stop）：kill -INT 2125751
[ab] many launched pid=2125751; waiting for completion
[ab] many episodes -> /hy-tmp/stage2_ngpu_seed_equality_170ep_14187ee_20260715_001107/many_episodes.jsonl (170 lines), wall=331s
[ab] many PPO updates -> /hy-tmp/stage2_ngpu_seed_equality_170ep_14187ee_20260715_001107/many_ppo_updates.jsonl (2 lines)

================================================================================
[ab] strict equality + speed verdict
================================================================================
==== Stage-2 N-GPU A/B Verdict ====
1GPU episodes: 170
NGPU episodes: 170
quality/effect equality: FAIL
strict diagnostic equality: DIFF
PPO update equality: FAIL
PPO update counts: 1GPU=2 NGPU=2
wall source: wall file
1GPU wall_s: 642.000
NGPU wall_s: 331.000
1GPU episodes/hour: 953.271
NGPU episodes/hour: 1848.943
speedup: 1.940x
NGPU distinct probe devices: 0
speedup/device_count: n/a
NGPU device episode balance min/max: n/a
NGPU probe critical-path lower bound_s: 0.000
NGPU probe-bound ceiling episodes/hour: n/a
NGPU wall/probe_bound ratio: n/a
NGPU probe ceiling utilization: n/a
NGPU component critical-path lower bound_s: 0.000
NGPU component-bound ceiling episodes/hour: n/a
NGPU wall/component_bound ratio: n/a
NGPU component ceiling utilization: n/a
NGPU policy diagnostic critical-path sum_s: 0.000
1GPU terminal probe mean_s/episode: 0.000
NGPU terminal probe mean_s/episode: 0.000
NGPU/1GPU terminal probe mean ratio: n/a
1GPU policy rollout mean_s/episode: 0.000
NGPU policy rollout mean_s/episode: 0.000
NGPU/1GPU policy rollout mean ratio: n/a
NGPU worker-local probe noise scopes detected: False
NGPU worker-local CUDA probe streams detected: False
NGPU cpu policy mode detected: False

1GPU device breakdown:
  unknown: {'episodes': 170.0, 'trials': 0.0, 'probe_s': 0.0, 'policy_s': 0.0, 'optimizer_s': 0.0, 'component_s': 0.0}
NGPU device breakdown:
  unknown: {'episodes': 170.0, 'trials': 0.0, 'probe_s': 0.0, 'policy_s': 0.0, 'optimizer_s': 0.0, 'component_s': 0.0}

1GPU rollout timing log: n/a
NGPU rollout timing log: n/a

first 20 equality diffs:
  - episode[0].constraint_probabilities.loss_precision_probability: 0.905517578125 != 0.909423828125
  - episode[0].constraint_probabilities.loss_stability_probability: 0.4345703125 != 0.453125
  - episode[0].constraint_thresholds.loss: 0.3614447070923447 != 0.36144611591443415
  - episode[0].constraint_thresholds.loss_std: 0.005079873811149928 != 0.005123336858511916
  - episode[0].fresh_constraint_probabilities.loss_precision_probability: 0.905517578125 != 0.909423828125
  - episode[0].fresh_constraint_probabilities.loss_stability_probability: 0.4345703125 != 0.453125
  - episode[0].fresh_metrics.loss_mean: 0.3583748362958431 != 0.3583417281508446
  - episode[0].fresh_metrics.loss_std: 0.005707826291488013 != 0.005686471421674609
  - episode[0].fresh_trials.loss[0]: 0.36149097234010696 != 0.3614187203347683
  - episode[0].fresh_trials.loss[1]: 0.3610377907752991 != 0.36097025871276855
  - episode[0].fresh_trials.loss[2]: 0.3511708155274391 != 0.3510989174246788
  - episode[0].fresh_trials.loss[3]: 0.36459195241332054 != 0.36455678567290306
  - episode[0].fresh_trials.loss[4]: 0.3535826504230499 != 0.35366395860910416
  - episode[0].pooled_constraint_probabilities.loss_precision_probability: 0.905517578125 != 0.909423828125
  - episode[0].pooled_constraint_probabilities.loss_stability_probability: 0.4345703125 != 0.453125
  - episode[0].pooled_metrics.loss_mean: 0.3583748362958431 != 0.3583417281508446
  - episode[0].pooled_metrics.loss_std: 0.005707826291488013 != 0.005686471421674609
  - episode[0].pooled_trials.loss[0]: 0.36149097234010696 != 0.3614187203347683
  - episode[0].pooled_trials.loss[1]: 0.3610377907752991 != 0.36097025871276855
  - episode[0].pooled_trials.loss[2]: 0.3511708155274391 != 0.3510989174246788

first 20 diagnostic-only diffs:
  - episode[0].constraint_probabilities.loss_precision_probability: 0.905517578125 != 0.909423828125
  - episode[0].constraint_probabilities.loss_stability_probability: 0.4345703125 != 0.453125
  - episode[0].constraint_thresholds.loss: 0.3614447070923447 != 0.36144611591443415
  - episode[0].constraint_thresholds.loss_std: 0.005079873811149928 != 0.005123336858511916
  - episode[0].fresh_constraint_probabilities.loss_precision_probability: 0.905517578125 != 0.909423828125
  - episode[0].fresh_constraint_probabilities.loss_stability_probability: 0.4345703125 != 0.453125
  - episode[0].fresh_metrics.loss_mean: 0.3583748362958431 != 0.3583417281508446
  - episode[0].fresh_metrics.loss_std: 0.005707826291488013 != 0.005686471421674609
  - episode[0].fresh_trials.loss[0]: 0.36149097234010696 != 0.3614187203347683
  - episode[0].fresh_trials.loss[1]: 0.3610377907752991 != 0.36097025871276855
  - episode[0].fresh_trials.loss[2]: 0.3511708155274391 != 0.3510989174246788
  - episode[0].fresh_trials.loss[3]: 0.36459195241332054 != 0.36455678567290306
  - episode[0].fresh_trials.loss[4]: 0.3535826504230499 != 0.35366395860910416
  - episode[0].pooled_constraint_probabilities.loss_precision_probability: 0.905517578125 != 0.909423828125
  - episode[0].pooled_constraint_probabilities.loss_stability_probability: 0.4345703125 != 0.453125
  - episode[0].pooled_metrics.loss_mean: 0.3583748362958431 != 0.3583417281508446
  - episode[0].pooled_metrics.loss_std: 0.005707826291488013 != 0.005686471421674609
  - episode[0].pooled_trials.loss[0]: 0.36149097234010696 != 0.3614187203347683
  - episode[0].pooled_trials.loss[1]: 0.3610377907752991 != 0.36097025871276855
  - episode[0].pooled_trials.loss[2]: 0.3511708155274391 != 0.3510989174246788

first 20 PPO update equality diffs:
  - ppo_update[1].approx_kl: 0.001999813364818692 != 0.0014250706881284714
  - ppo_update[1].best_reward_so_far: 1.45042022596018 != 1.450436825889293
  - ppo_update[1].best_robust_feasible_cost: 0.2402542372881356 != 0.2436440677966102
  - ppo_update[1].block4_entropy: 0.9529055306018199 != 0.9561192691198213
  - ppo_update[1].clip_fraction: 0.0011888587614521384 != 0.0006793478387407959
  - ppo_update[1].entropy: 7.66086483001709 != 7.66357421875
  - ppo_update[1].k_entropy: 0.7933989495208537 != 0.7941537130022102
  - ppo_update[1].policy_loss: -0.00856045726686716 != -0.008643743582069874
  - ppo_update[1].return_mean: -1.7706365215846591 != -1.7305292844215052
  - ppo_update[1].return_std: 2.0447378495692163 != 2.0609521997334994
  - ppo_update[1].value_loss: 0.642686665058136 != 0.6319180727005005
  - ppo_update[1].window_max_return: 1.45042022596018 != 1.450436825889293
  - ppo_update[1].window_mean_return: -1.7706366669911477 != -1.7305293952349527
  - ppo_update[2].approx_kl: 0.0005301458877511322 != -0.0005283310310915112
  - ppo_update[2].best_reward_so_far: 1.45042022596018 != 1.450436825889293
  - ppo_update[2].best_robust_feasible_cost: 0.2402542372881356 != 0.2436440677966102
  - ppo_update[2].block4_entropy: 0.9469173821367254 != 0.9555163629051767
  - ppo_update[2].entropy: 7.643949031829834 != 7.659921169281006
  - ppo_update[2].k_entropy: 0.7937086549356452 != 0.7954343418786541
  - ppo_update[2].policy_loss: 0.0011461199028417468 != -0.00011520832777023315

[FATAL] equality requirement failed
[OK] speedup >= 0.000x
