test_build_manifest_marks_dirty_without_second_status_strip (tests.test_blb_make_run_manifest.BlbMakeRunManifestTest.test_build_manifest_marks_dirty_without_second_status_strip) ... ok
test_build_manifest_reuses_per_layer_offsets (tests.test_blb_make_run_manifest.BlbMakeRunManifestTest.test_build_manifest_reuses_per_layer_offsets) ... ok
test_canonical_rescale_optimizer_hash_preserves_global_path_order (tests.test_blb_make_run_manifest.BlbMakeRunManifestTest.test_canonical_rescale_optimizer_hash_preserves_global_path_order) ... ok
test_canonical_rescale_optimizer_hash_streams_file_contents (tests.test_blb_make_run_manifest.BlbMakeRunManifestTest.test_canonical_rescale_optimizer_hash_streams_file_contents) ... ok
test_canonical_rescale_optimizer_hash_streams_tree_without_global_sort (tests.test_blb_make_run_manifest.BlbMakeRunManifestTest.test_canonical_rescale_optimizer_hash_streams_tree_without_global_sort) ... ok
test_dir_sha256_preserves_global_path_order_and_skip_dirs (tests.test_blb_make_run_manifest.BlbMakeRunManifestTest.test_dir_sha256_preserves_global_path_order_and_skip_dirs) ... ok
test_dir_sha256_prunes_skip_dirs_before_iterating_them (tests.test_blb_make_run_manifest.BlbMakeRunManifestTest.test_dir_sha256_prunes_skip_dirs_before_iterating_them) ... ok
test_dir_sha256_streams_tree_without_global_sort (tests.test_blb_make_run_manifest.BlbMakeRunManifestTest.test_dir_sha256_streams_tree_without_global_sort) ... ok
test_main_streams_stdout_json_paths (tests.test_blb_make_run_manifest.BlbMakeRunManifestTest.test_main_streams_stdout_json_paths) ... ok
test_registry_hash_streams_parsed_json_without_json_dumps (tests.test_blb_make_run_manifest.BlbMakeRunManifestTest.test_registry_hash_streams_parsed_json_without_json_dumps) ... ok
test_run_git_bounds_subprocess_with_timeout (tests.test_blb_make_run_manifest.BlbMakeRunManifestTest.test_run_git_bounds_subprocess_with_timeout) ... ok
test_write_manifest_streams_markdown_without_write_text (tests.test_blb_make_run_manifest.BlbMakeRunManifestTest.test_write_manifest_streams_markdown_without_write_text) ... FAIL

======================================================================
FAIL: test_write_manifest_streams_markdown_without_write_text (tests.test_blb_make_run_manifest.BlbMakeRunManifestTest.test_write_manifest_streams_markdown_without_write_text)
----------------------------------------------------------------------
Traceback (most recent call last):
  File "/hy-tmp/run_manifest_md_stream_red_bda066f_20260704_141300/tests/test_blb_make_run_manifest.py", line 353, in test_write_manifest_streams_markdown_without_write_text
    paths = manifest.write_manifest(payload, td)
            ^^^^^^^^^^^^^^^^^^^^^^^^^^^^^^^^^^^^
  File "/hy-tmp/run_manifest_md_stream_red_bda066f_20260704_141300/scripts/blb_make_run_manifest.py", line 350, in write_manifest
    md_path.write_text("\n".join(lines) + "\n", encoding="utf-8")
  File "/usr/lib/python3.11/unittest/mock.py", line 1124, in __call__
    return self._mock_call(*args, **kwargs)
           ^^^^^^^^^^^^^^^^^^^^^^^^^^^^^^^^
  File "/usr/lib/python3.11/unittest/mock.py", line 1128, in _mock_call
    return self._execute_mock_call(*args, **kwargs)
           ^^^^^^^^^^^^^^^^^^^^^^^^^^^^^^^^^^^^^^^^
  File "/usr/lib/python3.11/unittest/mock.py", line 1183, in _execute_mock_call
    raise effect
AssertionError: manifest markdown should stream file writes

----------------------------------------------------------------------
Ran 12 tests in 0.073s

FAILED (failures=1)
