/var/tmp/root-home/miniconda3/envs/llm_ist/lib/python3.10/site-packages/transformers/utils/generic.py:441: FutureWarning: `torch.utils._pytree._register_pytree_node` is deprecated. Please use `torch.utils._pytree.register_pytree_node` instead.
  _torch_pytree._register_pytree_node(
/var/tmp/root-home/miniconda3/envs/llm_ist/lib/python3.10/site-packages/transformers/utils/generic.py:309: FutureWarning: `torch.utils._pytree._register_pytree_node` is deprecated. Please use `torch.utils._pytree.register_pytree_node` instead.
  _torch_pytree._register_pytree_node(
/var/tmp/root-home/miniconda3/envs/llm_ist/lib/python3.10/site-packages/transformers/utils/generic.py:309: FutureWarning: `torch.utils._pytree._register_pytree_node` is deprecated. Please use `torch.utils._pytree.register_pytree_node` instead.
  _torch_pytree._register_pytree_node(
test_backward_dp_uses_stage_successor_adjacency (tests.test_rescale_optimizer_hotpaths.RescaleOptimizerHotPathTests) ... ok
test_compact_config_propagates_each_stage_without_nodes_between (tests.test_rescale_optimizer_hotpaths.RescaleOptimizerHotPathTests) ... ok
test_delta_state_restore_does_not_deepcopy_scalar_fields (tests.test_rescale_optimizer_hotpaths.RescaleOptimizerHotPathTests) ... ok
test_feasibility_dag_precomputes_cut_point_indices (tests.test_rescale_optimizer_hotpaths.RescaleOptimizerHotPathTests) ... ok
test_feasibility_dag_uses_incremental_stage_accumulation (tests.test_rescale_optimizer_hotpaths.RescaleOptimizerHotPathTests) ... ok
test_reachability_uses_stage_successor_adjacency (tests.test_rescale_optimizer_hotpaths.RescaleOptimizerHotPathTests) ... ok
test_load_baseline_archive_reuses_parse_and_returns_fresh_lists (tests.test_rescale_optimizer_bridge_cache.BaselineArchiveCacheTest) ... ok
test_identical_optimizer_request_is_cached_across_layer_suffixes (tests.test_rescale_optimizer_bridge_cache.RescaleOptimizerBridgeCacheTest) ... ok
test_compact_json_streams_dict_items_without_full_list_copy (tests.test_rescale_replan_what_if.ReplanWhatIfJsonTest) ... ok
test_block4_users_reported_case (tests.test_blb_fused_rescale_install.RealReplanTest) ... ok
test_fused_rescales_auto_detected_and_nulled (tests.test_blb_fused_rescale_install.RealReplanTest) ... ok
test_no_fusion_keeps_every_rescale (tests.test_blb_fused_rescale_install.SyntheticTest) ... ok
test_passthrough_and_absent_are_both_nulled (tests.test_blb_fused_rescale_install.SyntheticTest) ... ok
test_bridge_prefers_direct_replan_variables_when_available (tests.test_blb_optimizer_cost_consistency.BLBOptimizerCostConsistencyTests) ... ok
test_direct_inprocess_replan_matches_compat_payload_path (tests.test_blb_optimizer_cost_consistency.BLBOptimizerCostConsistencyTests) ... ok
test_effective_action_hash_ignores_inactive_compat_slots_only (tests.test_blb_optimizer_cost_consistency.BLBOptimizerCostConsistencyTests) ... ok
test_inactive_slots_do_not_change_optimizer_requests (tests.test_blb_optimizer_cost_consistency.BLBOptimizerCostConsistencyTests) ... ok
test_block1_never_boosted (tests.test_blb_precision_boost_multiprofile.TopologyForGraphKeyTest) ... ok
test_block2_resolves_for_every_profile (tests.test_blb_precision_boost_multiprofile.TopologyForGraphKeyTest) ... ok
test_profile_agnostic_keys_match_exactly (tests.test_blb_precision_boost_multiprofile.TopologyForGraphKeyTest) ... ok
test_unknown_key_is_none (tests.test_blb_precision_boost_multiprofile.TopologyForGraphKeyTest) ... ok

----------------------------------------------------------------------
Ran 21 tests in 0.032s

OK
