已加载预设：mrpc-blb-stage2-rl（/hy-tmp/rfr_runtime_optimization/presets/mrpc-blb-stage2-rl.conf）
启动配置：
  搜索算法：普通强化学习（rl）（显式指定）
  数据集：mrpc（显式指定）
  模型类型：BERT Base（bert-base）（显式指定）
  日志文件：blb_stage2_rl.log（显式指定）
  批大小：64（显式指定）
  模式目录：/hy-tmp/stage2_ngpu_speed_ab_ba8bb14_20260714_223042/persistent_many/rl/bert-base/mrpc（显式指定）
  运行目录：/hy-tmp/stage2_ngpu_speed_ab_ba8bb14_20260714_223042/persistent_many/rl/bert-base/mrpc/s1t0.001_s2t0.001_s2st2.0（显式指定）
  Stage-1 回合数：51000（使用默认值）
  Stage-1 准确度约束：0.001（显式指定）
  Stage-2 指标约束百分比：0.001（显式指定）
  Stage-2 稳定性约束 (stage2_stability_multiplier)：2.0（显式指定）
  Stage-2 K 次噪声试验：5（显式指定）
  Stage-2 探针子集大小：256（显式指定）
  持久化根目录：/hy-tmp/stage2_ngpu_speed_ab_ba8bb14_20260714_223042/persistent_many（显式指定）
  持久化目录：/hy-tmp/stage2_ngpu_speed_ab_ba8bb14_20260714_223042/persistent_many/rl/bert-base/mrpc/s1t0.001_s2t0.001_s2st2.0（显式指定）
  从头训练：是（显式指定）
  Stage-1 回合数：51000（使用默认值）
  Stage-2 回合数：600（显式指定）
  Stage-2 RL 实现：blb_v3（使用默认值）
  BLB v3 action mask：否（使用默认值）
  BLB v3 action mask 模式：none（使用默认值）
  BLB v3 baseline logit 加成：0（使用默认值）
  PPO 更新间隔：120（显式指定）
  BLB rollout 大小：120（显式指定）
  BLB Rescale optimizer：in_process_real (Rescale_optimizer)（使用默认值）
  BLB neighbor ramp：auto（使用默认值）
  BLB neighbor max mutations：auto（使用默认值）
  BLB neighbor max radius：auto（使用默认值）
  BLB entropy coef：auto（使用默认值）
  BLB entropy ramp episodes：auto（使用默认值）
  BLB fast reward mode：否（使用默认值）
  BLB online K trials：5（显式指定）
  BLB terminal eval batch：4（使用默认值）
  BLB promotion validation trials：25（显式指定）
  BLB final selection top N：20（使用默认值）
  BLB final selection validation trials：25（显式指定）
  BLB checkpoint 间隔：200（显式指定）
  BLB 日志评估间隔：100（显式指定）
  Stage-1 学习率：1e-4（使用默认值）
  Stage-2 学习率：5e-5（显式指定）
  被动 final_eval 预设：default（显式指定）
  最终评估来源：搜索结果（search）（显式指定）
  Stage-2 固定 GELU/Softmax 来源：all4（显式指定）
  跳过 Stage-1 搜索：是（显式指定）
  跳过 Stage-2 搜索：否（使用默认值）
  跳过最终评估：是（显式指定）
  仅运行最终评估：否（使用默认值）
  CUDA_VISIBLE_DEVICES：0,1,2,3,4（显式指定）
  实际执行命令（Command）：python rl_tune.py --base_model textattack/bert-base-uncased-MRPC --data_path mrpc --output_dir /hy-tmp/stage2_ngpu_speed_ab_ba8bb14_20260714_223042/persistent_many/rl/bert-base/mrpc/s1t0.001_s2t0.001_s2st2.0 --batch_size 64 --micro_batch_size 64 --num_epochs 1 --learning_rate 2e-4 --cutoff_len 256 --val_set_size 120 --eval_step 80 --adapter_name lora --target_modules \[\"q_proj\"\,\ \"k_proj\"\,\ \"v_proj\"\,\ \"up_proj\"\,\ \"down_proj\"\] --stage1_rl_episodes 51000 --stage2_rl_episodes 600 --stage1_rl_episodes_specified false --stage2_rl_episodes_specified true --ppo_update_interval 120 --use_ist --final_eval_config_source search --final_eval_config_path glue_final_configs_best_ppo.json --manual_stage1_gelu '' --manual_stage1_softmax '' --manual_stage2_noise '' --stage2_fixed_config_source all4 --stage2_fixed_config_path '' --stage2_manual_gelu '' --stage2_manual_softmax '' --final_eval_random_seed 42 --final_eval_permutation_trials 0 --final_eval_cost_equivalent_trials 0 --final_eval_budget_equivalent_trials 0 --final_eval_stage1_budget_trials 10 --final_eval_stage2_budget_trials 10 --final_eval_repeat_n 1 --final_eval_preset default --skip_noise_rl false --skip_stage1_rl true --skip_final_eval true --final_eval_only false --resume_run_dir '' --stage1_rl_lr 1e-4 --stage2_rl_lr 5e-5 --stage1_accuracy_tolerance 0.001 --stage2_limit_tolerance 0.001 --stage2_stability_tolerance 1.2 --stage2_stability_multiplier 2.0 --stage2_k_trials 5 --stage2_probe_size 256 --stage2_rl_variant blb_v3 --blb_v3_inproc_rescale_optimizer_root Rescale_optimizer --blb_v3_rollout_size 120 --decoupled_layout false --stage1_run_id '' --blb_v3_reward_devices 0\,1\,2\,3\,4 --blb_v3_eval_interval 100 --blb_v3_save_interval 200 --blb_v3_calibrate_baseline_samples 8 --blb_v3_online_k_trials 5 --blb_v3_promotion_validation_trials 25 --blb_v3_final_selection_validation_trials 25 --blb_v3_baseline_groups 5 --blb_v3_baseline_trials_per_group 5 --blb_v3_constraint_bootstrap_samples 4096 --blb_v3_online_constraint_probability 0.50 --blb_v3_promotion_constraint_probability 0.80 --blb_v3_final_constraint_probability 0.95 --blb_v3_sequential_rl true --blb_v3_sequential_invalid_penalty 1.0 --blb_v3_sequential_cost_shaping_coeff 0.0 --blb_v3_sequential_fusion_shaping_coeff 0.0 --rl_algo ppo --blb_v3_substage_mode false --blb_v3_fusion_count_action 1 --blb_v3_decision_granularity layer --blb_v3_reward_design robust_constrained --stage2_workers_per_device 1 

已在后台启动。
  进程号（PID）：2112255
  查看日志：tail -f /hy-tmp/stage2_ngpu_speed_ab_ba8bb14_20260714_223042/persistent_many/rl/bert-base/mrpc/s1t0.001_s2t0.001_s2st2.0/logs/blb_stage2_rl.log
  错误摘要：/hy-tmp/stage2_ngpu_speed_ab_ba8bb14_20260714_223042/persistent_many/rl/bert-base/mrpc/s1t0.001_s2t0.001_s2st2.0/logs/error_summary.txt
  LATEST_RUN_DIR：/hy-tmp/stage2_ngpu_speed_ab_ba8bb14_20260714_223042/persistent_many/rl/bert-base/mrpc/LATEST_RUN_DIR
  LATEST_PID：/hy-tmp/stage2_ngpu_speed_ab_ba8bb14_20260714_223042/persistent_many/rl/bert-base/mrpc/LATEST_PID
  优雅停止（Graceful Stop）：kill -INT 2112255
