run_id=json_utils_stream_read_verify_20260703_142121
server_date=2026-07-03T14:20:57+08:00
source_commit=d0c0f86672d2feceb76931d690f8f31846b54cb5
source_transport=git_bundle_minimal_after_remote_head_confirmed
remote_head_check=d0c0f86672d2feceb76931d690f8f31846b54cb5
bundle=/hy-tmp/json_utils_stream_read_d0c0f86.bundle
Cloning into '/hy-tmp/json_utils_stream_read_verify_20260703_142121/src'...
Note: switching to 'ca80746f754db2080a852c1a835c6bcf5af29d44'.

You are in 'detached HEAD' state. You can look around, make experimental
changes and commit them, and you can discard any commits you make in this
state without impacting any branches by switching back to a branch.

If you want to create a new branch to retain commits you create, you may
do so (now or later) by using -c with the switch command. Example:

  git switch -c <new-branch-name>

Or undo this operation with:

  git switch -

Turn off this advice by setting config variable advice.detachedHead to false

clone_rc=0
minimal_bundle_head=ca80746f754db2080a852c1a835c6bcf5af29d44
test_rc=0
