{
  "label": "parent",
  "source_commit": "a43f2f2",
  "samples_seconds": [
    1.1745698720333166,
    1.1833892660215497,
    1.1727600409649312,
    1.1707019009627402,
    1.1859587889630347,
    1.1686605149880052,
    1.1699559160042554,
    1.1663571649696678,
    1.1703555950080045,
    1.169561226037331,
    1.1721987500204705
  ],
  "median_seconds": 1.1707019009627402,
  "mean_seconds": 1.173133548724846,
  "result": [
    769,
    1,
    "bb33ac65f751f6900b1a9bba8e5513b7743b3a8c3b1582dd385c290da49acbc6"
  ],
  "results_identical": true,
  "verify": {
    "checked": 10,
    "num_random": 8
  }
}
