test_config_group_key_reuses_cached_group_key (tests.test_run_fusion_count_action_eval_rlpath.FusionCountActionEvalRLPathTest.test_config_group_key_reuses_cached_group_key) ... ok
test_group_key_uses_retained_group_and_baseline_fields (tests.test_run_fusion_count_action_eval_rlpath.FusionCountActionEvalRLPathTest.test_group_key_uses_retained_group_and_baseline_fields) ... ok
test_jsonable_converts_only_branches_that_need_conversion (tests.test_run_fusion_count_action_eval_rlpath.FusionCountActionEvalRLPathTest.test_jsonable_converts_only_branches_that_need_conversion) ... ok
test_jsonable_does_not_reconvert_changed_dict_item (tests.test_run_fusion_count_action_eval_rlpath.FusionCountActionEvalRLPathTest.test_jsonable_does_not_reconvert_changed_dict_item) ... ok
test_jsonable_does_not_reconvert_changed_list_item (tests.test_run_fusion_count_action_eval_rlpath.FusionCountActionEvalRLPathTest.test_jsonable_does_not_reconvert_changed_list_item) ... ok
test_jsonable_reuses_json_native_nested_payloads (tests.test_run_fusion_count_action_eval_rlpath.FusionCountActionEvalRLPathTest.test_jsonable_reuses_json_native_nested_payloads) ... ok
test_load_action_configs_does_not_retain_full_payload (tests.test_run_fusion_count_action_eval_rlpath.FusionCountActionEvalRLPathTest.test_load_action_configs_does_not_retain_full_payload) ... ok
test_load_action_configs_scans_directory_without_path_glob (tests.test_run_fusion_count_action_eval_rlpath.FusionCountActionEvalRLPathTest.test_load_action_configs_scans_directory_without_path_glob) ... ok
test_main_reuses_static_stage1_default_json_strings (tests.test_run_fusion_count_action_eval_rlpath.FusionCountActionEvalRLPathTest.test_main_reuses_static_stage1_default_json_strings) ... ok
test_main_streams_html_report_without_full_render_string_write (tests.test_run_fusion_count_action_eval_rlpath.FusionCountActionEvalRLPathTest.test_main_streams_html_report_without_full_render_string_write) ... FAIL
test_main_streams_stdout_json_without_json_dumps_string (tests.test_run_fusion_count_action_eval_rlpath.FusionCountActionEvalRLPathTest.test_main_streams_stdout_json_without_json_dumps_string) ... ok
test_module_import_is_dependency_light (tests.test_run_fusion_count_action_eval_rlpath.FusionCountActionEvalRLPathTest.test_module_import_is_dependency_light) ... ok
test_rlpath_script_has_no_local_common_wrappers (tests.test_run_fusion_count_action_eval_rlpath.FusionCountActionEvalRLPathTest.test_rlpath_script_has_no_local_common_wrappers) ... ok
test_unique_configs_reuses_cached_group_key (tests.test_run_fusion_count_action_eval_rlpath.FusionCountActionEvalRLPathTest.test_unique_configs_reuses_cached_group_key) ... ok
test_unique_configs_reuses_first_config_without_copying (tests.test_run_fusion_count_action_eval_rlpath.FusionCountActionEvalRLPathTest.test_unique_configs_reuses_first_config_without_copying) ... ok

======================================================================
FAIL: test_main_streams_html_report_without_full_render_string_write (tests.test_run_fusion_count_action_eval_rlpath.FusionCountActionEvalRLPathTest.test_main_streams_html_report_without_full_render_string_write)
----------------------------------------------------------------------
Traceback (most recent call last):
  File "/hy-tmp/fusion_rlpath_html_stream_red_fde11b1_20260704_132900/tests/test_run_fusion_count_action_eval_rlpath.py", line 240, in test_main_streams_html_report_without_full_render_string_write
    self.assertTrue(hasattr(rlpath, "write_rendered_html"))
AssertionError: False is not true

----------------------------------------------------------------------
Ran 15 tests in 1.306s

FAILED (failures=1)
