[ab] artifact_dir=/hy-tmp/stage2_layerwise_diag_64ep_9099cfa_20260715_012515
[ab] episodes=64 rollout_size=64 ppo_update=64
[ab] one=0 wpd=1; many=0,1,2,3,4 wpd=1
[ab] parallelism=layerwise reward-device K-split
[ab] cpu_threads OMP=1 MKL=1 OPENBLAS=1
[ab][effective] one env CUDA_VISIBLE_DEVICES=0 BLB_STAGE2_POLICY_DEVICE=worker BLB_STAGE2_DYNAMIC_ASSIGNMENT=1 timeout 3600 bash llama_7B_LayerImportance.sh run rl --preset mrpc-blb-stage2-rl --persistent-root /hy-tmp/stage2_layerwise_diag_64ep_9099cfa_20260715_012515/persistent_one --stage2-fixed-config-source all4 --blb-v3-fusion-count-action 1 --blb-v3-sequential-rl true --blb-v3-substage-mode false --blb-v3-decision-granularity layer --blb-v3-reward-design robust_constrained --blb-v3-sequential-invalid-penalty 1.0 --blb-v3-sequential-cost-shaping-coeff 0.0 --blb-v3-sequential-fusion-shaping-coeff 0.0 --stage2-search-episodes 64 --stage2-search-lr 5e-5 --ppo-update-interval 64 --stage2-rollout-size 64 --stage2-k-trials 5 --blb-v3-online-k-trials 5 --stage2-probe-size 256 --batch-size 64 --stage1-accuracy-tolerance 0.001 --stage2-limit-tolerance 0.001 --stage2-stability-tolerance 1.2 --stage2-stability-multiplier 2.0 --stage2-calibrate-baseline-samples 8 --blb-v3-promotion-validation-trials 25 --blb-v3-final-selection-validation-trials 25 --blb-v3-baseline-groups 5 --blb-v3-baseline-trials-per-group 5 --blb-v3-constraint-bootstrap-samples 4096 --blb-v3-online-constraint-probability 0.50 --blb-v3-promotion-constraint-probability 0.80 --blb-v3-final-constraint-probability 0.95 --blb-v3-reward-devices 0 --stage2-workers-per-device 1 --stage2-save-interval 200 --stage2-eval-interval 100 --random-seed 42 --rl-algo ppo --skip-final-eval --fresh
[ab][effective] many env CUDA_VISIBLE_DEVICES=0\,1\,2\,3\,4 BLB_STAGE2_POLICY_DEVICE=worker BLB_STAGE2_DYNAMIC_ASSIGNMENT=1 timeout 3600 bash llama_7B_LayerImportance.sh run rl --preset mrpc-blb-stage2-rl --persistent-root /hy-tmp/stage2_layerwise_diag_64ep_9099cfa_20260715_012515/persistent_many --stage2-fixed-config-source all4 --blb-v3-fusion-count-action 1 --blb-v3-sequential-rl true --blb-v3-substage-mode false --blb-v3-decision-granularity layer --blb-v3-reward-design robust_constrained --blb-v3-sequential-invalid-penalty 1.0 --blb-v3-sequential-cost-shaping-coeff 0.0 --blb-v3-sequential-fusion-shaping-coeff 0.0 --stage2-search-episodes 64 --stage2-search-lr 5e-5 --ppo-update-interval 64 --stage2-rollout-size 64 --stage2-k-trials 5 --blb-v3-online-k-trials 5 --stage2-probe-size 256 --batch-size 64 --stage1-accuracy-tolerance 0.001 --stage2-limit-tolerance 0.001 --stage2-stability-tolerance 1.2 --stage2-stability-multiplier 2.0 --stage2-calibrate-baseline-samples 8 --blb-v3-promotion-validation-trials 25 --blb-v3-final-selection-validation-trials 25 --blb-v3-baseline-groups 5 --blb-v3-baseline-trials-per-group 5 --blb-v3-constraint-bootstrap-samples 4096 --blb-v3-online-constraint-probability 0.50 --blb-v3-promotion-constraint-probability 0.80 --blb-v3-final-constraint-probability 0.95 --blb-v3-reward-devices 0\,1\,2\,3\,4 --stage2-workers-per-device 1 --stage2-save-interval 200 --stage2-eval-interval 100 --random-seed 42 --rl-algo ppo --skip-final-eval --fresh
index, name, memory.used [MiB], memory.total [MiB], utilization.gpu [%]
0, NVIDIA GeForce RTX 5090, 0 MiB, 32607 MiB, 0 %
1, NVIDIA GeForce RTX 5090, 0 MiB, 32607 MiB, 0 %
2, NVIDIA GeForce RTX 5090, 0 MiB, 32607 MiB, 0 %
3, NVIDIA GeForce RTX 5090, 0 MiB, 32607 MiB, 0 %
4, NVIDIA GeForce RTX 5090, 0 MiB, 32607 MiB, 0 %

================================================================================
[ab] one: CUDA_VISIBLE_DEVICES=0 reward_devices=0
================================================================================
[ab] linked Stage-1 record: /hy-tmp/stage2_layerwise_diag_64ep_9099cfa_20260715_012515/stage1/record -> /hy-tmp/rfr_runtime_optimization/Parting Chapter/stage1/record
已加载预设：mrpc-blb-stage2-rl（/hy-tmp/rfr_runtime_optimization/presets/mrpc-blb-stage2-rl.conf）
错误：rl 的 Stage-2 回合数至少需要 170。
[FATAL] one failed rc=1; see /hy-tmp/stage2_layerwise_diag_64ep_9099cfa_20260715_012515/one_launch.log
