test_json_artifact_scripts_use_shared_reader (tests.test_rl_data_points.RLDataPointWriterTest.test_json_artifact_scripts_use_shared_reader) ... ok
test_json_artifact_scripts_use_shared_writer (tests.test_rl_data_points.RLDataPointWriterTest.test_json_artifact_scripts_use_shared_writer) ... ok
test_json_default_is_shared_json_dump_adapter (tests.test_rl_data_points.RLDataPointWriterTest.test_json_default_is_shared_json_dump_adapter) ... ok
test_jsonl_writer_batches_os_flushes (tests.test_rl_data_points.RLDataPointWriterTest.test_jsonl_writer_batches_os_flushes) ... ok
test_make_unique_run_id_preserves_base_and_separates_invocations (tests.test_rl_data_points.RLDataPointWriterTest.test_make_unique_run_id_preserves_base_and_separates_invocations) ... ok
test_manifest_writes_merge_instead_of_replace (tests.test_rl_data_points.RLDataPointWriterTest.test_manifest_writes_merge_instead_of_replace) ... ok
test_read_json_file_default_handles_optional_sidecars (tests.test_rl_data_points.RLDataPointWriterTest.test_read_json_file_default_handles_optional_sidecars) ... ok
test_read_json_file_reads_artifact_payload (tests.test_rl_data_points.RLDataPointWriterTest.test_read_json_file_reads_artifact_payload) ... ok
test_read_json_file_uses_streaming_json_loader (tests.test_rl_data_points.RLDataPointWriterTest.test_read_json_file_uses_streaming_json_loader) ... ok
test_stable_json_key_and_hash_normalize_common_values (tests.test_rl_data_points.RLDataPointWriterTest.test_stable_json_key_and_hash_normalize_common_values) ... ok
test_stage1_loop_integrates_structured_data_writer (tests.test_rl_data_points.RLDataPointWriterTest.test_stage1_loop_integrates_structured_data_writer) ... ok
test_stage2_diagnostics_can_mirror_to_structured_data_writer (tests.test_rl_data_points.RLDataPointWriterTest.test_stage2_diagnostics_can_mirror_to_structured_data_writer) ... ok
test_stage2_diagnostics_reuses_primary_jsonl_handles (tests.test_rl_data_points.RLDataPointWriterTest.test_stage2_diagnostics_reuses_primary_jsonl_handles) ... ok
test_stage2_loop_integrates_structured_data_writer (tests.test_rl_data_points.RLDataPointWriterTest.test_stage2_loop_integrates_structured_data_writer) ... ok
test_to_jsonable_does_not_import_torch_for_json_native_scalars (tests.test_rl_data_points.RLDataPointWriterTest.test_to_jsonable_does_not_import_torch_for_json_native_scalars) ... ok
test_to_jsonable_handles_nested_numpy_values (tests.test_rl_data_points.RLDataPointWriterTest.test_to_jsonable_handles_nested_numpy_values) ... ok
test_to_jsonable_handles_paths_and_dataclasses (tests.test_rl_data_points.RLDataPointWriterTest.test_to_jsonable_handles_paths_and_dataclasses) ... ok
test_training_data_jsonl_writer_streams_rows_without_json_dumps (tests.test_rl_data_points.RLDataPointWriterTest.test_training_data_jsonl_writer_streams_rows_without_json_dumps) ... ok
test_training_data_manifest_and_summary_use_streaming_json_helpers (tests.test_rl_data_points.RLDataPointWriterTest.test_training_data_manifest_and_summary_use_streaming_json_helpers) ... ok
test_write_json_file_creates_parent_and_normalizes_payload (tests.test_rl_data_points.RLDataPointWriterTest.test_write_json_file_creates_parent_and_normalizes_payload) ... ok
test_write_json_file_streams_to_file_handle (tests.test_rl_data_points.RLDataPointWriterTest.test_write_json_file_streams_to_file_handle) ... ok
test_writes_stage1_training_data_points_as_jsonl (tests.test_rl_data_points.RLDataPointWriterTest.test_writes_stage1_training_data_points_as_jsonl) ... ok

----------------------------------------------------------------------
Ran 22 tests in 1.344s

OK
