test_stage2_record_and_completed_marker (tests.test_blb_stage2_outputs.DecoupledArchiveShapeTest) ... ok
test_healthy_curve_ok (tests.test_blb_stage2_outputs.DetectionReportTest) ... ok
test_hot_collapse_flagged (tests.test_blb_stage2_outputs.DetectionReportTest) ... ok
test_report_has_all_signals_and_priority (tests.test_blb_stage2_outputs.DetectionReportTest) ... /hy-tmp/rfr_runtime_optimization/tests/test_blb_stage2_outputs.py:449: ResourceWarning: unclosed file <_io.TextIOWrapper name='/tmp/tmpenzrcktd/blb_stage2_search_log.txt' mode='r' encoding='utf-8'>
  text = open(out, encoding="utf-8").read()
ResourceWarning: Enable tracemalloc to get the object allocation traceback
ok
test_diagnostic_curves_accept_tuple_series_without_list_materialization (tests.test_blb_stage2_outputs.DiagnosticCurvesTest) ... ok
test_emits_png_with_full_series (tests.test_blb_stage2_outputs.DiagnosticCurvesTest) ... ok
test_no_data_is_safe (tests.test_blb_stage2_outputs.DiagnosticCurvesTest) ... ok
test_render_plots_false_skips_diagnostic_png (tests.test_blb_stage2_outputs.DiagnosticCurvesTest) ... ok
test_trace_append_skips_rechecking_known_current_schema (tests.test_blb_stage2_outputs.EpisodeTraceMigrationTest) ... ok
test_trace_schema_migration_streams_rows_without_writerows (tests.test_blb_stage2_outputs.EpisodeTraceMigrationTest) ... ok
test_episode_stats_round_trip_and_health_log (tests.test_blb_stage2_outputs.PersistedDebugFieldsTest) ... /hy-tmp/rfr_runtime_optimization/tests/test_blb_stage2_outputs.py:992: ResourceWarning: unclosed file <_io.TextIOWrapper name='/tmp/tmp0endlvu2/diagnostics/episodes.jsonl' mode='r' encoding='utf-8'>
  encoding="utf-8").read().strip().splitlines()[-1]
ResourceWarning: Enable tracemalloc to get the object allocation traceback
/hy-tmp/rfr_runtime_optimization/tests/test_blb_stage2_outputs.py:1002: ResourceWarning: unclosed file <_io.TextIOWrapper name='/tmp/tmp0endlvu2/diagnostics/blb_stage2_health.log' mode='r' encoding='utf-8'>
  line = open(hp, encoding="utf-8").read().strip()
ResourceWarning: Enable tracemalloc to get the object allocation traceback
/var/tmp/root-home/miniconda3/envs/llm_ist/lib/python3.10/unittest/case.py:549: ResourceWarning: unclosed file <_io.TextIOWrapper name='/tmp/tmp0endlvu2/diagnostics/episodes.jsonl' mode='a' encoding='utf-8'>
  method()
ResourceWarning: Enable tracemalloc to get the object allocation traceback
ok
test_baseline_parser_streams_report_and_summary (tests.test_blb_stage2_outputs.RegeneratorEndToEndTest) ... ok
test_episode_reader_does_not_materialize_absent_debug_fields (tests.test_blb_stage2_outputs.RegeneratorEndToEndTest) ... ok
test_jsonl_readers_use_shared_iter_jsonl (tests.test_blb_stage2_outputs.RegeneratorEndToEndTest) ... ok
test_regenerator_gzip_jsonl (tests.test_blb_stage2_outputs.RegeneratorEndToEndTest) ... ok
test_regenerator_plain_jsonl (tests.test_blb_stage2_outputs.RegeneratorEndToEndTest) ... ok
test_status_board_flushes_human_readable_live_summary (tests.test_blb_stage2_outputs.StatusBoardLiveSummaryTest) ... ok
test_curve_helpers_accept_ndarray_without_list_materialization (tests.test_blb_stage2_outputs.UpgradedCurvesTest) ... ok
test_entropy_curve_accepts_ndarray_without_list_materialization (tests.test_blb_stage2_outputs.UpgradedCurvesTest) ... ok
test_env_can_disable_stage2_plot_rendering_without_callsite_change (tests.test_blb_stage2_outputs.UpgradedCurvesTest) ... ok
test_float_array_accepts_tuple_without_list_materialization (tests.test_blb_stage2_outputs.UpgradedCurvesTest) ... ok
test_full_series_emits_all_pngs (tests.test_blb_stage2_outputs.UpgradedCurvesTest) ... ok
test_legacy_minimal_backcompat (tests.test_blb_stage2_outputs.UpgradedCurvesTest) ... ok
test_main_curve_uses_stage1_style_renderer_without_cost_panels (tests.test_blb_stage2_outputs.UpgradedCurvesTest) ... ok
test_no_baselines_ok (tests.test_blb_stage2_outputs.UpgradedCurvesTest) ... ok
test_npz_always_written (tests.test_blb_stage2_outputs.UpgradedCurvesTest) ... ok
test_npz_writer_accepts_ndarray_without_list_materialization (tests.test_blb_stage2_outputs.UpgradedCurvesTest) ... ok
test_plot_rendering_defaults_to_offline_but_explicit_true_wins (tests.test_blb_stage2_outputs.UpgradedCurvesTest) ... ok
test_render_plots_false_iterates_each_npz_series_once (tests.test_blb_stage2_outputs.UpgradedCurvesTest) ... ok
test_render_plots_false_writes_npz_only (tests.test_blb_stage2_outputs.UpgradedCurvesTest) ... ok
test_seq_len_counts_iterable_without_list_materialization (tests.test_blb_stage2_outputs.UpgradedCurvesTest) ... ok
test_stage1_style_panel_accepts_ndarray_without_list_materialization (tests.test_blb_stage2_outputs.UpgradedCurvesTest) ... ok
test_server_command_short_rl_runs_use_tagged_persistent_dirs (tests.test_stage2_persistent_launcher.Stage2PersistentLauncherTest) ... ok
test_stage2_launcher_warns_when_visible_gpus_are_not_forwarded_to_gpu_flags (tests.test_stage2_persistent_launcher.Stage2PersistentLauncherTest) ... ok
test_stage2_preset_defaults_to_current_formal_constraints (tests.test_stage2_persistent_launcher.Stage2PersistentLauncherTest) ... ok
test_stage2_rl_launches_inside_constraint_persistent_dir (tests.test_stage2_persistent_launcher.Stage2PersistentLauncherTest) ... ok
test_stage2_run_tag_creates_separate_persistent_slug (tests.test_stage2_persistent_launcher.Stage2PersistentLauncherTest) ... ok
test_stage2_training_loop_flushes_status_on_ppo_update (tests.test_stage2_persistent_launcher.Stage2PersistentLauncherTest) ... ok
test_stage2_training_loop_refreshes_live_curves_after_ppo_update (tests.test_stage2_persistent_launcher.Stage2PersistentLauncherTest) ... ok

----------------------------------------------------------------------
Ran 39 tests in 6.666s

OK
[regen] progress dir : /tmp/tmp5bw7oe1v
[regen] output  dir : /tmp/tmp5bw7oe1v/preview
[regen] episodes=300  ppo_updates(entropy)=5  baselines={'avg_k': 13.0, 'loss_mean': 0.367, 'metric1_mean': 0.871, 'metric2_mean': 0.861}
[regen]   png         → /tmp/tmp5bw7oe1v/preview/blb_stage2_training_curve.png  (151940 bytes)
[regen]   npz         → /tmp/tmp5bw7oe1v/preview/blb_stage2_training_curve.npz  (17136 bytes)
[regen]   paper_png   → /tmp/tmp5bw7oe1v/preview/blb_stage2_reward_paper.png  (49763 bytes)
[regen]   paper_pdf   → /tmp/tmp5bw7oe1v/preview/blb_stage2_reward_paper.pdf  (11952 bytes)
[regen]   entropy_png → /tmp/tmp5bw7oe1v/preview/blb_stage2_entropy_curve.png  (65882 bytes)
[regen]   diagnostics → /tmp/tmp5bw7oe1v/preview/blb_stage2_diagnostics_curve.png  (214755 bytes)
  [检测] 局部最优检测报告 → /tmp/tmp5bw7oe1v/preview/blb_stage2_search_log.txt
  [检测] [LIKELY LOCAL-OPTIMUM] reward_plateau(cv=0.0000), best_stuck(99ep_no_improve)
[regen]   search_log  → /tmp/tmp5bw7oe1v/preview/blb_stage2_search_log.txt
[regen] done.
[regen] progress dir : /tmp/tmp_pq19ynh
[regen] output  dir : /tmp/tmp_pq19ynh/preview
[regen] episodes=300  ppo_updates(entropy)=5  baselines={'avg_k': 13.0, 'loss_mean': 0.367, 'metric1_mean': 0.871, 'metric2_mean': 0.861}
[regen]   png         → /tmp/tmp_pq19ynh/preview/blb_stage2_training_curve.png  (151940 bytes)
[regen]   npz         → /tmp/tmp_pq19ynh/preview/blb_stage2_training_curve.npz  (17136 bytes)
[regen]   paper_png   → /tmp/tmp_pq19ynh/preview/blb_stage2_reward_paper.png  (49763 bytes)
[regen]   paper_pdf   → /tmp/tmp_pq19ynh/preview/blb_stage2_reward_paper.pdf  (11952 bytes)
[regen]   entropy_png → /tmp/tmp_pq19ynh/preview/blb_stage2_entropy_curve.png  (65882 bytes)
[regen]   diagnostics → /tmp/tmp_pq19ynh/preview/blb_stage2_diagnostics_curve.png  (214755 bytes)
  [检测] 局部最优检测报告 → /tmp/tmp_pq19ynh/preview/blb_stage2_search_log.txt
  [检测] [LIKELY LOCAL-OPTIMUM] reward_plateau(cv=0.0000), best_stuck(99ep_no_improve)
[regen]   search_log  → /tmp/tmp_pq19ynh/preview/blb_stage2_search_log.txt
[regen] done.
