{
  "source_commit": "57f67d91ae16cb90eb39342b1091946f5b7b5837",
  "graph_key": "block4",
  "graph_node_count": 14,
  "compact_only": {
    "n": 100000,
    "repeats": 3,
    "seconds": [
      1.4998322540195659,
      1.499434683995787,
      1.4985931650153361
    ],
    "median_seconds": 1.499434683995787,
    "calls_per_second": 66691.80129508127
  },
  "full_replan_with_compact": {
    "n": 50000,
    "repeats": 3,
    "seconds": [
      1.7351223709993064,
      1.7356635429896414,
      1.7344086119555868
    ],
    "median_seconds": 1.7351223709993064,
    "calls_per_second": 28816.411358470108
  },
  "compact_sha256": "3e35f13723546fc93979981338da9d9e540c567bacc726f06b74b0ff3d322c33"
}
