test_seq_len_counts_iterable_without_list_materialization (tests.test_blb_stage2_outputs.UpgradedCurvesTest.test_seq_len_counts_iterable_without_list_materialization) ... FAIL

======================================================================
FAIL: test_seq_len_counts_iterable_without_list_materialization (tests.test_blb_stage2_outputs.UpgradedCurvesTest.test_seq_len_counts_iterable_without_list_materialization)
----------------------------------------------------------------------
Traceback (most recent call last):
  File "/hy-tmp/rfr_seq_len_count_red_ced7730_20260704_051007/blb_stage2_rl/persistence.py", line 824, in _seq_len
    return len(values)
           ^^^^^^^^^^^
TypeError: object of type 'IterOnly' has no len()

During handling of the above exception, another exception occurred:

Traceback (most recent call last):
  File "/hy-tmp/rfr_seq_len_count_red_ced7730_20260704_051007/tests/test_blb_stage2_outputs.py", line 224, in test_seq_len_counts_iterable_without_list_materialization
    self.assertEqual(persistence._seq_len(IterOnly()), 3)
                     ^^^^^^^^^^^^^^^^^^^^^^^^^^^^^^^^
  File "/hy-tmp/rfr_seq_len_count_red_ced7730_20260704_051007/blb_stage2_rl/persistence.py", line 826, in _seq_len
    return len(list(values))
               ^^^^^^^^^^^^
  File "/usr/lib/python3.11/unittest/mock.py", line 1124, in __call__
    return self._mock_call(*args, **kwargs)
           ^^^^^^^^^^^^^^^^^^^^^^^^^^^^^^^^
  File "/usr/lib/python3.11/unittest/mock.py", line 1128, in _mock_call
    return self._execute_mock_call(*args, **kwargs)
           ^^^^^^^^^^^^^^^^^^^^^^^^^^^^^^^^^^^^^^^^
  File "/usr/lib/python3.11/unittest/mock.py", line 1183, in _execute_mock_call
    raise effect
AssertionError: iterable length should not be materialized through list

----------------------------------------------------------------------
Ran 1 test in 0.002s

FAILED (failures=1)
