[server-verify] run_id=fusion_slot_report_map_load_verify_20260703_134053
[server-verify] base=/hy-tmp/fusion_slot_report_map_load_verify_20260703_134053
[server-verify] remote_head_check=timeout_124
[server-verify] source_commit=3543d41
[server-verify] git=git clone /hy-tmp/rfr_fusion_slot_report_verify_3543d41.bundle src
git version 2.34.1
Python 3.11.12
Cloning into '/hy-tmp/fusion_slot_report_map_load_verify_20260703_134053/src'...
Note: switching to '4106d6f2ba4ae1dc2a66d2d078b1d3414ee4ad0e'.

You are in 'detached HEAD' state. You can look around, make experimental
changes and commit them, and you can discard any commits you make in this
state without impacting any branches by switching back to a branch.

If you want to create a new branch to retain commits you create, you may
do so (now or later) by using -c with the switch command. Example:

  git switch -c <new-branch-name>

Or undo this operation with:

  git switch -

Turn off this advice by setting config variable advice.detachedHead to false

[server-verify] bundle_commit=4106d6f2ba4ae1dc2a66d2d078b1d3414ee4ad0e
21:    def test_load_maps_scans_directory_without_path_glob_or_sidecar_reads(self):
76:def _iter_map_paths(map_dir: Path) -> Iterable[Path]:
test_load_maps_scans_directory_without_path_glob_or_sidecar_reads (tests.test_render_fusion_count_slots_eval_report.FusionCountSlotsEvalReportTest.test_load_maps_scans_directory_without_path_glob_or_sidecar_reads) ... ok

----------------------------------------------------------------------
Ran 1 test in 0.061s

OK
[server-verify] test_rc=0
