PY_COMPILE_RC=0
test_noise_scaling_validation_scans_arrays_without_tolist_materialization (tests.test_stage1_parallel_semantics.Stage1ParallelSemanticsTest.test_noise_scaling_validation_scans_arrays_without_tolist_materialization) ... ok
test_parallel_rollout_logs_forward_and_report_write_timing (tests.test_stage1_parallel_semantics.Stage1ParallelSemanticsTest.test_parallel_rollout_logs_forward_and_report_write_timing) ... ok
test_parallel_rollout_logs_per_window_timing_diagnostics (tests.test_stage1_parallel_semantics.Stage1ParallelSemanticsTest.test_parallel_rollout_logs_per_window_timing_diagnostics) ... ok
test_parallel_runner_exposes_worker_timing_and_speedup_diagnostics (tests.test_stage1_parallel_semantics.Stage1ParallelSemanticsTest.test_parallel_runner_exposes_worker_timing_and_speedup_diagnostics) ... ok
test_parallel_worker_uses_serial_sos_token_for_initial_previous_action (tests.test_stage1_parallel_semantics.Stage1ParallelSemanticsTest.test_parallel_worker_uses_serial_sos_token_for_initial_previous_action) ... ok
test_policy_replica_sync_reuses_one_state_dict_per_window (tests.test_stage1_parallel_semantics.Stage1ParallelSemanticsTest.test_policy_replica_sync_reuses_one_state_dict_per_window) ... ok
test_recurrent_rollout_buffer_packs_scalar_arrays_before_tensor_transfer (tests.test_stage1_parallel_semantics.Stage1ParallelSemanticsTest.test_recurrent_rollout_buffer_packs_scalar_arrays_before_tensor_transfer) ... ok
test_recurrent_rollout_buffer_packs_scalar_tensor_fields_directly_to_device (tests.test_stage1_parallel_semantics.Stage1ParallelSemanticsTest.test_recurrent_rollout_buffer_packs_scalar_tensor_fields_directly_to_device) ... ok
test_stage1_parallel_replay_stash_uses_deque (tests.test_stage1_parallel_semantics.Stage1ParallelSemanticsTest.test_stage1_parallel_replay_stash_uses_deque) ... ok
test_stage1_parallel_total_uses_actual_worker_episode_counts (tests.test_stage1_parallel_semantics.Stage1ParallelSemanticsTest.test_stage1_parallel_total_uses_actual_worker_episode_counts) ... ok
test_stage1_rollout_defers_worker_logprob_value_sync_until_episode_end (tests.test_stage1_parallel_semantics.Stage1ParallelSemanticsTest.test_stage1_rollout_defers_worker_logprob_value_sync_until_episode_end) ... ok
test_stage1_rollout_records_cont_features_without_cpu_tensor_roundtrip (tests.test_stage1_parallel_semantics.Stage1ParallelSemanticsTest.test_stage1_rollout_records_cont_features_without_cpu_tensor_roundtrip) ... ok
test_stage1_rollout_reuses_action_scalar_and_builds_device_tensors_directly (tests.test_stage1_parallel_semantics.Stage1ParallelSemanticsTest.test_stage1_rollout_reuses_action_scalar_and_builds_device_tensors_directly) ... ok
test_stage1_rollout_reuses_preallocated_sequence_tensors (tests.test_stage1_parallel_semantics.Stage1ParallelSemanticsTest.test_stage1_rollout_reuses_preallocated_sequence_tensors) ... ok
test_stage1_rollout_reuses_static_gelu_mask_template_per_device (tests.test_stage1_parallel_semantics.Stage1ParallelSemanticsTest.test_stage1_rollout_reuses_static_gelu_mask_template_per_device) ... ok
test_stage1_single_gpu_rollout_defers_logprob_value_sync_until_episode_end (tests.test_stage1_parallel_semantics.Stage1ParallelSemanticsTest.test_stage1_single_gpu_rollout_defers_logprob_value_sync_until_episode_end) ... ok
test_cli_writes_json_and_markdown (tests.test_stage1_parallel_report.Stage1ParallelReportTest.test_cli_writes_json_and_markdown) ... ok
test_parse_log_lines_accepts_single_pass_iterable (tests.test_stage1_parallel_report.Stage1ParallelReportTest.test_parse_log_lines_accepts_single_pass_iterable) ... ok
test_parse_log_lines_dispatches_total_lines_without_worker_regex (tests.test_stage1_parallel_report.Stage1ParallelReportTest.test_parse_log_lines_dispatches_total_lines_without_worker_regex) ... ok
test_parse_log_lines_skips_regex_for_unrelated_lines (tests.test_stage1_parallel_report.Stage1ParallelReportTest.test_parse_log_lines_skips_regex_for_unrelated_lines) ... ok
test_parse_log_lines_summarizes_forward_and_report_write_timing (tests.test_stage1_parallel_report.Stage1ParallelReportTest.test_parse_log_lines_summarizes_forward_and_report_write_timing) ... ok
test_parse_log_lines_uses_running_speedup_aggregate (tests.test_stage1_parallel_report.Stage1ParallelReportTest.test_parse_log_lines_uses_running_speedup_aggregate) ... ok
test_parse_log_text_streams_text_lines_without_list (tests.test_stage1_parallel_report.Stage1ParallelReportTest.test_parse_log_text_streams_text_lines_without_list) ... ok
test_parse_log_text_summarizes_parallel_windows (tests.test_stage1_parallel_report.Stage1ParallelReportTest.test_parse_log_text_summarizes_parallel_windows) ... ok
test_worker_balance_check_streams_counts_without_list (tests.test_stage1_parallel_report.Stage1ParallelReportTest.test_worker_balance_check_streams_counts_without_list) ... ok

----------------------------------------------------------------------
Ran 25 tests in 0.099s

OK
TEST_RC=0
