[goal] Optimize first 10000 BLB Stage-2 RL episodes.
[goal] Preserve no-collapse safety while improving the early reward curve.
[goal] Watch entropy/clip_fraction, safe-neighbor coverage, cost progress, and dual-GPU reward probe health.
[stop-rl] Parting Chapter/persistent/rl/bert-base/mrpc/s1t0.005_s2t0.005_s2st0.005: pid=215318 already dead
[stop-rl] Parting Chapter/persistent/rl/bert-base/mrpc/s1t0.005_s2t0.005_s2st0.005_rdv2: no rl.pid

================================================================================
Step 1/6: git pull latest local source changes
================================================================================
Already up to date.
[git] HEAD = 283c711

================================================================================
Step 2/6: local/contract tests on server
================================================================================
test_10k_curve_knobs_are_launcher_visible (tests.test_sequential_smoke.WarmstartFixedRegressionTest.test_10k_curve_knobs_are_launcher_visible)
The 10k research loop needs to tune exploration without editing ... ok
test_episode_jsonl_carries_terminal_health_fields (tests.test_sequential_smoke.WarmstartFixedRegressionTest.test_episode_jsonl_carries_terminal_health_fields)
10k online monitoring must not depend on grepping details text for ... ok
test_first10k_monitor_tolerates_isolated_loss_cap (tests.test_sequential_smoke.WarmstartFixedRegressionTest.test_first10k_monitor_tolerates_isolated_loss_cap)
User criterion allows isolated spikes; repeated caps still fail. ... ok
test_first10k_server_defaults_avoid_radius2_collapse_region (tests.test_sequential_smoke.WarmstartFixedRegressionTest.test_first10k_server_defaults_avoid_radius2_collapse_region)
The first failed 10k run showed P1s when radius reached 2. ... ok
test_first10k_server_run_aborts_on_git_pull_failure (tests.test_sequential_smoke.WarmstartFixedRegressionTest.test_first10k_server_run_aborts_on_git_pull_failure)
Server runs must not continue experiments from a stale HEAD. ... ok
test_force_baseline_anchor_wired (tests.test_sequential_smoke.WarmstartFixedRegressionTest.test_force_baseline_anchor_wired) ... /hy-tmp/Reinforcement-For-Robustness-pareto-r1/tests/test_sequential_smoke.py:789: ResourceWarning: unclosed file <_io.TextIOWrapper name='blb_stage2_rl/sequential_runner.py' mode='r' encoding='utf-8'>
  src = open("blb_stage2_rl/sequential_runner.py", encoding="utf-8").read()
ResourceWarning: Enable tracemalloc to get the object allocation traceback
ok
test_new_best_logs_inference_metrics (tests.test_sequential_smoke.WarmstartFixedRegressionTest.test_new_best_logs_inference_metrics)
After a new best, the log line should include loss_mean / loss_std / ... /hy-tmp/Reinforcement-For-Robustness-pareto-r1/tests/test_sequential_smoke.py:1244: ResourceWarning: unclosed file <_io.TextIOWrapper name='blb_stage2_rl/sequential_runner.py' mode='r' encoding='utf-8'>
  src = open("blb_stage2_rl/sequential_runner.py", encoding="utf-8").read()
ResourceWarning: Enable tracemalloc to get the object allocation traceback
ok
test_noisy_accuracy_threshold_has_probe_granularity_guard (tests.test_sequential_smoke.WarmstartFixedRegressionTest.test_noisy_accuracy_threshold_has_probe_granularity_guard) ... ok
test_per_slot_mode_helper_present (tests.test_sequential_smoke.WarmstartFixedRegressionTest.test_per_slot_mode_helper_present) ... /hy-tmp/Reinforcement-For-Robustness-pareto-r1/tests/test_sequential_smoke.py:777: ResourceWarning: unclosed file <_io.TextIOWrapper name='blb_stage2_rl/sequential_runner.py' mode='r' encoding='utf-8'>
  src = open("blb_stage2_rl/sequential_runner.py", encoding="utf-8").read()
ResourceWarning: Enable tracemalloc to get the object allocation traceback
ok
test_per_slot_mode_returns_correct_values (tests.test_sequential_smoke.WarmstartFixedRegressionTest.test_per_slot_mode_returns_correct_values)
Quick functional test: given a fake schedule + baseline_vec, ... /hy-tmp/Reinforcement-For-Robustness-pareto-r1/tests/test_sequential_smoke.py:827: ResourceWarning: unclosed file <_io.TextIOWrapper name='blb_stage2_rl/sequential_runner.py' mode='r' encoding='utf-8'>
  src = open("blb_stage2_rl/sequential_runner.py", encoding="utf-8").read()
ResourceWarning: Enable tracemalloc to get the object allocation traceback
ok
test_sequential_force_anchor_honors_warmstart_config (tests.test_sequential_smoke.WarmstartFixedRegressionTest.test_sequential_force_anchor_honors_warmstart_config) ... ok
test_sequential_ppo_buffer_carries_action_level_mask (tests.test_sequential_smoke.WarmstartFixedRegressionTest.test_sequential_ppo_buffer_carries_action_level_mask) ... ok
test_sequential_ppo_update_replays_stored_action_level_mask (tests.test_sequential_smoke.WarmstartFixedRegressionTest.test_sequential_ppo_update_replays_stored_action_level_mask) ... ok
test_sequential_runner_uses_episode_neighbor_offsets (tests.test_sequential_smoke.WarmstartFixedRegressionTest.test_sequential_runner_uses_episode_neighbor_offsets) ... ok
test_step_level_mask_keeps_unselected_slots_at_baseline (tests.test_sequential_smoke.WarmstartFixedRegressionTest.test_step_level_mask_keeps_unselected_slots_at_baseline) ... ok
test_diagnostics_table_shows_ent_coef (tests.test_sequential_smoke.EntCoefScheduleRegressionTest.test_diagnostics_table_shows_ent_coef) ... /hy-tmp/Reinforcement-For-Robustness-pareto-r1/tests/test_sequential_smoke.py:1373: ResourceWarning: unclosed file <_io.TextIOWrapper name='blb_stage2_rl/diagnostics.py' mode='r' encoding='utf-8'>
  src = open("blb_stage2_rl/diagnostics.py", encoding="utf-8").read()
ResourceWarning: Enable tracemalloc to get the object allocation traceback
ok
test_helper_present_with_expected_signature (tests.test_sequential_smoke.EntCoefScheduleRegressionTest.test_helper_present_with_expected_signature) ... /hy-tmp/Reinforcement-For-Robustness-pareto-r1/tests/test_sequential_smoke.py:1265: ResourceWarning: unclosed file <_io.TextIOWrapper name='blb_stage2_rl/sequential_runner.py' mode='r' encoding='utf-8'>
  src = open("blb_stage2_rl/sequential_runner.py", encoding="utf-8").read()
ResourceWarning: Enable tracemalloc to get the object allocation traceback
ok
test_ppo_update_accepts_override_param (tests.test_sequential_smoke.EntCoefScheduleRegressionTest.test_ppo_update_accepts_override_param)
sequential_ppo_update must accept ent_coef_override kwarg. ... /hy-tmp/Reinforcement-For-Robustness-pareto-r1/tests/test_sequential_smoke.py:1286: ResourceWarning: unclosed file <_io.TextIOWrapper name='blb_stage2_rl/sequential_policy.py' mode='r' encoding='utf-8'>
  src = open("blb_stage2_rl/sequential_policy.py", encoding="utf-8").read()
ResourceWarning: Enable tracemalloc to get the object allocation traceback
ok
test_ppo_update_passes_override (tests.test_sequential_smoke.EntCoefScheduleRegressionTest.test_ppo_update_passes_override) ... /hy-tmp/Reinforcement-For-Robustness-pareto-r1/tests/test_sequential_smoke.py:1279: ResourceWarning: unclosed file <_io.TextIOWrapper name='blb_stage2_rl/sequential_runner.py' mode='r' encoding='utf-8'>
  src = open("blb_stage2_rl/sequential_runner.py", encoding="utf-8").read()
ResourceWarning: Enable tracemalloc to get the object allocation traceback
ok
test_schedule_math_anchor_ramp_steady (tests.test_sequential_smoke.EntCoefScheduleRegressionTest.test_schedule_math_anchor_ramp_steady)
Functional test of the helper. Locks in the three-stage behaviour ... /hy-tmp/Reinforcement-For-Robustness-pareto-r1/tests/test_sequential_smoke.py:1318: ResourceWarning: unclosed file <_io.TextIOWrapper name='blb_stage2_rl/sequential_runner.py' mode='r' encoding='utf-8'>
  src = open("blb_stage2_rl/sequential_runner.py", encoding="utf-8").read()
ResourceWarning: Enable tracemalloc to get the object allocation traceback
ok
test_startup_log_describes_schedule (tests.test_sequential_smoke.EntCoefScheduleRegressionTest.test_startup_log_describes_schedule)
The startup hyperparameter box should print the three-stage ... /hy-tmp/Reinforcement-For-Robustness-pareto-r1/tests/test_sequential_smoke.py:1366: ResourceWarning: unclosed file <_io.TextIOWrapper name='blb_stage2_rl/sequential_runner.py' mode='r' encoding='utf-8'>
  src = open("blb_stage2_rl/sequential_runner.py", encoding="utf-8").read()
ResourceWarning: Enable tracemalloc to get the object allocation traceback
ok
test_train_config_defaults (tests.test_sequential_smoke.EntCoefScheduleRegressionTest.test_train_config_defaults)
SequentialTrainConfig should default to ent_coef_anchor=0 and ... /hy-tmp/Reinforcement-For-Robustness-pareto-r1/tests/test_sequential_smoke.py:1298: ResourceWarning: unclosed file <_io.TextIOWrapper name='blb_stage2_rl/sequential_runner.py' mode='r' encoding='utf-8'>
  src = open("blb_stage2_rl/sequential_runner.py", encoding="utf-8").read()
ResourceWarning: Enable tracemalloc to get the object allocation traceback
/hy-tmp/Reinforcement-For-Robustness-pareto-r1/tests/test_sequential_smoke.py:1303: ResourceWarning: unclosed file <_io.TextIOWrapper name='blb_stage2_rl/runner.py' mode='r' encoding='utf-8'>
  src2 = open("blb_stage2_rl/runner.py", encoding="utf-8").read()
ResourceWarning: Enable tracemalloc to get the object allocation traceback
ok

----------------------------------------------------------------------
Ran 22 tests in 2.827s

OK
test_action_bias_raises_baseline_sampling_probability (test_blb_action_mask.BLBActionMaskTests.test_action_bias_raises_baseline_sampling_probability) ... ok
test_baseline_only_mask_keeps_action_length_and_forces_baseline (test_blb_action_mask.BLBActionMaskTests.test_baseline_only_mask_keeps_action_length_and_forces_baseline) ... ok
test_evaluate_action_accepts_mask_and_bias_for_legal_action (test_blb_action_mask.BLBActionMaskTests.test_evaluate_action_accepts_mask_and_bias_for_legal_action) ... ok
test_load_mask_rejects_inactive_slot_opened_to_nonbaseline (test_blb_action_mask.BLBActionMaskTests.test_load_mask_rejects_inactive_slot_opened_to_nonbaseline) ... ok
test_near_baseline_keeps_inactive_slots_baseline_only (test_blb_action_mask.BLBActionMaskTests.test_near_baseline_keeps_inactive_slots_baseline_only) ... ok
test_per_dim_entropy_can_report_masked_entropy (test_blb_action_mask.BLBActionMaskTests.test_per_dim_entropy_can_report_masked_entropy) ... ok
test_policy_sample_and_evaluate_share_masked_logprob (test_blb_action_mask.BLBActionMaskTests.test_policy_sample_and_evaluate_share_masked_logprob) ... ok
test_ppo_update_passes_mask_and_bias_to_evaluate_action (test_blb_action_mask.BLBActionMaskTests.test_ppo_update_passes_mask_and_bias_to_evaluate_action) ... ok
test_runner_train_config_reads_action_mask_fields (test_blb_action_mask.BLBActionMaskTests.test_runner_train_config_reads_action_mask_fields) ... ok
test_canonical_response_may_omit_layer0_block1 (test_blb_baseline_bootstrap.BLBBaselineBootstrapTests.test_canonical_response_may_omit_layer0_block1) ... ok
test_rejects_invalid_stage1_degree (test_blb_baseline_bootstrap.BLBBaselineBootstrapTests.test_rejects_invalid_stage1_degree) ... ok
test_rejects_missing_required_non_layer0_block1_entry (test_blb_baseline_bootstrap.BLBBaselineBootstrapTests.test_rejects_missing_required_non_layer0_block1_entry) ... ok
test_round_trip_response_validation_and_cost_stats (test_blb_baseline_bootstrap.BLBBaselineBootstrapTests.test_round_trip_response_validation_and_cost_stats) ... ok
test_runner_has_no_static_skeletons_baseline_fallback (test_blb_baseline_bootstrap.BLBBaselineBootstrapTests.test_runner_has_no_static_skeletons_baseline_fallback) ... ok
test_static_skeletons_block4_wo_rescale_uses_rl_field_name (test_blb_baseline_bootstrap.BLBBaselineBootstrapTests.test_static_skeletons_block4_wo_rescale_uses_rl_field_name) ... ok
test_static_skeletons_mixed_degree_baseline_decodes_per_layer_sfs (test_blb_baseline_bootstrap.BLBBaselineBootstrapTests.test_static_skeletons_mixed_degree_baseline_decodes_per_layer_sfs) ... ok
test_candidate_identity_uses_phase1_canonical_context_fields (test_blb_candidate_store_identity.BLBCandidateStoreIdentityTests.test_candidate_identity_uses_phase1_canonical_context_fields) ... ok
test_candidate_key_binds_action_and_context_hashes (test_blb_candidate_store_identity.BLBCandidateStoreIdentityTests.test_candidate_key_binds_action_and_context_hashes) ... ok
test_context_lookup_excludes_action_hash_only_legacy_records (test_blb_candidate_store_identity.BLBCandidateStoreIdentityTests.test_context_lookup_excludes_action_hash_only_legacy_records) ... ok
test_store_records_raw_and_effective_action_identity (test_blb_candidate_store_identity.BLBCandidateStoreIdentityTests.test_store_records_raw_and_effective_action_identity) ... ok
test_fresh_writes_to_source_field (test_blb_chain_integrity.ApplyOptimizerOutputBlock1Test.test_fresh_writes_to_source_field) ... ok
test_fused_away_sets_rescale_to_none (test_blb_chain_integrity.ApplyOptimizerOutputBlock1Test.test_fused_away_sets_rescale_to_none) ... ok
test_invalid_result_short_circuits_no_op (test_blb_chain_integrity.ApplyOptimizerOutputBlock1Test.test_invalid_result_short_circuits_no_op) ... ok
test_missing_compact_config_no_op (test_blb_chain_integrity.ApplyOptimizerOutputBlock1Test.test_missing_compact_config_no_op) ... ok
test_non_integer_delta_skipped (test_blb_chain_integrity.ApplyOptimizerOutputBlock1Test.test_non_integer_delta_skipped) ... ok
test_propagation_delta_writes_to_encode_field (test_blb_chain_integrity.ApplyOptimizerOutputBlock1Test.test_propagation_delta_writes_to_encode_field) ... ok
test_rescale_post_writes_to_rescale_field (test_blb_chain_integrity.ApplyOptimizerOutputBlock1Test.test_rescale_post_writes_to_rescale_field) ... ok
test_rotation_flag_resets_when_absent (test_blb_chain_integrity.ApplyOptimizerOutputBlock2RotationTest.test_rotation_flag_resets_when_absent) ... ok
test_rotation_flag_toggled_on_via_name_map (test_blb_chain_integrity.ApplyOptimizerOutputBlock2RotationTest.test_rotation_flag_toggled_on_via_name_map) ... ok
test_parse_device_ids_accepts_fire_tuple (test_blb_chain_integrity.ProbeRunnerHelpersTest.test_parse_device_ids_accepts_fire_tuple) ... ok
test_parse_device_ids_accepts_parenthesized_fire_string (test_blb_chain_integrity.ProbeRunnerHelpersTest.test_parse_device_ids_accepts_parenthesized_fire_string) ... ok
test_parse_device_ids_basic (test_blb_chain_integrity.ProbeRunnerHelpersTest.test_parse_device_ids_basic) ... ok
test_parse_device_ids_rejects_garbage (test_blb_chain_integrity.ProbeRunnerHelpersTest.test_parse_device_ids_rejects_garbage) ... ok
test_split_round_robin_k0 (test_blb_chain_integrity.ProbeRunnerHelpersTest.test_split_round_robin_k0) ... ok
test_split_round_robin_k5_n2 (test_blb_chain_integrity.ProbeRunnerHelpersTest.test_split_round_robin_k5_n2) ... ok
test_split_round_robin_k5_n3 (test_blb_chain_integrity.ProbeRunnerHelpersTest.test_split_round_robin_k5_n3) ... ok
test_split_round_robin_single_worker (test_blb_chain_integrity.ProbeRunnerHelpersTest.test_split_round_robin_single_worker) ... ok
test_trial_seed_deterministic (test_blb_chain_integrity.ProbeRunnerHelpersTest.test_trial_seed_deterministic) ... ok
test_trial_seed_independent_per_trial (test_blb_chain_integrity.ProbeRunnerHelpersTest.test_trial_seed_independent_per_trial) ... ok
test_runner_handles_k0_gracefully (test_blb_chain_integrity.ProbeRunnerTwoGPUTest.test_runner_handles_k0_gracefully) ... ok
test_runner_returns_results_in_trial_order (test_blb_chain_integrity.ProbeRunnerTwoGPUTest.test_runner_returns_results_in_trial_order) ... ok
test_distribution_string_case_insensitive (test_blb_chain_integrity.SampleGaussianLiveReadTest.test_distribution_string_case_insensitive) ... ok
test_mutating_scaling_factor_changes_noise_variance (test_blb_chain_integrity.SampleGaussianLiveReadTest.test_mutating_scaling_factor_changes_noise_variance) ... ok
test_none_point_returns_zero_noise (test_blb_chain_integrity.SampleGaussianLiveReadTest.test_none_point_returns_zero_noise) ... ok
test_action_head_bias_starts_zero (test_blb_chain_integrity.SequentialPolicyInitTest.test_action_head_bias_starts_zero)
Warmstart sets bias; init must leave bias at 0 so caller controls it. ... ok
test_action_head_weight_is_small (test_blb_chain_integrity.SequentialPolicyInitTest.test_action_head_weight_is_small)
action_head.weight Frobenius norm must be << default Kaiming. ... ok
test_value_head_init_standard (test_blb_chain_integrity.SequentialPolicyInitTest.test_value_head_init_standard) ... ok
test_warmstart_bias_dominates_random_state (test_blb_chain_integrity.SequentialPolicyInitTest.test_warmstart_bias_dominates_random_state)
With +3.5 warmstart bias and random state, preferred index should ... ok
test_all_three_pairs_mirrored (test_blb_chain_integrity.SyncBlock2QKBindingTest.test_all_three_pairs_mirrored) ... ok
test_no_op_when_already_synced (test_blb_chain_integrity.SyncBlock2QKBindingTest.test_no_op_when_already_synced) ... ok
test_wk_mutation_mirrors_onto_wq (test_blb_chain_integrity.SyncBlock2QKBindingTest.test_wk_mutation_mirrors_onto_wq) ... ok
test_f0_record_splits_rescale_cost_debug_and_mpc_truncation (test_blb_cost_semantics.BLBCostSemanticsTests.test_f0_record_splits_rescale_cost_debug_and_mpc_truncation) ... ok
test_invalid_chain_is_validity_gate_not_numeric_cost (test_blb_cost_semantics.BLBCostSemanticsTests.test_invalid_chain_is_validity_gate_not_numeric_cost) ... ok
test_rescale_rank_key_uses_only_total_bits_and_fusion (test_blb_cost_semantics.BLBCostSemanticsTests.test_rescale_rank_key_uses_only_total_bits_and_fusion) ... ok
test_parse_degree_scalar_preserves_scalar (test_blb_eval_action_stage1_context.BLBEvalActionStage1ContextTests.test_parse_degree_scalar_preserves_scalar) ... ok
test_parse_degree_vector_preserves_layerwise_values (test_blb_eval_action_stage1_context.BLBEvalActionStage1ContextTests.test_parse_degree_vector_preserves_layerwise_values) ... ok
test_parse_degree_vector_rejects_wrong_length (test_blb_eval_action_stage1_context.BLBEvalActionStage1ContextTests.test_parse_degree_vector_rejects_wrong_length) ... ok
test_scan_stops_when_baseline_is_invalid (test_blb_f0_scan.BLBF0ScanTests.test_scan_stops_when_baseline_is_invalid) ... ok
test_scan_writes_per_slot_mask_and_rank_fields (test_blb_f0_scan.BLBF0ScanTests.test_scan_writes_per_slot_mask_and_rank_fields) ... ok
test_feasibility_report_writes_json_and_markdown (test_blb_final_eval_feasibility.BLBFinalEvalFeasibilityTests.test_feasibility_report_writes_json_and_markdown) ... ok
test_loss_is_report_only_for_formal_feasible (test_blb_final_eval_feasibility.BLBFinalEvalFeasibilityTests.test_loss_is_report_only_for_formal_feasible) ... ok
test_unknown_threshold_source_never_claims_formal_feasible (test_blb_final_eval_feasibility.BLBFinalEvalFeasibilityTests.test_unknown_threshold_source_never_claims_formal_feasible) ... ok
test_effective_action_hash_ignores_inactive_compat_slots_only (test_blb_optimizer_cost_consistency.BLBOptimizerCostConsistencyTests.test_effective_action_hash_ignores_inactive_compat_slots_only) ... ok
test_inactive_slots_do_not_change_optimizer_requests (test_blb_optimizer_cost_consistency.BLBOptimizerCostConsistencyTests.test_inactive_slots_do_not_change_optimizer_requests) ... ok
test_exported_registry_files_match_embedded_payload (test_blb_registry_artifact_consistency.BLBRegistryArtifactConsistencyTests.test_exported_registry_files_match_embedded_payload) ... ok
test_compute_reward_excludes_p2_from_cost_and_archive (test_blb_reward_archive.ParetoCostArchiveTests.test_compute_reward_excludes_p2_from_cost_and_archive) ... ok
test_compute_reward_uses_pareto_event_for_p3_cost (test_blb_reward_archive.ParetoCostArchiveTests.test_compute_reward_uses_pareto_event_for_p3_cost) ... ok
test_dominated_and_duplicate_events_are_bounded (test_blb_reward_archive.ParetoCostArchiveTests.test_dominated_and_duplicate_events_are_bounded) ... ok
test_excludes_p1_and_p2_candidates (test_blb_reward_archive.ParetoCostArchiveTests.test_excludes_p1_and_p2_candidates) ... ok
test_ignores_typical_normalizers_for_ranking (test_blb_reward_archive.ParetoCostArchiveTests.test_ignores_typical_normalizers_for_ranking) ... ok
test_keeps_mutually_non_dominated_candidates (test_blb_reward_archive.ParetoCostArchiveTests.test_keeps_mutually_non_dominated_candidates) ... ok
test_replaces_dominated_frontier_members (test_blb_reward_archive.ParetoCostArchiveTests.test_replaces_dominated_frontier_members) ... ok
test_action_description_names_every_noise_point_and_truncation (test_blb_stage2_rl_regressions.BLBActionDescriptionRegressionTests.test_action_description_names_every_noise_point_and_truncation) ... ok
test_action_candidate_still_runs_model_forward_when_optimizer_invalid (test_blb_stage2_rl_regressions.BLBActionFinalEvalRegressionTests.test_action_candidate_still_runs_model_forward_when_optimizer_invalid) ... ok
test_full_noise_config_uses_training_first_input_N (test_blb_stage2_rl_regressions.BLBActionFinalEvalRegressionTests.test_full_noise_config_uses_training_first_input_N) ... ok
test_resolve_base_action_accepts_numpy_arrays_without_truthiness (test_blb_stage2_rl_regressions.BLBActionFinalEvalRegressionTests.test_resolve_base_action_accepts_numpy_arrays_without_truthiness) ... ok
test_blb_install_log_helper_respects_quiet_env (test_blb_stage2_rl_regressions.BLBInstallLogRegressionTests.test_blb_install_log_helper_respects_quiet_env) ... ok
test_bridge_baseline_evaluation_bypasses_cfg_derived_payload (test_blb_stage2_rl_regressions.BLBOptimizerBaselineRegressionTests.test_bridge_baseline_evaluation_bypasses_cfg_derived_payload) ... ok
test_env_all_max_action_uses_optimizer_baseline_scoring (test_blb_stage2_rl_regressions.BLBOptimizerBaselineRegressionTests.test_env_all_max_action_uses_optimizer_baseline_scoring) ... ok
test_env_runs_forward_even_when_optimizer_invalid (test_blb_stage2_rl_regressions.BLBOptimizerBaselineRegressionTests.test_env_runs_forward_even_when_optimizer_invalid) ... ok
test_real_mrpc_all_max_baseline_optimizer_outputs_are_valid (test_blb_stage2_rl_regressions.BLBOptimizerBaselineRegressionTests.test_real_mrpc_all_max_baseline_optimizer_outputs_are_valid) ... ok
test_real_mrpc_all_max_cfg_derived_optimizer_outputs_are_valid (test_blb_stage2_rl_regressions.BLBOptimizerBaselineRegressionTests.test_real_mrpc_all_max_cfg_derived_optimizer_outputs_are_valid) ... ok
test_blb_progress_stays_under_stage2_noise_progress (test_blb_stage2_rl_regressions.BLBPersistencePathRegressionTests.test_blb_progress_stays_under_stage2_noise_progress) ... ok
test_candidate_store_hash_fidelity_and_rank_key_are_stable (test_blb_stage2_rl_regressions.BLBPlaybookArtifactRegressionTests.test_candidate_store_hash_fidelity_and_rank_key_are_stable) ... ok
test_f0_eval_all_max_uses_optimizer_baseline_path (test_blb_stage2_rl_regressions.BLBPlaybookArtifactRegressionTests.test_f0_eval_all_max_uses_optimizer_baseline_path) ... ok
test_f0_eval_record_contains_action_hash_rank_key_and_optimizer_summary (test_blb_stage2_rl_regressions.BLBPlaybookArtifactRegressionTests.test_f0_eval_record_contains_action_hash_rank_key_and_optimizer_summary) ... ok
test_phase0_preflight_report_names_current_operator_entrypoints (test_blb_stage2_rl_regressions.BLBPlaybookArtifactRegressionTests.test_phase0_preflight_report_names_current_operator_entrypoints) ... ok
test_registry_export_records_action_values_and_current_slot_count (test_blb_stage2_rl_regressions.BLBPlaybookArtifactRegressionTests.test_registry_export_records_action_values_and_current_slot_count) ... ok
test_kind_drop_action_changes_only_target_kind_slots (test_blb_stage2_rl_regressions.BLBPolicyWarmstartRegressionTests.test_kind_drop_action_changes_only_target_kind_slots) ... ok
test_preferred_action_bias_drives_deterministic_sample_to_baseline (test_blb_stage2_rl_regressions.BLBPolicyWarmstartRegressionTests.test_preferred_action_bias_drives_deterministic_sample_to_baseline) ... ok
test_warmstart_action_mode_expires_by_absolute_episode (test_blb_stage2_rl_regressions.BLBPolicyWarmstartRegressionTests.test_warmstart_action_mode_expires_by_absolute_episode) ... ok
test_explicit_probe_batch_count_override_still_works (test_blb_stage2_rl_regressions.BLBProbeSizingRegressionTests.test_explicit_probe_batch_count_override_still_works) ... ok
test_probe_batch_count_covers_requested_probe_size (test_blb_stage2_rl_regressions.BLBProbeSizingRegressionTests.test_probe_batch_count_covers_requested_probe_size) ... ok
test_baseline_preflight_stability_threshold_uses_noisy_baseline (test_blb_stage2_rl_regressions.BLBRewardRegressionTests.test_baseline_preflight_stability_threshold_uses_noisy_baseline) ... ok
test_metric_std_sampling_jitter_does_not_drop_stability_tier (test_blb_stage2_rl_regressions.BLBRewardRegressionTests.test_metric_std_sampling_jitter_does_not_drop_stability_tier)
5-trial MRPC metric std jitter should not masquerade as instability. ... ok
test_neighbor_indices_use_real_k_order_not_action_index_order (test_blb_stage2_rl_regressions.BLBRewardRegressionTests.test_neighbor_indices_use_real_k_order_not_action_index_order) ... ok
test_neighborhood_curriculum_expands_slowly (test_blb_stage2_rl_regressions.BLBRewardRegressionTests.test_neighborhood_curriculum_expands_slowly) ... ok
test_optimizer_invalid_is_cost_layer_after_accuracy_and_stability (test_blb_stage2_rl_regressions.BLBRewardRegressionTests.test_optimizer_invalid_is_cost_layer_after_accuracy_and_stability)
Priority semantics from ADR-002 preserved under ADR-007 v2-style reward. ... ok
test_runner_best_selection_uses_hard_constraints_before_reward (test_blb_stage2_rl_regressions.BLBRewardRegressionTests.test_runner_best_selection_uses_hard_constraints_before_reward) ... ok
test_stage2_noise_log_formatters_use_readable_chinese (test_blb_stage2_rl_regressions.BLBTraceWriterRegressionTests.test_stage2_noise_log_formatters_use_readable_chinese) ... ok
test_status_board_publishes_live_top_level_fields (test_blb_stage2_rl_regressions.BLBTraceWriterRegressionTests.test_status_board_publishes_live_top_level_fields) ... ok
test_trace_writer_appends_structured_rollout_rows (test_blb_stage2_rl_regressions.BLBTraceWriterRegressionTests.test_trace_writer_appends_structured_rollout_rows) ... ok
test_trace_writer_migrates_old_header_after_cost_probe_column_added (test_blb_stage2_rl_regressions.BLBTraceWriterRegressionTests.test_trace_writer_migrates_old_header_after_cost_probe_column_added) ... ok
test_trace_writer_persists_rollout_eval_diagnostics (test_blb_stage2_rl_regressions.BLBTraceWriterRegressionTests.test_trace_writer_persists_rollout_eval_diagnostics) ... ok
test_baseline_derived_threshold_uses_all_max_blb_metric (test_blb_threshold_semantics.BLBThresholdSemanticsTests.test_baseline_derived_threshold_uses_all_max_blb_metric) ... ok
test_explicit_threshold_is_preserved (test_blb_threshold_semantics.BLBThresholdSemanticsTests.test_explicit_threshold_is_preserved) ... ok
test_absolute_episode_still_anchors_after_resume_before_anchor_end (test_blb_warmstart_resume.BLBWarmstartResumeTests.test_absolute_episode_still_anchors_after_resume_before_anchor_end) ... ok
test_anchor_is_not_extended_after_absolute_episode_passes_anchor_end (test_blb_warmstart_resume.BLBWarmstartResumeTests.test_anchor_is_not_extended_after_absolute_episode_passes_anchor_end) ... ok
test_explicit_disable_warmstart_on_resume_turns_anchor_off (test_blb_warmstart_resume.BLBWarmstartResumeTests.test_explicit_disable_warmstart_on_resume_turns_anchor_off) ... ok

----------------------------------------------------------------------
Ran 109 tests in 32.831s

OK

================================================================================
Step 3/6: GPU visibility
================================================================================
index, name, memory.used [MiB], memory.total [MiB], utilization.gpu [%]
0, NVIDIA GeForce RTX 5090, 2 MiB, 32607 MiB, 0 %
1, NVIDIA GeForce RTX 5090, 2 MiB, 32607 MiB, 0 %
[nvidia-smi] visible GPUs = 2

================================================================================
Step 4/6: fresh 10000-episode dual-GPU RL run
================================================================================
已加载预设：mrpc-blb-stage2-rl（/hy-tmp/Reinforcement-For-Robustness-pareto-r1/presets/mrpc-blb-stage2-rl.conf）
⚠ 警告：--fresh-start 将清除已有的 Stage-1 搜索结果，但当前 --skip-stage1-search 跳过了 Stage-1。
  如果您只想重做 Stage-2 搜索，请不要使用 --fresh-start（直接运行即可自动续训练）。
  5 秒后继续执行（Ctrl+C 可取消）...
警告：--fresh-start 指定，正在清除已有持久化目录：Parting Chapter/persistent/rl/bert-base/mrpc/s1t0.005_s2t0.005_s2st0.005
启动配置：
  搜索算法：普通强化学习（rl）（显式指定）
  数据集：mrpc（显式指定）
  模型类型：BERT Base（bert-base）（显式指定）
  日志文件：blb_stage2_rl.log（显式指定）
  批大小：64（显式指定）
  模式目录：Parting Chapter/persistent/rl/bert-base/mrpc（显式指定）
  运行目录：Parting Chapter/persistent/rl/bert-base/mrpc/s1t0.005_s2t0.005_s2st0.005（显式指定）
  Stage-1 准确度约束：0.005（显式指定）
  Stage-2 指标约束百分比：0.005（显式指定）
  Stage-2 稳定性约束百分比：0.005（显式指定）
  Stage-2 K 次噪声试验：5（显式指定）
  Stage-2 探针子集大小：256（显式指定）
  持久化根目录：Parting Chapter/persistent（使用默认值）
  持久化目录：Parting Chapter/persistent/rl/bert-base/mrpc/s1t0.005_s2t0.005_s2st0.005（显式指定）
  从头训练：是（显式指定）
  Stage-1 回合数：51000（使用默认值）
  Stage-2 回合数：10000（显式指定）
  Stage-2 RL 实现：blb_v3（使用默认值）
  BLB v3 warmstart anchor episodes：60（显式指定）
  BLB v3 action mask：否（使用默认值）
  BLB v3 action mask 模式：none（使用默认值）
  BLB v3 baseline logit 加成：0（使用默认值）
  PPO 更新间隔：120（使用默认值）
  BLB rollout 大小：60（显式指定）
  BLB Rescale optimizer：in_process_real (Rescale_optimizer)（使用默认值）
  BLB neighbor ramp：1800（显式指定）
  BLB neighbor max mutations：12（显式指定）
  BLB neighbor max radius：1（显式指定）
  BLB entropy coef：0.06（显式指定）
  BLB entropy ramp episodes：600（显式指定）
  BLB checkpoint 间隔：500（显式指定）
  BLB 日志评估间隔：300（显式指定）
  Stage-1 学习率：1e-4（使用默认值）
  Stage-2 学习率：2e-4（显式指定）
  被动 final_eval 预设：default（显式指定）
  最终评估来源：搜索结果（search）（显式指定）
  Stage-2 固定 GELU/Softmax 来源：JSON 文件（json）（显式指定）
  跳过 Stage-1 搜索：是（显式指定）
  跳过 Stage-2 搜索：否（使用默认值）
  跳过最终评估：是（显式指定）
  仅运行最终评估：否（使用默认值）
  CUDA_VISIBLE_DEVICES：0,1（显式指定）
  实际执行命令（Command）：python rl_tune.py --base_model textattack/bert-base-uncased-MRPC --data_path mrpc --output_dir Parting\ Chapter/persistent/rl/bert-base/mrpc/s1t0.005_s2t0.005_s2st0.005 --batch_size 64 --micro_batch_size 64 --num_epochs 1 --learning_rate 2e-4 --cutoff_len 256 --val_set_size 120 --eval_step 80 --adapter_name lora --target_modules \[\"q_proj\"\,\ \"k_proj\"\,\ \"v_proj\"\,\ \"up_proj\"\,\ \"down_proj\"\] --stage1_rl_episodes 51000 --stage2_rl_episodes 10000 --stage1_rl_episodes_specified false --stage2_rl_episodes_specified true --ppo_update_interval 120 --use_ist --final_eval_config_source search --final_eval_config_path glue_final_configs_best_ppo.json --manual_stage1_gelu '' --manual_stage1_softmax '' --manual_stage2_noise '' --stage2_fixed_config_source json --stage2_fixed_config_path glue_final_configs_best_ppo.json --stage2_manual_gelu '' --stage2_manual_softmax '' --final_eval_random_seed 42 --final_eval_permutation_trials 0 --final_eval_cost_equivalent_trials 0 --final_eval_budget_equivalent_trials 0 --final_eval_stage1_budget_trials 10 --final_eval_stage2_budget_trials 10 --final_eval_repeat_n 1 --final_eval_preset default --skip_noise_rl false --skip_stage1_rl true --skip_final_eval true --final_eval_only false --resume_run_dir '' --stage1_rl_lr 1e-4 --stage2_rl_lr 2e-4 --stage1_accuracy_tolerance 0.005 --stage2_limit_tolerance 0.005 --stage2_stability_tolerance 0.005 --stage2_k_trials 5 --stage2_probe_size 256 --stage2_rl_variant blb_v3 --blb_v3_inproc_rescale_optimizer_root Rescale_optimizer --blb_v3_rollout_size 60 --blb_v3_reward_devices 0\,1 --blb_v3_eval_interval 300 --blb_v3_save_interval 500 --blb_v3_calibrate_baseline_samples 8 --blb_v3_warmstart_anchor_episodes 60 --blb_v3_warmstart_neighbor_ramp_episodes 1800 --blb_v3_warmstart_neighbor_max_mutations 12 --blb_v3_warmstart_neighbor_max_radius 1 --blb_v3_warmstart_bias_gain 2.5 --blb_v3_ent_coef 0.06 --blb_v3_ent_coef_ramp_episodes 600 --blb_v3_sequential_rl true --blb_v3_sequential_invalid_penalty 1.0 --blb_v3_sequential_cost_shaping_coeff 0.05 --blb_v3_sequential_fusion_shaping_coeff 0.0 

已在后台启动。
  进程号（PID）：230186
  查看日志：tail -f Parting Chapter/persistent/rl/bert-base/mrpc/s1t0.005_s2t0.005_s2st0.005/logs/blb_stage2_rl.log
  错误摘要：Parting Chapter/persistent/rl/bert-base/mrpc/s1t0.005_s2t0.005_s2st0.005/logs/error_summary.txt
  LATEST_RUN_DIR：Parting Chapter/persistent/rl/bert-base/mrpc/LATEST_RUN_DIR
  LATEST_PID：Parting Chapter/persistent/rl/bert-base/mrpc/LATEST_PID
  优雅停止（Graceful Stop）：kill -INT 230186
[rl] launcher rc=0
[rl] background pid=230186; online watchdog enabled
[rl-monitor] pid=230186 alive; episodes_jsonl=0; monitor_rc=0; 2026-05-20T21:26:33+08:00
[rl-monitor] pid=230186 alive; episodes_jsonl=0; monitor_rc=0; 2026-05-20T21:27:33+08:00
[rl-monitor] pid=230186 alive; episodes_jsonl=25; monitor_rc=0; 2026-05-20T21:28:33+08:00
[rl-monitor] pid=230186 alive; episodes_jsonl=58; monitor_rc=0; 2026-05-20T21:29:33+08:00
[rl-monitor] pid=230186 alive; episodes_jsonl=90; monitor_rc=0; 2026-05-20T21:30:33+08:00
[rl-monitor] pid=230186 alive; episodes_jsonl=122; monitor_rc=0; 2026-05-20T21:31:34+08:00
[rl-monitor] pid=230186 alive; episodes_jsonl=155; monitor_rc=0; 2026-05-20T21:32:34+08:00
[rl-monitor] pid=230186 alive; episodes_jsonl=187; monitor_rc=0; 2026-05-20T21:33:34+08:00
[rl-monitor] pid=230186 alive; episodes_jsonl=220; monitor_rc=0; 2026-05-20T21:34:34+08:00
[rl-monitor] pid=230186 alive; episodes_jsonl=252; monitor_rc=0; 2026-05-20T21:35:34+08:00
[rl-monitor] pid=230186 alive; episodes_jsonl=285; monitor_rc=0; 2026-05-20T21:36:34+08:00
[rl-monitor] pid=230186 alive; episodes_jsonl=317; monitor_rc=0; 2026-05-20T21:37:34+08:00
[rl-monitor] pid=230186 alive; episodes_jsonl=350; monitor_rc=0; 2026-05-20T21:38:34+08:00
[rl-monitor] pid=230186 alive; episodes_jsonl=383; monitor_rc=0; 2026-05-20T21:39:34+08:00
[rl-monitor] pid=230186 alive; episodes_jsonl=416; monitor_rc=0; 2026-05-20T21:40:34+08:00
[rl-monitor] pid=230186 alive; episodes_jsonl=448; monitor_rc=0; 2026-05-20T21:41:34+08:00
[rl-monitor] pid=230186 alive; episodes_jsonl=481; monitor_rc=0; 2026-05-20T21:42:34+08:00
[rl-monitor] pid=230186 alive; episodes_jsonl=513; monitor_rc=0; 2026-05-20T21:43:35+08:00
[rl-monitor] pid=230186 alive; episodes_jsonl=546; monitor_rc=0; 2026-05-20T21:44:35+08:00
[rl-monitor] pid=230186 alive; episodes_jsonl=579; monitor_rc=0; 2026-05-20T21:45:35+08:00
[rl-monitor] pid=230186 alive; episodes_jsonl=611; monitor_rc=0; 2026-05-20T21:46:35+08:00
[rl-monitor] pid=230186 alive; episodes_jsonl=644; monitor_rc=0; 2026-05-20T21:47:35+08:00
[rl-monitor] pid=230186 alive; episodes_jsonl=676; monitor_rc=0; 2026-05-20T21:48:35+08:00
[rl-monitor] pid=230186 alive; episodes_jsonl=709; monitor_rc=0; 2026-05-20T21:49:35+08:00
[rl-monitor] pid=230186 alive; episodes_jsonl=742; monitor_rc=0; 2026-05-20T21:50:35+08:00
[rl-monitor] pid=230186 alive; episodes_jsonl=775; monitor_rc=0; 2026-05-20T21:51:35+08:00
[rl-monitor] pid=230186 alive; episodes_jsonl=807; monitor_rc=0; 2026-05-20T21:52:36+08:00
[rl-monitor] pid=230186 alive; episodes_jsonl=840; monitor_rc=0; 2026-05-20T21:53:36+08:00
[rl-monitor] pid=230186 alive; episodes_jsonl=872; monitor_rc=0; 2026-05-20T21:54:36+08:00
[rl-monitor] pid=230186 alive; episodes_jsonl=905; monitor_rc=0; 2026-05-20T21:55:36+08:00
[rl-monitor] pid=230186 alive; episodes_jsonl=937; monitor_rc=0; 2026-05-20T21:56:36+08:00
[rl-monitor] pid=230186 alive; episodes_jsonl=970; monitor_rc=0; 2026-05-20T21:57:36+08:00
[rl-monitor] pid=230186 alive; episodes_jsonl=1003; monitor_rc=0; 2026-05-20T21:58:36+08:00
[rl-monitor] pid=230186 alive; episodes_jsonl=1035; monitor_rc=0; 2026-05-20T21:59:36+08:00
[rl-monitor] pid=230186 alive; episodes_jsonl=1068; monitor_rc=0; 2026-05-20T22:00:37+08:00
[rl-monitor] pid=230186 alive; episodes_jsonl=1101; monitor_rc=0; 2026-05-20T22:01:37+08:00
[rl-monitor] pid=230186 alive; episodes_jsonl=1133; monitor_rc=0; 2026-05-20T22:02:37+08:00
[rl-monitor] pid=230186 alive; episodes_jsonl=1166; monitor_rc=0; 2026-05-20T22:03:37+08:00
[rl-monitor] pid=230186 alive; episodes_jsonl=1199; monitor_rc=0; 2026-05-20T22:04:37+08:00
[rl-monitor] pid=230186 alive; episodes_jsonl=1231; monitor_rc=0; 2026-05-20T22:05:37+08:00
[rl-monitor] pid=230186 alive; episodes_jsonl=1264; monitor_rc=0; 2026-05-20T22:06:37+08:00
[rl-monitor] pid=230186 alive; episodes_jsonl=1297; monitor_rc=0; 2026-05-20T22:07:38+08:00
[rl-monitor] pid=230186 alive; episodes_jsonl=1329; monitor_rc=0; 2026-05-20T22:08:38+08:00
[rl-monitor] pid=230186 alive; episodes_jsonl=1362; monitor_rc=0; 2026-05-20T22:09:38+08:00
[rl-monitor] pid=230186 alive; episodes_jsonl=1395; monitor_rc=0; 2026-05-20T22:10:38+08:00
[rl-monitor] pid=230186 alive; episodes_jsonl=1428; monitor_rc=0; 2026-05-20T22:11:38+08:00
[rl-monitor] pid=230186 alive; episodes_jsonl=1460; monitor_rc=0; 2026-05-20T22:12:38+08:00
[rl-monitor] pid=230186 alive; episodes_jsonl=1493; monitor_rc=0; 2026-05-20T22:13:38+08:00
[rl-monitor] pid=230186 alive; episodes_jsonl=1525; monitor_rc=0; 2026-05-20T22:14:38+08:00
[rl-monitor] pid=230186 alive; episodes_jsonl=1558; monitor_rc=0; 2026-05-20T22:15:39+08:00
[rl-monitor] pid=230186 alive; episodes_jsonl=1591; monitor_rc=0; 2026-05-20T22:16:39+08:00
[rl-monitor] pid=230186 alive; episodes_jsonl=1624; monitor_rc=0; 2026-05-20T22:17:39+08:00
[rl-monitor] pid=230186 alive; episodes_jsonl=1657; monitor_rc=0; 2026-05-20T22:18:39+08:00
[rl-monitor] pid=230186 alive; episodes_jsonl=1689; monitor_rc=0; 2026-05-20T22:19:39+08:00
[rl-monitor] pid=230186 alive; episodes_jsonl=1723; monitor_rc=0; 2026-05-20T22:20:39+08:00
[rl-monitor] pid=230186 alive; episodes_jsonl=1755; monitor_rc=0; 2026-05-20T22:21:39+08:00
[rl-monitor] pid=230186 alive; episodes_jsonl=1788; monitor_rc=0; 2026-05-20T22:22:40+08:00
[rl-monitor] pid=230186 alive; episodes_jsonl=1821; monitor_rc=0; 2026-05-20T22:23:40+08:00
[rl-monitor] pid=230186 alive; episodes_jsonl=1854; monitor_rc=0; 2026-05-20T22:24:40+08:00
[rl-monitor] pid=230186 alive; episodes_jsonl=1887; monitor_rc=0; 2026-05-20T22:25:40+08:00
[rl-monitor] pid=230186 alive; episodes_jsonl=1920; monitor_rc=0; 2026-05-20T22:26:40+08:00
[rl-monitor] pid=230186 alive; episodes_jsonl=1952; monitor_rc=0; 2026-05-20T22:27:40+08:00
[rl-monitor] pid=230186 alive; episodes_jsonl=1985; monitor_rc=0; 2026-05-20T22:28:40+08:00
[rl-monitor] pid=230186 alive; episodes_jsonl=2018; monitor_rc=0; 2026-05-20T22:29:41+08:00
[rl-monitor] pid=230186 alive; episodes_jsonl=2050; monitor_rc=0; 2026-05-20T22:30:41+08:00
[rl-monitor] pid=230186 alive; episodes_jsonl=2083; monitor_rc=0; 2026-05-20T22:31:41+08:00
[rl-monitor] pid=230186 alive; episodes_jsonl=2115; monitor_rc=0; 2026-05-20T22:32:41+08:00
[rl-monitor] pid=230186 alive; episodes_jsonl=2148; monitor_rc=0; 2026-05-20T22:33:41+08:00
[rl-monitor] pid=230186 alive; episodes_jsonl=2181; monitor_rc=0; 2026-05-20T22:34:41+08:00
[rl-monitor] pid=230186 alive; episodes_jsonl=2214; monitor_rc=0; 2026-05-20T22:35:42+08:00
[rl-monitor] pid=230186 alive; episodes_jsonl=2246; monitor_rc=0; 2026-05-20T22:36:42+08:00
[rl-monitor] pid=230186 alive; episodes_jsonl=2280; monitor_rc=0; 2026-05-20T22:37:42+08:00
[rl-monitor] pid=230186 alive; episodes_jsonl=2312; monitor_rc=0; 2026-05-20T22:38:42+08:00
[rl-monitor] pid=230186 alive; episodes_jsonl=2344; monitor_rc=0; 2026-05-20T22:39:42+08:00
[rl-monitor] pid=230186 alive; episodes_jsonl=2378; monitor_rc=0; 2026-05-20T22:40:42+08:00
[rl-monitor] pid=230186 alive; episodes_jsonl=2410; monitor_rc=0; 2026-05-20T22:41:42+08:00
[rl-monitor] pid=230186 alive; episodes_jsonl=2443; monitor_rc=0; 2026-05-20T22:42:43+08:00
[rl-monitor] pid=230186 alive; episodes_jsonl=2476; monitor_rc=0; 2026-05-20T22:43:43+08:00
[rl-monitor] pid=230186 alive; episodes_jsonl=2508; monitor_rc=0; 2026-05-20T22:44:43+08:00
[rl-monitor] pid=230186 alive; episodes_jsonl=2541; monitor_rc=0; 2026-05-20T22:45:43+08:00
[rl-monitor] pid=230186 alive; episodes_jsonl=2574; monitor_rc=0; 2026-05-20T22:46:43+08:00
[rl-monitor] pid=230186 alive; episodes_jsonl=2607; monitor_rc=0; 2026-05-20T22:47:44+08:00
[rl-monitor] pid=230186 alive; episodes_jsonl=2640; monitor_rc=0; 2026-05-20T22:48:44+08:00
[rl-monitor] pid=230186 alive; episodes_jsonl=2672; monitor_rc=0; 2026-05-20T22:49:44+08:00
[rl-monitor] pid=230186 alive; episodes_jsonl=2705; monitor_rc=0; 2026-05-20T22:50:44+08:00
[rl-monitor] pid=230186 alive; episodes_jsonl=2738; monitor_rc=0; 2026-05-20T22:51:44+08:00
[rl-monitor] pid=230186 alive; episodes_jsonl=2770; monitor_rc=0; 2026-05-20T22:52:44+08:00
[rl-monitor] pid=230186 alive; episodes_jsonl=2803; monitor_rc=0; 2026-05-20T22:53:45+08:00
[rl-monitor] pid=230186 alive; episodes_jsonl=2835; monitor_rc=0; 2026-05-20T22:54:45+08:00
[rl-monitor] pid=230186 alive; episodes_jsonl=2869; monitor_rc=0; 2026-05-20T22:55:45+08:00
[rl-monitor] pid=230186 alive; episodes_jsonl=2901; monitor_rc=0; 2026-05-20T22:56:45+08:00
[rl-monitor] pid=230186 alive; episodes_jsonl=2934; monitor_rc=0; 2026-05-20T22:57:45+08:00
[rl-monitor] pid=230186 alive; episodes_jsonl=2967; monitor_rc=0; 2026-05-20T22:58:45+08:00
[rl-monitor] pid=230186 alive; episodes_jsonl=3000; monitor_rc=0; 2026-05-20T22:59:46+08:00
[rl-monitor] pid=230186 alive; episodes_jsonl=3032; monitor_rc=0; 2026-05-20T23:00:46+08:00
[rl-monitor] pid=230186 alive; episodes_jsonl=3065; monitor_rc=0; 2026-05-20T23:01:46+08:00
[rl-monitor] pid=230186 alive; episodes_jsonl=3098; monitor_rc=0; 2026-05-20T23:02:46+08:00
[rl-monitor] pid=230186 alive; episodes_jsonl=3130; monitor_rc=0; 2026-05-20T23:03:46+08:00
[rl-monitor] pid=230186 alive; episodes_jsonl=3163; monitor_rc=0; 2026-05-20T23:04:47+08:00
[rl-monitor] pid=230186 alive; episodes_jsonl=3196; monitor_rc=0; 2026-05-20T23:05:47+08:00
[rl-monitor] pid=230186 alive; episodes_jsonl=3229; monitor_rc=0; 2026-05-20T23:06:47+08:00
[rl-monitor] pid=230186 alive; episodes_jsonl=3262; monitor_rc=0; 2026-05-20T23:07:47+08:00
[rl-monitor] pid=230186 alive; episodes_jsonl=3295; monitor_rc=0; 2026-05-20T23:08:47+08:00
[rl-monitor] pid=230186 alive; episodes_jsonl=3327; monitor_rc=0; 2026-05-20T23:09:48+08:00
[rl-monitor] pid=230186 alive; episodes_jsonl=3360; monitor_rc=0; 2026-05-20T23:10:48+08:00
[rl-monitor] pid=230186 alive; episodes_jsonl=3393; monitor_rc=0; 2026-05-20T23:11:48+08:00
[rl-monitor] pid=230186 alive; episodes_jsonl=3426; monitor_rc=0; 2026-05-20T23:12:48+08:00
[rl-monitor] pid=230186 alive; episodes_jsonl=3458; monitor_rc=0; 2026-05-20T23:13:48+08:00
[rl-monitor] pid=230186 alive; episodes_jsonl=3491; monitor_rc=0; 2026-05-20T23:14:48+08:00
[rl-monitor] pid=230186 alive; episodes_jsonl=3523; monitor_rc=0; 2026-05-20T23:15:49+08:00
[rl-monitor] pid=230186 alive; episodes_jsonl=3556; monitor_rc=0; 2026-05-20T23:16:49+08:00
[rl-monitor] pid=230186 alive; episodes_jsonl=3589; monitor_rc=0; 2026-05-20T23:17:49+08:00
[rl-monitor] pid=230186 alive; episodes_jsonl=3621; monitor_rc=0; 2026-05-20T23:18:49+08:00
[rl-monitor] pid=230186 alive; episodes_jsonl=3654; monitor_rc=0; 2026-05-20T23:19:49+08:00
[rl-monitor] pid=230186 alive; episodes_jsonl=3687; monitor_rc=0; 2026-05-20T23:20:50+08:00
[rl-monitor] pid=230186 alive; episodes_jsonl=3719; monitor_rc=0; 2026-05-20T23:21:50+08:00
[rl-monitor] pid=230186 alive; episodes_jsonl=3752; monitor_rc=0; 2026-05-20T23:22:50+08:00
[rl-monitor] pid=230186 alive; episodes_jsonl=3785; monitor_rc=0; 2026-05-20T23:23:50+08:00
[rl-monitor] pid=230186 alive; episodes_jsonl=3818; monitor_rc=0; 2026-05-20T23:24:50+08:00
[rl-monitor] pid=230186 alive; episodes_jsonl=3850; monitor_rc=0; 2026-05-20T23:25:51+08:00
[rl-monitor] pid=230186 alive; episodes_jsonl=3883; monitor_rc=0; 2026-05-20T23:26:51+08:00
[rl-monitor] pid=230186 alive; episodes_jsonl=3916; monitor_rc=0; 2026-05-20T23:27:51+08:00
[rl-monitor] pid=230186 alive; episodes_jsonl=3949; monitor_rc=0; 2026-05-20T23:28:51+08:00
[rl-monitor] pid=230186 alive; episodes_jsonl=3982; monitor_rc=0; 2026-05-20T23:29:52+08:00
[rl-monitor] pid=230186 alive; episodes_jsonl=4014; monitor_rc=0; 2026-05-20T23:30:52+08:00
[rl-monitor] pid=230186 alive; episodes_jsonl=4047; monitor_rc=0; 2026-05-20T23:31:52+08:00
[rl-monitor] pid=230186 alive; episodes_jsonl=4080; monitor_rc=0; 2026-05-20T23:32:52+08:00
[rl-monitor] pid=230186 alive; episodes_jsonl=4112; monitor_rc=0; 2026-05-20T23:33:52+08:00
[rl-monitor] pid=230186 alive; episodes_jsonl=4145; monitor_rc=0; 2026-05-20T23:34:53+08:00
[rl-monitor] pid=230186 alive; episodes_jsonl=4178; monitor_rc=0; 2026-05-20T23:35:53+08:00
[rl-monitor] pid=230186 alive; episodes_jsonl=4211; monitor_rc=0; 2026-05-20T23:36:53+08:00
[rl-monitor] pid=230186 alive; episodes_jsonl=4244; monitor_rc=0; 2026-05-20T23:37:53+08:00
[rl-monitor] pid=230186 alive; episodes_jsonl=4276; monitor_rc=0; 2026-05-20T23:38:53+08:00
[rl-monitor] pid=230186 alive; episodes_jsonl=4309; monitor_rc=0; 2026-05-20T23:39:54+08:00
[rl-monitor] pid=230186 alive; episodes_jsonl=4342; monitor_rc=0; 2026-05-20T23:40:54+08:00
[rl-monitor] pid=230186 alive; episodes_jsonl=4375; monitor_rc=0; 2026-05-20T23:41:54+08:00
[rl-monitor] pid=230186 alive; episodes_jsonl=4408; monitor_rc=0; 2026-05-20T23:42:54+08:00
[rl-monitor] pid=230186 alive; episodes_jsonl=4441; monitor_rc=0; 2026-05-20T23:43:55+08:00
[rl-monitor] pid=230186 alive; episodes_jsonl=4474; monitor_rc=0; 2026-05-20T23:44:55+08:00
[rl-monitor] pid=230186 alive; episodes_jsonl=4506; monitor_rc=0; 2026-05-20T23:45:55+08:00
[rl-monitor] pid=230186 alive; episodes_jsonl=4539; monitor_rc=0; 2026-05-20T23:46:55+08:00
[rl-monitor] pid=230186 alive; episodes_jsonl=4572; monitor_rc=0; 2026-05-20T23:47:55+08:00
[rl-monitor] pid=230186 alive; episodes_jsonl=4605; monitor_rc=0; 2026-05-20T23:48:56+08:00
[rl-monitor] pid=230186 alive; episodes_jsonl=4637; monitor_rc=0; 2026-05-20T23:49:56+08:00
[rl-monitor] pid=230186 alive; episodes_jsonl=4670; monitor_rc=0; 2026-05-20T23:50:56+08:00
[rl-monitor] pid=230186 alive; episodes_jsonl=4702; monitor_rc=0; 2026-05-20T23:51:56+08:00
[rl-monitor] pid=230186 alive; episodes_jsonl=4735; monitor_rc=0; 2026-05-20T23:52:57+08:00
[rl-monitor] pid=230186 alive; episodes_jsonl=4768; monitor_rc=0; 2026-05-20T23:53:57+08:00
[rl-monitor] pid=230186 alive; episodes_jsonl=4801; monitor_rc=0; 2026-05-20T23:54:57+08:00
[rl-monitor] pid=230186 alive; episodes_jsonl=4834; monitor_rc=0; 2026-05-20T23:55:57+08:00
[rl-monitor] pid=230186 alive; episodes_jsonl=4866; monitor_rc=0; 2026-05-20T23:56:58+08:00
[rl-monitor] pid=230186 alive; episodes_jsonl=4900; monitor_rc=0; 2026-05-20T23:57:58+08:00
[rl-monitor] pid=230186 alive; episodes_jsonl=4932; monitor_rc=0; 2026-05-20T23:58:58+08:00
[rl-monitor] pid=230186 alive; episodes_jsonl=4965; monitor_rc=0; 2026-05-20T23:59:58+08:00
[rl-monitor] pid=230186 alive; episodes_jsonl=4998; monitor_rc=0; 2026-05-21T00:00:59+08:00
[rl-monitor] pid=230186 alive; episodes_jsonl=5030; monitor_rc=0; 2026-05-21T00:01:59+08:00
[rl-monitor] pid=230186 alive; episodes_jsonl=5063; monitor_rc=0; 2026-05-21T00:02:59+08:00
[rl-monitor] pid=230186 alive; episodes_jsonl=5096; monitor_rc=0; 2026-05-21T00:03:59+08:00
[rl-monitor] pid=230186 alive; episodes_jsonl=5129; monitor_rc=0; 2026-05-21T00:05:00+08:00
[rl-monitor] pid=230186 alive; episodes_jsonl=5161; monitor_rc=0; 2026-05-21T00:06:00+08:00
[rl-monitor] pid=230186 alive; episodes_jsonl=5194; monitor_rc=0; 2026-05-21T00:07:00+08:00
[rl-monitor] pid=230186 alive; episodes_jsonl=5227; monitor_rc=0; 2026-05-21T00:08:00+08:00
[rl-monitor] pid=230186 alive; episodes_jsonl=5260; monitor_rc=0; 2026-05-21T00:09:01+08:00
[rl-monitor] pid=230186 alive; episodes_jsonl=5293; monitor_rc=0; 2026-05-21T00:10:01+08:00
[rl-monitor] pid=230186 alive; episodes_jsonl=5325; monitor_rc=0; 2026-05-21T00:11:01+08:00
[rl-monitor] pid=230186 alive; episodes_jsonl=5358; monitor_rc=0; 2026-05-21T00:12:01+08:00
[rl-monitor] pid=230186 alive; episodes_jsonl=5391; monitor_rc=0; 2026-05-21T00:13:02+08:00
[rl-monitor] pid=230186 alive; episodes_jsonl=5424; monitor_rc=0; 2026-05-21T00:14:02+08:00
[rl-monitor] pid=230186 alive; episodes_jsonl=5457; monitor_rc=0; 2026-05-21T00:15:02+08:00
[rl-monitor] pid=230186 alive; episodes_jsonl=5489; monitor_rc=0; 2026-05-21T00:16:03+08:00
[rl-monitor] pid=230186 alive; episodes_jsonl=5522; monitor_rc=0; 2026-05-21T00:17:03+08:00
[rl-monitor] pid=230186 alive; episodes_jsonl=5555; monitor_rc=0; 2026-05-21T00:18:03+08:00
[rl-monitor] pid=230186 alive; episodes_jsonl=5587; monitor_rc=0; 2026-05-21T00:19:03+08:00
[rl-monitor] pid=230186 alive; episodes_jsonl=5620; monitor_rc=0; 2026-05-21T00:20:04+08:00
[rl-monitor] pid=230186 alive; episodes_jsonl=5653; monitor_rc=0; 2026-05-21T00:21:04+08:00
[rl-monitor] pid=230186 alive; episodes_jsonl=5686; monitor_rc=0; 2026-05-21T00:22:04+08:00
[rl-monitor] pid=230186 alive; episodes_jsonl=5719; monitor_rc=0; 2026-05-21T00:23:04+08:00
[rl-monitor] pid=230186 alive; episodes_jsonl=5752; monitor_rc=0; 2026-05-21T00:24:05+08:00
[rl-monitor] pid=230186 alive; episodes_jsonl=5785; monitor_rc=0; 2026-05-21T00:25:05+08:00
[rl-monitor] pid=230186 alive; episodes_jsonl=5818; monitor_rc=0; 2026-05-21T00:26:05+08:00
[rl-monitor] pid=230186 alive; episodes_jsonl=5851; monitor_rc=0; 2026-05-21T00:27:05+08:00
[rl-monitor] pid=230186 alive; episodes_jsonl=5883; monitor_rc=0; 2026-05-21T00:28:06+08:00
[rl-monitor] pid=230186 alive; episodes_jsonl=5916; monitor_rc=0; 2026-05-21T00:29:06+08:00
[rl-monitor] pid=230186 alive; episodes_jsonl=5949; monitor_rc=0; 2026-05-21T00:30:06+08:00
[rl-monitor] pid=230186 alive; episodes_jsonl=5982; monitor_rc=0; 2026-05-21T00:31:07+08:00
[rl-monitor] pid=230186 alive; episodes_jsonl=6014; monitor_rc=0; 2026-05-21T00:32:07+08:00
[rl-monitor] pid=230186 alive; episodes_jsonl=6047; monitor_rc=0; 2026-05-21T00:33:07+08:00
[rl-monitor] pid=230186 alive; episodes_jsonl=6080; monitor_rc=0; 2026-05-21T00:34:07+08:00
[rl-monitor] pid=230186 alive; episodes_jsonl=6113; monitor_rc=0; 2026-05-21T00:35:08+08:00
[rl-monitor] pid=230186 alive; episodes_jsonl=6146; monitor_rc=0; 2026-05-21T00:36:08+08:00
[rl-monitor] pid=230186 alive; episodes_jsonl=6179; monitor_rc=0; 2026-05-21T00:37:08+08:00
[rl-monitor] pid=230186 alive; episodes_jsonl=6212; monitor_rc=0; 2026-05-21T00:38:08+08:00
[rl-monitor] pid=230186 alive; episodes_jsonl=6244; monitor_rc=0; 2026-05-21T00:39:09+08:00
[rl-monitor] pid=230186 alive; episodes_jsonl=6277; monitor_rc=0; 2026-05-21T00:40:09+08:00
[rl-monitor] pid=230186 alive; episodes_jsonl=6310; monitor_rc=0; 2026-05-21T00:41:09+08:00
[rl-monitor] pid=230186 alive; episodes_jsonl=6343; monitor_rc=0; 2026-05-21T00:42:10+08:00
[rl-monitor] pid=230186 alive; episodes_jsonl=6376; monitor_rc=0; 2026-05-21T00:43:10+08:00
[rl-monitor] pid=230186 alive; episodes_jsonl=6409; monitor_rc=0; 2026-05-21T00:44:10+08:00
[rl-monitor] pid=230186 alive; episodes_jsonl=6442; monitor_rc=0; 2026-05-21T00:45:10+08:00
[rl-monitor] pid=230186 alive; episodes_jsonl=6475; monitor_rc=0; 2026-05-21T00:46:11+08:00
[rl-monitor] pid=230186 alive; episodes_jsonl=6507; monitor_rc=0; 2026-05-21T00:47:11+08:00
[rl-monitor] pid=230186 alive; episodes_jsonl=6540; monitor_rc=0; 2026-05-21T00:48:11+08:00
[rl-monitor] pid=230186 alive; episodes_jsonl=6572; monitor_rc=0; 2026-05-21T00:49:12+08:00
[rl-monitor] pid=230186 alive; episodes_jsonl=6605; monitor_rc=0; 2026-05-21T00:50:12+08:00
[rl-monitor] pid=230186 alive; episodes_jsonl=6638; monitor_rc=0; 2026-05-21T00:51:12+08:00
[rl-monitor] pid=230186 alive; episodes_jsonl=6671; monitor_rc=0; 2026-05-21T00:52:13+08:00
[rl-monitor] pid=230186 alive; episodes_jsonl=6704; monitor_rc=0; 2026-05-21T00:53:13+08:00
[rl-monitor] pid=230186 alive; episodes_jsonl=6736; monitor_rc=0; 2026-05-21T00:54:13+08:00
[rl-monitor] pid=230186 alive; episodes_jsonl=6770; monitor_rc=0; 2026-05-21T00:55:13+08:00
[rl-monitor] pid=230186 alive; episodes_jsonl=6802; monitor_rc=0; 2026-05-21T00:56:14+08:00
[rl-monitor] pid=230186 alive; episodes_jsonl=6836; monitor_rc=0; 2026-05-21T00:57:14+08:00
[rl-monitor] pid=230186 alive; episodes_jsonl=6868; monitor_rc=0; 2026-05-21T00:58:14+08:00
[rl-monitor] pid=230186 alive; episodes_jsonl=6901; monitor_rc=0; 2026-05-21T00:59:15+08:00
[rl-monitor] pid=230186 alive; episodes_jsonl=6934; monitor_rc=0; 2026-05-21T01:00:15+08:00
[rl-monitor] pid=230186 alive; episodes_jsonl=6967; monitor_rc=0; 2026-05-21T01:01:15+08:00
[rl-monitor] pid=230186 alive; episodes_jsonl=7000; monitor_rc=0; 2026-05-21T01:02:16+08:00
[rl-monitor] pid=230186 alive; episodes_jsonl=7032; monitor_rc=0; 2026-05-21T01:03:16+08:00
[rl-monitor] pid=230186 alive; episodes_jsonl=7065; monitor_rc=0; 2026-05-21T01:04:16+08:00
[rl-monitor] pid=230186 alive; episodes_jsonl=7098; monitor_rc=0; 2026-05-21T01:05:16+08:00
[rl-monitor] pid=230186 alive; episodes_jsonl=7131; monitor_rc=0; 2026-05-21T01:06:17+08:00
[rl-monitor] pid=230186 alive; episodes_jsonl=7164; monitor_rc=0; 2026-05-21T01:07:17+08:00
[rl-monitor] pid=230186 alive; episodes_jsonl=7197; monitor_rc=0; 2026-05-21T01:08:17+08:00
[rl-monitor] pid=230186 alive; episodes_jsonl=7229; monitor_rc=0; 2026-05-21T01:09:18+08:00
[rl-monitor] pid=230186 alive; episodes_jsonl=7261; monitor_rc=0; 2026-05-21T01:10:18+08:00
[rl-monitor] pid=230186 alive; episodes_jsonl=7295; monitor_rc=0; 2026-05-21T01:11:18+08:00
[rl-monitor] pid=230186 alive; episodes_jsonl=7327; monitor_rc=0; 2026-05-21T01:12:19+08:00
[rl-monitor] pid=230186 alive; episodes_jsonl=7360; monitor_rc=0; 2026-05-21T01:13:19+08:00
[rl-monitor] pid=230186 alive; episodes_jsonl=7393; monitor_rc=0; 2026-05-21T01:14:19+08:00
[rl-monitor] pid=230186 alive; episodes_jsonl=7426; monitor_rc=0; 2026-05-21T01:15:20+08:00
[rl-monitor] pid=230186 alive; episodes_jsonl=7459; monitor_rc=0; 2026-05-21T01:16:20+08:00
[rl-monitor] pid=230186 alive; episodes_jsonl=7492; monitor_rc=0; 2026-05-21T01:17:20+08:00
[rl-monitor] pid=230186 alive; episodes_jsonl=7524; monitor_rc=0; 2026-05-21T01:18:21+08:00
[rl-monitor] pid=230186 alive; episodes_jsonl=7557; monitor_rc=0; 2026-05-21T01:19:21+08:00
[rl-monitor] pid=230186 alive; episodes_jsonl=7590; monitor_rc=0; 2026-05-21T01:20:21+08:00
[rl-monitor] pid=230186 alive; episodes_jsonl=7622; monitor_rc=0; 2026-05-21T01:21:22+08:00
[rl-monitor] pid=230186 alive; episodes_jsonl=7656; monitor_rc=0; 2026-05-21T01:22:22+08:00
[rl-monitor] pid=230186 alive; episodes_jsonl=7688; monitor_rc=0; 2026-05-21T01:23:22+08:00
[rl-monitor] pid=230186 alive; episodes_jsonl=7721; monitor_rc=0; 2026-05-21T01:24:22+08:00
[rl-monitor] pid=230186 alive; episodes_jsonl=7754; monitor_rc=0; 2026-05-21T01:25:23+08:00
[rl-monitor] pid=230186 alive; episodes_jsonl=7787; monitor_rc=0; 2026-05-21T01:26:23+08:00
[rl-monitor] pid=230186 alive; episodes_jsonl=7820; monitor_rc=0; 2026-05-21T01:27:23+08:00
[rl-monitor] pid=230186 alive; episodes_jsonl=7853; monitor_rc=0; 2026-05-21T01:28:24+08:00
[rl-monitor] pid=230186 alive; episodes_jsonl=7885; monitor_rc=0; 2026-05-21T01:29:24+08:00
[rl-monitor] pid=230186 alive; episodes_jsonl=7918; monitor_rc=0; 2026-05-21T01:30:24+08:00
[rl-monitor] pid=230186 alive; episodes_jsonl=7951; monitor_rc=0; 2026-05-21T01:31:25+08:00
[rl-monitor] pid=230186 alive; episodes_jsonl=7983; monitor_rc=0; 2026-05-21T01:32:25+08:00
[rl-monitor] pid=230186 alive; episodes_jsonl=8016; monitor_rc=0; 2026-05-21T01:33:25+08:00
[rl-monitor] pid=230186 alive; episodes_jsonl=8049; monitor_rc=0; 2026-05-21T01:34:26+08:00
[rl-monitor] pid=230186 alive; episodes_jsonl=8082; monitor_rc=0; 2026-05-21T01:35:26+08:00
[rl-monitor] pid=230186 alive; episodes_jsonl=8114; monitor_rc=0; 2026-05-21T01:36:26+08:00
[rl-monitor] pid=230186 alive; episodes_jsonl=8147; monitor_rc=0; 2026-05-21T01:37:27+08:00
[rl-monitor] pid=230186 alive; episodes_jsonl=8180; monitor_rc=0; 2026-05-21T01:38:27+08:00
[rl-monitor] pid=230186 alive; episodes_jsonl=8213; monitor_rc=0; 2026-05-21T01:39:27+08:00
[rl-monitor] pid=230186 alive; episodes_jsonl=8246; monitor_rc=0; 2026-05-21T01:40:28+08:00
[rl-monitor] pid=230186 alive; episodes_jsonl=8279; monitor_rc=0; 2026-05-21T01:41:28+08:00
[rl-monitor] pid=230186 alive; episodes_jsonl=8312; monitor_rc=0; 2026-05-21T01:42:28+08:00
[rl-monitor] pid=230186 alive; episodes_jsonl=8345; monitor_rc=0; 2026-05-21T01:43:29+08:00
[rl-monitor] pid=230186 alive; episodes_jsonl=8378; monitor_rc=0; 2026-05-21T01:44:29+08:00
[rl-monitor] pid=230186 alive; episodes_jsonl=8411; monitor_rc=0; 2026-05-21T01:45:30+08:00
[rl-monitor] pid=230186 alive; episodes_jsonl=8444; monitor_rc=0; 2026-05-21T01:46:30+08:00
[rl-monitor] pid=230186 alive; episodes_jsonl=8477; monitor_rc=0; 2026-05-21T01:47:30+08:00
[rl-monitor] pid=230186 alive; episodes_jsonl=8509; monitor_rc=0; 2026-05-21T01:48:31+08:00
[rl-monitor] pid=230186 alive; episodes_jsonl=8542; monitor_rc=0; 2026-05-21T01:49:31+08:00
[rl-monitor] pid=230186 alive; episodes_jsonl=8575; monitor_rc=0; 2026-05-21T01:50:31+08:00
[rl-monitor] pid=230186 alive; episodes_jsonl=8607; monitor_rc=0; 2026-05-21T01:51:32+08:00
[rl-monitor] pid=230186 alive; episodes_jsonl=8640; monitor_rc=0; 2026-05-21T01:52:32+08:00
[rl-monitor] pid=230186 alive; episodes_jsonl=8673; monitor_rc=0; 2026-05-21T01:53:32+08:00
[rl-monitor] pid=230186 alive; episodes_jsonl=8706; monitor_rc=0; 2026-05-21T01:54:33+08:00
[rl-monitor] pid=230186 alive; episodes_jsonl=8739; monitor_rc=0; 2026-05-21T01:55:33+08:00
[rl-monitor] pid=230186 alive; episodes_jsonl=8771; monitor_rc=0; 2026-05-21T01:56:33+08:00
[rl-monitor] pid=230186 alive; episodes_jsonl=8805; monitor_rc=0; 2026-05-21T01:57:34+08:00
[rl-monitor] pid=230186 alive; episodes_jsonl=8837; monitor_rc=0; 2026-05-21T01:58:34+08:00
[rl-monitor] pid=230186 alive; episodes_jsonl=8870; monitor_rc=0; 2026-05-21T01:59:34+08:00
[rl-monitor] pid=230186 alive; episodes_jsonl=8903; monitor_rc=0; 2026-05-21T02:00:35+08:00
[rl-monitor] pid=230186 alive; episodes_jsonl=8936; monitor_rc=0; 2026-05-21T02:01:35+08:00
[rl-monitor] pid=230186 alive; episodes_jsonl=8969; monitor_rc=0; 2026-05-21T02:02:36+08:00
[rl-monitor] pid=230186 alive; episodes_jsonl=9001; monitor_rc=0; 2026-05-21T02:03:36+08:00
[rl-monitor] pid=230186 alive; episodes_jsonl=9034; monitor_rc=0; 2026-05-21T02:04:36+08:00
[rl-monitor] pid=230186 alive; episodes_jsonl=9067; monitor_rc=0; 2026-05-21T02:05:37+08:00
[rl-monitor] pid=230186 alive; episodes_jsonl=9100; monitor_rc=0; 2026-05-21T02:06:37+08:00
[rl-monitor] pid=230186 alive; episodes_jsonl=9132; monitor_rc=0; 2026-05-21T02:07:37+08:00
[rl-monitor] pid=230186 alive; episodes_jsonl=9166; monitor_rc=0; 2026-05-21T02:08:38+08:00
[rl-monitor] pid=230186 alive; episodes_jsonl=9198; monitor_rc=0; 2026-05-21T02:09:38+08:00
[rl-monitor] pid=230186 alive; episodes_jsonl=9231; monitor_rc=0; 2026-05-21T02:10:38+08:00
[rl-monitor] pid=230186 alive; episodes_jsonl=9264; monitor_rc=0; 2026-05-21T02:11:39+08:00
[rl-monitor] pid=230186 alive; episodes_jsonl=9297; monitor_rc=0; 2026-05-21T02:12:39+08:00
[rl-monitor] pid=230186 alive; episodes_jsonl=9330; monitor_rc=0; 2026-05-21T02:13:40+08:00
[rl-monitor] pid=230186 alive; episodes_jsonl=9362; monitor_rc=0; 2026-05-21T02:14:40+08:00
[rl-monitor] pid=230186 alive; episodes_jsonl=9396; monitor_rc=0; 2026-05-21T02:15:40+08:00
[rl-monitor] pid=230186 alive; episodes_jsonl=9428; monitor_rc=0; 2026-05-21T02:16:41+08:00
[rl-monitor] pid=230186 alive; episodes_jsonl=9461; monitor_rc=0; 2026-05-21T02:17:41+08:00
[rl-monitor] pid=230186 alive; episodes_jsonl=9494; monitor_rc=0; 2026-05-21T02:18:41+08:00
[rl-monitor] pid=230186 alive; episodes_jsonl=9527; monitor_rc=0; 2026-05-21T02:19:42+08:00
[rl-monitor] pid=230186 alive; episodes_jsonl=9559; monitor_rc=0; 2026-05-21T02:20:42+08:00
[rl-monitor] pid=230186 alive; episodes_jsonl=9593; monitor_rc=0; 2026-05-21T02:21:43+08:00
[rl-monitor] pid=230186 alive; episodes_jsonl=9625; monitor_rc=0; 2026-05-21T02:22:43+08:00
[rl-monitor] pid=230186 alive; episodes_jsonl=9658; monitor_rc=0; 2026-05-21T02:23:43+08:00
[rl-monitor] pid=230186 alive; episodes_jsonl=9691; monitor_rc=0; 2026-05-21T02:24:44+08:00
[rl-monitor] pid=230186 alive; episodes_jsonl=9724; monitor_rc=0; 2026-05-21T02:25:44+08:00
[rl-monitor] pid=230186 alive; episodes_jsonl=9757; monitor_rc=0; 2026-05-21T02:26:45+08:00
[rl-monitor] pid=230186 alive; episodes_jsonl=9789; monitor_rc=0; 2026-05-21T02:27:45+08:00
[rl-monitor] pid=230186 alive; episodes_jsonl=9822; monitor_rc=0; 2026-05-21T02:28:45+08:00
[rl-monitor] pid=230186 alive; episodes_jsonl=9855; monitor_rc=0; 2026-05-21T02:29:46+08:00
[rl-monitor] pid=230186 alive; episodes_jsonl=9888; monitor_rc=0; 2026-05-21T02:30:46+08:00
[rl-monitor] pid=230186 alive; episodes_jsonl=9921; monitor_rc=0; 2026-05-21T02:31:47+08:00
[rl-monitor] pid=230186 alive; episodes_jsonl=9954; monitor_rc=0; 2026-05-21T02:32:47+08:00
[rl-monitor] pid=230186 alive; episodes_jsonl=9986; monitor_rc=0; 2026-05-21T02:33:47+08:00
[rl] background pid=230186 exited or was stopped

================================================================================
Step 5/6: final monitor and artifact copy
================================================================================
[monitor] final rc=0

================================================================================
Step 6/6: best-effort git artifact publish
================================================================================
Author identity unknown

*** Please tell me who you are.

Run

  git config --global user.email "you@example.com"
  git config --global user.name "Your Name"

to set your account's default identity.
Omit --global to set the identity only in this repository.

fatal: unable to auto-detect email address (got 'root@I28bdecfc74004019d2.(none)')
fatal: could not read Username for 'https://github.com': No such device or address
