label=stage2-bert-large-mrpc
run_root=/hy-tmp/rfr_cleanup_real_profile_smoke_15877d6a_accepted_20260825/persistent/rl/bert-large/mrpc/s1t0.001_s2t0.001_s2st2.0__cleanup_gpu_gate
source_commit=15877d6ab94f07552da645c8d6ac916cfb0fee68
source_tree=ed0d066e2a51678ea63fe44c4b4ff14ce76010b6
command=python rl_tune.py --base_model yoshitomo-matsubara/bert-large-uncased-mrpc --data_path mrpc --output_dir /hy-tmp/rfr_cleanup_real_profile_smoke_15877d6a_accepted_20260825/persistent/rl/bert-large/mrpc/s1t0.001_s2t0.001_s2st2.0__cleanup_gpu_gate --glue_train_probe_fixture_path /hy-tmp/rfr_verify_glue_train_probe_20260825/fixtures/reproducibility/glue_train_probe_v1.json --batch_size 64 --stage1_rl_episodes 51000 --stage2_rl_episodes 1 --stage1_rl_episodes_specified false --stage2_rl_episodes_specified true --stage1_entropy_stop_threshold 0.1 --ppo_update_interval 1 --skip_stage1_rl true --skip_noise_rl false --skip_final_eval true --resume_run_dir '' --decoupled_layout false --stage1_run_id '' --stage1_rl_lr 2e-5 --stage2_rl_lr 5e-5 --stage1_accuracy_tolerance 0.001 --stage2_limit_tolerance 0.001 --stage2_stability_tolerance 1.2 --stage2_stability_multiplier 2.0 --stage2_communication_importance_ratio 1.0 --stage2_k_trials 3 --stage2_probe_size 256 --stage2_inference_batch_size 64 --stage2_fixed_config_source all4 --stage2_fixed_config_path '' --stage2_manual_gelu '' --stage2_manual_softmax '' --final_eval_random_seed 42 --final_eval_preset default --blb_v3_rollout_size 1 --blb_v3_save_interval 1 --blb_v3_eval_interval 1 --blb_v3_calibrate_baseline_samples 8 --blb_v3_inproc_rescale_optimizer_root Rescale_optimizer --blb_v3_seed 42 --blb_v3_online_k_trials 3 --blb_v3_terminal_eval_batch_size 4 --blb_v3_promotion_validation_trials 15 --blb_v3_final_selection_top_n 20 --blb_v3_final_selection_validation_trials 15 --blb_v3_baseline_groups 5 --blb_v3_baseline_trials_per_group 3 --blb_v3_constraint_bootstrap_samples 4096 --blb_v3_online_constraint_probability 0.50 --blb_v3_promotion_constraint_probability 0.80 --blb_v3_final_constraint_probability 0.95 --blb_v3_min_convergence_episodes 90000 --blb_v3_convergence_patience_updates 100 --blb_v3_search_backend ppo --blb_v3_search_evaluation_budget 0 --blb_v3_search_initial_design_size 64 --blb_v3_search_candidate_pool_size 2048 --blb_v3_search_population_size 64 --blb_v3_search_patience_generations 100 --blb_v3_search_mutation_max_coordinates 3 --blb_v3_search_rf_n_estimators 128 --blb_v3_search_rf_min_samples_leaf 2 --blb_v3_search_full_validation true --comparator_smoke false --comparator_stage1_only false --blb_v3_reward_devices 0
started_at=2026-08-25T16:35:33+08:00
/var/tmp/root-home/miniconda3/envs/llm_ist/lib/python3.10/site-packages/transformers/utils/generic.py:441: FutureWarning: `torch.utils._pytree._register_pytree_node` is deprecated. Please use `torch.utils._pytree.register_pytree_node` instead.
  _torch_pytree._register_pytree_node(
/var/tmp/root-home/miniconda3/envs/llm_ist/lib/python3.10/site-packages/transformers/utils/generic.py:309: FutureWarning: `torch.utils._pytree._register_pytree_node` is deprecated. Please use `torch.utils._pytree.register_pytree_node` instead.
  _torch_pytree._register_pytree_node(
/var/tmp/root-home/miniconda3/envs/llm_ist/lib/python3.10/site-packages/huggingface_hub/file_download.py:942: FutureWarning: `resume_download` is deprecated and will be removed in version 1.0.0. Downloads always resume when possible. If you want to force a new download, use `force_download=True`.
  warnings.warn(
[dataset] using local GLUE dataset for task 'mrpc' from /hy-tmp/rfr_cleanup_glue_local_4a16e810/mrpc; audit_log=/hy-tmp/rfr_cleanup_real_profile_smoke_15877d6a_accepted_20260825/persistent/rl/bert-large/mrpc/s1t0.001_s2t0.001_s2st2.0__cleanup_gpu_gate/logs/glue_dataset_local_route.txt
You're using a BertTokenizerFast tokenizer. Please note that with a fast tokenizer, using the `__call__` method is faster than using a method to encode the text followed by a call to the `pad` method to get a padded encoding.
[PPO] ppo_update_interval=1 (batch=12 steps, details chunk=3 episodes)
Running approximation search with parameters:
base_model: yoshitomo-matsubara/bert-large-uncased-mrpc
data_path: mrpc
output_dir: /hy-tmp/rfr_cleanup_real_profile_smoke_15877d6a_accepted_20260825/persistent/rl/bert-large/mrpc/s1t0.001_s2t0.001_s2st2.0__cleanup_gpu_gate
batch_size: 64
stage1_rl_episodes: 51000
stage2_rl_episodes: 1
search_backend: ppo
resume_run_dir:
[信息] 数据集（Dataset）'mrpc' 检测为 CLASSIFICATION 任务
[信息] 使用指标（Using metrics）: Accuracy, Weighted F1
Starting evaluation...
  0%|          | 0/7 [00:00<?, ?it/s] 29%|██▊       | 2/7 [00:00<00:00, 14.27it/s] 57%|█████▋    | 4/7 [00:00<00:00, 13.62it/s] 86%|████████▌ | 6/7 [00:00<00:00,  9.71it/s]
============================================================
开始配置评估（STARTING CONFIGURATION EVALUATION）
最终评估配置来源（FINAL_EVAL_CONFIG_SOURCE）=search
[信息] 第一阶段RL搜索已跳过（--skip-stage1-rl）。
============================================================

--- 阶段1（Phase 1）: 已跳过（SKIPPED）（--skip-stage1-rl） ---
[信息] 基线建立已跳过，因其仅用于第一阶段RL搜索。

============================================================
最终评估报告（FINAL EVALUATION REPORT）（验证集）
============================================================
[Info] Stage-2 固定 GELU/Softmax 来源：Stage-2 all4 (softmax fixed deg6) (source=stage2_all4)
  Stage-2 GELU   : [4, 4, 4, 4, 4, 4, 4, 4, 4, 4, 4, 4, 4, 4, 4, 4, 4, 4, 4, 4, 4, 4, 4, 4]
  Stage-2 Softmax: [6, 6, 6, 6, 6, 6, 6, 6, 6, 6, 6, 6, 6, 6, 6, 6, 6, 6, 6, 6, 6, 6, 6, 6]

════════════════════════════════════════════════════════════════════
  阶段 5 · 二阶段噪声强化学习（BLB v3 · 24-step layerwise robust）
════════════════════════════════════════════════════════════════════
  * 模式（mode）：horizon=24 layerwise，max_step_dim=2
  * 固定 GELU/Softmax 来源（source）：stage2_all4    标签（label）：Stage-2 all4 (softmax fixed deg6)
  * GELU 离散阶数向量:   [4, 4, 4, 4, 4, 4, 4, 4, 4, 4, 4, 4, 4, 4, 4, 4, 4, 4, 4, 4, 4, 4, 4, 4]
  * Softmax 离散阶数向量: [6, 6, 6, 6, 6, 6, 6, 6, 6, 6, 6, 6, 6, 6, 6, 6, 6, 6, 6, 6, 6, 6, 6, 6]
  * 训练概览：profile='mrpc_large'    total_episodes=1    PPO 更新间隔（rollout_size）= 1    seed=42
  * BLB 持久化目录：/hy-tmp/rfr_cleanup_real_profile_smoke_15877d6a_accepted_20260825/persistent/rl/bert-large/mrpc/s1t0.001_s2t0.001_s2st2.0__cleanup_gpu_gate/stage2_noise/progress
  * 详细诊断：/hy-tmp/rfr_cleanup_real_profile_smoke_15877d6a_accepted_20260825/persistent/rl/bert-large/mrpc/s1t0.001_s2t0.001_s2st2.0__cleanup_gpu_gate/stage2_noise/details/ （每 360 回合一文件，记录每回合错误/动作变化）
  * 奖励暴跌警告：/hy-tmp/rfr_cleanup_real_profile_smoke_15877d6a_accepted_20260825/persistent/rl/bert-large/mrpc/s1t0.001_s2t0.001_s2st2.0__cleanup_gpu_gate/stage2_noise/warning.txt （PPO rollout 平均奖励较上一次跌幅 > 0.30 时记录）
已替换 24 层的GELU函数（GELU function）
已替换 24 层的Softmax函数（Softmax function）
  * 评估子集: batch 数 = 4
  * Rescale_optimizer root: Rescale_optimizer
  * calibrated static_skeletons baseline loaded from /hy-tmp/rfr_verify_glue_train_probe_20260825/Rescale_optimizer/configs/mrpc_large/static_skeletons_mrpc_large.json (sha256=64d39bf9c01f29e39b0e697f28aee7e97b5b9e758fb71ca5a9e7372c9afe1363)
  * reward_design=robust_constrained
100%|██████████| 7/7 [00:20<00:00,  9.71it/s]Traceback (most recent call last):
  File "/hy-tmp/rfr_verify_glue_train_probe_20260825/rl_tune.py", line 1066, in <module>
    run_fire_entrypoint(
  File "/hy-tmp/rfr_verify_glue_train_probe_20260825/runtime_error_reporter.py", line 163, in run_fire_entrypoint
    fire_module.Fire(target)
  File "/var/tmp/root-home/miniconda3/envs/llm_ist/lib/python3.10/site-packages/fire/core.py", line 141, in Fire
    component_trace = _Fire(component, args, parsed_flag_args, context, name)
  File "/var/tmp/root-home/miniconda3/envs/llm_ist/lib/python3.10/site-packages/fire/core.py", line 475, in _Fire
    component, remaining_args = _CallAndUpdateTrace(
  File "/var/tmp/root-home/miniconda3/envs/llm_ist/lib/python3.10/site-packages/fire/core.py", line 691, in _CallAndUpdateTrace
    component = fn(*varargs, **kwargs)
  File "/hy-tmp/rfr_verify_glue_train_probe_20260825/rl_tune.py", line 1061, in train
    eval_results = trainer.evaluate(eval_dataset=val_data)
  File "/var/tmp/root-home/miniconda3/envs/llm_ist/lib/python3.10/site-packages/transformers/trainer.py", line 3035, in evaluate
    self.control = self.callback_handler.on_evaluate(self.args, self.state, self.control, output.metrics)
  File "/var/tmp/root-home/miniconda3/envs/llm_ist/lib/python3.10/site-packages/transformers/trainer_callback.py", line 396, in on_evaluate
    return self.call_event("on_evaluate", args, state, control, metrics=metrics)
  File "/var/tmp/root-home/miniconda3/envs/llm_ist/lib/python3.10/site-packages/transformers/trainer_callback.py", line 414, in call_event
    result = getattr(callback, event)(
  File "/hy-tmp/rfr_verify_glue_train_probe_20260825/layer_importance_evaluator.py", line 6581, in on_evaluate
    noise_stage_result = self.run_noise_rl_stage(
  File "/hy-tmp/rfr_verify_glue_train_probe_20260825/layer_importance_evaluator.py", line 4080, in run_noise_rl_stage
    return runner.run(
  File "/hy-tmp/rfr_verify_glue_train_probe_20260825/blb_stage2_rl/training.py", line 225, in run
    return self._run_with_config(
  File "/hy-tmp/rfr_verify_glue_train_probe_20260825/blb_stage2_rl/training.py", line 247, in _run_with_config
    return run_sequential_via_runner(
  File "/hy-tmp/rfr_verify_glue_train_probe_20260825/blb_stage2_rl/sequential_runner.py", line 4439, in run_sequential_via_runner
    result = _run_sequential_via_runner_locked(
  File "/hy-tmp/rfr_verify_glue_train_probe_20260825/blb_stage2_rl/sequential_runner.py", line 4895, in _run_sequential_via_runner_locked
    _collect_robust_baseline_reference(
  File "/hy-tmp/rfr_verify_glue_train_probe_20260825/blb_stage2_rl/sequential_runner.py", line 408, in _collect_robust_baseline_reference
    reference = build_baseline_reference(
  File "/hy-tmp/rfr_verify_glue_train_probe_20260825/blb_stage2_rl/statistical_constraints.py", line 362, in build_baseline_reference
    raise DegenerateBaselineVariance(degenerate_channels)
blb_stage2_rl.statistical_constraints.DegenerateBaselineVariance: baseline variance must be finite and nonzero for channels: metric1, metric2
100%|██████████| 7/7 [00:51<00:00,  7.42s/it]
finished_at=2026-08-25T16:36:28+08:00
exit_code=1
accepted_status=scientific_fail_closed
