test_bound_slot_values_uses_mapping_items_without_dict_copy (tests.test_report_fusion_count_map.FusionCountMapReportTest.test_bound_slot_values_uses_mapping_items_without_dict_copy) ... ok
test_build_report_payload_avoids_repeated_ordered_option_scans (tests.test_report_fusion_count_map.FusionCountMapReportTest.test_build_report_payload_avoids_repeated_ordered_option_scans) ... ok
test_build_report_payload_normalizes_base_slots_without_dict_copy (tests.test_report_fusion_count_map.FusionCountMapReportTest.test_build_report_payload_normalizes_base_slots_without_dict_copy) ... ok
test_build_report_payload_passes_base_action_sequence_without_copy (tests.test_report_fusion_count_map.FusionCountMapReportTest.test_build_report_payload_passes_base_action_sequence_without_copy) ... ok
test_build_report_payload_reuses_decoded_base_option (tests.test_report_fusion_count_map.FusionCountMapReportTest.test_build_report_payload_reuses_decoded_base_option) ... ok
test_choose_option_scans_candidates_without_sorting (tests.test_report_fusion_count_map.FusionCountMapReportTest.test_choose_option_scans_candidates_without_sorting) ... ok
test_graph_occurrences_accumulates_unique_layers_without_list_dedupe (tests.test_report_fusion_count_map.FusionCountMapReportTest.test_graph_occurrences_accumulates_unique_layers_without_list_dedupe) ... ok
test_group_specs_reuses_graph_target_choices (tests.test_report_fusion_count_map.FusionCountMapReportTest.test_group_specs_reuses_graph_target_choices) ... ok
test_load_maps_does_not_read_non_map_sidecars (tests.test_report_fusion_count_map.FusionCountMapReportTest.test_load_maps_does_not_read_non_map_sidecars) ... ok
test_load_maps_scans_directory_without_path_glob (tests.test_report_fusion_count_map.FusionCountMapReportTest.test_load_maps_scans_directory_without_path_glob) ... ok
test_option_slot_summary_indexes_action_sequences_without_list_copy (tests.test_report_fusion_count_map.FusionCountMapReportTest.test_option_slot_summary_indexes_action_sequences_without_list_copy) ... ok
test_option_slot_summary_uses_mapping_items_without_dict_copy (tests.test_report_fusion_count_map.FusionCountMapReportTest.test_option_slot_summary_uses_mapping_items_without_dict_copy) ... ok
test_options_in_id_order_skips_sort_when_already_ordered (tests.test_report_fusion_count_map.FusionCountMapReportTest.test_options_in_id_order_skips_sort_when_already_ordered) ... ok
test_options_in_id_order_sorts_unordered_options (tests.test_report_fusion_count_map.FusionCountMapReportTest.test_options_in_id_order_sorts_unordered_options) ... ok
test_public_iter_fusion_map_paths_filters_sidecars (tests.test_report_fusion_count_map.FusionCountMapReportTest.test_public_iter_fusion_map_paths_filters_sidecars) ... ok
test_server_command_phase2_uses_shared_map_path_filter (tests.test_report_fusion_count_map.FusionCountMapReportTest.test_server_command_phase2_uses_shared_map_path_filter) ... ok
test_splice_group_action_reuses_adjusted_block_actions (tests.test_report_fusion_count_map.FusionCountMapReportTest.test_splice_group_action_reuses_adjusted_block_actions) ... ok
test_splice_group_slots_reuses_bound_slot_entries (tests.test_report_fusion_count_map.FusionCountMapReportTest.test_splice_group_slots_reuses_bound_slot_entries) ... ok
test_splice_group_slots_reuses_field_kind_lookup (tests.test_report_fusion_count_map.FusionCountMapReportTest.test_splice_group_slots_reuses_field_kind_lookup) ... ok
test_write_action_configs_reuses_static_baseline_layout (tests.test_report_fusion_count_map.FusionCountMapReportTest.test_write_action_configs_reuses_static_baseline_layout) ... ok
test_write_action_configs_uses_prebuilt_option_index (tests.test_report_fusion_count_map.FusionCountMapReportTest.test_write_action_configs_uses_prebuilt_option_index) ... ok

----------------------------------------------------------------------
Ran 21 tests in 0.013s

OK
