[goal] Fix BLB Stage-2 sequential RL collapse as a research loop.
[goal] Success requires no post-anchor loss cap, no sustained P1(acc), positive reward windows, and stable monitored metrics.
[stop-rl] Parting Chapter/persistent/rl/bert-base/mrpc/s1t0.005_s2t0.005_s2st0.005: pid=73663 already dead
[stop-rl] Parting Chapter/persistent/rl/bert-base/mrpc/s1t0.005_s2t0.005_s2st0.005_rdv2: no rl.pid

================================================================================
Step 1/5: git pull latest local source changes
================================================================================
From https://github.com/mmt200088/Reinforcement-For-Robustness
   c937054..66968d5  jk_standard_rl -> origin/jk_standard_rl
Already up to date.
[git] HEAD = 66968d5

================================================================================
Step 2/5: local/contract tests on server
================================================================================
test_force_baseline_anchor_wired (tests.test_sequential_smoke.WarmstartFixedRegressionTest.test_force_baseline_anchor_wired) ... /hy-tmp/Reinforcement-For-Robustness/tests/test_sequential_smoke.py:744: ResourceWarning: unclosed file <_io.TextIOWrapper name='blb_stage2_rl/sequential_runner.py' mode='r' encoding='utf-8'>
  src = open("blb_stage2_rl/sequential_runner.py", encoding="utf-8").read()
ResourceWarning: Enable tracemalloc to get the object allocation traceback
ok
test_new_best_logs_inference_metrics (tests.test_sequential_smoke.WarmstartFixedRegressionTest.test_new_best_logs_inference_metrics)
After a new best, the log line should include loss_mean / loss_std / ... /hy-tmp/Reinforcement-For-Robustness/tests/test_sequential_smoke.py:1045: ResourceWarning: unclosed file <_io.TextIOWrapper name='blb_stage2_rl/sequential_runner.py' mode='r' encoding='utf-8'>
  src = open("blb_stage2_rl/sequential_runner.py", encoding="utf-8").read()
ResourceWarning: Enable tracemalloc to get the object allocation traceback
ok
test_noisy_accuracy_threshold_has_probe_granularity_guard (tests.test_sequential_smoke.WarmstartFixedRegressionTest.test_noisy_accuracy_threshold_has_probe_granularity_guard) ... ok
test_per_slot_mode_helper_present (tests.test_sequential_smoke.WarmstartFixedRegressionTest.test_per_slot_mode_helper_present) ... /hy-tmp/Reinforcement-For-Robustness/tests/test_sequential_smoke.py:732: ResourceWarning: unclosed file <_io.TextIOWrapper name='blb_stage2_rl/sequential_runner.py' mode='r' encoding='utf-8'>
  src = open("blb_stage2_rl/sequential_runner.py", encoding="utf-8").read()
ResourceWarning: Enable tracemalloc to get the object allocation traceback
ok
test_per_slot_mode_returns_correct_values (tests.test_sequential_smoke.WarmstartFixedRegressionTest.test_per_slot_mode_returns_correct_values)
Quick functional test: given a fake schedule + baseline_vec, ... /hy-tmp/Reinforcement-For-Robustness/tests/test_sequential_smoke.py:782: ResourceWarning: unclosed file <_io.TextIOWrapper name='blb_stage2_rl/sequential_runner.py' mode='r' encoding='utf-8'>
  src = open("blb_stage2_rl/sequential_runner.py", encoding="utf-8").read()
ResourceWarning: Enable tracemalloc to get the object allocation traceback
ok
test_sequential_force_anchor_honors_warmstart_config (tests.test_sequential_smoke.WarmstartFixedRegressionTest.test_sequential_force_anchor_honors_warmstart_config) ... ok
test_sequential_ppo_buffer_carries_action_level_mask (tests.test_sequential_smoke.WarmstartFixedRegressionTest.test_sequential_ppo_buffer_carries_action_level_mask) ... ok
test_sequential_ppo_update_replays_stored_action_level_mask (tests.test_sequential_smoke.WarmstartFixedRegressionTest.test_sequential_ppo_update_replays_stored_action_level_mask) ... ok
test_sequential_runner_uses_episode_neighbor_offsets (tests.test_sequential_smoke.WarmstartFixedRegressionTest.test_sequential_runner_uses_episode_neighbor_offsets) ... ok
test_step_level_mask_keeps_unselected_slots_at_baseline (tests.test_sequential_smoke.WarmstartFixedRegressionTest.test_step_level_mask_keeps_unselected_slots_at_baseline) ... ok
test_diagnostics_table_shows_ent_coef (tests.test_sequential_smoke.EntCoefScheduleRegressionTest.test_diagnostics_table_shows_ent_coef) ... /hy-tmp/Reinforcement-For-Robustness/tests/test_sequential_smoke.py:1170: ResourceWarning: unclosed file <_io.TextIOWrapper name='blb_stage2_rl/diagnostics.py' mode='r' encoding='utf-8'>
  src = open("blb_stage2_rl/diagnostics.py", encoding="utf-8").read()
ResourceWarning: Enable tracemalloc to get the object allocation traceback
ok
test_helper_present_with_expected_signature (tests.test_sequential_smoke.EntCoefScheduleRegressionTest.test_helper_present_with_expected_signature) ... /hy-tmp/Reinforcement-For-Robustness/tests/test_sequential_smoke.py:1062: ResourceWarning: unclosed file <_io.TextIOWrapper name='blb_stage2_rl/sequential_runner.py' mode='r' encoding='utf-8'>
  src = open("blb_stage2_rl/sequential_runner.py", encoding="utf-8").read()
ResourceWarning: Enable tracemalloc to get the object allocation traceback
ok
test_ppo_update_accepts_override_param (tests.test_sequential_smoke.EntCoefScheduleRegressionTest.test_ppo_update_accepts_override_param)
sequential_ppo_update must accept ent_coef_override kwarg. ... /hy-tmp/Reinforcement-For-Robustness/tests/test_sequential_smoke.py:1083: ResourceWarning: unclosed file <_io.TextIOWrapper name='blb_stage2_rl/sequential_policy.py' mode='r' encoding='utf-8'>
  src = open("blb_stage2_rl/sequential_policy.py", encoding="utf-8").read()
ResourceWarning: Enable tracemalloc to get the object allocation traceback
ok
test_ppo_update_passes_override (tests.test_sequential_smoke.EntCoefScheduleRegressionTest.test_ppo_update_passes_override) ... /hy-tmp/Reinforcement-For-Robustness/tests/test_sequential_smoke.py:1076: ResourceWarning: unclosed file <_io.TextIOWrapper name='blb_stage2_rl/sequential_runner.py' mode='r' encoding='utf-8'>
  src = open("blb_stage2_rl/sequential_runner.py", encoding="utf-8").read()
ResourceWarning: Enable tracemalloc to get the object allocation traceback
ok
test_schedule_math_anchor_ramp_steady (tests.test_sequential_smoke.EntCoefScheduleRegressionTest.test_schedule_math_anchor_ramp_steady)
Functional test of the helper. Locks in the three-stage behaviour ... /hy-tmp/Reinforcement-For-Robustness/tests/test_sequential_smoke.py:1115: ResourceWarning: unclosed file <_io.TextIOWrapper name='blb_stage2_rl/sequential_runner.py' mode='r' encoding='utf-8'>
  src = open("blb_stage2_rl/sequential_runner.py", encoding="utf-8").read()
ResourceWarning: Enable tracemalloc to get the object allocation traceback
ok
test_startup_log_describes_schedule (tests.test_sequential_smoke.EntCoefScheduleRegressionTest.test_startup_log_describes_schedule)
The startup hyperparameter box should print the three-stage ... /hy-tmp/Reinforcement-For-Robustness/tests/test_sequential_smoke.py:1163: ResourceWarning: unclosed file <_io.TextIOWrapper name='blb_stage2_rl/sequential_runner.py' mode='r' encoding='utf-8'>
  src = open("blb_stage2_rl/sequential_runner.py", encoding="utf-8").read()
ResourceWarning: Enable tracemalloc to get the object allocation traceback
ok
test_train_config_defaults (tests.test_sequential_smoke.EntCoefScheduleRegressionTest.test_train_config_defaults)
SequentialTrainConfig should default to ent_coef_anchor=0 and ... /hy-tmp/Reinforcement-For-Robustness/tests/test_sequential_smoke.py:1095: ResourceWarning: unclosed file <_io.TextIOWrapper name='blb_stage2_rl/sequential_runner.py' mode='r' encoding='utf-8'>
  src = open("blb_stage2_rl/sequential_runner.py", encoding="utf-8").read()
ResourceWarning: Enable tracemalloc to get the object allocation traceback
/hy-tmp/Reinforcement-For-Robustness/tests/test_sequential_smoke.py:1100: ResourceWarning: unclosed file <_io.TextIOWrapper name='blb_stage2_rl/runner.py' mode='r' encoding='utf-8'>
  src2 = open("blb_stage2_rl/runner.py", encoding="utf-8").read()
ResourceWarning: Enable tracemalloc to get the object allocation traceback
ok

----------------------------------------------------------------------
Ran 17 tests in 2.612s

OK
test_action_bias_raises_baseline_sampling_probability (test_blb_action_mask.BLBActionMaskTests.test_action_bias_raises_baseline_sampling_probability) ... ok
test_baseline_only_mask_keeps_action_length_and_forces_baseline (test_blb_action_mask.BLBActionMaskTests.test_baseline_only_mask_keeps_action_length_and_forces_baseline) ... ok
test_evaluate_action_accepts_mask_and_bias_for_legal_action (test_blb_action_mask.BLBActionMaskTests.test_evaluate_action_accepts_mask_and_bias_for_legal_action) ... ok
test_load_mask_rejects_inactive_slot_opened_to_nonbaseline (test_blb_action_mask.BLBActionMaskTests.test_load_mask_rejects_inactive_slot_opened_to_nonbaseline) ... ok
test_near_baseline_keeps_inactive_slots_baseline_only (test_blb_action_mask.BLBActionMaskTests.test_near_baseline_keeps_inactive_slots_baseline_only) ... ok
test_per_dim_entropy_can_report_masked_entropy (test_blb_action_mask.BLBActionMaskTests.test_per_dim_entropy_can_report_masked_entropy) ... ok
test_policy_sample_and_evaluate_share_masked_logprob (test_blb_action_mask.BLBActionMaskTests.test_policy_sample_and_evaluate_share_masked_logprob) ... ok
test_ppo_update_passes_mask_and_bias_to_evaluate_action (test_blb_action_mask.BLBActionMaskTests.test_ppo_update_passes_mask_and_bias_to_evaluate_action) ... ok
test_runner_train_config_reads_action_mask_fields (test_blb_action_mask.BLBActionMaskTests.test_runner_train_config_reads_action_mask_fields) ... ok
test_canonical_response_may_omit_layer0_block1 (test_blb_baseline_bootstrap.BLBBaselineBootstrapTests.test_canonical_response_may_omit_layer0_block1) ... ok
test_rejects_invalid_stage1_degree (test_blb_baseline_bootstrap.BLBBaselineBootstrapTests.test_rejects_invalid_stage1_degree) ... ok
test_rejects_missing_required_non_layer0_block1_entry (test_blb_baseline_bootstrap.BLBBaselineBootstrapTests.test_rejects_missing_required_non_layer0_block1_entry) ... ok
test_round_trip_response_validation_and_cost_stats (test_blb_baseline_bootstrap.BLBBaselineBootstrapTests.test_round_trip_response_validation_and_cost_stats) ... ok
test_runner_has_no_static_skeletons_baseline_fallback (test_blb_baseline_bootstrap.BLBBaselineBootstrapTests.test_runner_has_no_static_skeletons_baseline_fallback) ... ok
test_static_skeletons_block4_wo_rescale_uses_rl_field_name (test_blb_baseline_bootstrap.BLBBaselineBootstrapTests.test_static_skeletons_block4_wo_rescale_uses_rl_field_name) ... ok
test_static_skeletons_mixed_degree_baseline_decodes_per_layer_sfs (test_blb_baseline_bootstrap.BLBBaselineBootstrapTests.test_static_skeletons_mixed_degree_baseline_decodes_per_layer_sfs) ... ok
test_candidate_identity_uses_phase1_canonical_context_fields (test_blb_candidate_store_identity.BLBCandidateStoreIdentityTests.test_candidate_identity_uses_phase1_canonical_context_fields) ... ok
test_candidate_key_binds_action_and_context_hashes (test_blb_candidate_store_identity.BLBCandidateStoreIdentityTests.test_candidate_key_binds_action_and_context_hashes) ... ok
test_context_lookup_excludes_action_hash_only_legacy_records (test_blb_candidate_store_identity.BLBCandidateStoreIdentityTests.test_context_lookup_excludes_action_hash_only_legacy_records) ... ok
test_store_records_raw_and_effective_action_identity (test_blb_candidate_store_identity.BLBCandidateStoreIdentityTests.test_store_records_raw_and_effective_action_identity) ... ok
test_fresh_writes_to_source_field (test_blb_chain_integrity.ApplyOptimizerOutputBlock1Test.test_fresh_writes_to_source_field) ... ok
test_fused_away_sets_rescale_to_none (test_blb_chain_integrity.ApplyOptimizerOutputBlock1Test.test_fused_away_sets_rescale_to_none) ... ok
test_invalid_result_short_circuits_no_op (test_blb_chain_integrity.ApplyOptimizerOutputBlock1Test.test_invalid_result_short_circuits_no_op) ... ok
test_missing_compact_config_no_op (test_blb_chain_integrity.ApplyOptimizerOutputBlock1Test.test_missing_compact_config_no_op) ... ok
test_non_integer_delta_skipped (test_blb_chain_integrity.ApplyOptimizerOutputBlock1Test.test_non_integer_delta_skipped) ... ok
test_propagation_delta_writes_to_encode_field (test_blb_chain_integrity.ApplyOptimizerOutputBlock1Test.test_propagation_delta_writes_to_encode_field) ... ok
test_rescale_post_writes_to_rescale_field (test_blb_chain_integrity.ApplyOptimizerOutputBlock1Test.test_rescale_post_writes_to_rescale_field) ... ok
test_rotation_flag_resets_when_absent (test_blb_chain_integrity.ApplyOptimizerOutputBlock2RotationTest.test_rotation_flag_resets_when_absent) ... ok
test_rotation_flag_toggled_on_via_name_map (test_blb_chain_integrity.ApplyOptimizerOutputBlock2RotationTest.test_rotation_flag_toggled_on_via_name_map) ... ok
test_parse_device_ids_accepts_fire_tuple (test_blb_chain_integrity.ProbeRunnerHelpersTest.test_parse_device_ids_accepts_fire_tuple) ... ok
test_parse_device_ids_accepts_parenthesized_fire_string (test_blb_chain_integrity.ProbeRunnerHelpersTest.test_parse_device_ids_accepts_parenthesized_fire_string) ... ok
test_parse_device_ids_basic (test_blb_chain_integrity.ProbeRunnerHelpersTest.test_parse_device_ids_basic) ... ok
test_parse_device_ids_rejects_garbage (test_blb_chain_integrity.ProbeRunnerHelpersTest.test_parse_device_ids_rejects_garbage) ... ok
test_split_round_robin_k0 (test_blb_chain_integrity.ProbeRunnerHelpersTest.test_split_round_robin_k0) ... ok
test_split_round_robin_k5_n2 (test_blb_chain_integrity.ProbeRunnerHelpersTest.test_split_round_robin_k5_n2) ... ok
test_split_round_robin_k5_n3 (test_blb_chain_integrity.ProbeRunnerHelpersTest.test_split_round_robin_k5_n3) ... ok
test_split_round_robin_single_worker (test_blb_chain_integrity.ProbeRunnerHelpersTest.test_split_round_robin_single_worker) ... ok
test_trial_seed_deterministic (test_blb_chain_integrity.ProbeRunnerHelpersTest.test_trial_seed_deterministic) ... ok
test_trial_seed_independent_per_trial (test_blb_chain_integrity.ProbeRunnerHelpersTest.test_trial_seed_independent_per_trial) ... ok
test_runner_handles_k0_gracefully (test_blb_chain_integrity.ProbeRunnerTwoGPUTest.test_runner_handles_k0_gracefully) ... ok
test_runner_returns_results_in_trial_order (test_blb_chain_integrity.ProbeRunnerTwoGPUTest.test_runner_returns_results_in_trial_order) ... ok
test_distribution_string_case_insensitive (test_blb_chain_integrity.SampleGaussianLiveReadTest.test_distribution_string_case_insensitive) ... ok
test_mutating_scaling_factor_changes_noise_variance (test_blb_chain_integrity.SampleGaussianLiveReadTest.test_mutating_scaling_factor_changes_noise_variance) ... ok
test_none_point_returns_zero_noise (test_blb_chain_integrity.SampleGaussianLiveReadTest.test_none_point_returns_zero_noise) ... ok
test_action_head_bias_starts_zero (test_blb_chain_integrity.SequentialPolicyInitTest.test_action_head_bias_starts_zero)
Warmstart sets bias; init must leave bias at 0 so caller controls it. ... ok
test_action_head_weight_is_small (test_blb_chain_integrity.SequentialPolicyInitTest.test_action_head_weight_is_small)
action_head.weight Frobenius norm must be << default Kaiming. ... ok
test_value_head_init_standard (test_blb_chain_integrity.SequentialPolicyInitTest.test_value_head_init_standard) ... ok
test_warmstart_bias_dominates_random_state (test_blb_chain_integrity.SequentialPolicyInitTest.test_warmstart_bias_dominates_random_state)
With +3.5 warmstart bias and random state, preferred index should ... ok
test_all_three_pairs_mirrored (test_blb_chain_integrity.SyncBlock2QKBindingTest.test_all_three_pairs_mirrored) ... ok
test_no_op_when_already_synced (test_blb_chain_integrity.SyncBlock2QKBindingTest.test_no_op_when_already_synced) ... ok
test_wk_mutation_mirrors_onto_wq (test_blb_chain_integrity.SyncBlock2QKBindingTest.test_wk_mutation_mirrors_onto_wq) ... ok
test_f0_record_splits_rescale_cost_debug_and_mpc_truncation (test_blb_cost_semantics.BLBCostSemanticsTests.test_f0_record_splits_rescale_cost_debug_and_mpc_truncation) ... ok
test_invalid_chain_is_validity_gate_not_numeric_cost (test_blb_cost_semantics.BLBCostSemanticsTests.test_invalid_chain_is_validity_gate_not_numeric_cost) ... ok
test_rescale_rank_key_uses_only_total_bits_and_fusion (test_blb_cost_semantics.BLBCostSemanticsTests.test_rescale_rank_key_uses_only_total_bits_and_fusion) ... ok
test_parse_degree_scalar_preserves_scalar (test_blb_eval_action_stage1_context.BLBEvalActionStage1ContextTests.test_parse_degree_scalar_preserves_scalar) ... ok
test_parse_degree_vector_preserves_layerwise_values (test_blb_eval_action_stage1_context.BLBEvalActionStage1ContextTests.test_parse_degree_vector_preserves_layerwise_values) ... ok
test_parse_degree_vector_rejects_wrong_length (test_blb_eval_action_stage1_context.BLBEvalActionStage1ContextTests.test_parse_degree_vector_rejects_wrong_length) ... ok
test_scan_stops_when_baseline_is_invalid (test_blb_f0_scan.BLBF0ScanTests.test_scan_stops_when_baseline_is_invalid) ... ok
test_scan_writes_per_slot_mask_and_rank_fields (test_blb_f0_scan.BLBF0ScanTests.test_scan_writes_per_slot_mask_and_rank_fields) ... ok
test_feasibility_report_writes_json_and_markdown (test_blb_final_eval_feasibility.BLBFinalEvalFeasibilityTests.test_feasibility_report_writes_json_and_markdown) ... ok
test_loss_is_report_only_for_formal_feasible (test_blb_final_eval_feasibility.BLBFinalEvalFeasibilityTests.test_loss_is_report_only_for_formal_feasible) ... ok
test_unknown_threshold_source_never_claims_formal_feasible (test_blb_final_eval_feasibility.BLBFinalEvalFeasibilityTests.test_unknown_threshold_source_never_claims_formal_feasible) ... ok
test_effective_action_hash_ignores_inactive_compat_slots_only (test_blb_optimizer_cost_consistency.BLBOptimizerCostConsistencyTests.test_effective_action_hash_ignores_inactive_compat_slots_only) ... ok
test_inactive_slots_do_not_change_optimizer_requests (test_blb_optimizer_cost_consistency.BLBOptimizerCostConsistencyTests.test_inactive_slots_do_not_change_optimizer_requests) ... ok
test_exported_registry_files_match_embedded_payload (test_blb_registry_artifact_consistency.BLBRegistryArtifactConsistencyTests.test_exported_registry_files_match_embedded_payload) ... ok
test_action_description_names_every_noise_point_and_truncation (test_blb_stage2_rl_regressions.BLBActionDescriptionRegressionTests.test_action_description_names_every_noise_point_and_truncation) ... ok
test_action_candidate_still_runs_model_forward_when_optimizer_invalid (test_blb_stage2_rl_regressions.BLBActionFinalEvalRegressionTests.test_action_candidate_still_runs_model_forward_when_optimizer_invalid) ... ok
test_full_noise_config_uses_training_first_input_N (test_blb_stage2_rl_regressions.BLBActionFinalEvalRegressionTests.test_full_noise_config_uses_training_first_input_N) ... ok
test_resolve_base_action_accepts_numpy_arrays_without_truthiness (test_blb_stage2_rl_regressions.BLBActionFinalEvalRegressionTests.test_resolve_base_action_accepts_numpy_arrays_without_truthiness) ... ok
test_blb_install_log_helper_respects_quiet_env (test_blb_stage2_rl_regressions.BLBInstallLogRegressionTests.test_blb_install_log_helper_respects_quiet_env) ... ok
test_bridge_baseline_evaluation_bypasses_cfg_derived_payload (test_blb_stage2_rl_regressions.BLBOptimizerBaselineRegressionTests.test_bridge_baseline_evaluation_bypasses_cfg_derived_payload) ... ok
test_env_all_max_action_uses_optimizer_baseline_scoring (test_blb_stage2_rl_regressions.BLBOptimizerBaselineRegressionTests.test_env_all_max_action_uses_optimizer_baseline_scoring) ... ok
test_env_runs_forward_even_when_optimizer_invalid (test_blb_stage2_rl_regressions.BLBOptimizerBaselineRegressionTests.test_env_runs_forward_even_when_optimizer_invalid) ... ok
test_real_mrpc_all_max_baseline_optimizer_outputs_are_valid (test_blb_stage2_rl_regressions.BLBOptimizerBaselineRegressionTests.test_real_mrpc_all_max_baseline_optimizer_outputs_are_valid) ... ok
test_real_mrpc_all_max_cfg_derived_optimizer_outputs_are_valid (test_blb_stage2_rl_regressions.BLBOptimizerBaselineRegressionTests.test_real_mrpc_all_max_cfg_derived_optimizer_outputs_are_valid) ... ok
test_blb_progress_stays_under_stage2_noise_progress (test_blb_stage2_rl_regressions.BLBPersistencePathRegressionTests.test_blb_progress_stays_under_stage2_noise_progress) ... ok
test_candidate_store_hash_fidelity_and_rank_key_are_stable (test_blb_stage2_rl_regressions.BLBPlaybookArtifactRegressionTests.test_candidate_store_hash_fidelity_and_rank_key_are_stable) ... ok
test_f0_eval_all_max_uses_optimizer_baseline_path (test_blb_stage2_rl_regressions.BLBPlaybookArtifactRegressionTests.test_f0_eval_all_max_uses_optimizer_baseline_path) ... ok
test_f0_eval_record_contains_action_hash_rank_key_and_optimizer_summary (test_blb_stage2_rl_regressions.BLBPlaybookArtifactRegressionTests.test_f0_eval_record_contains_action_hash_rank_key_and_optimizer_summary) ... ok
test_phase0_preflight_report_names_current_operator_entrypoints (test_blb_stage2_rl_regressions.BLBPlaybookArtifactRegressionTests.test_phase0_preflight_report_names_current_operator_entrypoints) ... ok
test_registry_export_records_action_values_and_current_slot_count (test_blb_stage2_rl_regressions.BLBPlaybookArtifactRegressionTests.test_registry_export_records_action_values_and_current_slot_count) ... ok
test_kind_drop_action_changes_only_target_kind_slots (test_blb_stage2_rl_regressions.BLBPolicyWarmstartRegressionTests.test_kind_drop_action_changes_only_target_kind_slots) ... ok
test_preferred_action_bias_drives_deterministic_sample_to_baseline (test_blb_stage2_rl_regressions.BLBPolicyWarmstartRegressionTests.test_preferred_action_bias_drives_deterministic_sample_to_baseline) ... ok
test_warmstart_action_mode_expires_by_absolute_episode (test_blb_stage2_rl_regressions.BLBPolicyWarmstartRegressionTests.test_warmstart_action_mode_expires_by_absolute_episode) ... ok
test_explicit_probe_batch_count_override_still_works (test_blb_stage2_rl_regressions.BLBProbeSizingRegressionTests.test_explicit_probe_batch_count_override_still_works) ... ok
test_probe_batch_count_covers_requested_probe_size (test_blb_stage2_rl_regressions.BLBProbeSizingRegressionTests.test_probe_batch_count_covers_requested_probe_size) ... ok
test_baseline_preflight_stability_threshold_uses_noisy_baseline (test_blb_stage2_rl_regressions.BLBRewardRegressionTests.test_baseline_preflight_stability_threshold_uses_noisy_baseline) ... ok
test_neighbor_indices_use_real_k_order_not_action_index_order (test_blb_stage2_rl_regressions.BLBRewardRegressionTests.test_neighbor_indices_use_real_k_order_not_action_index_order) ... ok
test_neighborhood_curriculum_expands_slowly (test_blb_stage2_rl_regressions.BLBRewardRegressionTests.test_neighborhood_curriculum_expands_slowly) ... ok
test_optimizer_invalid_is_cost_layer_after_accuracy_and_stability (test_blb_stage2_rl_regressions.BLBRewardRegressionTests.test_optimizer_invalid_is_cost_layer_after_accuracy_and_stability)
Priority semantics from ADR-002 preserved under ADR-007 v2-style reward. ... ok
test_runner_best_selection_uses_hard_constraints_before_reward (test_blb_stage2_rl_regressions.BLBRewardRegressionTests.test_runner_best_selection_uses_hard_constraints_before_reward) ... ok
test_stage2_noise_log_formatters_use_readable_chinese (test_blb_stage2_rl_regressions.BLBTraceWriterRegressionTests.test_stage2_noise_log_formatters_use_readable_chinese) ... ok
test_status_board_publishes_live_top_level_fields (test_blb_stage2_rl_regressions.BLBTraceWriterRegressionTests.test_status_board_publishes_live_top_level_fields) ... ok
test_trace_writer_appends_structured_rollout_rows (test_blb_stage2_rl_regressions.BLBTraceWriterRegressionTests.test_trace_writer_appends_structured_rollout_rows) ... ok
test_trace_writer_migrates_old_header_after_cost_probe_column_added (test_blb_stage2_rl_regressions.BLBTraceWriterRegressionTests.test_trace_writer_migrates_old_header_after_cost_probe_column_added) ... ok
test_trace_writer_persists_rollout_eval_diagnostics (test_blb_stage2_rl_regressions.BLBTraceWriterRegressionTests.test_trace_writer_persists_rollout_eval_diagnostics) ... ok
test_baseline_derived_threshold_uses_all_max_blb_metric (test_blb_threshold_semantics.BLBThresholdSemanticsTests.test_baseline_derived_threshold_uses_all_max_blb_metric) ... ok
test_explicit_threshold_is_preserved (test_blb_threshold_semantics.BLBThresholdSemanticsTests.test_explicit_threshold_is_preserved) ... ok
test_absolute_episode_still_anchors_after_resume_before_anchor_end (test_blb_warmstart_resume.BLBWarmstartResumeTests.test_absolute_episode_still_anchors_after_resume_before_anchor_end) ... ok
test_anchor_is_not_extended_after_absolute_episode_passes_anchor_end (test_blb_warmstart_resume.BLBWarmstartResumeTests.test_anchor_is_not_extended_after_absolute_episode_passes_anchor_end) ... ok
test_explicit_disable_warmstart_on_resume_turns_anchor_off (test_blb_warmstart_resume.BLBWarmstartResumeTests.test_explicit_disable_warmstart_on_resume_turns_anchor_off) ... ok

----------------------------------------------------------------------
Ran 101 tests in 10.168s

OK

================================================================================
Step 3/5: GPU visibility
================================================================================
index, name, memory.used [MiB], memory.total [MiB], utilization.gpu [%]
0, NVIDIA GeForce RTX 5090, 2 MiB, 32607 MiB, 0 %
1, NVIDIA GeForce RTX 5090, 2 MiB, 32607 MiB, 0 %
[nvidia-smi] visible GPUs = 2

================================================================================
Step 4/5: fresh 600-episode dual-GPU safe-curriculum RL smoke
================================================================================
已加载预设：mrpc-blb-stage2-rl（/hy-tmp/Reinforcement-For-Robustness/presets/mrpc-blb-stage2-rl.conf）
⚠ 警告：--fresh-start 将清除已有的 Stage-1 搜索结果，但当前 --skip-stage1-search 跳过了 Stage-1。
  如果您只想重做 Stage-2 搜索，请不要使用 --fresh-start（直接运行即可自动续训练）。
  5 秒后继续执行（Ctrl+C 可取消）...
警告：--fresh-start 指定，正在清除已有持久化目录：Parting Chapter/persistent/rl/bert-base/mrpc/s1t0.005_s2t0.005_s2st0.005
启动配置：
  搜索算法：普通强化学习（rl）（显式指定）
  数据集：mrpc（显式指定）
  模型类型：BERT Base（bert-base）（显式指定）
  日志文件：blb_stage2_rl.log（显式指定）
  批大小：64（显式指定）
  模式目录：Parting Chapter/persistent/rl/bert-base/mrpc（显式指定）
  运行目录：Parting Chapter/persistent/rl/bert-base/mrpc/s1t0.005_s2t0.005_s2st0.005（显式指定）
  Stage-1 准确度约束：0.005（显式指定）
  Stage-2 指标约束百分比：0.005（显式指定）
  Stage-2 稳定性约束百分比：0.005（显式指定）
  Stage-2 K 次噪声试验：5（显式指定）
  Stage-2 探针子集大小：256（显式指定）
  持久化根目录：Parting Chapter/persistent（使用默认值）
  持久化目录：Parting Chapter/persistent/rl/bert-base/mrpc/s1t0.005_s2t0.005_s2st0.005（显式指定）
  从头训练：是（显式指定）
  Stage-1 回合数：51000（使用默认值）
  Stage-2 回合数：600（显式指定）
  Stage-2 RL 实现：blb_v3（使用默认值）
  BLB v3 warmstart anchor episodes：120（显式指定）
  BLB v3 action mask：否（使用默认值）
  BLB v3 action mask 模式：none（使用默认值）
  BLB v3 baseline logit 加成：0（使用默认值）
  PPO 更新间隔：120（使用默认值）
  BLB rollout 大小：60（显式指定）
  BLB Rescale optimizer：in_process_real (Rescale_optimizer)（使用默认值）
  BLB checkpoint 间隔：200（显式指定）
  BLB 日志评估间隔：100（显式指定）
  Stage-1 学习率：1e-4（使用默认值）
  Stage-2 学习率：2e-4（显式指定）
  被动 final_eval 预设：default（显式指定）
  最终评估来源：搜索结果（search）（显式指定）
  Stage-2 固定 GELU/Softmax 来源：JSON 文件（json）（显式指定）
  跳过 Stage-1 搜索：是（显式指定）
  跳过 Stage-2 搜索：否（使用默认值）
  跳过最终评估：否（使用默认值）
  仅运行最终评估：否（使用默认值）
  CUDA_VISIBLE_DEVICES：0,1（显式指定）
  实际执行命令（Command）：python rl_tune.py --base_model textattack/bert-base-uncased-MRPC --data_path mrpc --output_dir Parting\ Chapter/persistent/rl/bert-base/mrpc/s1t0.005_s2t0.005_s2st0.005 --batch_size 64 --micro_batch_size 64 --num_epochs 1 --learning_rate 2e-4 --cutoff_len 256 --val_set_size 120 --eval_step 80 --adapter_name lora --target_modules \[\"q_proj\"\,\ \"k_proj\"\,\ \"v_proj\"\,\ \"up_proj\"\,\ \"down_proj\"\] --stage1_rl_episodes 51000 --stage2_rl_episodes 600 --stage1_rl_episodes_specified false --stage2_rl_episodes_specified true --ppo_update_interval 120 --use_ist --final_eval_config_source search --final_eval_config_path glue_final_configs_best_ppo.json --manual_stage1_gelu '' --manual_stage1_softmax '' --manual_stage2_noise '' --stage2_fixed_config_source json --stage2_fixed_config_path glue_final_configs_best_ppo.json --stage2_manual_gelu '' --stage2_manual_softmax '' --final_eval_random_seed 42 --final_eval_permutation_trials 0 --final_eval_cost_equivalent_trials 0 --final_eval_budget_equivalent_trials 0 --final_eval_stage1_budget_trials 10 --final_eval_stage2_budget_trials 10 --final_eval_repeat_n 1 --final_eval_preset default --skip_noise_rl false --skip_stage1_rl true --skip_final_eval false --final_eval_only false --resume_run_dir '' --stage1_rl_lr 1e-4 --stage2_rl_lr 2e-4 --stage1_accuracy_tolerance 0.005 --stage2_limit_tolerance 0.005 --stage2_stability_tolerance 0.005 --stage2_k_trials 5 --stage2_probe_size 256 --stage2_rl_variant blb_v3 --blb_v3_inproc_rescale_optimizer_root Rescale_optimizer --blb_v3_rollout_size 60 --blb_v3_reward_devices 0\,1 --blb_v3_eval_interval 100 --blb_v3_save_interval 200 --blb_v3_calibrate_baseline_samples 8 --blb_v3_warmstart_anchor_episodes 120 --blb_v3_sequential_rl true --blb_v3_sequential_invalid_penalty 1.0 --blb_v3_sequential_cost_shaping_coeff 0.05 --blb_v3_sequential_fusion_shaping_coeff 0.0

已在后台启动。
  进程号（PID）：87201
  查看日志：tail -f Parting Chapter/persistent/rl/bert-base/mrpc/s1t0.005_s2t0.005_s2st0.005/logs/blb_stage2_rl.log
  错误摘要：Parting Chapter/persistent/rl/bert-base/mrpc/s1t0.005_s2t0.005_s2st0.005/logs/error_summary.txt
  LATEST_RUN_DIR：Parting Chapter/persistent/rl/bert-base/mrpc/LATEST_RUN_DIR
  LATEST_PID：Parting Chapter/persistent/rl/bert-base/mrpc/LATEST_PID
  优雅停止（Graceful Stop）：kill -INT 87201
[rl] launcher rc=0
[rl] background pid=87201; waiting for completion before monitor
[rl-monitor] pid=87201 alive; episodes_jsonl=0; 2026-05-20T04:11:46+08:00
[rl-monitor] pid=87201 alive; episodes_jsonl=21; 2026-05-20T04:12:46+08:00
[rl-monitor] pid=87201 alive; episodes_jsonl=54; 2026-05-20T04:13:46+08:00
[rl-monitor] pid=87201 alive; episodes_jsonl=87; 2026-05-20T04:14:46+08:00
[rl-monitor] pid=87201 alive; episodes_jsonl=120; 2026-05-20T04:15:46+08:00
[rl-monitor] pid=87201 alive; episodes_jsonl=153; 2026-05-20T04:16:46+08:00
[rl-monitor] pid=87201 alive; episodes_jsonl=185; 2026-05-20T04:17:46+08:00
[rl-monitor] pid=87201 alive; episodes_jsonl=218; 2026-05-20T04:18:46+08:00
[rl-monitor] pid=87201 alive; episodes_jsonl=251; 2026-05-20T04:19:46+08:00
[rl-monitor] pid=87201 alive; episodes_jsonl=284; 2026-05-20T04:20:46+08:00
[rl-monitor] pid=87201 alive; episodes_jsonl=316; 2026-05-20T04:21:46+08:00
[rl-monitor] pid=87201 alive; episodes_jsonl=349; 2026-05-20T04:22:46+08:00
[rl-monitor] pid=87201 alive; episodes_jsonl=382; 2026-05-20T04:23:46+08:00
[rl-monitor] pid=87201 alive; episodes_jsonl=415; 2026-05-20T04:24:46+08:00
[rl-monitor] pid=87201 alive; episodes_jsonl=447; 2026-05-20T04:25:46+08:00
[rl-monitor] pid=87201 alive; episodes_jsonl=480; 2026-05-20T04:26:46+08:00
[rl-monitor] pid=87201 alive; episodes_jsonl=513; 2026-05-20T04:27:46+08:00
[rl-monitor] pid=87201 alive; episodes_jsonl=545; 2026-05-20T04:28:46+08:00
[rl-monitor] pid=87201 alive; episodes_jsonl=578; 2026-05-20T04:29:46+08:00
[rl-monitor] pid=87201 alive; episodes_jsonl=600; 2026-05-20T04:30:46+08:00
[rl-monitor] pid=87201 alive; episodes_jsonl=600; 2026-05-20T04:31:46+08:00
[rl-monitor] pid=87201 alive; episodes_jsonl=600; 2026-05-20T04:32:46+08:00
[rl-monitor] pid=87201 alive; episodes_jsonl=600; 2026-05-20T04:33:46+08:00
[rl-monitor] pid=87201 alive; episodes_jsonl=600; 2026-05-20T04:34:46+08:00
[rl-monitor] pid=87201 alive; episodes_jsonl=600; 2026-05-20T04:35:46+08:00
[rl-monitor] pid=87201 alive; episodes_jsonl=600; 2026-05-20T04:36:46+08:00
[rl-monitor] pid=87201 alive; episodes_jsonl=600; 2026-05-20T04:37:46+08:00
[rl-monitor] pid=87201 alive; episodes_jsonl=600; 2026-05-20T04:38:46+08:00
[rl-monitor] pid=87201 alive; episodes_jsonl=600; 2026-05-20T04:39:46+08:00
[rl-monitor] pid=87201 alive; episodes_jsonl=600; 2026-05-20T04:40:46+08:00
[rl-monitor] pid=87201 alive; episodes_jsonl=600; 2026-05-20T04:41:46+08:00
[rl-monitor] pid=87201 alive; episodes_jsonl=600; 2026-05-20T04:42:46+08:00
[rl-monitor] pid=87201 alive; episodes_jsonl=600; 2026-05-20T04:43:46+08:00
[rl-monitor] pid=87201 alive; episodes_jsonl=600; 2026-05-20T04:44:46+08:00
[rl-monitor] pid=87201 alive; episodes_jsonl=600; 2026-05-20T04:45:46+08:00
[rl-monitor] pid=87201 alive; episodes_jsonl=600; 2026-05-20T04:46:46+08:00
[rl-monitor] pid=87201 alive; episodes_jsonl=600; 2026-05-20T04:47:46+08:00
[rl-monitor] pid=87201 alive; episodes_jsonl=600; 2026-05-20T04:48:46+08:00
[rl-monitor] pid=87201 alive; episodes_jsonl=600; 2026-05-20T04:49:46+08:00
[rl-monitor] pid=87201 alive; episodes_jsonl=600; 2026-05-20T04:50:46+08:00
[rl-monitor] pid=87201 alive; episodes_jsonl=600; 2026-05-20T04:51:46+08:00
[rl-monitor] pid=87201 alive; episodes_jsonl=600; 2026-05-20T04:52:46+08:00
[rl-monitor] pid=87201 alive; episodes_jsonl=600; 2026-05-20T04:53:46+08:00
[rl-monitor] pid=87201 alive; episodes_jsonl=600; 2026-05-20T04:54:46+08:00
[rl-monitor] pid=87201 alive; episodes_jsonl=600; 2026-05-20T04:55:46+08:00
[rl-monitor] pid=87201 alive; episodes_jsonl=600; 2026-05-20T04:56:46+08:00
[rl] background pid=87201 exited; running monitor

================================================================================
Step 5/5: monitor reward/loss/priority/safe-neighbor/GPU evidence
================================================================================
{
  "artifact_dir": "experiments/server_command_runs/stage2_rl_safe_curriculum_20260520_041122",
  "stage2_noise": "Parting Chapter/persistent/rl/bert-base/mrpc/s1t0.005_s2t0.005_s2st0.005/stage2_noise",
  "anomalies": [],
  "warnings": [],
  "episodes_seen": 600,
  "post_anchor_episodes_seen": 480,
  "post_anchor_min_return": 36.6887,
  "post_anchor_min_loss_mean": 0.335,
  "post_anchor_max_loss_mean": 0.3442,
  "post_anchor_p1_count": 0,
  "post_anchor_low_return_count": 0,
  "safe_neighbor_active_count": 480,
  "gpu_max_util": {
    "0": 98.0,
    "1": 99.0
  },
  "ppo_updates": [
    {
      "update": 1,
      "completed_episodes": 60,
      "policy_loss": -0.1536458259797655,
      "value_loss": 1.3869845261215232,
      "entropy": 6.395776463406427,
      "clip_fraction": 0.8637555803039244,
      "n_samples": 3540,
      "window_mean_return": 37.81278689920382,
      "window_max_return": 38.27112023253716,
      "window_min_return": 37.417461695951786,
      "window_mean_invalid": 0.0,
      "best_reward_so_far": 38.27112023253716,
      "elapsed_sec": 109.38339900970459,
      "ent_coef": 0.0,
      "timestamp": 1779221636.7419283
    },
    {
      "update": 2,
      "completed_episodes": 120,
      "policy_loss": -0.1634114340745977,
      "value_loss": 0.6916950829043864,
      "entropy": 5.877385690808296,
      "clip_fraction": 0.9008231027317899,
      "n_samples": 3540,
      "window_mean_return": 37.77518527318755,
      "window_max_return": 38.14916901302496,
      "window_min_return": 37.47843730570788,
      "window_mean_invalid": 0.0,
      "best_reward_so_far": 38.27112023253716,
      "elapsed_sec": 218.39332270622253,
      "ent_coef": 0.0,
      "timestamp": 1779221745.7518525
    },
    {
      "update": 3,
      "completed_episodes": 180,
      "policy_loss": 0.00012697430377426957,
      "value_loss": 0.36256223435546936,
      "entropy": 0.0034517965609666135,
      "clip_fraction": 0.0017438616071428572,
      "n_samples": 3540,
      "window_mean_return": 37.782574887921676,
      "window_max_return": 38.695047250877096,
      "window_min_return": 36.749632238587445,
      "window_mean_invalid": 0.0,
      "best_reward_so_far": 38.695047250877096,
      "elapsed_sec": 328.6205048561096,
      "ent_coef": 0.005,
      "timestamp": 1779221855.9790332
    },
    {
      "update": 4,
      "completed_episodes": 240,
      "policy_loss": -0.002393683959131262,
      "value_loss": 0.14366207878551254,
      "entropy": 0.005373691308461405,
      "clip_fraction": 0.003920200896183295,
      "n_samples": 3540,
      "window_mean_return": 37.83032599041581,
      "window_max_return": 38.633507652818544,
      "window_min_return": 37.054561966954495,
      "window_mean_invalid": 0.0,
      "best_reward_so_far": 38.695047250877096,
      "elapsed_sec": 438.66068863868713,
      "ent_coef": 0.01,
      "timestamp": 1779221966.019217
    },
    {
      "update": 5,
      "completed_episodes": 300,
      "policy_loss": -0.0027699842965895577,
      "value_loss": 0.05848337138637102,
      "entropy": 0.009541505778587731,
      "clip_fraction": 0.007338169646183295,
      "n_samples": 3540,
      "window_mean_return": 37.83994590359996,
      "window_max_return": 38.694995571290534,
      "window_min_return": 36.68870830841791,
      "window_mean_invalid": 0.0,
      "best_reward_so_far": 38.695047250877096,
      "elapsed_sec": 548.3279762268066,
      "ent_coef": 0.015,
      "timestamp": 1779222075.6865098
    },
    {
      "update": 6,
      "completed_episodes": 360,
      "policy_loss": -0.0013738122943323106,
      "value_loss": 0.029830069786320173,
      "entropy": 0.012207911390569441,
      "clip_fraction": 0.01177455358473318,
      "n_samples": 3540,
      "window_mean_return": 37.95240530653459,
      "window_max_return": 39.179334211084125,
      "window_min_return": 36.993586357198396,
      "window_mean_invalid": 0.0,
      "best_reward_so_far": 39.179334211084125,
      "elapsed_sec": 658.387725353241,
      "ent_coef": 0.02,
      "timestamp": 1779222185.7462568
    },
    {
      "update": 7,
      "completed_episodes": 420,
      "policy_loss": -0.0015140319426011825,
      "value_loss": 0.040506628865841776,
      "entropy": 0.01827903366219021,
      "clip_fraction": 0.016671316964285716,
      "n_samples": 3540,
      "window_mean_return": 38.19584610037783,
      "window_max_return": 39.786088069927054,
      "window_min_return": 36.93820878536986,
      "window_mean_invalid": 0.0,
      "best_reward_so_far": 39.786088069927054,
      "elapsed_sec": 769.0543718338013,
      "ent_coef": 0.02,
      "timestamp": 1779222296.412904
    },
    {
      "update": 8,
      "completed_episodes": 480,
      "policy_loss": -0.0005200062587391585,
      "value_loss": 0.04755997167168451,
      "entropy": 0.020206238943613033,
      "clip_fraction": 0.020382254467611865,
      "n_samples": 3540,
      "window_mean_return": 38.4104394467976,
      "window_max_return": 40.030073755882455,
      "window_min_return": 36.993586357198396,
      "window_mean_invalid": 0.0,
      "best_reward_so_far": 40.030073755882455,
      "elapsed_sec": 879.0203082561493,
      "ent_coef": 0.02,
      "timestamp": 1779222406.3788385
    },
    {
      "update": 9,
      "completed_episodes": 540,
      "policy_loss": -0.0013829849776811898,
      "value_loss": 0.05744517831564216,
      "entropy": 0.02038316790352062,
      "clip_fraction": 0.021805245545692742,
      "n_samples": 3540,
      "window_mean_return": 38.673125339978675,
      "window_max_return": 40.269627678492476,
      "window_min_return": 36.993534677611834,
      "window_mean_invalid": 0.0,
      "best_reward_so_far": 40.269627678492476,
      "elapsed_sec": 989.0297474861145,
      "ent_coef": 0.02,
      "timestamp": 1779222516.3882737
    },
    {
      "update": 10,
      "completed_episodes": 600,
      "policy_loss": -0.00017834376194514334,
      "value_loss": 0.046063036454143,
      "entropy": 0.024984645633635085,
      "clip_fraction": 0.018164062506652305,
      "n_samples": 3540,
      "window_mean_return": 38.83022030678735,
      "window_max_return": 40.45243632307751,
      "window_min_return": 37.600336845633514,
      "window_mean_invalid": 0.0,
      "best_reward_so_far": 40.45243632307751,
      "elapsed_sec": 1099.5588028430939,
      "ent_coef": 0.02,
      "timestamp": 1779222626.9173288
    }
  ]
}
Author identity unknown

*** Please tell me who you are.

Run

  git config --global user.email "you@example.com"
  git config --global user.name "Your Name"

to set your account's default identity.
Omit --global to set the identity only in this repository.

fatal: unable to auto-detect email address (got 'root@I28bdecfc74004019d2.(none)')
fatal: could not read Username for 'https://github.com': No such device or address
