{
  "label": "production",
  "source_commit": "805e0ed",
  "samples_seconds": [
    1.1892085489816964,
    1.1833484660019167,
    1.1749741489766166,
    1.1849423189996742,
    1.1720167340245098,
    1.1809467519633472,
    1.1796268870239146,
    1.1793041490018368,
    1.178332909999881,
    1.1763820839696564,
    1.177552592009306
  ],
  "median_seconds": 1.1793041490018368,
  "mean_seconds": 1.1796941446320324,
  "result": [
    769,
    1,
    "8d76a3ab286630d6ee68f7a341961c0673c0c34c264bccb293e8db790bd41b62"
  ],
  "results_identical": true,
  "verify": {
    "checked": 10,
    "num_random": 8
  }
}
