{
  "label": "production",
  "source_commit": "031816ac",
  "combos_per_sample": 100000,
  "rounds": 11,
  "samples_seconds": [
    1.4239411719609052,
    1.433750197000336,
    1.4300949900061823,
    1.4217806970118545,
    1.4313106019981205,
    1.4236291859997436,
    1.4260711719980463,
    1.4220613559591584,
    1.4231214380124584,
    1.4374838420189917,
    1.4211685850168578
  ],
  "median_seconds": 1.4239411719609052,
  "mean_seconds": 1.4267648397256958,
  "min_seconds": 1.4211685850168578,
  "max_seconds": 1.4374838420189917,
  "results_identical": true,
  "result": [
    769,
    1,
    "8d76a3ab286630d6ee68f7a341961c0673c0c34c264bccb293e8db790bd41b62"
  ],
  "verify": {
    "checked": 10,
    "num_random": 8
  }
}
