c18050d345cb51037d99ce2c67ca5af0f723568f
c18050d server snapshot a1921b244a7518eae40b9dc572662fda7811a925
#################### [B] precision boost: tests + apply to maps ####################
==================== [B0] unit tests (block2/4/5_n2/5_n4 + SF-direct==index + boosted->installed + boost_options_for_block guard; real replan/torch) ====================
test_all_softmax_distribution_is_valid (tests.test_blb_precision_boost.Block4BoostReplanTest.test_all_softmax_distribution_is_valid) ... ok
test_base_chain_matches_design (tests.test_blb_precision_boost.Block4BoostReplanTest.test_base_chain_matches_design) ... ok
test_boost_reaches_max_fill_59 (tests.test_blb_precision_boost.Block4BoostReplanTest.test_boost_reaches_max_fill_59) ... ok
test_budget_double_counts_softmax_out_mask (tests.test_blb_precision_boost.Block4CandidateGenTest.test_budget_double_counts_softmax_out_mask) ... ok
test_ln_var_is_not_a_candidate (tests.test_blb_precision_boost.Block4CandidateGenTest.test_ln_var_is_not_a_candidate) ... ok
test_short_prime_and_fill (tests.test_blb_precision_boost.Block4CandidateGenTest.test_short_prime_and_fill) ... ok
test_base_chain_matches_design (tests.test_blb_precision_boost.Block5N2BoostReplanTest.test_base_chain_matches_design) ... ok
test_boost_reaches_60 (tests.test_blb_precision_boost.Block5N2BoostReplanTest.test_boost_reaches_60) ... ok
test_user_worked_examples_valid (tests.test_blb_precision_boost.Block5N2BoostReplanTest.test_user_worked_examples_valid) ... ok
test_candidate_count_and_mixed_channels (tests.test_blb_precision_boost.Block5N2CandidateGenTest.test_candidate_count_and_mixed_channels) ... ok
test_short_prime_fills_to_60 (tests.test_blb_precision_boost.Block5N2CandidateGenTest.test_short_prime_fills_to_60) ... ok
test_base_chain_matches_design (tests.test_blb_precision_boost.Block5N4BoostReplanTest.test_base_chain_matches_design) ... ok
test_boost_last_prime_only (tests.test_blb_precision_boost.Block5N4BoostReplanTest.test_boost_last_prime_only) ... ok
test_user_worked_examples_valid (tests.test_blb_precision_boost.Block5N4BoostReplanTest.test_user_worked_examples_valid) ... ok
test_last_prime_fills_to_60 (tests.test_blb_precision_boost.Block5N4CandidateGenTest.test_last_prime_fills_to_60) ... ok
test_six_candidates_double_x2 (tests.test_blb_precision_boost.Block5N4CandidateGenTest.test_six_candidates_double_x2) ... ok
test_two_short_primes_detected (tests.test_blb_precision_boost.Block5N4CandidateGenTest.test_two_short_primes_detected) ... ok
test_block4_apply_accepts_59 (tests.test_blb_precision_boost.BoostOptionsForBlockGuardTest.test_block4_apply_accepts_59) ... ok
test_qmax_block_still_boosts (tests.test_blb_precision_boost.BoostOptionsForBlockGuardTest.test_qmax_block_still_boosts) ... ok
test_base_chain_matches_design (tests.test_blb_precision_boost.BoostReplanTest.test_base_chain_matches_design) ... ok
test_boost_reaches_all_qmax (tests.test_blb_precision_boost.BoostReplanTest.test_boost_reaches_all_qmax) ... ok
test_exactly_four_candidates (tests.test_blb_precision_boost.CandidateGenTest.test_exactly_four_candidates) ... ok
test_no_short_prime_when_all_qmax (tests.test_blb_precision_boost.CandidateGenTest.test_no_short_prime_when_all_qmax) ... ok
test_qkt_merge_is_not_a_candidate (tests.test_blb_precision_boost.CandidateGenTest.test_qkt_merge_is_not_a_candidate) ... ok
test_short_prime_detection (tests.test_blb_precision_boost.CandidateGenTest.test_short_prime_detection) ... ok
test_boosted_overrides_reach_the_installed_cfg (tests.test_blb_precision_boost.SFDirectEquivalenceTest.test_boosted_overrides_reach_the_installed_cfg) ... ok
test_sf_direct_matches_index_path_block2 (tests.test_blb_precision_boost.SFDirectEquivalenceTest.test_sf_direct_matches_index_path_block2) ... ok
test_sf_direct_matches_index_path_block4 (tests.test_blb_precision_boost.SFDirectEquivalenceTest.test_sf_direct_matches_index_path_block4) ... ok
test_sf_direct_matches_index_path_block5_n2 (tests.test_blb_precision_boost.SFDirectEquivalenceTest.test_sf_direct_matches_index_path_block5_n2) ... ok
test_sf_direct_matches_index_path_block5_n4 (tests.test_blb_precision_boost.SFDirectEquivalenceTest.test_sf_direct_matches_index_path_block5_n4) ... ok

----------------------------------------------------------------------
Ran 30 tests in 2.582s

OK
[B0] PASS
==================== [B1] apply boost to committed maps (block2/4/5_n2/5_n4; seconds, == builder final step) ====================

=== block2_mrpc ===
  opt 0 fc=0 bits=263 var=6.360e-06
  opt 1 fc=1 bits=240 var=9.772e-06  BOOSTED (kt_mask1_sf:1)
  -> 1/2 options boosted
  wrote /hy-tmp/rfr_server_command_a1921b2_20260621_003919/src/blb_stage2_rl/fusion_maps/mrpc/block2_mrpc.json

=== block4 ===
  opt 0 fc=0 bits=264 var=1.527e-05
  opt 1 fc=1 bits=239 var=5.098e-04  BOOSTED (ln_mean_inv_d_sf:2+softmax_out_mask_sf:4+softmax_v_mask_sf:2+wo_sf:2)
  -> 1/2 options boosted
  wrote /hy-tmp/rfr_server_command_a1921b2_20260621_003919/src/blb_stage2_rl/fusion_maps/mrpc/block4.json

=== block5_n2 ===
  opt 0 fc=0 bits=244 var=2.571e-09
  opt 1 fc=1 bits=240 var=3.977e-09  BOOSTED (gamma_sf:2+gelu_coeff_sf:3+wffn1_sf:1)
  -> 1/2 options boosted
  wrote /hy-tmp/rfr_server_command_a1921b2_20260621_003919/src/blb_stage2_rl/fusion_maps/mrpc/block5_n2.json

=== block5_n4 ===
  opt 0 fc=0 bits=275 var=2.572e-09
  opt 1 fc=1 bits=271 var=5.200e-09  BOOSTED (gamma_sf:1+gelu_coeff_sf:1+wffn1_sf:1)
  -> 1/2 options boosted
  wrote /hy-tmp/rfr_server_command_a1921b2_20260621_003919/src/blb_stage2_rl/fusion_maps/mrpc/block5_n4.json

[done] precision boost applied
==================== [B2] post-write re-verify: maps still load + option0==baseline + boosted options carry explicit_field_values ====================
FusionCountMap.load('mrpc') OK - all maps still load, option0==baseline.
  block1_mrpc.json options=1 boosted=0
  block2_mrpc.json options=2 boosted=1
  block4.json      options=2 boosted=1
  block5_n0.json   options=2 boosted=0
  block5_n1.json   options=2 boosted=0
  block5_n2.json   options=2 boosted=1
  block5_n4.json   options=2 boosted=1
[ok] 4 boosted options total, all carry explicit_field_values.
#################### [DONE] ####################
boosted map changes:
 M blb_stage2_rl/fusion_maps/mrpc/block2_mrpc.json
 M blb_stage2_rl/fusion_maps/mrpc/block4.json
 M blb_stage2_rl/fusion_maps/mrpc/block5_n2.json
 M blb_stage2_rl/fusion_maps/mrpc/block5_n4.json
evidence dir: experiments/server_command_runs/stage2_boost_apply_20260621_003942 (boost_selftest / boost_apply / boost_verify / boost_map_diff / old_maps)
Please git add/commit/push the evidence in experiments/server_command_runs/stage2_boost_apply_20260621_003942 and the changed blb_stage2_rl/fusion_maps/mrpc/*.json.
KV-cache already NOT EFFECTIVE -> keep default OFF; next is on-deck ADR-016 reward 60k (no kv-cache flag).
