{
  "label": "production",
  "source_commit": "3e99adc",
  "samples_seconds": [
    1.0305119139957242,
    1.030830275034532,
    1.0360332090058364,
    1.0227747859898955,
    1.022188464005012,
    1.0254264239920303,
    1.0204939729883336,
    1.0301874979631975,
    1.024708045006264,
    1.0276327400351875,
    1.0273555269814096
  ],
  "median_seconds": 1.0273555269814096,
  "mean_seconds": 1.0271038959088565,
  "result": [
    769,
    1,
    "bb33ac65f751f6900b1a9bba8e5513b7743b3a8c3b1582dd385c290da49acbc6"
  ],
  "results_identical": true,
  "verify": {
    "checked": 10,
    "num_random": 8
  }
}
