'(MaxRetryError("HTTPSConnectionPool(host='huggingface.co', port=443): Max retries exceeded with url: /textattack/bert-base-uncased-MRPC/resolve/main/tokenizer_config.json (Caused by NewConnectionError('<urllib3.connection.HTTPSConnection object at 0x7f110c7bac10>: Failed to establish a new connection: [Errno 101] Network is unreachable'))"), '(Request ID: f9eb2a76-d69f-450d-85c6-5bb1f8c0004a)')' thrown while requesting HEAD https://huggingface.co/textattack/bert-base-uncased-MRPC/resolve/main/tokenizer_config.json
Retrying in 1s [Retry 1/5].
'(MaxRetryError("HTTPSConnectionPool(host='huggingface.co', port=443): Max retries exceeded with url: /textattack/bert-base-uncased-MRPC/resolve/main/tokenizer_config.json (Caused by NewConnectionError('<urllib3.connection.HTTPSConnection object at 0x7f110c7baa50>: Failed to establish a new connection: [Errno 101] Network is unreachable'))"), '(Request ID: d1f3df71-ac6a-45fe-9719-6d10beff46ec)')' thrown while requesting HEAD https://huggingface.co/textattack/bert-base-uncased-MRPC/resolve/main/tokenizer_config.json
Retrying in 2s [Retry 2/5].
'(MaxRetryError("HTTPSConnectionPool(host='huggingface.co', port=443): Max retries exceeded with url: /textattack/bert-base-uncased-MRPC/resolve/main/tokenizer_config.json (Caused by NewConnectionError('<urllib3.connection.HTTPSConnection object at 0x7f110c7cc290>: Failed to establish a new connection: [Errno 101] Network is unreachable'))"), '(Request ID: 61718299-a9c9-472e-9bc6-8544f742a83f)')' thrown while requesting HEAD https://huggingface.co/textattack/bert-base-uncased-MRPC/resolve/main/tokenizer_config.json
Retrying in 4s [Retry 3/5].
'(MaxRetryError("HTTPSConnectionPool(host='huggingface.co', port=443): Max retries exceeded with url: /textattack/bert-base-uncased-MRPC/resolve/main/tokenizer_config.json (Caused by NewConnectionError('<urllib3.connection.HTTPSConnection object at 0x7f110c7cd5d0>: Failed to establish a new connection: [Errno 101] Network is unreachable'))"), '(Request ID: 8efd413b-3a0f-458f-bebc-a5b42cc60045)')' thrown while requesting HEAD https://huggingface.co/textattack/bert-base-uncased-MRPC/resolve/main/tokenizer_config.json
Retrying in 8s [Retry 4/5].
'(MaxRetryError("HTTPSConnectionPool(host='huggingface.co', port=443): Max retries exceeded with url: /textattack/bert-base-uncased-MRPC/resolve/main/tokenizer_config.json (Caused by NewConnectionError('<urllib3.connection.HTTPSConnection object at 0x7f110c7ce910>: Failed to establish a new connection: [Errno 101] Network is unreachable'))"), '(Request ID: 2a92ca50-2aa4-4bf4-845c-0ce585086a3b)')' thrown while requesting HEAD https://huggingface.co/textattack/bert-base-uncased-MRPC/resolve/main/tokenizer_config.json
Retrying in 8s [Retry 5/5].
'(MaxRetryError("HTTPSConnectionPool(host='huggingface.co', port=443): Max retries exceeded with url: /textattack/bert-base-uncased-MRPC/resolve/main/tokenizer_config.json (Caused by NewConnectionError('<urllib3.connection.HTTPSConnection object at 0x7f110c7cf910>: Failed to establish a new connection: [Errno 101] Network is unreachable'))"), '(Request ID: 17960b4d-af18-4a50-b445-1e98239a0c7c)')' thrown while requesting HEAD https://huggingface.co/textattack/bert-base-uncased-MRPC/resolve/main/tokenizer_config.json
'(MaxRetryError("HTTPSConnectionPool(host='huggingface.co', port=443): Max retries exceeded with url: /textattack/bert-base-uncased-MRPC/resolve/main/config.json (Caused by NewConnectionError('<urllib3.connection.HTTPSConnection object at 0x7f110c7d66d0>: Failed to establish a new connection: [Errno 101] Network is unreachable'))"), '(Request ID: 2e6346c4-14bb-4cab-8add-a3afb4344f8f)')' thrown while requesting HEAD https://huggingface.co/textattack/bert-base-uncased-MRPC/resolve/main/config.json
Retrying in 1s [Retry 1/5].
'(MaxRetryError("HTTPSConnectionPool(host='huggingface.co', port=443): Max retries exceeded with url: /textattack/bert-base-uncased-MRPC/resolve/main/config.json (Caused by NewConnectionError('<urllib3.connection.HTTPSConnection object at 0x7f110c7d7690>: Failed to establish a new connection: [Errno 101] Network is unreachable'))"), '(Request ID: af8435e7-afcc-4857-9a4a-edb1f95a1d6f)')' thrown while requesting HEAD https://huggingface.co/textattack/bert-base-uncased-MRPC/resolve/main/config.json
Retrying in 2s [Retry 2/5].
'(MaxRetryError("HTTPSConnectionPool(host='huggingface.co', port=443): Max retries exceeded with url: /textattack/bert-base-uncased-MRPC/resolve/main/config.json (Caused by NewConnectionError('<urllib3.connection.HTTPSConnection object at 0x7f110c7e0510>: Failed to establish a new connection: [Errno 101] Network is unreachable'))"), '(Request ID: 41fc2be9-71f6-45ae-90a8-d33da82cad4e)')' thrown while requesting HEAD https://huggingface.co/textattack/bert-base-uncased-MRPC/resolve/main/config.json
Retrying in 4s [Retry 3/5].
'(MaxRetryError("HTTPSConnectionPool(host='huggingface.co', port=443): Max retries exceeded with url: /textattack/bert-base-uncased-MRPC/resolve/main/config.json (Caused by NewConnectionError('<urllib3.connection.HTTPSConnection object at 0x7f110c7d7690>: Failed to establish a new connection: [Errno 101] Network is unreachable'))"), '(Request ID: 6bc952db-21ce-4dba-8c32-1ca84c2b5a8a)')' thrown while requesting HEAD https://huggingface.co/textattack/bert-base-uncased-MRPC/resolve/main/config.json
Retrying in 8s [Retry 4/5].
'(MaxRetryError("HTTPSConnectionPool(host='huggingface.co', port=443): Max retries exceeded with url: /textattack/bert-base-uncased-MRPC/resolve/main/config.json (Caused by NewConnectionError('<urllib3.connection.HTTPSConnection object at 0x7f110c7d4b50>: Failed to establish a new connection: [Errno 101] Network is unreachable'))"), '(Request ID: 700fb187-8f0f-40de-b079-fec26ecc9cab)')' thrown while requesting HEAD https://huggingface.co/textattack/bert-base-uncased-MRPC/resolve/main/config.json
Retrying in 8s [Retry 5/5].
[PPO] ppo_update_interval=120 (batch=1440 steps, details chunk=360 episodes)
Finetuning model with params:
base_model: textattack/bert-base-uncased-MRPC
data_path: mrpc
output_dir: /hy-tmp/rfr_stage2_runs_5c222da6/persistent/rl/bert-base/mrpc/s1t0.001_s2t0.001_s2st2.0__bertbase_mrpc_stage2_k3_4gpu_stage1best20260624_5c222da6_20260804
batch_size: 64
micro_batch_size: 64
num_epochs: 1
learning_rate: 0.0002
rl_lr: 0.0001
stage1_rl_lr: 0.0001
stage2_rl_lr: 5e-05
cutoff_len: 256
val_set_size: 120
use_gradient_checkpointing: False
lora_r: 8
lora_alpha: 16
lora_dropout: 0.05
lora_target_modules: None
Wdecompose_target_modules: None
bottleneck_size: 256
non_linearity: tanh
adapter_dropout: 0.0
use_parallel_adapter: True
use_adapterp: False
train_on_inputs: True
scaling: 1.0
adapter_name: lora
target_modules: ['q_proj', 'k_proj', 'v_proj', 'up_proj', 'down_proj']
final_eval_config_source: search
final_eval_config_path: glue_final_configs_best_ppo.json
manual_stage1_gelu: 
manual_stage1_softmax: 
manual_stage2_noise: 
stage1_rl_episodes: 51000
stage1_entropy_stop_threshold: None
stage2_rl_episodes: 60000
stage1_rl_episodes_specified: False
stage2_rl_episodes_specified: True
skip_noise_rl: False
final_eval_repeat_n: 50
final_eval_preset: default
final_eval_output_root: 
final_eval_run_name: 
final_eval_random_enabled: False
final_eval_action_config: 
final_eval_action_ranges: 
final_eval_action_fixed: 
final_eval_require_rescale_optimizer: False
skip_stage1_rl: True
skip_final_eval: True
final_eval_only: False
group_by_length: False
wandb_project: 
wandb_run_name: 
wandb_watch: 
wandb_log_model: 
resume_from_checkpoint: None
resume_run_dir: /hy-tmp/rfr_stage2_runs_5c222da6/persistent/rl/bert-base/mrpc/s1t0.001_s2t0.001_s2st2.0__bertbase_mrpc_stage2_k3_4gpu_stage1best20260624_5c222da6_20260804
stage2_rl_variant: blb_v3
blb_v3_rescale_invoker_kind: in_process
blb_v3_inproc_rescale_optimizer_root: Rescale_optimizer
blb_v3_warmstart_anchor_episodes: None
blb_v3_warmstart_neighbor_ramp_episodes: None
blb_v3_warmstart_neighbor_max_mutations: None
blb_v3_warmstart_neighbor_max_radius: None
blb_v3_warmstart_neighbor_sampling: None
blb_v3_guarded_radius2_enabled: None
blb_v3_guarded_radius2_min_episode: None
blb_v3_guarded_radius2_stall_window: None
blb_v3_guarded_radius2_max_mutations: None
blb_v3_guarded_radius2_episode_fraction: None
blb_v3_guarded_radius2_cooldown_episodes: None
blb_v3_static_invalid_level_mask_enabled: None
blb_v3_warmstart_baseline_bias: None
blb_v3_warmstart_bias_gain: None
blb_v3_ent_coef: None
blb_v3_ent_coef_anchor: None
blb_v3_ent_coef_ramp_episodes: None
blb_v3_action_mask_enabled: False
blb_v3_action_mask_mode: none
blb_v3_action_mask_file: 
blb_v3_action_mask_baseline_logit_bonus: 0.0
blb_v3_action_mask_source: 

