/usr/local/lib/python3.11/dist-packages/transformers/utils/hub.py:127: FutureWarning: Using `TRANSFORMERS_CACHE` is deprecated and will be removed in v5 of Transformers. Use `HF_HOME` instead.
  warnings.warn(
[PPO] ppo_update_interval=120 (batch=1440 steps, details chunk=360 episodes)
Finetuning model with params:
base_model: textattack/bert-base-uncased-MRPC
data_path: mrpc
output_dir: /hy-tmp/rfr_stage2_runs_5c222da6/persistent/rl/bert-base/mrpc/s1t0.001_s2t0.001_s2st2.0__bertbase_mrpc_stage2_k3_4gpu_stage1best20260624_5c222da6_20260804
batch_size: 64
micro_batch_size: 64
num_epochs: 1
learning_rate: 0.0002
rl_lr: 0.0001
stage1_rl_lr: 0.0001
stage2_rl_lr: 5e-05
cutoff_len: 256
val_set_size: 120
use_gradient_checkpointing: False
lora_r: 8
lora_alpha: 16
lora_dropout: 0.05
lora_target_modules: None
Wdecompose_target_modules: None
bottleneck_size: 256
non_linearity: tanh
adapter_dropout: 0.0
use_parallel_adapter: True
use_adapterp: False
train_on_inputs: True
scaling: 1.0
adapter_name: lora
target_modules: ['q_proj', 'k_proj', 'v_proj', 'up_proj', 'down_proj']
final_eval_config_source: search
final_eval_config_path: glue_final_configs_best_ppo.json
manual_stage1_gelu: 
manual_stage1_softmax: 
manual_stage2_noise: 
stage1_rl_episodes: 51000
stage1_entropy_stop_threshold: None
stage2_rl_episodes: 50000
stage1_rl_episodes_specified: False
stage2_rl_episodes_specified: True
skip_noise_rl: False
final_eval_repeat_n: 50
final_eval_preset: default
final_eval_output_root: 
final_eval_run_name: 
final_eval_random_enabled: False
final_eval_action_config: 
final_eval_action_ranges: 
final_eval_action_fixed: 
final_eval_require_rescale_optimizer: False
skip_stage1_rl: True
skip_final_eval: True
final_eval_only: False
group_by_length: False
wandb_project: 
wandb_run_name: 
wandb_watch: 
wandb_log_model: 
resume_from_checkpoint: None
resume_run_dir: /hy-tmp/rfr_stage2_runs_5c222da6/persistent/rl/bert-base/mrpc/s1t0.001_s2t0.001_s2st2.0__bertbase_mrpc_stage2_k3_4gpu_stage1best20260624_5c222da6_20260804
stage2_rl_variant: blb_v3
blb_v3_rescale_invoker_kind: in_process
blb_v3_inproc_rescale_optimizer_root: Rescale_optimizer
blb_v3_warmstart_anchor_episodes: None
blb_v3_warmstart_neighbor_ramp_episodes: None
blb_v3_warmstart_neighbor_max_mutations: None
blb_v3_warmstart_neighbor_max_radius: None
blb_v3_warmstart_neighbor_sampling: None
blb_v3_guarded_radius2_enabled: None
blb_v3_guarded_radius2_min_episode: None
blb_v3_guarded_radius2_stall_window: None
blb_v3_guarded_radius2_max_mutations: None
blb_v3_guarded_radius2_episode_fraction: None
blb_v3_guarded_radius2_cooldown_episodes: None
blb_v3_static_invalid_level_mask_enabled: None
blb_v3_warmstart_baseline_bias: None
blb_v3_warmstart_bias_gain: None
blb_v3_ent_coef: None
blb_v3_ent_coef_anchor: None
blb_v3_ent_coef_ramp_episodes: None
blb_v3_action_mask_enabled: False
blb_v3_action_mask_mode: none
blb_v3_action_mask_file: 
blb_v3_action_mask_baseline_logit_bonus: 0.0
blb_v3_action_mask_source: 

Traceback (most recent call last):
  File "/usr/local/lib/python3.11/dist-packages/transformers/utils/hub.py", line 402, in cached_file
    resolved_file = hf_hub_download(
                    ^^^^^^^^^^^^^^^^
  File "/usr/local/lib/python3.11/dist-packages/huggingface_hub/utils/_validators.py", line 114, in _inner_fn
    return fn(*args, **kwargs)
           ^^^^^^^^^^^^^^^^^^^
  File "/usr/local/lib/python3.11/dist-packages/huggingface_hub/file_download.py", line 1014, in hf_hub_download
    return _hf_hub_download_to_cache_dir(
           ^^^^^^^^^^^^^^^^^^^^^^^^^^^^^^
  File "/usr/local/lib/python3.11/dist-packages/huggingface_hub/file_download.py", line 1121, in _hf_hub_download_to_cache_dir
    _raise_on_head_call_error(head_call_error, force_download, local_files_only)
  File "/usr/local/lib/python3.11/dist-packages/huggingface_hub/file_download.py", line 1653, in _raise_on_head_call_error
    raise LocalEntryNotFoundError(
huggingface_hub.errors.LocalEntryNotFoundError: Cannot find the requested files in the disk cache and outgoing traffic has been disabled. To enable hf.co look-ups and downloads online, set 'local_files_only' to False.

The above exception was the direct cause of the following exception:

Traceback (most recent call last):
  File "/hy-tmp/rfr-stage2-aggregate-82f7b248-minimal/rl_tune.py", line 1571, in <module>
    run_fire_entrypoint(
  File "/hy-tmp/rfr-stage2-aggregate-82f7b248-minimal/runtime_error_reporter.py", line 163, in run_fire_entrypoint
    fire_module.Fire(target)
  File "/usr/local/lib/python3.11/dist-packages/fire/core.py", line 135, in Fire
    component_trace = _Fire(component, args, parsed_flag_args, context, name)
                      ^^^^^^^^^^^^^^^^^^^^^^^^^^^^^^^^^^^^^^^^^^^^^^^^^^^^^^^
  File "/usr/local/lib/python3.11/dist-packages/fire/core.py", line 468, in _Fire
    component, remaining_args = _CallAndUpdateTrace(
                                ^^^^^^^^^^^^^^^^^^^^
  File "/usr/local/lib/python3.11/dist-packages/fire/core.py", line 684, in _CallAndUpdateTrace
    component = fn(*varargs, **kwargs)
                ^^^^^^^^^^^^^^^^^^^^^^
  File "/hy-tmp/rfr-stage2-aggregate-82f7b248-minimal/rl_tune.py", line 986, in train
    tokenizer = AutoTokenizer.from_pretrained(base_model, trust_remote_code=True)
                ^^^^^^^^^^^^^^^^^^^^^^^^^^^^^^^^^^^^^^^^^^^^^^^^^^^^^^^^^^^^^^^^^
  File "/usr/local/lib/python3.11/dist-packages/transformers/models/auto/tokenization_auto.py", line 854, in from_pretrained
    config = AutoConfig.from_pretrained(
             ^^^^^^^^^^^^^^^^^^^^^^^^^^^
  File "/usr/local/lib/python3.11/dist-packages/transformers/models/auto/configuration_auto.py", line 976, in from_pretrained
    config_dict, unused_kwargs = PretrainedConfig.get_config_dict(pretrained_model_name_or_path, **kwargs)
                                 ^^^^^^^^^^^^^^^^^^^^^^^^^^^^^^^^^^^^^^^^^^^^^^^^^^^^^^^^^^^^^^^^^^^^^^^^^
  File "/usr/local/lib/python3.11/dist-packages/transformers/configuration_utils.py", line 632, in get_config_dict
    config_dict, kwargs = cls._get_config_dict(pretrained_model_name_or_path, **kwargs)
                          ^^^^^^^^^^^^^^^^^^^^^^^^^^^^^^^^^^^^^^^^^^^^^^^^^^^^^^^^^^^^^
  File "/usr/local/lib/python3.11/dist-packages/transformers/configuration_utils.py", line 689, in _get_config_dict
    resolved_config_file = cached_file(
                           ^^^^^^^^^^^^
  File "/usr/local/lib/python3.11/dist-packages/transformers/utils/hub.py", line 445, in cached_file
    raise EnvironmentError(
OSError: We couldn't connect to 'https://huggingface.co' to load this file, couldn't find it in the cached files and it looks like textattack/bert-base-uncased-MRPC is not the path to a directory containing a file named config.json.
Checkout your internet connection or see how to run the library in offline mode at 'https://huggingface.co/docs/transformers/installation#offline-mode'.
