/usr/local/lib/python3.11/dist-packages/transformers/utils/hub.py:127: FutureWarning: Using `TRANSFORMERS_CACHE` is deprecated and will be removed in v5 of Transformers. Use `HF_HOME` instead.
  warnings.warn(
[PPO] ppo_update_interval=120 (batch=1440 steps, details chunk=360 episodes)
Finetuning model with params:
base_model: textattack/bert-base-uncased-MRPC
data_path: mrpc
output_dir: /hy-tmp/rfr_stage2_runs_5c222da6/persistent/rl/bert-base/mrpc/s1t0.001_s2t0.001_s2st2.0__bertbase_mrpc_stage2_k3_4gpu_stage1best20260624_5c222da6_20260804
batch_size: 64
micro_batch_size: 64
num_epochs: 1
learning_rate: 0.0002
rl_lr: 0.0001
stage1_rl_lr: 0.0001
stage2_rl_lr: 5e-05
cutoff_len: 256
val_set_size: 120
use_gradient_checkpointing: False
lora_r: 8
lora_alpha: 16
lora_dropout: 0.05
lora_target_modules: None
Wdecompose_target_modules: None
bottleneck_size: 256
non_linearity: tanh
adapter_dropout: 0.0
use_parallel_adapter: True
use_adapterp: False
train_on_inputs: True
scaling: 1.0
adapter_name: lora
target_modules: ['q_proj', 'k_proj', 'v_proj', 'up_proj', 'down_proj']
final_eval_config_source: search
final_eval_config_path: glue_final_configs_best_ppo.json
manual_stage1_gelu: 
manual_stage1_softmax: 
manual_stage2_noise: 
stage1_rl_episodes: 51000
stage1_entropy_stop_threshold: None
stage2_rl_episodes: 50000
stage1_rl_episodes_specified: False
stage2_rl_episodes_specified: True
skip_noise_rl: False
final_eval_repeat_n: 50
final_eval_preset: default
final_eval_output_root: 
final_eval_run_name: 
final_eval_random_enabled: False
final_eval_action_config: 
final_eval_action_ranges: 
final_eval_action_fixed: 
final_eval_require_rescale_optimizer: False
skip_stage1_rl: True
skip_final_eval: True
final_eval_only: False
group_by_length: False
wandb_project: 
wandb_run_name: 
wandb_watch: 
wandb_log_model: 
resume_from_checkpoint: None
resume_run_dir: /hy-tmp/rfr_stage2_runs_5c222da6/persistent/rl/bert-base/mrpc/s1t0.001_s2t0.001_s2st2.0__bertbase_mrpc_stage2_k3_4gpu_stage1best20260624_5c222da6_20260804
stage2_rl_variant: blb_v3
blb_v3_rescale_invoker_kind: in_process
blb_v3_inproc_rescale_optimizer_root: Rescale_optimizer
blb_v3_warmstart_anchor_episodes: None
blb_v3_warmstart_neighbor_ramp_episodes: None
blb_v3_warmstart_neighbor_max_mutations: None
blb_v3_warmstart_neighbor_max_radius: None
blb_v3_warmstart_neighbor_sampling: None
blb_v3_guarded_radius2_enabled: None
blb_v3_guarded_radius2_min_episode: None
blb_v3_guarded_radius2_stall_window: None
blb_v3_guarded_radius2_max_mutations: None
blb_v3_guarded_radius2_episode_fraction: None
blb_v3_guarded_radius2_cooldown_episodes: None
blb_v3_static_invalid_level_mask_enabled: None
blb_v3_warmstart_baseline_bias: None
blb_v3_warmstart_bias_gain: None
blb_v3_ent_coef: None
blb_v3_ent_coef_anchor: None
blb_v3_ent_coef_ramp_episodes: None
blb_v3_action_mask_enabled: False
blb_v3_action_mask_mode: none
blb_v3_action_mask_file: 
blb_v3_action_mask_baseline_logit_bonus: 0.0
blb_v3_action_mask_source: 

'(MaxRetryError("HTTPSConnectionPool(host='huggingface.co', port=443): Max retries exceeded with url: /textattack/bert-base-uncased-MRPC/resolve/main/tokenizer_config.json (Caused by NewConnectionError('<urllib3.connection.HTTPSConnection object at 0x7f566b544410>: Failed to establish a new connection: [Errno 101] Network is unreachable'))"), '(Request ID: a798e794-c383-4186-96cf-f91ac2819f7e)')' thrown while requesting HEAD https://huggingface.co/textattack/bert-base-uncased-MRPC/resolve/main/tokenizer_config.json
Retrying in 1s [Retry 1/5].
'(MaxRetryError("HTTPSConnectionPool(host='huggingface.co', port=443): Max retries exceeded with url: /textattack/bert-base-uncased-MRPC/resolve/main/tokenizer_config.json (Caused by NewConnectionError('<urllib3.connection.HTTPSConnection object at 0x7f566b5460d0>: Failed to establish a new connection: [Errno 101] Network is unreachable'))"), '(Request ID: d5bbccc6-f51b-4c6e-96b1-17460f8c7aa6)')' thrown while requesting HEAD https://huggingface.co/textattack/bert-base-uncased-MRPC/resolve/main/tokenizer_config.json
Retrying in 2s [Retry 2/5].
'(MaxRetryError("HTTPSConnectionPool(host='huggingface.co', port=443): Max retries exceeded with url: /textattack/bert-base-uncased-MRPC/resolve/main/tokenizer_config.json (Caused by NewConnectionError('<urllib3.connection.HTTPSConnection object at 0x7f566b547450>: Failed to establish a new connection: [Errno 101] Network is unreachable'))"), '(Request ID: ac2b4324-ef82-4b1f-b590-e2bb5d2b94bd)')' thrown while requesting HEAD https://huggingface.co/textattack/bert-base-uncased-MRPC/resolve/main/tokenizer_config.json
Retrying in 4s [Retry 3/5].
'(MaxRetryError("HTTPSConnectionPool(host='huggingface.co', port=443): Max retries exceeded with url: /textattack/bert-base-uncased-MRPC/resolve/main/tokenizer_config.json (Caused by NewConnectionError('<urllib3.connection.HTTPSConnection object at 0x7f566b54c810>: Failed to establish a new connection: [Errno 101] Network is unreachable'))"), '(Request ID: eefd1dc5-bfaa-4a85-922c-702fe70f3835)')' thrown while requesting HEAD https://huggingface.co/textattack/bert-base-uncased-MRPC/resolve/main/tokenizer_config.json
Retrying in 8s [Retry 4/5].
'(MaxRetryError("HTTPSConnectionPool(host='huggingface.co', port=443): Max retries exceeded with url: /textattack/bert-base-uncased-MRPC/resolve/main/tokenizer_config.json (Caused by NewConnectionError('<urllib3.connection.HTTPSConnection object at 0x7f566b545c10>: Failed to establish a new connection: [Errno 101] Network is unreachable'))"), '(Request ID: b63b4294-1772-4de7-b17a-98c381c1ff45)')' thrown while requesting HEAD https://huggingface.co/textattack/bert-base-uncased-MRPC/resolve/main/tokenizer_config.json
Retrying in 8s [Retry 5/5].
'(MaxRetryError("HTTPSConnectionPool(host='huggingface.co', port=443): Max retries exceeded with url: /textattack/bert-base-uncased-MRPC/resolve/main/tokenizer_config.json (Caused by NewConnectionError('<urllib3.connection.HTTPSConnection object at 0x7f566b527990>: Failed to establish a new connection: [Errno 101] Network is unreachable'))"), '(Request ID: dc584ddc-aa09-469e-bc10-2e00460e1931)')' thrown while requesting HEAD https://huggingface.co/textattack/bert-base-uncased-MRPC/resolve/main/tokenizer_config.json
'(MaxRetryError("HTTPSConnectionPool(host='huggingface.co', port=443): Max retries exceeded with url: /textattack/bert-base-uncased-MRPC/resolve/main/config.json (Caused by NewConnectionError('<urllib3.connection.HTTPSConnection object at 0x7f566b54e890>: Failed to establish a new connection: [Errno 101] Network is unreachable'))"), '(Request ID: 9f8097ef-16b7-456d-9988-a7596d44f375)')' thrown while requesting HEAD https://huggingface.co/textattack/bert-base-uncased-MRPC/resolve/main/config.json
Retrying in 1s [Retry 1/5].
