test_cli_streams_markdown_output_without_full_render_string (tests.test_stage1_parallel_report.Stage1ParallelReportTest.test_cli_streams_markdown_output_without_full_render_string) ... FAIL
test_cli_writes_json_and_markdown (tests.test_stage1_parallel_report.Stage1ParallelReportTest.test_cli_writes_json_and_markdown) ... ok
test_parse_log_lines_accepts_single_pass_iterable (tests.test_stage1_parallel_report.Stage1ParallelReportTest.test_parse_log_lines_accepts_single_pass_iterable) ... ok
test_parse_log_lines_dispatches_total_lines_without_worker_regex (tests.test_stage1_parallel_report.Stage1ParallelReportTest.test_parse_log_lines_dispatches_total_lines_without_worker_regex) ... ok
test_parse_log_lines_skips_regex_for_unrelated_lines (tests.test_stage1_parallel_report.Stage1ParallelReportTest.test_parse_log_lines_skips_regex_for_unrelated_lines) ... ok
test_parse_log_lines_summarizes_forward_and_report_write_timing (tests.test_stage1_parallel_report.Stage1ParallelReportTest.test_parse_log_lines_summarizes_forward_and_report_write_timing) ... ok
test_parse_log_lines_uses_running_speedup_aggregate (tests.test_stage1_parallel_report.Stage1ParallelReportTest.test_parse_log_lines_uses_running_speedup_aggregate) ... ok
test_parse_log_text_streams_text_lines_without_list (tests.test_stage1_parallel_report.Stage1ParallelReportTest.test_parse_log_text_streams_text_lines_without_list) ... ok
test_parse_log_text_summarizes_parallel_windows (tests.test_stage1_parallel_report.Stage1ParallelReportTest.test_parse_log_text_summarizes_parallel_windows) ... ok
test_worker_balance_check_streams_counts_without_list (tests.test_stage1_parallel_report.Stage1ParallelReportTest.test_worker_balance_check_streams_counts_without_list) ... ok

======================================================================
FAIL: test_cli_streams_markdown_output_without_full_render_string (tests.test_stage1_parallel_report.Stage1ParallelReportTest.test_cli_streams_markdown_output_without_full_render_string)
----------------------------------------------------------------------
Traceback (most recent call last):
  File "/hy-tmp/stage1_parallel_md_stream_red_0e14a02_20260704_160500/tests/test_stage1_parallel_report.py", line 218, in test_cli_streams_markdown_output_without_full_render_string
    rc = report.main([
         ^^^^^^^^^^^^^
  File "/hy-tmp/stage1_parallel_md_stream_red_0e14a02_20260704_160500/scripts/stage1_parallel_report.py", line 271, in main
    markdown = render_markdown(summary)
               ^^^^^^^^^^^^^^^^^^^^^^^^
  File "/usr/lib/python3.11/unittest/mock.py", line 1124, in __call__
    return self._mock_call(*args, **kwargs)
           ^^^^^^^^^^^^^^^^^^^^^^^^^^^^^^^^
  File "/usr/lib/python3.11/unittest/mock.py", line 1128, in _mock_call
    return self._execute_mock_call(*args, **kwargs)
           ^^^^^^^^^^^^^^^^^^^^^^^^^^^^^^^^^^^^^^^^
  File "/usr/lib/python3.11/unittest/mock.py", line 1183, in _execute_mock_call
    raise effect
AssertionError: CLI markdown output should not render one full string

----------------------------------------------------------------------
Ran 10 tests in 0.065s

FAILED (failures=1)
