test_delta_state_restore_does_not_deepcopy_scalar_fields (tests.test_rescale_optimizer_hotpaths.RescaleOptimizerHotPathTests) ... FAIL

======================================================================
FAIL: test_delta_state_restore_does_not_deepcopy_scalar_fields (tests.test_rescale_optimizer_hotpaths.RescaleOptimizerHotPathTests)
----------------------------------------------------------------------
Traceback (most recent call last):
  File "/hy-tmp/rfr_runtime_optimization/tests/test_rescale_optimizer_hotpaths.py", line 25, in test_delta_state_restore_does_not_deepcopy_scalar_fields
    state = replan_interface._snapshot_graph_delta_state(graph)
  File "/hy-tmp/rfr_runtime_optimization/Rescale_optimizer/rescale_optimizer/replan_interface.py", line 221, in _snapshot_graph_delta_state
    return [
  File "/hy-tmp/rfr_runtime_optimization/Rescale_optimizer/rescale_optimizer/replan_interface.py", line 224, in <listcomp>
    copy.deepcopy(getattr(node, "other_ct_scale_bits", None)),
  File "/var/tmp/root-home/miniconda3/envs/llm_ist/lib/python3.10/unittest/mock.py", line 1114, in __call__
    return self._mock_call(*args, **kwargs)
  File "/var/tmp/root-home/miniconda3/envs/llm_ist/lib/python3.10/unittest/mock.py", line 1118, in _mock_call
    return self._execute_mock_call(*args, **kwargs)
  File "/var/tmp/root-home/miniconda3/envs/llm_ist/lib/python3.10/unittest/mock.py", line 1173, in _execute_mock_call
    raise effect
AssertionError: scalar deepcopy

----------------------------------------------------------------------
Ran 1 test in 0.007s

FAILED (failures=1)
