test_write_action_configs_uses_prebuilt_option_index (tests.test_report_fusion_count_map.FusionCountMapReportTest.test_write_action_configs_uses_prebuilt_option_index) ... FAIL

======================================================================
FAIL: test_write_action_configs_uses_prebuilt_option_index (tests.test_report_fusion_count_map.FusionCountMapReportTest.test_write_action_configs_uses_prebuilt_option_index)
----------------------------------------------------------------------
Traceback (most recent call last):
  File "/hy-tmp/rfr_fusion_option_index_red_b6ff631_20260704_051728/tests/test_report_fusion_count_map.py", line 355, in test_write_action_configs_uses_prebuilt_option_index
    paths = report._write_action_configs(
            ^^^^^^^^^^^^^^^^^^^^^^^^^^^^^
  File "/hy-tmp/rfr_fusion_option_index_red_b6ff631_20260704_051728/scripts/report_fusion_count_map.py", line 529, in _write_action_configs
    action = _splice_group_action(
             ^^^^^^^^^^^^^^^^^^^^^
  File "/hy-tmp/rfr_fusion_option_index_red_b6ff631_20260704_051728/scripts/report_fusion_count_map.py", line 295, in _splice_group_action
    option = _option_by_id(graph, _option_id_for_step(step, option_by_graph, option_by_step))
             ^^^^^^^^^^^^^^^^^^^^^^^^^^^^^^^^^^^^^^^^^^^^^^^^^^^^^^^^^^^^^^^^^^^^^^^^^^^^^^^^
  File "/usr/lib/python3.11/unittest/mock.py", line 1124, in __call__
    return self._mock_call(*args, **kwargs)
           ^^^^^^^^^^^^^^^^^^^^^^^^^^^^^^^^
  File "/usr/lib/python3.11/unittest/mock.py", line 1128, in _mock_call
    return self._execute_mock_call(*args, **kwargs)
           ^^^^^^^^^^^^^^^^^^^^^^^^^^^^^^^^^^^^^^^^
  File "/usr/lib/python3.11/unittest/mock.py", line 1183, in _execute_mock_call
    raise effect
AssertionError: action-config writer should reuse a prebuilt option index

----------------------------------------------------------------------
Ran 1 test in 0.002s

FAILED (failures=1)
