/usr/local/lib/python3.11/dist-packages/transformers/tokenization_utils_base.py:1601: FutureWarning: `clean_up_tokenization_spaces` was not set. It will be set to `True` by default. This behavior will be depracted in transformers v4.45, and will be then set to `False` by default. For more details check this issue: https://github.com/huggingface/transformers/issues/31884
  warnings.warn(
Using the latest cached version of the dataset since nyu-mll/glue couldn't be found on the Hugging Face Hub (offline mode is enabled).
Found the latest cached dataset configuration 'rte' at /root/.cache/huggingface/datasets/nyu-mll___glue/rte/0.0.0/bcdcba79d07bc864c1c254ccfcedcce55bcc9a8c (last modified on Fri Jul 31 01:55:59 2026).
[dataset] task='rte' → route=hf_remote endpoint=nyu-mll/glue
/usr/local/lib/python3.11/dist-packages/transformers/training_args.py:1525: FutureWarning: `evaluation_strategy` is deprecated and will be removed in version 4.46 of 🤗 Transformers. Use `eval_strategy` instead
  warnings.warn(
[PPO] ppo_update_interval=120 (batch=1440 steps, details chunk=360 episodes)
Finetuning model with params:
base_model: yoshitomo-matsubara/bert-large-uncased-rte
data_path: rte
output_dir: /hy-tmp/RFR_search_smoke_d2919e3d/runs/coinn_ga_large_rte/persistent/rl/bert-large/rte/s1t0.005_s2t0.001_s2st2.0
batch_size: 16
micro_batch_size: 16
num_epochs: 1
learning_rate: 0.0002
rl_lr: 0.0001
stage1_rl_lr: 0.0001
stage2_rl_lr: 0.0001
cutoff_len: 256
val_set_size: 120
use_gradient_checkpointing: False
lora_r: 8
lora_alpha: 16
lora_dropout: 0.05
lora_target_modules: None
Wdecompose_target_modules: None
bottleneck_size: 256
non_linearity: tanh
adapter_dropout: 0.0
use_parallel_adapter: True
use_adapterp: False
train_on_inputs: True
scaling: 1.0
adapter_name: lora
target_modules: ['q_proj', 'k_proj', 'v_proj', 'up_proj', 'down_proj']
final_eval_config_source: search
final_eval_config_path: glue_final_configs_best_ppo.json
manual_stage1_gelu: 
manual_stage1_softmax: 
manual_stage2_noise: 
stage1_rl_episodes: 51000
stage1_entropy_stop_threshold: None
stage2_rl_episodes: 170
stage1_rl_episodes_specified: False
stage2_rl_episodes_specified: True
skip_noise_rl: False
final_eval_repeat_n: 50
final_eval_preset: default
final_eval_output_root: 
final_eval_run_name: 
final_eval_random_enabled: False
final_eval_action_config: 
final_eval_action_ranges: 
final_eval_action_fixed: 
final_eval_require_rescale_optimizer: False
skip_stage1_rl: True
skip_final_eval: True
final_eval_only: False
group_by_length: False
wandb_project: 
wandb_run_name: 
wandb_watch: 
wandb_log_model: 
resume_from_checkpoint: None
resume_run_dir: 
stage2_rl_variant: blb_v3
blb_v3_rescale_invoker_kind: in_process
blb_v3_inproc_rescale_optimizer_root: Rescale_optimizer
blb_v3_warmstart_anchor_episodes: None
blb_v3_warmstart_neighbor_ramp_episodes: None
blb_v3_warmstart_neighbor_max_mutations: None
blb_v3_warmstart_neighbor_max_radius: None
blb_v3_warmstart_neighbor_sampling: None
blb_v3_guarded_radius2_enabled: None
blb_v3_guarded_radius2_min_episode: None
blb_v3_guarded_radius2_stall_window: None
blb_v3_guarded_radius2_max_mutations: None
blb_v3_guarded_radius2_episode_fraction: None
blb_v3_guarded_radius2_cooldown_episodes: None
blb_v3_static_invalid_level_mask_enabled: None
blb_v3_warmstart_baseline_bias: None
blb_v3_warmstart_bias_gain: None
blb_v3_ent_coef: None
blb_v3_ent_coef_anchor: None
blb_v3_ent_coef_ramp_episodes: None
blb_v3_action_mask_enabled: False
blb_v3_action_mask_mode: none
blb_v3_action_mask_file: 
blb_v3_action_mask_baseline_logit_bonus: 0.0
blb_v3_action_mask_source: 

Auto-detected num_labels=2 for dataset 'rte'
BertForSequenceClassification(
  (bert): BertModel(
    (embeddings): BertEmbeddings(
      (word_embeddings): Embedding(30522, 1024, padding_idx=0)
      (position_embeddings): Embedding(512, 1024)
      (token_type_embeddings): Embedding(2, 1024)
      (LayerNorm): LayerNorm((1024,), eps=1e-12, elementwise_affine=True)
      (dropout): Dropout(p=0.1, inplace=False)
    )
    (encoder): BertEncoder(
      (layer): ModuleList(
        (0-23): 24 x BertLayer(
          (attention): BertAttention(
            (self): BertSdpaSelfAttention(
              (query): Linear(in_features=1024, out_features=1024, bias=True)
              (key): Linear(in_features=1024, out_features=1024, bias=True)
              (value): Linear(in_features=1024, out_features=1024, bias=True)
              (dropout): Dropout(p=0.1, inplace=False)
            )
            (output): BertSelfOutput(
              (dense): Linear(in_features=1024, out_features=1024, bias=True)
              (LayerNorm): LayerNorm((1024,), eps=1e-12, elementwise_affine=True)
              (dropout): Dropout(p=0.1, inplace=False)
            )
          )
          (intermediate): BertIntermediate(
            (dense): Linear(in_features=1024, out_features=4096, bias=True)
            (intermediate_act_fn): GELUActivation()
          )
          (output): BertOutput(
            (dense): Linear(in_features=4096, out_features=1024, bias=True)
            (LayerNorm): LayerNorm((1024,), eps=1e-12, elementwise_affine=True)
            (dropout): Dropout(p=0.1, inplace=False)
          )
        )
      )
    )
    (pooler): BertPooler(
      (dense): Linear(in_features=1024, out_features=1024, bias=True)
      (activation): Tanh()
    )
  )
  (dropout): Dropout(p=0.1, inplace=False)
  (classifier): Linear(in_features=1024, out_features=2, bias=True)
)
Loading dataset: Dataset({
    features: ['sentence1', 'sentence2', 'label', 'idx'],
    num_rows: 277
})
After tokenize: {'sentence1': 'As a result, peptic ulcer disease has been transformed from a chronic, frequently disabling condition to one that can be cured by a short regimen of antibiotics and other medicines.', 'sentence2': 'Antibiotics are used against peptic ulcer.', 'label': 0, 'idx': 268, 'input_ids': [101, 2004, 1037, 2765, 1010, 27233, 4588, 17359, 17119, 4295, 2038, 2042, 8590, 2013, 1037, 11888, 1010, 4703, 4487, 3736, 9709, 4650, 2000, 2028, 2008, 2064, 2022, 21391, 2011, 1037, 2460, 6939, 2078, 1997, 24479, 1998, 2060, 20233, 1012, 102, 24479, 2024, 2109, 2114, 27233, 4588, 17359, 17119, 1012, 102], 'token_type_ids': [0, 0, 0, 0, 0, 0, 0, 0, 0, 0, 0, 0, 0, 0, 0, 0, 0, 0, 0, 0, 0, 0, 0, 0, 0, 0, 0, 0, 0, 0, 0, 0, 0, 0, 0, 0, 0, 0, 0, 0, 1, 1, 1, 1, 1, 1, 1, 1, 1, 1], 'attention_mask': [1, 1, 1, 1, 1, 1, 1, 1, 1, 1, 1, 1, 1, 1, 1, 1, 1, 1, 1, 1, 1, 1, 1, 1, 1, 1, 1, 1, 1, 1, 1, 1, 1, 1, 1, 1, 1, 1, 1, 1, 1, 1, 1, 1, 1, 1, 1, 1, 1, 1]}
After add label: {'sentence1': 'As a result, peptic ulcer disease has been transformed from a chronic, frequently disabling condition to one that can be cured by a short regimen of antibiotics and other medicines.', 'sentence2': 'Antibiotics are used against peptic ulcer.', 'labels': 0, 'idx': 268, 'input_ids': [101, 2004, 1037, 2765, 1010, 27233, 4588, 17359, 17119, 4295, 2038, 2042, 8590, 2013, 1037, 11888, 1010, 4703, 4487, 3736, 9709, 4650, 2000, 2028, 2008, 2064, 2022, 21391, 2011, 1037, 2460, 6939, 2078, 1997, 24479, 1998, 2060, 20233, 1012, 102, 24479, 2024, 2109, 2114, 27233, 4588, 17359, 17119, 1012, 102], 'token_type_ids': [0, 0, 0, 0, 0, 0, 0, 0, 0, 0, 0, 0, 0, 0, 0, 0, 0, 0, 0, 0, 0, 0, 0, 0, 0, 0, 0, 0, 0, 0, 0, 0, 0, 0, 0, 0, 0, 0, 0, 0, 1, 1, 1, 1, 1, 1, 1, 1, 1, 1], 'attention_mask': [1, 1, 1, 1, 1, 1, 1, 1, 1, 1, 1, 1, 1, 1, 1, 1, 1, 1, 1, 1, 1, 1, 1, 1, 1, 1, 1, 1, 1, 1, 1, 1, 1, 1, 1, 1, 1, 1, 1, 1, 1, 1, 1, 1, 1, 1, 1, 1, 1, 1]}
After format: Dataset({
    features: ['sentence1', 'sentence2', 'labels', 'idx', 'input_ids', 'token_type_ids', 'attention_mask'],
    num_rows: 277
})
Train data size: 2490
Validation data size: 277
Reinforcement Learning to evaluate layer sensitivity to approximation
[信息] 数据集（Dataset）'rte' 检测为 CLASSIFICATION 任务
[信息] 使用指标（Using metrics）: Accuracy
[数据集协议（Dataset Protocol）] 完整验证集（validation_full）=277  （统一使用 validation_full，不再拆分 search/holdout/proxy）
Model compile started
Model compile finished
Starting evaluation...
Round 0 of evaluation
{'labels': tensor(0), 'input_ids': tensor([  101,  2004,  1037,  2765,  1010, 27233,  4588, 17359, 17119,  4295,
         2038,  2042,  8590,  2013,  1037, 11888,  1010,  4703,  4487,  3736,
         9709,  4650,  2000,  2028,  2008,  2064,  2022, 21391,  2011,  1037,
         2460,  6939,  2078,  1997, 24479,  1998,  2060, 20233,  1012,   102,
        24479,  2024,  2109,  2114, 27233,  4588, 17359, 17119,  1012,   102]), 'token_type_ids': tensor([0, 0, 0, 0, 0, 0, 0, 0, 0, 0, 0, 0, 0, 0, 0, 0, 0, 0, 0, 0, 0, 0, 0, 0,
        0, 0, 0, 0, 0, 0, 0, 0, 0, 0, 0, 0, 0, 0, 0, 0, 1, 1, 1, 1, 1, 1, 1, 1,
        1, 1]), 'attention_mask': tensor([1, 1, 1, 1, 1, 1, 1, 1, 1, 1, 1, 1, 1, 1, 1, 1, 1, 1, 1, 1, 1, 1, 1, 1,
        1, 1, 1, 1, 1, 1, 1, 1, 1, 1, 1, 1, 1, 1, 1, 1, 1, 1, 1, 1, 1, 1, 1, 1,
        1, 1])}
{'labels': tensor(0), 'input_ids': tensor([  101,  2004,  1037,  2765,  1010, 27233,  4588, 17359, 17119,  4295,
         2038,  2042,  8590,  2013,  1037, 11888,  1010,  4703,  4487,  3736,
         9709,  4650,  2000,  2028,  2008,  2064,  2022, 21391,  2011,  1037,
         2460,  6939,  2078,  1997, 24479,  1998,  2060, 20233,  1012,   102,
        24479,  2024,  2109,  2114, 27233,  4588, 17359, 17119,  1012,   102]), 'token_type_ids': tensor([0, 0, 0, 0, 0, 0, 0, 0, 0, 0, 0, 0, 0, 0, 0, 0, 0, 0, 0, 0, 0, 0, 0, 0,
        0, 0, 0, 0, 0, 0, 0, 0, 0, 0, 0, 0, 0, 0, 0, 0, 1, 1, 1, 1, 1, 1, 1, 1,
        1, 1]), 'attention_mask': tensor([1, 1, 1, 1, 1, 1, 1, 1, 1, 1, 1, 1, 1, 1, 1, 1, 1, 1, 1, 1, 1, 1, 1, 1,
        1, 1, 1, 1, 1, 1, 1, 1, 1, 1, 1, 1, 1, 1, 1, 1, 1, 1, 1, 1, 1, 1, 1, 1,
        1, 1])}
  0%|          | 0/18 [00:00<?, ?it/s] 11%|█         | 2/18 [00:00<00:00, 18.71it/s] 22%|██▏       | 4/18 [00:00<00:00, 16.56it/s] 33%|███▎      | 6/18 [00:00<00:00, 12.50it/s] 44%|████▍     | 8/18 [00:00<00:00, 11.21it/s] 56%|█████▌    | 10/18 [00:00<00:00, 10.64it/s] 67%|██████▋   | 12/18 [00:01<00:00, 10.32it/s] 78%|███████▊  | 14/18 [00:01<00:00, 10.13it/s] 89%|████████▉ | 16/18 [00:01<00:00,  9.96it/s]100%|██████████| 18/18 [00:01<00:00,  9.92it/s]
============================================================
开始配置评估（STARTING CONFIGURATION EVALUATION）
最终评估配置来源（FINAL_EVAL_CONFIG_SOURCE）=search
[信息] 第一阶段RL搜索已跳过（--skip-stage1-rl）。
============================================================

--- 阶段1（Phase 1）: 已跳过（SKIPPED）（--skip-stage1-rl） ---
[信息] 基线建立已跳过，因其仅用于第一阶段RL搜索。

============================================================
最终评估报告（FINAL EVALUATION REPORT）（验证集）
============================================================
[Info] Stage-2 固定 GELU/Softmax 来源：Stage-2 all4 (softmax fixed deg6) (source=stage2_all4)
  Stage-2 GELU   : [4, 4, 4, 4, 4, 4, 4, 4, 4, 4, 4, 4, 4, 4, 4, 4, 4, 4, 4, 4, 4, 4, 4, 4]
  Stage-2 Softmax: [6, 6, 6, 6, 6, 6, 6, 6, 6, 6, 6, 6, 6, 6, 6, 6, 6, 6, 6, 6, 6, 6, 6, 6]

════════════════════════════════════════════════════════════════════
  阶段 5 · 二阶段噪声强化学习（BLB v3 · 24-step layerwise robust）
════════════════════════════════════════════════════════════════════
  * 模式（mode）：horizon=24 layerwise，max_step_dim=2
  * 固定 GELU/Softmax 来源（source）：stage2_all4    标签（label）：Stage-2 all4 (softmax fixed deg6)
  * GELU 离散阶数向量:   [4, 4, 4, 4, 4, 4, 4, 4, 4, 4, 4, 4, 4, 4, 4, 4, 4, 4, 4, 4, 4, 4, 4, 4]
  * Softmax 离散阶数向量: [6, 6, 6, 6, 6, 6, 6, 6, 6, 6, 6, 6, 6, 6, 6, 6, 6, 6, 6, 6, 6, 6, 6, 6]
  * 训练概览：profile='rte_large'    total_episodes=170    PPO 更新间隔（rollout_size）= 120    seed=42
  * BLB 持久化目录：/hy-tmp/RFR_search_smoke_d2919e3d/runs/coinn_ga_large_rte/persistent/rl/bert-large/rte/s1t0.005_s2t0.001_s2st2.0/stage2_noise/progress
  * 详细诊断：/hy-tmp/RFR_search_smoke_d2919e3d/runs/coinn_ga_large_rte/persistent/rl/bert-large/rte/s1t0.005_s2t0.001_s2st2.0/stage2_noise/details/ （每 360 回合一文件，记录每回合错误/动作变化）
  * 奖励暴跌警告：/hy-tmp/RFR_search_smoke_d2919e3d/runs/coinn_ga_large_rte/persistent/rl/bert-large/rte/s1t0.005_s2t0.001_s2st2.0/stage2_noise/warning.txt （PPO rollout 平均奖励较上一次跌幅 > 0.30 时记录）
已替换 24 层的GELU函数（GELU function）
已替换 24 层的Softmax函数（Softmax function）
  * 评估子集：batch 数 = 16
  * Rescale_optimizer 根目录：Rescale_optimizer
  * Rescale optimizer 模式：in_process_real
  * calibrated static_skeletons baseline loaded from /hy-tmp/RFR_search_smoke_d2919e3d/src/Rescale_optimizer/configs/rte_large/static_skeletons_rte_large.json (sha256=12eb7d6461f39e3eab675b44742cc8820358e5ee62901fd72760a37363fa1d0b)
  * [ADR-015] reward_design=robust_constrained（tiered 回滚路径）
100%|██████████| 18/18 [00:16<00:00,  9.92it/s]  * F4 authoritative validation: split=validation_full examples=277 batches=18 devices=[0]
  * 基线噪声预热（noisy baseline preflight）：K=15  m1(noisy)=0.7396  m2(noisy)=0.7396  loss_mean(noisy)=0.5519  std(loss/m1/m2)=0.0026/0.0067/0.0067
  * 校准后硬约束阈值（calibrated gates）：m1_threshold=0.7388  m2_threshold=0.7388  loss_threshold=0.5525  std_thresholds(loss/m1/m2)=0.0052/0.0134/0.0134  (limit_tol=0.0010, stab_tol=2.0000; loss 越低越好，允许相对上浮 limit_tol；m1/m2 越高越好，允许相对下降 limit_tol；std 越低越好，× stab_tol)
  * 稳定阈值校准来源（stab calibration source）：multiplier formula: loss_std=0.0000 × tol=1.2000 → loss_std_threshold=0.0100; m1_std=0.0000 × tol=1.2000 → m1_std_threshold=0.0100; m2_std=0.0000 × tol=1.2000 → m2_std_threshold=0.0100 (floor=0.0100)

  【基线信号（baseline cost / reward / metrics）】
  ────
  · 成本基线（baseline cost）：total_bits=32664, fusion=0, avg_k=13.00
  · 指标基线（baseline metrics）：loss=0.5519, m1=0.7396, m2=0.7396
  · 奖励权重（reward weights, v2-style rdv2）：cost_weight=1, lambda_stab=1, invalid_penalty=5, clip=[-5.0, 5.0], tier=[20.0, +20.0], baseline_metric1=0.7396
  · 硬约束阈值（acc=hard, stab=soft cap for excess penalty）：m1_threshold=0.7388, m2_threshold=0.7388, loss_threshold=0.5525, std_thresholds(loss/m1/m2)=0.0052/0.0134/0.0134
  · static_skeletons archive：/hy-tmp/RFR_search_smoke_d2919e3d/src/Rescale_optimizer/configs/rte_large/static_skeletons_rte_large.json
  ────
  * Adaptive scalar cost reward：P1/P2 不吃 cost；P3 中 fusion/K 使用区间式 boost，total_bits 使用弱线性项；Pareto frontier 仅用于诊断/探索统计。
  * Fusion-count action ENABLED：map graphs=5, max_options=2；per-slot radius2 停用，block 粒度 safe-neighbor curriculum 停用（对照组：全开）

[信息] 统一最终评估已跳过（--skip-final-eval）。

配置评估完成（Configuration evaluation finished）。
100%|██████████| 18/18 [05:31<00:00, 18.40s/it]
Round 0, Final evaluation loss: 0.5563444495201111

 If there's a warning about missing keys above, please disregard :)
