./HEAD.txt: OK
./MANIFEST.txt: OK
./effective_commands.txt: OK
./full_pytest.log: OK
./full_pytest.rc: OK
./git_status_short.txt: OK
./gpu_inventory_pre.csv: OK
./many_episodes.jsonl: OK
./many_gpu_utilization.json: OK
./many_gpu_utilization.md: OK
./many_launch.log: OK
./many_nvidia_smi.csv: OK
./many_ppo_updates.jsonl: OK
./many_wall_seconds.txt: OK
./nvidia_many_gpu.csv: OK
./nvidia_one_gpu.csv: OK
./one_episodes.jsonl: OK
./one_gpu_utilization.json: OK
./one_gpu_utilization.md: OK
./one_launch.log: OK
./one_nvidia_smi.csv: OK
./one_ppo_updates.jsonl: OK
./one_wall_seconds.txt: OK
./persistent_many/rl/bert-base/mrpc/s1t0.001_s2t0.001_s2st2.0/best_policy/constraint_metadata.json: OK
./persistent_many/rl/bert-base/mrpc/s1t0.001_s2t0.001_s2st2.0/logs/blb_stage2_rl.log: OK
./persistent_many/rl/bert-base/mrpc/s1t0.001_s2t0.001_s2st2.0/logs/glue_dataset_local_route.txt: OK
./persistent_many/rl/bert-base/mrpc/s1t0.001_s2t0.001_s2st2.0/metadata.json: OK
./persistent_many/rl/bert-base/mrpc/s1t0.001_s2t0.001_s2st2.0/stage1/pruning_search_log.txt: OK
./persistent_many/rl/bert-base/mrpc/s1t0.001_s2t0.001_s2st2.0/stage2_noise/progress/blb_stage2_live_summary.md: OK
./persistent_many/rl/bert-base/mrpc/s1t0.001_s2t0.001_s2st2.0/stage2_noise/progress/blb_stage2_status.json: OK
./persistent_many/rl/bert-base/mrpc/s1t0.001_s2t0.001_s2st2.0/stage2_noise/progress/blb_stage2_training_curve.npz: OK
./persistent_many/rl/bert-base/mrpc/s1t0.001_s2t0.001_s2st2.0/stage2_noise/progress/diagnostics/action_histogram.npz: OK
./persistent_many/rl/bert-base/mrpc/s1t0.001_s2t0.001_s2st2.0/stage2_noise/progress/diagnostics/baseline_action_vec.json: OK
./persistent_many/rl/bert-base/mrpc/s1t0.001_s2t0.001_s2st2.0/stage2_noise/progress/diagnostics/best_action_vec.json: OK
./persistent_many/rl/bert-base/mrpc/s1t0.001_s2t0.001_s2st2.0/stage2_noise/progress/diagnostics/blb_stage2_health.log: OK
./persistent_many/rl/bert-base/mrpc/s1t0.001_s2t0.001_s2st2.0/stage2_noise/progress/diagnostics/diagnostics_summary.md: OK
./persistent_many/rl/bert-base/mrpc/s1t0.001_s2t0.001_s2st2.0/stage2_noise/progress/diagnostics/first_invalid_counts.json: OK
./persistent_many/rl/bert-base/mrpc/s1t0.001_s2t0.001_s2st2.0/stage2_noise/progress/diagnostics/pareto_frontier.html: OK
./persistent_many/rl/bert-base/mrpc/s1t0.001_s2t0.001_s2st2.0/stage2_noise/progress/diagnostics/ppo_updates.jsonl: OK
./persistent_many/rl/bert-base/mrpc/s1t0.001_s2t0.001_s2st2.0/stage2_noise/progress/layerwise_run_manifest.json: OK
./persistent_many/rl/bert-base/mrpc/s1t0.001_s2t0.001_s2st2.0/stage2_noise/progress/layerwise_summary.json: OK
./persistent_many/rl/bert-base/mrpc/s1t0.001_s2t0.001_s2st2.0/stage2_noise/progress/rl_data_points_run_id.txt: OK
./persistent_many/rl/bert-base/mrpc/s1t0.001_s2t0.001_s2st2.0/stage2_noise/pruning_search_log.txt: OK
./persistent_one/rl/bert-base/mrpc/s1t0.001_s2t0.001_s2st2.0/best_policy/constraint_metadata.json: OK
./persistent_one/rl/bert-base/mrpc/s1t0.001_s2t0.001_s2st2.0/logs/blb_stage2_rl.log: OK
./persistent_one/rl/bert-base/mrpc/s1t0.001_s2t0.001_s2st2.0/logs/glue_dataset_local_route.txt: OK
./persistent_one/rl/bert-base/mrpc/s1t0.001_s2t0.001_s2st2.0/metadata.json: OK
./persistent_one/rl/bert-base/mrpc/s1t0.001_s2t0.001_s2st2.0/stage1/pruning_search_log.txt: OK
./persistent_one/rl/bert-base/mrpc/s1t0.001_s2t0.001_s2st2.0/stage2_noise/progress/blb_stage2_live_summary.md: OK
./persistent_one/rl/bert-base/mrpc/s1t0.001_s2t0.001_s2st2.0/stage2_noise/progress/blb_stage2_status.json: OK
./persistent_one/rl/bert-base/mrpc/s1t0.001_s2t0.001_s2st2.0/stage2_noise/progress/blb_stage2_training_curve.npz: OK
./persistent_one/rl/bert-base/mrpc/s1t0.001_s2t0.001_s2st2.0/stage2_noise/progress/diagnostics/action_histogram.npz: OK
./persistent_one/rl/bert-base/mrpc/s1t0.001_s2t0.001_s2st2.0/stage2_noise/progress/diagnostics/baseline_action_vec.json: OK
./persistent_one/rl/bert-base/mrpc/s1t0.001_s2t0.001_s2st2.0/stage2_noise/progress/diagnostics/best_action_vec.json: OK
./persistent_one/rl/bert-base/mrpc/s1t0.001_s2t0.001_s2st2.0/stage2_noise/progress/diagnostics/blb_stage2_health.log: OK
./persistent_one/rl/bert-base/mrpc/s1t0.001_s2t0.001_s2st2.0/stage2_noise/progress/diagnostics/diagnostics_summary.md: OK
./persistent_one/rl/bert-base/mrpc/s1t0.001_s2t0.001_s2st2.0/stage2_noise/progress/diagnostics/first_invalid_counts.json: OK
./persistent_one/rl/bert-base/mrpc/s1t0.001_s2t0.001_s2st2.0/stage2_noise/progress/diagnostics/pareto_frontier.html: OK
./persistent_one/rl/bert-base/mrpc/s1t0.001_s2t0.001_s2st2.0/stage2_noise/progress/diagnostics/ppo_updates.jsonl: OK
./persistent_one/rl/bert-base/mrpc/s1t0.001_s2t0.001_s2st2.0/stage2_noise/progress/layerwise_run_manifest.json: OK
./persistent_one/rl/bert-base/mrpc/s1t0.001_s2t0.001_s2st2.0/stage2_noise/progress/layerwise_summary.json: OK
./persistent_one/rl/bert-base/mrpc/s1t0.001_s2t0.001_s2st2.0/stage2_noise/progress/rl_data_points_run_id.txt: OK
./persistent_one/rl/bert-base/mrpc/s1t0.001_s2t0.001_s2st2.0/stage2_noise/pruning_search_log.txt: OK
./post_run_resource_snapshot.json: OK
./post_run_resource_snapshot.md: OK
./post_run_resource_snapshot.rc: OK
./post_run_resource_snapshot.stderr: OK
./post_run_resource_snapshot.stdout: OK
./project_optimization_audit.json: OK
./project_optimization_audit.md: OK
./project_optimization_audit.rc: OK
./project_optimization_audit.stderr: OK
./project_optimization_audit.stdout: OK
./project_optimization_audit.time_s: OK
./raw_training_data/stage2_probe_process_final_600ep_99b0995_20260715_025222_persistent_many_rl_bert-base_mrpc_s1t0.001_s2t0.001_s2st2.0__20260714T192516195518Z__pid2188582/episodes.jsonl: OK
./raw_training_data/stage2_probe_process_final_600ep_99b0995_20260715_025222_persistent_many_rl_bert-base_mrpc_s1t0.001_s2t0.001_s2st2.0__20260714T192516195518Z__pid2188582/manifest.json: OK
./raw_training_data/stage2_probe_process_final_600ep_99b0995_20260715_025222_persistent_many_rl_bert-base_mrpc_s1t0.001_s2t0.001_s2st2.0__20260714T192516195518Z__pid2188582/ppo_updates.jsonl: OK
./raw_training_data/stage2_probe_process_final_600ep_99b0995_20260715_025222_persistent_many_rl_bert-base_mrpc_s1t0.001_s2t0.001_s2st2.0__20260714T192516195518Z__pid2188582/summary.json: OK
./raw_training_data/stage2_probe_process_final_600ep_99b0995_20260715_025222_persistent_one_rl_bert-base_mrpc_s1t0.001_s2t0.001_s2st2.0__20260714T185246769746Z__pid2184757/episodes.jsonl: OK
./raw_training_data/stage2_probe_process_final_600ep_99b0995_20260715_025222_persistent_one_rl_bert-base_mrpc_s1t0.001_s2t0.001_s2st2.0__20260714T185246769746Z__pid2184757/manifest.json: OK
./raw_training_data/stage2_probe_process_final_600ep_99b0995_20260715_025222_persistent_one_rl_bert-base_mrpc_s1t0.001_s2t0.001_s2st2.0__20260714T185246769746Z__pid2184757/ppo_updates.jsonl: OK
./raw_training_data/stage2_probe_process_final_600ep_99b0995_20260715_025222_persistent_one_rl_bert-base_mrpc_s1t0.001_s2t0.001_s2st2.0__20260714T185246769746Z__pid2184757/summary.json: OK
./runs.jsonl: OK
./stage2_ngpu_gate_verdict.txt: OK
./stage2_ngpu_speed_ab_stdout.log: OK
