/var/tmp/root-home/miniconda3/envs/llm_ist/lib/python3.10/site-packages/transformers/utils/generic.py:441: FutureWarning: `torch.utils._pytree._register_pytree_node` is deprecated. Please use `torch.utils._pytree.register_pytree_node` instead.
  _torch_pytree._register_pytree_node(
/var/tmp/root-home/miniconda3/envs/llm_ist/lib/python3.10/site-packages/transformers/utils/generic.py:309: FutureWarning: `torch.utils._pytree._register_pytree_node` is deprecated. Please use `torch.utils._pytree.register_pytree_node` instead.
  _torch_pytree._register_pytree_node(
/var/tmp/root-home/miniconda3/envs/llm_ist/lib/python3.10/site-packages/transformers/utils/generic.py:309: FutureWarning: `torch.utils._pytree._register_pytree_node` is deprecated. Please use `torch.utils._pytree.register_pytree_node` instead.
  _torch_pytree._register_pytree_node(
test_already_at_or_above_baseline_skipped (tests.test_blb_boost_rescale_canonicalize.CanonicalizeRescaleTest) ... ok
test_fusion_count_change_blocks_canonicalisation (tests.test_blb_boost_rescale_canonicalize.CanonicalizeRescaleTest) ... ok
test_invalid_base_returns_unchanged (tests.test_blb_boost_rescale_canonicalize.CanonicalizeRescaleTest) ... ok
test_mixed_only_irrelevant_canonicalised (tests.test_blb_boost_rescale_canonicalize.CanonicalizeRescaleTest) ... ok
test_noise_irrelevant_rescale_reset_to_baseline (tests.test_blb_boost_rescale_canonicalize.CanonicalizeRescaleTest) ... ok
test_noise_relevant_rescale_left_untouched (tests.test_blb_boost_rescale_canonicalize.CanonicalizeRescaleTest) ... ok
test_golden_shard_iterator_uses_streaming_pool_results (tests.test_blb_build_fusion_count_map.FusionCountMapBuilderTests) ... ok
test_merge_golden_shard_results_consumes_single_pass_iterator (tests.test_blb_build_fusion_count_map.FusionCountMapBuilderTests) ... ok
test_merge_golden_shard_results_drops_dominated_rows (tests.test_blb_build_fusion_count_map.FusionCountMapBuilderTests) ... ok
test_block4_users_reported_case (tests.test_blb_fused_rescale_install.RealReplanTest) ... skipped 'rescale_optimizer_bridge (torch) + rescale_optimizer required'
test_fused_rescales_auto_detected_and_nulled (tests.test_blb_fused_rescale_install.RealReplanTest) ... skipped 'rescale_optimizer_bridge (torch) + rescale_optimizer required'
test_no_fusion_keeps_every_rescale (tests.test_blb_fused_rescale_install.SyntheticTest) ... ok
test_passthrough_and_absent_are_both_nulled (tests.test_blb_fused_rescale_install.SyntheticTest) ... ok
test_splice_helpers_iterate_numpy_arrays_without_tolist_materialization (tests.test_blb_fusion_count_map.ActionSpaceSpliceSourceTest) ... ok
test_seven_block_types_have_active_rescales (tests.test_blb_fusion_count_map.ActiveRescalePremiseTest) ... ok
test_counts_streamed_sample_configs_without_list_materialization (tests.test_blb_fusion_count_map.CheckKIndependenceTest) ... ok
test_baseline_option_is_zero (tests.test_blb_fusion_count_map.FusionMapLoaderTest) ... ok
test_expand_overwrites_k_slot (tests.test_blb_fusion_count_map.FusionMapLoaderTest) ... ok
test_from_payload_rejects_nonzero_baseline (tests.test_blb_fusion_count_map.FusionMapLoaderTest) ... ok
test_load_discovers_maps_without_path_glob_or_sidecar_reads (tests.test_blb_fusion_count_map.FusionMapLoaderTest) ... ok
test_load_skips_macos_appledouble_sidecar (tests.test_blb_fusion_count_map.FusionMapLoaderTest) ... ok
test_load_skips_summary_sidecar (tests.test_blb_fusion_count_map.FusionMapLoaderTest) ... ok
test_num_and_max_options (tests.test_blb_fusion_count_map.FusionMapLoaderTest) ... ok
test_block_offsets_contiguous_and_sized (tests.test_blb_fusion_count_map.FusionScheduleTest) ... ok
test_dims_are_two_slots (tests.test_blb_fusion_count_map.FusionScheduleTest) ... ok
test_expand_matches_map (tests.test_blb_fusion_count_map.FusionScheduleTest) ... ok
test_fusion_option_counts_match_map (tests.test_blb_fusion_count_map.FusionScheduleTest) ... ok
test_horizon_matches_step_schedule (tests.test_blb_fusion_count_map.FusionScheduleTest) ... ok
test_splice_writes_block_slots (tests.test_blb_fusion_count_map.FusionScheduleTest) ... ok
test_baseline_is_option0 (tests.test_blb_fusion_count_map.GroupMinNoiseOptionsTest) ... ok
test_baseline_not_min_noise_raises (tests.test_blb_fusion_count_map.GroupMinNoiseOptionsTest) ... ok
test_cheaper_tie_member_ranks_first (tests.test_blb_fusion_count_map.GroupMinNoiseOptionsTest) ... ok
test_fusion_tie_pairs (tests.test_blb_fusion_count_map.GroupMinNoiseOptionsTest) ... ok
test_higher_variance_dropped_and_dups_removed (tests.test_blb_fusion_count_map.GroupMinNoiseOptionsTest) ... ok
test_empty_plan_is_zero (tests.test_blb_fusion_count_map.NoiseOrderTest) ... ok
test_name_is_stable (tests.test_blb_fusion_count_map.NoiseOrderTest) ... ok
test_summed_installed_variance_sums_table_values (tests.test_blb_fusion_count_map.NoiseOrderTest) ... ok
test_exact_match_unchanged (tests.test_blb_fusion_enum_baseline.GroupMinNoiseBaselineEquivalenceTest) ... ok
test_genuinely_different_option0_still_raises (tests.test_blb_fusion_enum_baseline.GroupMinNoiseBaselineEquivalenceTest) ... ok
test_no_signature_keeps_strict_index_guard (tests.test_blb_fusion_enum_baseline.GroupMinNoiseBaselineEquivalenceTest) ... ok
test_result_equivalent_option0_rewritten_to_baseline (tests.test_blb_fusion_enum_baseline.GroupMinNoiseBaselineEquivalenceTest) ... ok
test_contiguous_ranges_cover_exactly_once (tests.test_blb_fusion_enum_fast.ComboRangeTest) ... ok
test_derived_delta_uses_current_slot_sfs (tests.test_blb_fusion_enum_fast.ComboRangeTest) ... ok
test_iter_combo_range_matches_itertools_product (tests.test_blb_fusion_enum_fast.ComboRangeTest) ... ok
test_no_enum_slots_single_empty_combo (tests.test_blb_fusion_enum_fast.ComboRangeTest) ... ok
test_enumerate_range_fast_reduces_like_shards (tests.test_blb_fusion_enum_fast.LiveSessionFastEvalTest) ... ok
test_eval_combo_fast_baseline_and_fused_away (tests.test_blb_fusion_enum_fast.LiveSessionFastEvalTest) ... ok
test_eval_combo_fast_is_deterministic (tests.test_blb_fusion_enum_fast.LiveSessionFastEvalTest) ... ok
test_degeneracy_probe_reuses_corner_evaluation (tests.test_blb_fusion_enum_sharding.FusionEnumShardingTests) ... ok
test_enumerate_shard_does_not_skip_spin_full_product (tests.test_blb_fusion_enum_sharding.FusionEnumShardingTests) ... ok
test_product_shard_matches_modulo_product_order (tests.test_blb_fusion_enum_sharding.FusionEnumShardingTests) ... ok
test_all_consistent_no_problem (tests.test_blb_fusion_kept_option_verify.KeptOptionGoldenVerifyTest) ... ok
test_baseline_consistent_option_zero_never_flagged_spuriously (tests.test_blb_fusion_kept_option_verify.KeptOptionGoldenVerifyTest) ... ok
test_fusion_count_mismatch_reported (tests.test_blb_fusion_kept_option_verify.KeptOptionGoldenVerifyTest) ... ok
test_golden_invalid_reported (tests.test_blb_fusion_kept_option_verify.KeptOptionGoldenVerifyTest) ... ok
test_total_bits_mismatch_reported (tests.test_blb_fusion_kept_option_verify.KeptOptionGoldenVerifyTest) ... ok
test_load_maps_scans_directory_without_path_glob_or_sidecar_reads (tests.test_render_fusion_count_slots_eval_report.FusionCountSlotsEvalReportTest) ... ok
test_main_streams_html_report_without_full_render_string_write (tests.test_render_fusion_count_slots_eval_report.FusionCountSlotsEvalReportTest) ... ok
test_option_lookup_indexes_graph_options_once (tests.test_render_fusion_count_slots_eval_report.FusionCountSlotsEvalReportTest) ... ok
test_bound_slot_values_uses_mapping_items_without_dict_copy (tests.test_report_fusion_count_map.FusionCountMapReportTest) ... ok
test_build_report_payload_avoids_repeated_ordered_option_scans (tests.test_report_fusion_count_map.FusionCountMapReportTest) ... ok
test_build_report_payload_normalizes_base_slots_without_dict_copy (tests.test_report_fusion_count_map.FusionCountMapReportTest) ... ok
test_build_report_payload_passes_base_action_sequence_without_copy (tests.test_report_fusion_count_map.FusionCountMapReportTest) ... ok
test_build_report_payload_reuses_decoded_base_option (tests.test_report_fusion_count_map.FusionCountMapReportTest) ... ok
test_choose_option_scans_candidates_without_sorting (tests.test_report_fusion_count_map.FusionCountMapReportTest) ... ok
test_graph_occurrences_accumulates_unique_layers_without_list_dedupe (tests.test_report_fusion_count_map.FusionCountMapReportTest) ... ok
test_group_specs_reuses_graph_keys_view_without_list_copy (tests.test_report_fusion_count_map.FusionCountMapReportTest) ... ok
test_group_specs_reuses_graph_target_choices (tests.test_report_fusion_count_map.FusionCountMapReportTest) ... ok
test_load_maps_does_not_read_non_map_sidecars (tests.test_report_fusion_count_map.FusionCountMapReportTest) ... ok
test_load_maps_scans_directory_without_path_glob (tests.test_report_fusion_count_map.FusionCountMapReportTest) ... ok
test_main_reuses_static_default_degree_json_strings (tests.test_report_fusion_count_map.FusionCountMapReportTest) ... ok
test_main_streams_html_report_without_full_render_string_write (tests.test_report_fusion_count_map.FusionCountMapReportTest) ... ok
test_main_streams_stdout_json_summary (tests.test_report_fusion_count_map.FusionCountMapReportTest) ... ok
test_option_slot_summary_indexes_action_sequences_without_list_copy (tests.test_report_fusion_count_map.FusionCountMapReportTest) ... ok
test_option_slot_summary_uses_mapping_items_without_dict_copy (tests.test_report_fusion_count_map.FusionCountMapReportTest) ... ok
test_options_in_id_order_skips_sort_when_already_ordered (tests.test_report_fusion_count_map.FusionCountMapReportTest) ... ok
test_options_in_id_order_sorts_unordered_options (tests.test_report_fusion_count_map.FusionCountMapReportTest) ... ok
test_public_iter_fusion_map_paths_filters_sidecars (tests.test_report_fusion_count_map.FusionCountMapReportTest) ... ok
test_server_command_phase2_uses_shared_map_path_filter (tests.test_report_fusion_count_map.FusionCountMapReportTest) ... ok
test_splice_group_action_reuses_adjusted_block_actions (tests.test_report_fusion_count_map.FusionCountMapReportTest) ... ok
test_splice_group_slots_reuses_bound_slot_entries (tests.test_report_fusion_count_map.FusionCountMapReportTest) ... ok
test_splice_group_slots_reuses_field_kind_lookup (tests.test_report_fusion_count_map.FusionCountMapReportTest) ... ok
test_write_action_configs_reuses_static_baseline_layout (tests.test_report_fusion_count_map.FusionCountMapReportTest) ... ok
test_write_action_configs_uses_prebuilt_option_index (tests.test_report_fusion_count_map.FusionCountMapReportTest) ... ok
test_batch_archive_writer_streams_output_file (tests.test_rescale_config_discovery.RescaleConfigDiscoveryTest) ... ok
test_batch_discovery_scans_directory_without_path_glob (tests.test_rescale_config_discovery.RescaleConfigDiscoveryTest) ... ok
test_headroom_main_scans_directory_without_path_glob (tests.test_rescale_config_discovery.RescaleConfigDiscoveryTest) ... ok
test_format_actions_file_streams_delta_overrides_without_items_list (tests.test_rescale_gen_replan_actions.GenReplanActionsTest) ... ok
test_load_baseline_archive_reuses_parse_and_returns_fresh_lists (tests.test_rescale_optimizer_bridge_cache.BaselineArchiveCacheTest) ... ok
test_identical_optimizer_request_is_cached_across_layer_suffixes (tests.test_rescale_optimizer_bridge_cache.RescaleOptimizerBridgeCacheTest) ... ok
test_backward_dp_uses_stage_successor_adjacency (tests.test_rescale_optimizer_hotpaths.RescaleOptimizerHotPathTests) ... ok
test_compact_config_propagates_each_stage_without_nodes_between (tests.test_rescale_optimizer_hotpaths.RescaleOptimizerHotPathTests) ... ok
test_compact_replan_matches_full_result_without_building_full_output (tests.test_rescale_optimizer_hotpaths.RescaleOptimizerHotPathTests) ... ok
test_delta_state_restore_does_not_deepcopy_scalar_fields (tests.test_rescale_optimizer_hotpaths.RescaleOptimizerHotPathTests) ... ok
test_feasibility_dag_precomputes_cut_point_indices (tests.test_rescale_optimizer_hotpaths.RescaleOptimizerHotPathTests) ... ok
test_feasibility_dag_uses_incremental_stage_accumulation (tests.test_rescale_optimizer_hotpaths.RescaleOptimizerHotPathTests) ... ok
test_normalized_delta_override_dict_is_reused_without_reparsing (tests.test_rescale_optimizer_hotpaths.RescaleOptimizerHotPathTests) ... ok
test_reachability_uses_stage_successor_adjacency (tests.test_rescale_optimizer_hotpaths.RescaleOptimizerHotPathTests) ... ok
test_replan_session_reuses_precomputed_baseline_stage_paths (tests.test_rescale_optimizer_hotpaths.RescaleOptimizerHotPathTests) ... ok
test_replan_session_reuses_precomputed_delta_node_lookup (tests.test_rescale_optimizer_hotpaths.RescaleOptimizerHotPathTests) ... ok
test_compact_json_streams_dict_items_without_full_list_copy (tests.test_rescale_replan_what_if.ReplanWhatIfJsonTest) ... ok
test_discovers_configs_without_path_glob (tests.test_rescale_update_noise_tables.UpdateNoiseTablesDiscoveryTest) ... ok
test_fmt_dict_block_streams_items_without_full_list_copy (tests.test_rescale_update_noise_tables.UpdateNoiseTablesDiscoveryTest) ... ok
test_load_csv_avoids_per_row_dict_reader (tests.test_rescale_update_noise_tables.UpdateNoiseTablesDiscoveryTest) ... ok
test_action_eval_script_has_no_local_common_wrappers (tests.test_run_fusion_count_action_eval.FusionCountActionEvalTest) ... ok
test_build_combined_avoids_deepcopying_large_candidate_payloads (tests.test_run_fusion_count_action_eval.FusionCountActionEvalTest) ... ok
test_fixed_action_command_disables_unused_cost_matched_search (tests.test_run_fusion_count_action_eval.FusionCountActionEvalTest) ... ok
test_load_action_configs_does_not_retain_full_payload (tests.test_run_fusion_count_action_eval.FusionCountActionEvalTest) ... ok
test_load_action_configs_scans_directory_without_path_glob (tests.test_run_fusion_count_action_eval.FusionCountActionEvalTest) ... ok
test_main_defaults_to_one_batch_process_with_legacy_opt_in (tests.test_run_fusion_count_action_eval.FusionCountActionEvalTest) ... ok
test_main_defers_redundant_paean_plots_by_default (tests.test_run_fusion_count_action_eval.FusionCountActionEvalTest) ... ok
test_main_reuses_static_stage1_default_json_strings (tests.test_run_fusion_count_action_eval.FusionCountActionEvalTest) ... ok
test_main_streams_html_report_without_full_render_string_write (tests.test_run_fusion_count_action_eval.FusionCountActionEvalTest) ... ok
test_main_streams_stdout_json_without_json_dumps_string (tests.test_run_fusion_count_action_eval.FusionCountActionEvalTest) ... ok
test_split_batch_result_preserves_per_config_result_contract (tests.test_run_fusion_count_action_eval.FusionCountActionEvalTest) ... ok
test_unique_configs_reuses_first_config_without_copying (tests.test_run_fusion_count_action_eval.FusionCountActionEvalTest) ... ok
test_config_group_key_reuses_cached_group_key (tests.test_run_fusion_count_action_eval_rlpath.FusionCountActionEvalRLPathTest) ... ok
test_group_key_uses_retained_group_and_baseline_fields (tests.test_run_fusion_count_action_eval_rlpath.FusionCountActionEvalRLPathTest) ... ok
test_jsonable_converts_only_branches_that_need_conversion (tests.test_run_fusion_count_action_eval_rlpath.FusionCountActionEvalRLPathTest) ... ok
test_jsonable_does_not_reconvert_changed_dict_item (tests.test_run_fusion_count_action_eval_rlpath.FusionCountActionEvalRLPathTest) ... ok
test_jsonable_does_not_reconvert_changed_list_item (tests.test_run_fusion_count_action_eval_rlpath.FusionCountActionEvalRLPathTest) ... ok
test_jsonable_reuses_json_native_nested_payloads (tests.test_run_fusion_count_action_eval_rlpath.FusionCountActionEvalRLPathTest) ... ok
test_load_action_configs_does_not_retain_full_payload (tests.test_run_fusion_count_action_eval_rlpath.FusionCountActionEvalRLPathTest) ... ok
test_load_action_configs_scans_directory_without_path_glob (tests.test_run_fusion_count_action_eval_rlpath.FusionCountActionEvalRLPathTest) ... ok
test_main_reuses_static_stage1_default_json_strings (tests.test_run_fusion_count_action_eval_rlpath.FusionCountActionEvalRLPathTest) ... ok
test_main_streams_html_report_without_full_render_string_write (tests.test_run_fusion_count_action_eval_rlpath.FusionCountActionEvalRLPathTest) ... ok
test_main_streams_stdout_json_without_json_dumps_string (tests.test_run_fusion_count_action_eval_rlpath.FusionCountActionEvalRLPathTest) ... ok
test_module_import_is_dependency_light (tests.test_run_fusion_count_action_eval_rlpath.FusionCountActionEvalRLPathTest) ... ok
test_rlpath_script_has_no_local_common_wrappers (tests.test_run_fusion_count_action_eval_rlpath.FusionCountActionEvalRLPathTest) ... ok
test_unique_configs_reuses_cached_group_key (tests.test_run_fusion_count_action_eval_rlpath.FusionCountActionEvalRLPathTest) ... ok
test_unique_configs_reuses_first_config_without_copying (tests.test_run_fusion_count_action_eval_rlpath.FusionCountActionEvalRLPathTest) ... ok

----------------------------------------------------------------------
Ran 131 tests in 0.029s

OK (skipped=2)
