/var/tmp/root-home/miniconda3/envs/llm_ist/lib/python3.10/site-packages/transformers/utils/generic.py:441: FutureWarning: `torch.utils._pytree._register_pytree_node` is deprecated. Please use `torch.utils._pytree.register_pytree_node` instead.
  _torch_pytree._register_pytree_node(
/var/tmp/root-home/miniconda3/envs/llm_ist/lib/python3.10/site-packages/huggingface_hub/file_download.py:942: FutureWarning: `resume_download` is deprecated and will be removed in version 1.0.0. Downloads always resume when possible. If you want to force a new download, use `force_download=True`.
  warnings.warn(
/var/tmp/root-home/miniconda3/envs/llm_ist/lib/python3.10/site-packages/transformers/utils/generic.py:309: FutureWarning: `torch.utils._pytree._register_pytree_node` is deprecated. Please use `torch.utils._pytree.register_pytree_node` instead.
  _torch_pytree._register_pytree_node(
/var/tmp/root-home/miniconda3/envs/llm_ist/lib/python3.10/site-packages/transformers/utils/generic.py:309: FutureWarning: `torch.utils._pytree._register_pytree_node` is deprecated. Please use `torch.utils._pytree.register_pytree_node` instead.
  _torch_pytree._register_pytree_node(
Finetuning model with params:
base_model: textattack/bert-base-uncased-MRPC
data_path: mrpc
output_dir: experiment_results/layer_importance_runs/mrpc/20260326_185639_pid513962
batch_size: 16
micro_batch_size: 16
num_epochs: 1
learning_rate: 0.0002
cutoff_len: 256
val_set_size: 120
use_gradient_checkpointing: False
lora_r: 32
lora_alpha: 64
lora_dropout: 0.05
lora_target_modules: None
Wdecompose_target_modules: None
bottleneck_size: 256
non_linearity: tanh
adapter_dropout: 0.0
use_parallel_adapter: True
use_adapterp: False
train_on_inputs: True
scaling: 1.0
adapter_name: lora
target_modules: ['q_proj', 'k_proj', 'v_proj', 'up_proj', 'down_proj']
final_eval_config_source: json
final_eval_config_path: glue_configs_best_ppo.json
manual_final_gelu: 
manual_final_softmax: 
skip_noise_rl: False
noise_eval_config_source: search
noise_eval_config_path: glue_noise_configs_best_ppo.json
manual_noise_config: 
noise_eval_repeat_n: 200
skip_stage1_rl: True
skip_stage1_final_eval: True
skip_noise_final_eval: False
group_by_length: False
wandb_project: 
wandb_run_name: 
wandb_watch: 
wandb_log_model: 
resume_from_checkpoint: None

Auto-detected num_labels=2 for dataset 'mrpc'
BertForSequenceClassification(
  (bert): BertModel(
    (embeddings): BertEmbeddings(
      (word_embeddings): Embedding(30522, 768, padding_idx=0)
      (position_embeddings): Embedding(512, 768)
      (token_type_embeddings): Embedding(2, 768)
      (LayerNorm): LayerNorm((768,), eps=1e-12, elementwise_affine=True)
      (dropout): Dropout(p=0.1, inplace=False)
    )
    (encoder): BertEncoder(
      (layer): ModuleList(
        (0-11): 12 x BertLayer(
          (attention): BertAttention(
            (self): BertSelfAttention(
              (query): Linear(in_features=768, out_features=768, bias=True)
              (key): Linear(in_features=768, out_features=768, bias=True)
              (value): Linear(in_features=768, out_features=768, bias=True)
              (dropout): Dropout(p=0.1, inplace=False)
            )
            (output): BertSelfOutput(
              (dense): Linear(in_features=768, out_features=768, bias=True)
              (LayerNorm): LayerNorm((768,), eps=1e-12, elementwise_affine=True)
              (dropout): Dropout(p=0.1, inplace=False)
            )
          )
          (intermediate): BertIntermediate(
            (dense): Linear(in_features=768, out_features=3072, bias=True)
            (intermediate_act_fn): GELUActivation()
          )
          (output): BertOutput(
            (dense): Linear(in_features=3072, out_features=768, bias=True)
            (LayerNorm): LayerNorm((768,), eps=1e-12, elementwise_affine=True)
            (dropout): Dropout(p=0.1, inplace=False)
          )
        )
      )
    )
    (pooler): BertPooler(
      (dense): Linear(in_features=768, out_features=768, bias=True)
      (activation): Tanh()
    )
  )
  (dropout): Dropout(p=0.1, inplace=False)
  (classifier): Linear(in_features=768, out_features=2, bias=True)
)
Loading dataset: Dataset({
    features: ['sentence1', 'sentence2', 'label', 'idx'],
    num_rows: 408
})
Map:   0%|          | 0/3668 [00:00<?, ? examples/s]Map:  17%|█▋        | 612/3668 [00:00<00:00, 6084.09 examples/s]Map:  37%|███▋      | 1342/3668 [00:00<00:00, 5102.25 examples/s]Map:  51%|█████▏    | 1881/3668 [00:00<00:00, 5209.28 examples/s]Map:  68%|██████▊   | 2503/3668 [00:00<00:00, 4719.56 examples/s]Map:  87%|████████▋ | 3202/3668 [00:00<00:00, 4692.95 examples/s]Map: 100%|██████████| 3668/3668 [00:00<00:00, 4968.36 examples/s]
Map:   0%|          | 0/408 [00:00<?, ? examples/s]Map: 100%|██████████| 408/408 [00:00<00:00, 5885.69 examples/s]
You're using a BertTokenizerFast tokenizer. Please note that with a fast tokenizer, using the `__call__` method is faster than using a method to encode the text followed by a call to the `pad` method to get a padded encoding.
After tokenize: {'sentence1': 'A recent poll showed Edwards with a narrow lead in South Carolina , and he plans a rally there later on Tuesday .', 'sentence2': 'A recent poll showed Edwards in a virtual four-way tie at the top in South Carolina , and he plans a rally there later on Tuesday .', 'label': 1, 'idx': 1703, 'input_ids': [101, 1037, 3522, 8554, 3662, 7380, 2007, 1037, 4867, 2599, 1999, 2148, 3792, 1010, 1998, 2002, 3488, 1037, 8320, 2045, 2101, 2006, 9857, 1012, 102, 1037, 3522, 8554, 3662, 7380, 1999, 1037, 7484, 2176, 1011, 2126, 5495, 2012, 1996, 2327, 1999, 2148, 3792, 1010, 1998, 2002, 3488, 1037, 8320, 2045, 2101, 2006, 9857, 1012, 102], 'token_type_ids': [0, 0, 0, 0, 0, 0, 0, 0, 0, 0, 0, 0, 0, 0, 0, 0, 0, 0, 0, 0, 0, 0, 0, 0, 0, 1, 1, 1, 1, 1, 1, 1, 1, 1, 1, 1, 1, 1, 1, 1, 1, 1, 1, 1, 1, 1, 1, 1, 1, 1, 1, 1, 1, 1, 1], 'attention_mask': [1, 1, 1, 1, 1, 1, 1, 1, 1, 1, 1, 1, 1, 1, 1, 1, 1, 1, 1, 1, 1, 1, 1, 1, 1, 1, 1, 1, 1, 1, 1, 1, 1, 1, 1, 1, 1, 1, 1, 1, 1, 1, 1, 1, 1, 1, 1, 1, 1, 1, 1, 1, 1, 1, 1]}
After add label: {'sentence1': 'A recent poll showed Edwards with a narrow lead in South Carolina , and he plans a rally there later on Tuesday .', 'sentence2': 'A recent poll showed Edwards in a virtual four-way tie at the top in South Carolina , and he plans a rally there later on Tuesday .', 'labels': 1, 'idx': 1703, 'input_ids': [101, 1037, 3522, 8554, 3662, 7380, 2007, 1037, 4867, 2599, 1999, 2148, 3792, 1010, 1998, 2002, 3488, 1037, 8320, 2045, 2101, 2006, 9857, 1012, 102, 1037, 3522, 8554, 3662, 7380, 1999, 1037, 7484, 2176, 1011, 2126, 5495, 2012, 1996, 2327, 1999, 2148, 3792, 1010, 1998, 2002, 3488, 1037, 8320, 2045, 2101, 2006, 9857, 1012, 102], 'token_type_ids': [0, 0, 0, 0, 0, 0, 0, 0, 0, 0, 0, 0, 0, 0, 0, 0, 0, 0, 0, 0, 0, 0, 0, 0, 0, 1, 1, 1, 1, 1, 1, 1, 1, 1, 1, 1, 1, 1, 1, 1, 1, 1, 1, 1, 1, 1, 1, 1, 1, 1, 1, 1, 1, 1, 1], 'attention_mask': [1, 1, 1, 1, 1, 1, 1, 1, 1, 1, 1, 1, 1, 1, 1, 1, 1, 1, 1, 1, 1, 1, 1, 1, 1, 1, 1, 1, 1, 1, 1, 1, 1, 1, 1, 1, 1, 1, 1, 1, 1, 1, 1, 1, 1, 1, 1, 1, 1, 1, 1, 1, 1, 1, 1]}
After format: Dataset({
    features: ['sentence1', 'sentence2', 'labels', 'idx', 'input_ids', 'token_type_ids', 'attention_mask'],
    num_rows: 408
})
Train data size: 3668
Validation data size: 408
Reinforcement Learning to evaluate layer sensitivity to approximation
[Info] Dataset 'mrpc' detected as CLASSIFICATION task
[Info] Using metrics: Accuracy, F1
[Dataset Protocol] validation_full=408, val_search_full=285, val_holdout=123
Model compile started
Model compile finished
Starting evaluation...
Round 0 of evaluation
{'labels': tensor(1), 'input_ids': tensor([ 101, 1037, 3522, 8554, 3662, 7380, 2007, 1037, 4867, 2599, 1999, 2148,
        3792, 1010, 1998, 2002, 3488, 1037, 8320, 2045, 2101, 2006, 9857, 1012,
         102, 1037, 3522, 8554, 3662, 7380, 1999, 1037, 7484, 2176, 1011, 2126,
        5495, 2012, 1996, 2327, 1999, 2148, 3792, 1010, 1998, 2002, 3488, 1037,
        8320, 2045, 2101, 2006, 9857, 1012,  102]), 'token_type_ids': tensor([0, 0, 0, 0, 0, 0, 0, 0, 0, 0, 0, 0, 0, 0, 0, 0, 0, 0, 0, 0, 0, 0, 0, 0,
        0, 1, 1, 1, 1, 1, 1, 1, 1, 1, 1, 1, 1, 1, 1, 1, 1, 1, 1, 1, 1, 1, 1, 1,
        1, 1, 1, 1, 1, 1, 1]), 'attention_mask': tensor([1, 1, 1, 1, 1, 1, 1, 1, 1, 1, 1, 1, 1, 1, 1, 1, 1, 1, 1, 1, 1, 1, 1, 1,
        1, 1, 1, 1, 1, 1, 1, 1, 1, 1, 1, 1, 1, 1, 1, 1, 1, 1, 1, 1, 1, 1, 1, 1,
        1, 1, 1, 1, 1, 1, 1])}
{'labels': tensor(1), 'input_ids': tensor([ 101, 1037, 3522, 8554, 3662, 7380, 2007, 1037, 4867, 2599, 1999, 2148,
        3792, 1010, 1998, 2002, 3488, 1037, 8320, 2045, 2101, 2006, 9857, 1012,
         102, 1037, 3522, 8554, 3662, 7380, 1999, 1037, 7484, 2176, 1011, 2126,
        5495, 2012, 1996, 2327, 1999, 2148, 3792, 1010, 1998, 2002, 3488, 1037,
        8320, 2045, 2101, 2006, 9857, 1012,  102]), 'token_type_ids': tensor([0, 0, 0, 0, 0, 0, 0, 0, 0, 0, 0, 0, 0, 0, 0, 0, 0, 0, 0, 0, 0, 0, 0, 0,
        0, 1, 1, 1, 1, 1, 1, 1, 1, 1, 1, 1, 1, 1, 1, 1, 1, 1, 1, 1, 1, 1, 1, 1,
        1, 1, 1, 1, 1, 1, 1]), 'attention_mask': tensor([1, 1, 1, 1, 1, 1, 1, 1, 1, 1, 1, 1, 1, 1, 1, 1, 1, 1, 1, 1, 1, 1, 1, 1,
        1, 1, 1, 1, 1, 1, 1, 1, 1, 1, 1, 1, 1, 1, 1, 1, 1, 1, 1, 1, 1, 1, 1, 1,
        1, 1, 1, 1, 1, 1, 1])}
  0%|          | 0/26 [00:00<?, ?it/s] 23%|██▎       | 6/26 [00:00<00:00, 48.65it/s] 42%|████▏     | 11/26 [00:00<00:00, 46.16it/s] 62%|██████▏   | 16/26 [00:00<00:00, 44.25it/s] 81%|████████  | 21/26 [00:00<00:00, 44.87it/s]100%|██████████| 26/26 [00:00<00:00, 43.14it/s]
============================================================
STARTING CONFIGURATION EVALUATION
SEARCH_MODE=rl
FINAL_EVAL_CONFIG_SOURCE=json
[Info] First-stage RL/greedy search skipped (--skip-stage1-rl).
============================================================

--- Phase 1: SKIPPED (--skip-stage1-rl) ---
[Info] Baseline establishment is skipped because it is only used by first-stage RL/greedy search.

--- Phase 1.5: SKIPPED (--skip-stage1-rl) ---
[Info] GELU input distribution analysis is skipped because it is only used by first-stage RL/greedy search.

============================================================
PHASE 2.5: GREEDY SEARCH (SKIPPED)
============================================================
[Info] First-stage PPO/greedy skipped (--skip-stage1-rl).
[Info] GELU/Softmax 将根据 --final-eval-source 在最终评估模块中解析。
============================================================

============================================================
FINAL EVALUATION REPORT (验证集)
============================================================

============================================================
PHASE 3 + 4: SKIPPED (--skip-stage1-final-eval)
============================================================
[Info] 跳过第一阶段最终评估，直接使用 Selected (Saved RL) (source=json) 配置进入第二阶段。
  GELU   : [1, 1, 1, 1, 1, 4, 1, 1, 1, 1, 1, 1]
  Softmax: [2, 2, 5, 5, 5, 2, 5, 2, 5, 5, 6, 2]

============================================================
PHASE 5: SECOND-STAGE NOISE RL
Fixed GELU/Softmax source=json, label=Selected (Saved RL)
Fixed GELU   : [1, 1, 1, 1, 1, 4, 1, 1, 1, 1, 1, 1]
Fixed Softmax: [2, 2, 5, 5, 5, 2, 5, 2, 5, 5, 6, 2]
============================================================
已替换 11 层的GELU函数
已替换 1 层的GELU函数
已替换 5 层的Softmax函数
已替换 6 层的Softmax函数
已替换 1 层的Softmax函数
Input noise enabled for 12 layers (scaling_factor=30, distribution=fresh)
query noise enabled for 12 layers (scaling_factor=22, distribution=encoding)
key noise enabled for 12 layers (scaling_factor=22, distribution=encoding)
value noise enabled for 12 layers (scaling_factor=22, distribution=encoding)
wo noise enabled for 12 layers (scaling_factor=22, distribution=encoding)
wffn1 noise enabled for 12 layers (scaling_factor=24, distribution=encoding)
wffn2 noise enabled for 12 layers (scaling_factor=22, distribution=encoding)
已替换 11 层的GELU函数
已替换 1 层的GELU函数
已替换 5 层的Softmax函数
已替换 6 层的Softmax函数
已替换 1 层的Softmax函数
Input noise enabled for 12 layers (scaling_factor=30, distribution=fresh)
query noise enabled for 12 layers (scaling_factor=22, distribution=encoding)
key noise enabled for 12 layers (scaling_factor=22, distribution=encoding)
value noise enabled for 12 layers (scaling_factor=22, distribution=encoding)
wo noise enabled for 12 layers (scaling_factor=22, distribution=encoding)
wffn1 noise enabled for 12 layers (scaling_factor=24, distribution=encoding)
wffn2 noise enabled for 12 layers (scaling_factor=22, distribution=encoding)
Noise-Stage Baseline Metrics (Training Set):
  Loss: 0.116226, Accuracy: 0.966467, F1: 0.966463
  Noise Cost: 49.20 | Breakdown={'x': 9.0, 'wq': 6.599999999999999, 'wk': 6.599999999999999, 'wv': 6.599999999999999, 'wo': 6.599999999999999, 'wffn1': 7.199999999999999, 'wffn2': 6.599999999999999}
Noise-Stage Baseline Metrics (val_search_full - used for reward):
  Loss: 0.320724, Accuracy: 0.891228, F1: 0.889986
Noise-Stage Constraints (based on val_search_full):
  Loss<=0.3357, Accuracy>=0.8779, F1>=0.8766
Noise-Stage Training Hyperparameters:
  GTrXL(d_model=256, heads=8, layers=4, d_ff=512, dropout=0.1)
  PPO(max_episodes=40000, eps_clip=0.15, k_epochs=10, warmup_mode=constant, warmup_updates=0, short_warmup_updates=20)
  MC samples=3 | RewardEstimator(hidden=(128, 64), lr=0.001, replay=4096, warmup=32, batch=64, epochs=4)
  CandidateConfirm(repeats=5) | FinalistConfirm(repeats=15, shortlist=5) | ProgressPlots(every=10000, dir=experiment_results/noise_rl_progress)
  StabilityThresholds(search={'loss_std': 0.008, 'metric1_std': 0.008, 'metric2_std': 0.008}, holdout={'loss_std': 0.01, 'metric1_std': 0.012, 'metric2_std': 0.012}, proxy_ref=0.008, penalty_scale=0.1)
100%|██████████| 26/26 [00:17<00:00, 43.14it/s]已替换 11 层的GELU函数
已替换 1 层的GELU函数
已替换 5 层的Softmax函数
已替换 6 层的Softmax函数
已替换 1 层的Softmax函数
Input noise enabled for 12 layers (scaling_factor=30, distribution=fresh)
query noise enabled for 12 layers (scaling_factor=22, distribution=encoding)
key noise enabled for 12 layers (scaling_factor=22, distribution=encoding)
value noise enabled for 12 layers (scaling_factor=22, distribution=encoding)
wo noise enabled for 12 layers (scaling_factor=22, distribution=encoding)
wffn1 noise enabled for 12 layers (scaling_factor=24, distribution=encoding)
wffn2 noise enabled for 12 layers (scaling_factor=22, distribution=encoding)
[Info] Noise-stage online reward uses val_search_full (constraints stay on val_search_full)
Traceback (most recent call last):
  File "/var/tmp/root-home/Reinforcement-For-Robustness/rl_tune.py", line 650, in <module>
    fire.Fire(train)
  File "/var/tmp/root-home/miniconda3/envs/llm_ist/lib/python3.10/site-packages/fire/core.py", line 141, in Fire
    component_trace = _Fire(component, args, parsed_flag_args, context, name)
  File "/var/tmp/root-home/miniconda3/envs/llm_ist/lib/python3.10/site-packages/fire/core.py", line 475, in _Fire
    component, remaining_args = _CallAndUpdateTrace(
  File "/var/tmp/root-home/miniconda3/envs/llm_ist/lib/python3.10/site-packages/fire/core.py", line 691, in _CallAndUpdateTrace
    component = fn(*varargs, **kwargs)
  File "/var/tmp/root-home/Reinforcement-For-Robustness/rl_tune.py", line 616, in train
    eval_results = trainer.evaluate(eval_dataset=val_data)
  File "/var/tmp/root-home/miniconda3/envs/llm_ist/lib/python3.10/site-packages/transformers/trainer.py", line 3035, in evaluate
    self.control = self.callback_handler.on_evaluate(self.args, self.state, self.control, output.metrics)
  File "/var/tmp/root-home/miniconda3/envs/llm_ist/lib/python3.10/site-packages/transformers/trainer_callback.py", line 396, in on_evaluate
    return self.call_event("on_evaluate", args, state, control, metrics=metrics)
  File "/var/tmp/root-home/miniconda3/envs/llm_ist/lib/python3.10/site-packages/transformers/trainer_callback.py", line 414, in call_event
    result = getattr(callback, event)(
  File "/var/tmp/root-home/Reinforcement-For-Robustness/layer_importance_evaluator.py", line 5147, in on_evaluate
    noise_stage_result = self.run_noise_rl_stage(
  File "/var/tmp/root-home/Reinforcement-For-Robustness/layer_importance_evaluator.py", line 3396, in run_noise_rl_stage
    return module.run(fixed_gelu, fixed_softmax, fixed_label, fixed_source)
  File "/var/tmp/root-home/Reinforcement-For-Robustness/noise_rl_module.py", line 858, in run
    next_state, reward, done, info = env.step(*[a.item() for a in actions])
  File "/var/tmp/root-home/Reinforcement-For-Robustness/noise_rl_module.py", line 2038, in step
    self._weight_noise_cost_map[wffn1_sf] +
KeyError: 24
100%|██████████| 26/26 [00:19<00:00,  1.33it/s]
