test_candidate_indices_below_baseline_are_streamed (tests.test_blb_f0_scan.BLBF0ScanTests.test_candidate_indices_below_baseline_are_streamed) ... ok
test_main_streams_stdout_json_without_json_dumps_string (tests.test_blb_f0_scan.BLBF0ScanTests.test_main_streams_stdout_json_without_json_dumps_string) ... ok
test_mask_reuses_sorted_allowed_indices_for_values (tests.test_blb_f0_scan.BLBF0ScanTests.test_mask_reuses_sorted_allowed_indices_for_values) ... ok
test_per_slot_summary_scans_rows_once (tests.test_blb_f0_scan.BLBF0ScanTests.test_per_slot_summary_scans_rows_once) ... ok
test_safe_allowed_k_indices_uses_shared_int_parser (tests.test_blb_f0_scan.BLBF0ScanTests.test_safe_allowed_k_indices_uses_shared_int_parser) ... ok
test_scan_stops_when_baseline_is_invalid (tests.test_blb_f0_scan.BLBF0ScanTests.test_scan_stops_when_baseline_is_invalid) ... ok
test_scan_streams_markdown_outputs_without_write_text (tests.test_blb_f0_scan.BLBF0ScanTests.test_scan_streams_markdown_outputs_without_write_text) ... FAIL
test_scan_writes_per_slot_mask_and_rank_fields (tests.test_blb_f0_scan.BLBF0ScanTests.test_scan_writes_per_slot_mask_and_rank_fields) ... ok
test_smallest_cost_rows_does_not_full_sort (tests.test_blb_f0_scan.BLBF0ScanTests.test_smallest_cost_rows_does_not_full_sort) ... ok

======================================================================
FAIL: test_scan_streams_markdown_outputs_without_write_text (tests.test_blb_f0_scan.BLBF0ScanTests.test_scan_streams_markdown_outputs_without_write_text)
----------------------------------------------------------------------
Traceback (most recent call last):
  File "/hy-tmp/f0_scan_md_stream_red_bf78781_20260704_141650/tests/test_blb_f0_scan.py", line 301, in test_scan_streams_markdown_outputs_without_write_text
    run_scan_core(
  File "/hy-tmp/f0_scan_md_stream_red_bf78781_20260704_141650/scripts/blb_f0_scan_feasible_domain.py", line 575, in run_scan_core
    (out / "per_slot_summary.md").write_text("\n".join(md_lines) + "\n", encoding="utf-8")
  File "/usr/lib/python3.11/unittest/mock.py", line 1124, in __call__
    return self._mock_call(*args, **kwargs)
           ^^^^^^^^^^^^^^^^^^^^^^^^^^^^^^^^
  File "/usr/lib/python3.11/unittest/mock.py", line 1128, in _mock_call
    return self._execute_mock_call(*args, **kwargs)
           ^^^^^^^^^^^^^^^^^^^^^^^^^^^^^^^^^^^^^^^^
  File "/usr/lib/python3.11/unittest/mock.py", line 1183, in _execute_mock_call
    raise effect
AssertionError: F0 markdown outputs should stream file writes

----------------------------------------------------------------------
Ran 9 tests in 0.078s

FAILED (failures=1)
