test_action_dist_avoids_gpu_sync_for_zero_exploration_floor (tests.test_sequential_smoke.MultiGpuProbeThroughputRegressionTest.test_action_dist_avoids_gpu_sync_for_zero_exploration_floor) ... ok
test_env_has_persistent_install_and_timing_diagnostics (tests.test_sequential_smoke.MultiGpuProbeThroughputRegressionTest.test_env_has_persistent_install_and_timing_diagnostics) ... /hy-tmp/rfr_runtime_optimization/tests/test_sequential_smoke.py:1327: ResourceWarning: unclosed file <_io.TextIOWrapper name='blb_stage2_rl/env.py' mode='r' encoding='utf-8'>
  src = open("blb_stage2_rl/env.py", encoding="utf-8").read()
ResourceWarning: Enable tracemalloc to get the object allocation traceback
ok
test_legacy_action_mask_validation_avoids_gpu_scalar_sync_for_numpy_masks (tests.test_sequential_smoke.MultiGpuProbeThroughputRegressionTest.test_legacy_action_mask_validation_avoids_gpu_scalar_sync_for_numpy_masks) ... ok
test_legacy_ppo_update_accumulates_metrics_on_device (tests.test_sequential_smoke.MultiGpuProbeThroughputRegressionTest.test_legacy_ppo_update_accumulates_metrics_on_device) ... ok
test_legacy_ppo_update_reuses_device_minibatch_indices_per_epoch (tests.test_sequential_smoke.MultiGpuProbeThroughputRegressionTest.test_legacy_ppo_update_reuses_device_minibatch_indices_per_epoch) ... ok
test_legacy_rollout_buffer_packs_numpy_arrays_in_single_pass (tests.test_sequential_smoke.MultiGpuProbeThroughputRegressionTest.test_legacy_rollout_buffer_packs_numpy_arrays_in_single_pass) ... ok
test_legacy_stage2_rollout_defers_logprob_value_sync_until_buffer_pack (tests.test_sequential_smoke.MultiGpuProbeThroughputRegressionTest.test_legacy_stage2_rollout_defers_logprob_value_sync_until_buffer_pack) ... ok
test_probe_runner_aggregates_trial_results_in_preallocated_lists (tests.test_sequential_smoke.MultiGpuProbeThroughputRegressionTest.test_probe_runner_aggregates_trial_results_in_preallocated_lists) ... /hy-tmp/rfr_runtime_optimization/tests/test_sequential_smoke.py:1319: ResourceWarning: unclosed file <_io.TextIOWrapper name='blb_stage2_rl/probe_runner.py' mode='r' encoding='utf-8'>
  src = open("blb_stage2_rl/probe_runner.py", encoding="utf-8").read()
ResourceWarning: Enable tracemalloc to get the object allocation traceback
ok
test_probe_runner_caches_round_robin_trial_assignments (tests.test_sequential_smoke.MultiGpuProbeThroughputRegressionTest.test_probe_runner_caches_round_robin_trial_assignments) ... /hy-tmp/rfr_runtime_optimization/tests/test_sequential_smoke.py:1309: ResourceWarning: unclosed file <_io.TextIOWrapper name='blb_stage2_rl/probe_runner.py' mode='r' encoding='utf-8'>
  src = open("blb_stage2_rl/probe_runner.py", encoding="utf-8").read()
ResourceWarning: Enable tracemalloc to get the object allocation traceback
ok
test_probe_runner_parallelizes_setup_and_clear (tests.test_sequential_smoke.MultiGpuProbeThroughputRegressionTest.test_probe_runner_parallelizes_setup_and_clear) ... /hy-tmp/rfr_runtime_optimization/tests/test_sequential_smoke.py:1297: ResourceWarning: unclosed file <_io.TextIOWrapper name='blb_stage2_rl/probe_runner.py' mode='r' encoding='utf-8'>
  src = open("blb_stage2_rl/probe_runner.py", encoding="utf-8").read()
ResourceWarning: Enable tracemalloc to get the object allocation traceback
ok
test_rollout_policy_uses_causal_prefix_fast_path (tests.test_sequential_smoke.MultiGpuProbeThroughputRegressionTest.test_rollout_policy_uses_causal_prefix_fast_path) ... ok
test_running_mean_std_updates_torch_tensor_without_full_cpu_copy (tests.test_sequential_smoke.MultiGpuProbeThroughputRegressionTest.test_running_mean_std_updates_torch_tensor_without_full_cpu_copy) ... ok
test_sequential_advantage_norm_avoids_scalar_sync (tests.test_sequential_smoke.MultiGpuProbeThroughputRegressionTest.test_sequential_advantage_norm_avoids_scalar_sync) ... ok
test_sequential_ppo_update_accumulates_metrics_on_device (tests.test_sequential_smoke.MultiGpuProbeThroughputRegressionTest.test_sequential_ppo_update_accumulates_metrics_on_device) ... ok
test_sequential_ppo_update_batches_nonfinite_checks_before_cpu_sync (tests.test_sequential_smoke.MultiGpuProbeThroughputRegressionTest.test_sequential_ppo_update_batches_nonfinite_checks_before_cpu_sync) ... ok
test_sequential_ppo_update_reuses_device_minibatch_indices_per_epoch (tests.test_sequential_smoke.MultiGpuProbeThroughputRegressionTest.test_sequential_ppo_update_reuses_device_minibatch_indices_per_epoch) ... ok
test_sequential_ppo_update_reuses_minibatch_gathers (tests.test_sequential_smoke.MultiGpuProbeThroughputRegressionTest.test_sequential_ppo_update_reuses_minibatch_gathers) ... ok
test_sequential_rollout_buffer_packs_numpy_arrays_in_single_pass (tests.test_sequential_smoke.MultiGpuProbeThroughputRegressionTest.test_sequential_rollout_buffer_packs_numpy_arrays_in_single_pass) ... ok
test_sequential_runner_enables_persistent_install_after_preflight (tests.test_sequential_smoke.MultiGpuProbeThroughputRegressionTest.test_sequential_runner_enables_persistent_install_after_preflight) ... /hy-tmp/rfr_runtime_optimization/tests/test_sequential_smoke.py:1340: ResourceWarning: unclosed file <_io.TextIOWrapper name='blb_stage2_rl/sequential_runner.py' mode='r' encoding='utf-8'>
  src = open("blb_stage2_rl/sequential_runner.py", encoding="utf-8").read()
ResourceWarning: Enable tracemalloc to get the object allocation traceback
ok
test_sequential_running_mean_std_updates_torch_tensor_without_full_cpu_copy (tests.test_sequential_smoke.MultiGpuProbeThroughputRegressionTest.test_sequential_running_mean_std_updates_torch_tensor_without_full_cpu_copy) ... ok
test_sequential_stage2_enables_fast_math_before_model_setup (tests.test_sequential_smoke.MultiGpuProbeThroughputRegressionTest.test_sequential_stage2_enables_fast_math_before_model_setup) ... ok
test_sequential_stage2_rollout_defers_logprob_value_sync_until_buffer_pack (tests.test_sequential_smoke.MultiGpuProbeThroughputRegressionTest.test_sequential_stage2_rollout_defers_logprob_value_sync_until_buffer_pack) ... ok
test_stage1_entropy_recovery_avoids_loss_path_item_sync (tests.test_sequential_smoke.MultiGpuProbeThroughputRegressionTest.test_stage1_entropy_recovery_avoids_loss_path_item_sync) ... ok
test_stage1_ppo_computes_gae_batch_on_device (tests.test_sequential_smoke.MultiGpuProbeThroughputRegressionTest.test_stage1_ppo_computes_gae_batch_on_device) ... ok
test_stage1_ppo_epoch_indices_are_created_on_device (tests.test_sequential_smoke.MultiGpuProbeThroughputRegressionTest.test_stage1_ppo_epoch_indices_are_created_on_device) ... ok
test_stage1_ppo_kl_early_stop_accumulates_on_device_until_epoch_end (tests.test_sequential_smoke.MultiGpuProbeThroughputRegressionTest.test_stage1_ppo_kl_early_stop_accumulates_on_device_until_epoch_end) ... ok
test_stage1_ppo_return_metrics_sync_once_after_minibatches (tests.test_sequential_smoke.MultiGpuProbeThroughputRegressionTest.test_stage1_ppo_return_metrics_sync_once_after_minibatches) ... ok
test_stage1_ppo_return_normalization_stays_on_device (tests.test_sequential_smoke.MultiGpuProbeThroughputRegressionTest.test_stage1_ppo_return_normalization_stays_on_device) ... ok
test_stage2_fusion_action_level_masks_are_cached_per_device (tests.test_sequential_smoke.MultiGpuProbeThroughputRegressionTest.test_stage2_fusion_action_level_masks_are_cached_per_device) ... ok
test_stage2_parallel_rollout_batches_worker_scalar_sync_at_episode_end (tests.test_sequential_smoke.MultiGpuProbeThroughputRegressionTest.test_stage2_parallel_rollout_batches_worker_scalar_sync_at_episode_end) ... ok
test_stage2_step_static_tensors_are_cached_per_schedule_device (tests.test_sequential_smoke.MultiGpuProbeThroughputRegressionTest.test_stage2_step_static_tensors_are_cached_per_schedule_device) ... ok
test_truncated_policy_forward_matches_full_causal_prefix (tests.test_sequential_smoke.MultiGpuProbeThroughputRegressionTest.test_truncated_policy_forward_matches_full_causal_prefix) ... ok

----------------------------------------------------------------------
Ran 32 tests in 1.506s

OK
