/usr/local/lib/python3.11/dist-packages/transformers/tokenization_utils_base.py:1601: FutureWarning: `clean_up_tokenization_spaces` was not set. It will be set to `True` by default. This behavior will be depracted in transformers v4.45, and will be then set to `False` by default. For more details check this issue: https://github.com/huggingface/transformers/issues/31884
  warnings.warn(
Using the latest cached version of the dataset since nyu-mll/glue couldn't be found on the Hugging Face Hub (offline mode is enabled).
Using the latest cached version of the dataset since nyu-mll/glue couldn't be found on the Hugging Face Hub (offline mode is enabled).
[dataset] load_dataset('nyu-mll/glue', 'sst2') failed (ValueError: Couldn't find cache for nyu-mll/glue for config 'sst2'
Available configs in the cache: ['rte']); using equivalent direct parquet route for the same nyu-mll/glue revision='main' via https://huggingface.co; audit_log=Parting Chapter/persistent/rl/bert-large/sst2/s1t0.001_s2t0.001_s2st2.0__bertlarge_sst2_stage2_k3_4gpu_1b34e949_20260801/logs/glue_dataset_equivalent_route.txt
[PPO] ppo_update_interval=120 (batch=1440 steps, details chunk=360 episodes)
Finetuning model with params:
base_model: yoshitomo-matsubara/bert-large-uncased-sst2
data_path: sst2
output_dir: Parting Chapter/persistent/rl/bert-large/sst2/s1t0.001_s2t0.001_s2st2.0__bertlarge_sst2_stage2_k3_4gpu_1b34e949_20260801
batch_size: 64
micro_batch_size: 64
num_epochs: 1
learning_rate: 0.0002
rl_lr: 0.0001
stage1_rl_lr: 0.0001
stage2_rl_lr: 5e-05
cutoff_len: 256
val_set_size: 120
use_gradient_checkpointing: False
lora_r: 8
lora_alpha: 16
lora_dropout: 0.05
lora_target_modules: None
Wdecompose_target_modules: None
bottleneck_size: 256
non_linearity: tanh
adapter_dropout: 0.0
use_parallel_adapter: True
use_adapterp: False
train_on_inputs: True
scaling: 1.0
adapter_name: lora
target_modules: ['q_proj', 'k_proj', 'v_proj', 'up_proj', 'down_proj']
final_eval_config_source: search
final_eval_config_path: glue_final_configs_best_ppo.json
manual_stage1_gelu: 
manual_stage1_softmax: 
manual_stage2_noise: 
stage1_rl_episodes: 51000
stage1_entropy_stop_threshold: None
stage2_rl_episodes: 50000
stage1_rl_episodes_specified: False
stage2_rl_episodes_specified: True
skip_noise_rl: False
final_eval_repeat_n: 50
final_eval_preset: default
final_eval_output_root: 
final_eval_run_name: 
final_eval_random_enabled: False
final_eval_action_config: 
final_eval_action_ranges: 
final_eval_action_fixed: 
final_eval_require_rescale_optimizer: False
skip_stage1_rl: True
skip_final_eval: True
final_eval_only: False
group_by_length: False
wandb_project: 
wandb_run_name: 
wandb_watch: 
wandb_log_model: 
resume_from_checkpoint: None
resume_run_dir: 
stage2_rl_variant: blb_v3
blb_v3_rescale_invoker_kind: in_process
blb_v3_inproc_rescale_optimizer_root: Rescale_optimizer
blb_v3_warmstart_anchor_episodes: None
blb_v3_warmstart_neighbor_ramp_episodes: None
blb_v3_warmstart_neighbor_max_mutations: None
blb_v3_warmstart_neighbor_max_radius: None
blb_v3_warmstart_neighbor_sampling: None
blb_v3_guarded_radius2_enabled: None
blb_v3_guarded_radius2_min_episode: None
blb_v3_guarded_radius2_stall_window: None
blb_v3_guarded_radius2_max_mutations: None
blb_v3_guarded_radius2_episode_fraction: None
blb_v3_guarded_radius2_cooldown_episodes: None
blb_v3_static_invalid_level_mask_enabled: None
blb_v3_warmstart_baseline_bias: None
blb_v3_warmstart_bias_gain: None
blb_v3_ent_coef: None
blb_v3_ent_coef_anchor: None
blb_v3_ent_coef_ramp_episodes: None
blb_v3_action_mask_enabled: False
blb_v3_action_mask_mode: none
blb_v3_action_mask_file: 
blb_v3_action_mask_baseline_logit_bonus: 0.0
blb_v3_action_mask_source: 

Auto-detected num_labels=2 for dataset 'sst2'
BertForSequenceClassification(
  (bert): BertModel(
    (embeddings): BertEmbeddings(
      (word_embeddings): Embedding(30522, 1024, padding_idx=0)
      (position_embeddings): Embedding(512, 1024)
      (token_type_embeddings): Embedding(2, 1024)
      (LayerNorm): LayerNorm((1024,), eps=1e-12, elementwise_affine=True)
      (dropout): Dropout(p=0.1, inplace=False)
    )
    (encoder): BertEncoder(
      (layer): ModuleList(
        (0-23): 24 x BertLayer(
          (attention): BertAttention(
            (self): BertSdpaSelfAttention(
              (query): Linear(in_features=1024, out_features=1024, bias=True)
              (key): Linear(in_features=1024, out_features=1024, bias=True)
              (value): Linear(in_features=1024, out_features=1024, bias=True)
              (dropout): Dropout(p=0.1, inplace=False)
            )
            (output): BertSelfOutput(
              (dense): Linear(in_features=1024, out_features=1024, bias=True)
              (LayerNorm): LayerNorm((1024,), eps=1e-12, elementwise_affine=True)
              (dropout): Dropout(p=0.1, inplace=False)
            )
          )
          (intermediate): BertIntermediate(
            (dense): Linear(in_features=1024, out_features=4096, bias=True)
            (intermediate_act_fn): GELUActivation()
          )
          (output): BertOutput(
            (dense): Linear(in_features=4096, out_features=1024, bias=True)
            (LayerNorm): LayerNorm((1024,), eps=1e-12, elementwise_affine=True)
            (dropout): Dropout(p=0.1, inplace=False)
          )
        )
      )
    )
    (pooler): BertPooler(
      (dense): Linear(in_features=1024, out_features=1024, bias=True)
      (activation): Tanh()
    )
  )
  (dropout): Dropout(p=0.1, inplace=False)
  (classifier): Linear(in_features=1024, out_features=2, bias=True)
)
Traceback (most recent call last):
  File "/hy-tmp/RFR_sst2_stage2_1b34e949/rl_tune.py", line 401, in load_glue_dataset_equivalent
    data = load_dataset_fn("nyu-mll/glue", task)
           ^^^^^^^^^^^^^^^^^^^^^^^^^^^^^^^^^^^^^
  File "/usr/local/lib/python3.11/dist-packages/datasets/load.py", line 1696, in load_dataset
    builder_instance = load_dataset_builder(
                       ^^^^^^^^^^^^^^^^^^^^^
  File "/usr/local/lib/python3.11/dist-packages/datasets/load.py", line 1361, in load_dataset_builder
    builder_instance: DatasetBuilder = builder_cls(
                                       ^^^^^^^^^^^^
  File "/usr/local/lib/python3.11/dist-packages/datasets/packaged_modules/cache/cache.py", line 125, in __init__
    config_name, version, hash = _find_hash_in_cache(
                                 ^^^^^^^^^^^^^^^^^^^^
  File "/usr/local/lib/python3.11/dist-packages/datasets/packaged_modules/cache/cache.py", line 65, in _find_hash_in_cache
    raise ValueError(
ValueError: Couldn't find cache for nyu-mll/glue for config 'sst2'
Available configs in the cache: ['rte']

The above exception was the direct cause of the following exception:

Traceback (most recent call last):
  File "/hy-tmp/RFR_sst2_stage2_1b34e949/rl_tune.py", line 1571, in <module>
    run_fire_entrypoint(
  File "/hy-tmp/RFR_sst2_stage2_1b34e949/runtime_error_reporter.py", line 163, in run_fire_entrypoint
    fire_module.Fire(target)
  File "/usr/local/lib/python3.11/dist-packages/fire/core.py", line 135, in Fire
    component_trace = _Fire(component, args, parsed_flag_args, context, name)
                      ^^^^^^^^^^^^^^^^^^^^^^^^^^^^^^^^^^^^^^^^^^^^^^^^^^^^^^^
  File "/usr/local/lib/python3.11/dist-packages/fire/core.py", line 468, in _Fire
    component, remaining_args = _CallAndUpdateTrace(
                                ^^^^^^^^^^^^^^^^^^^^
  File "/usr/local/lib/python3.11/dist-packages/fire/core.py", line 684, in _CallAndUpdateTrace
    component = fn(*varargs, **kwargs)
                ^^^^^^^^^^^^^^^^^^^^^^
  File "/hy-tmp/RFR_sst2_stage2_1b34e949/rl_tune.py", line 1163, in train
    data = load_glue_dataset_equivalent(
           ^^^^^^^^^^^^^^^^^^^^^^^^^^^^^
  File "/hy-tmp/RFR_sst2_stage2_1b34e949/rl_tune.py", line 455, in load_glue_dataset_equivalent
    raise RuntimeError(
RuntimeError: Failed to load GLUE task 'sst2' via nyu-mll/glue and the local/cache or equivalent parquet routes. Primary error: ValueError("Couldn't find cache for nyu-mll/glue for config 'sst2'\nAvailable configs in the cache: ['rte']"); equivalent parquet errors: ['hf_cache_local_files_only: ValueError("Couldn\'t find cache for nyu-mll/glue for config \'sst2\'\\nAvailable configs in the cache: [\'rte\']")', "https://huggingface.co: OfflineModeIsEnabled('Cannot reach https://huggingface.co/api/datasets/nyu-mll/glue/revision/main: offline mode is enabled. To disable it, please unset the `HF_HUB_OFFLINE` environment variable.')"]
