{
  "label": "production",
  "source_commit": "8f5792ac",
  "samples_seconds": [
    1.2650157370371744,
    1.2584395540179685,
    1.2532950669992715,
    1.2641845130128786,
    1.2662905909819528,
    1.2567674900055863,
    1.2621313369600102,
    1.2516295239911415,
    1.250092083006166,
    1.2554102510330267,
    1.2571343969902955
  ],
  "median_seconds": 1.2571343969902955,
  "mean_seconds": 1.258217322185043,
  "result": [
    769,
    1,
    "8d76a3ab286630d6ee68f7a341961c0673c0c34c264bccb293e8db790bd41b62"
  ],
  "results_identical": true,
  "verify": {
    "checked": 10,
    "num_random": 8
  }
}
