启动配置：
  搜索算法：普通强化学习（rl）（显式指定）
  数据集：mrpc（显式指定）
  模型类型：BERT Base（bert-base）（显式指定）
  日志文件：output.log（使用默认值）
  批大小：16（使用默认值）
  模式目录：/hy-tmp/rfr_stage1_ab_180d319_20260704_090423_min170_wait/out/g1/stage1（显式指定）
  运行目录：/hy-tmp/rfr_stage1_ab_180d319_20260704_090423_min170_wait/out/g1/stage1/bert base mrpc（显式指定）
  Stage-1 回合数：170（显式指定）
  Stage-1 准确度约束：0.0（显式指定）
  Stage-2 指标约束百分比：0.05（使用默认值）
  Stage-2 稳定性约束倍率：1.2（使用默认值）
  Stage-2 K 次噪声试验：5（使用默认值）
  Stage-2 探针子集大小：256（使用默认值）
  持久化根目录：/hy-tmp/rfr_stage1_ab_180d319_20260704_090423_min170_wait/out/g1/persistent（显式指定）
  持久化目录：/hy-tmp/rfr_stage1_ab_180d319_20260704_090423_min170_wait/out/g1/stage1/bert base mrpc（显式指定）
  从头训练：是（显式指定）
  Stage-1 回合数：170（显式指定）
  Stage-2 回合数：40000（使用默认值）
  Stage-2 RL 实现：blb_v3（使用默认值）
  BLB v3 action mask：否（使用默认值）
  BLB v3 action mask 模式：none（使用默认值）
  BLB v3 baseline logit 加成：0（使用默认值）
  PPO 更新间隔：170（显式指定）
  BLB rollout 大小：170（使用默认值）
  BLB Rescale optimizer：in_process_real (Rescale_optimizer)（使用默认值）
  BLB neighbor ramp：auto（使用默认值）
  BLB neighbor max mutations：auto（使用默认值）
  BLB neighbor max radius：auto（使用默认值）
  BLB entropy coef：auto（使用默认值）
  BLB entropy ramp episodes：auto（使用默认值）
  BLB fast reward mode：否（使用默认值）
  BLB online K trials：5（使用默认值）
  BLB terminal eval batch：4（使用默认值）
  BLB promotion validation trials：4（使用默认值）
  BLB final selection top N：20（使用默认值）
  BLB final selection validation trials：20（使用默认值）
  Stage-1 学习率：2e-5（显式指定）
  Stage-2 学习率：1e-4（使用默认值）
  被动 final_eval 预设：default（使用默认值）
  最终评估来源：搜索结果（search）（使用默认值）
  Stage-2 固定 GELU/Softmax 来源：Stage-1 搜索结果（stage1_result）（使用默认值）
  跳过 Stage-1 搜索：否（使用默认值）
  跳过 Stage-2 搜索：是（显式指定）
  跳过最终评估：是（使用默认值）
  仅运行最终评估：否（使用默认值）
  CUDA_VISIBLE_DEVICES：0（显式指定）
  实际执行命令（Command）：python rl_tune.py --base_model textattack/bert-base-uncased-MRPC --data_path mrpc --output_dir /hy-tmp/rfr_stage1_ab_180d319_20260704_090423_min170_wait/out/g1/stage1/bert\ base\ mrpc --batch_size 16 --micro_batch_size 16 --num_epochs 1 --learning_rate 2e-4 --cutoff_len 256 --val_set_size 120 --eval_step 80 --adapter_name lora --target_modules \[\"q_proj\"\,\ \"k_proj\"\,\ \"v_proj\"\,\ \"up_proj\"\,\ \"down_proj\"\] --stage1_rl_episodes 170 --stage2_rl_episodes 40000 --stage1_rl_episodes_specified true --stage2_rl_episodes_specified false --ppo_update_interval 170 --use_ist --final_eval_config_source search --final_eval_config_path glue_final_configs_best_ppo.json --manual_stage1_gelu '' --manual_stage1_softmax '' --manual_stage2_noise '' --stage2_fixed_config_source stage1_result --stage2_fixed_config_path glue_final_configs_best_ppo.json --stage2_manual_gelu '' --stage2_manual_softmax '' --final_eval_random_seed 42 --final_eval_permutation_trials 10 --final_eval_cost_equivalent_trials 10 --final_eval_budget_equivalent_trials 10 --final_eval_stage1_budget_trials 10 --final_eval_stage2_budget_trials 10 --final_eval_repeat_n 50 --final_eval_preset default --skip_noise_rl true --skip_stage1_rl false --skip_final_eval true --final_eval_only false --resume_run_dir '' --stage1_rl_lr 2e-5 --stage2_rl_lr 1e-4 --stage1_accuracy_tolerance 0.0 --stage2_limit_tolerance 0.05 --stage2_stability_tolerance 1.2 --stage2_k_trials 5 --stage2_probe_size 256 --stage2_rl_variant blb_v3 --blb_v3_inproc_rescale_optimizer_root Rescale_optimizer --blb_v3_rollout_size 170 --decoupled_layout true --stage1_run_id '' --stage1_rl_devices 0 --blb_v3_sequential_rl true --rl_algo ppo

已在后台启动。
  进程号（PID）：777493
  查看日志：tail -f /hy-tmp/rfr_stage1_ab_180d319_20260704_090423_min170_wait/out/g1/stage1/bert base mrpc/logs/output.log
  错误摘要：/hy-tmp/rfr_stage1_ab_180d319_20260704_090423_min170_wait/out/g1/stage1/bert base mrpc/logs/error_summary.txt
  LATEST_RUN_DIR：/hy-tmp/rfr_stage1_ab_180d319_20260704_090423_min170_wait/out/g1/stage1/LATEST_RUN_DIR
  LATEST_PID：/hy-tmp/rfr_stage1_ab_180d319_20260704_090423_min170_wait/out/g1/stage1/LATEST_PID
  优雅停止（Graceful Stop）：kill -INT 777493
